
===== 2026-10-05 06:28:17 pid=625659 /home/coder/aim-lab-stage3/stage0/train.py --mode maskedkd --mask-criterion tam_r --keep 0.15 --tam-gap 0.5 0.5 --dataset waterbirds --seed 1 --lr 5e-05 --subdir tam_r_g0.5_k0.15
run dir: /home/coder/stage0/outputs/waterbirds/tam_r_g0.5_k0.15/seed1
state: new  device: cuda  micro_batch: 128  accum: 1  num_workers: 8
train 4795  val 1199  steps/epoch 37
teacher: /home/coder/stage0/outputs/waterbirds/teacher/seed0/best.pt (epoch 21, val acc 93.99)
TAM: kind attn_last, gap [0.5, 0.5], budget fixed, k per bucket (29, 29, 29), teacher GFLOPs {29: 2.68023552}
epoch 1/100  lr 1e-06  loss 0.56379  ce 0.67292  kd 0.45467  train_acc 60.684  val_acc 57.80  (22.8s)
epoch 2/100  lr 1.08e-05  loss 0.40965  ce 0.54676  kd 0.27254  train_acc 77.597  val_acc 67.89  (22.5s)
epoch 3/100  lr 2.06e-05  loss 0.32598  ce 0.45783  kd 0.19413  train_acc 81.461  val_acc 65.30  (23.0s)
epoch 4/100  lr 3.04e-05  loss 0.30363  ce 0.42835  kd 0.17892  train_acc 81.144  val_acc 75.31  (21.8s)
epoch 5/100  lr 4.02e-05  loss 0.29923  ce 0.43359  kd 0.16487  train_acc 81.440  val_acc 78.98  (25.7s)
epoch 6/100  lr 4.97e-05  loss 0.29311  ce 0.42466  kd 0.16156  train_acc 81.229  val_acc 80.07  (23.8s)
epoch 7/100  lr 4.96e-05  loss 0.28955  ce 0.42145  kd 0.15765  train_acc 84.987  val_acc 82.49  (25.6s)
epoch 8/100  lr 4.94e-05  loss 0.28821  ce 0.41620  kd 0.16021  train_acc 82.052  val_acc 83.65  (24.1s)
epoch 9/100  lr 4.92e-05  loss 0.28801  ce 0.42044  kd 0.15557  train_acc 82.348  val_acc 83.90  (24.4s)
epoch 10/100  lr 4.9e-05  loss 0.28455  ce 0.41611  kd 0.15299  train_acc 84.438  val_acc 85.24  (24.5s)
epoch 11/100  lr 4.88e-05  loss 0.28562  ce 0.41906  kd 0.15219  train_acc 83.488  val_acc 84.74  (24.9s)
epoch 12/100  lr 4.85e-05  loss 0.28268  ce 0.41612  kd 0.14925  train_acc 86.339  val_acc 86.24  (24.5s)
epoch 13/100  lr 4.83e-05  loss 0.27714  ce 0.40481  kd 0.14948  train_acc 82.158  val_acc 86.16  (24.0s)
epoch 14/100  lr 4.8e-05  loss 0.27155  ce 0.39291  kd 0.15019  train_acc 83.995  val_acc 86.99  (24.4s)
epoch 15/100  lr 4.76e-05  loss 0.28153  ce 0.40812  kd 0.15494  train_acc 85.684  val_acc 86.07  (23.9s)
epoch 16/100  lr 4.73e-05  loss 0.28083  ce 0.41479  kd 0.14686  train_acc 81.651  val_acc 86.82  (23.4s)
epoch 17/100  lr 4.69e-05  loss 0.27315  ce 0.39454  kd 0.15176  train_acc 86.191  val_acc 86.16  (21.5s)
epoch 18/100  lr 4.66e-05  loss 0.27628  ce 0.40070  kd 0.15186  train_acc 83.108  val_acc 87.16  (21.9s)
epoch 19/100  lr 4.61e-05  loss 0.27142  ce 0.39573  kd 0.14711  train_acc 84.861  val_acc 89.16  (22.2s)
epoch 20/100  lr 4.57e-05  loss 0.26011  ce 0.38307  kd 0.13715  train_acc 83.383  val_acc 88.74  (21.0s)
epoch 21/100  lr 4.53e-05  loss 0.28571  ce 0.41941  kd 0.15201  train_acc 84.312  val_acc 87.66  (22.2s)
epoch 22/100  lr 4.48e-05  loss 0.26362  ce 0.38599  kd 0.14125  train_acc 84.607  val_acc 88.32  (21.9s)
epoch 23/100  lr 4.43e-05  loss 0.27532  ce 0.40855  kd 0.14209  train_acc 86.655  val_acc 85.57  (22.8s)
epoch 24/100  lr 4.38e-05  loss 0.27304  ce 0.40683  kd 0.13926  train_acc 84.438  val_acc 88.07  (22.1s)
epoch 25/100  lr 4.33e-05  loss 0.27425  ce 0.40605  kd 0.14246  train_acc 85.008  val_acc 87.91  (22.1s)
epoch 26/100  lr 4.28e-05  loss 0.25873  ce 0.37661  kd 0.14085  train_acc 85.410  val_acc 89.24  (21.9s)
epoch 27/100  lr 4.22e-05  loss 0.27421  ce 0.40577  kd 0.14265  train_acc 85.515  val_acc 88.24  (22.2s)
epoch 28/100  lr 4.16e-05  loss 0.27407  ce 0.39700  kd 0.15114  train_acc 83.129  val_acc 89.66  (22.0s)
epoch 29/100  lr 4.1e-05  loss 0.27460  ce 0.40117  kd 0.14804  train_acc 88.366  val_acc 88.49  (21.6s)
epoch 30/100  lr 4.04e-05  loss 0.26770  ce 0.39847  kd 0.13692  train_acc 81.440  val_acc 89.07  (22.2s)
epoch 31/100  lr 3.98e-05  loss 0.26206  ce 0.38498  kd 0.13915  train_acc 85.346  val_acc 89.66  (21.5s)
epoch 32/100  lr 3.92e-05  loss 0.26634  ce 0.39155  kd 0.14112  train_acc 86.001  val_acc 89.24  (22.1s)
epoch 33/100  lr 3.85e-05  loss 0.27001  ce 0.39725  kd 0.14276  train_acc 87.078  val_acc 88.82  (21.5s)
epoch 34/100  lr 3.78e-05  loss 0.27293  ce 0.40608  kd 0.13979  train_acc 83.826  val_acc 87.49  (21.6s)
epoch 35/100  lr 3.72e-05  loss 0.26944  ce 0.39690  kd 0.14197  train_acc 84.312  val_acc 89.41  (21.8s)
epoch 36/100  lr 3.65e-05  loss 0.26818  ce 0.39458  kd 0.14178  train_acc 82.749  val_acc 89.07  (21.9s)
epoch 37/100  lr 3.58e-05  loss 0.27103  ce 0.39619  kd 0.14588  train_acc 86.085  val_acc 89.49  (22.7s)
epoch 38/100  lr 3.51e-05  loss 0.26592  ce 0.39513  kd 0.13671  train_acc 82.791  val_acc 89.82  (21.9s)
epoch 39/100  lr 3.44e-05  loss 0.27196  ce 0.40213  kd 0.14179  train_acc 80.405  val_acc 88.82  (22.0s)
epoch 40/100  lr 3.36e-05  loss 0.27322  ce 0.40065  kd 0.14579  train_acc 88.535  val_acc 89.16  (21.6s)
epoch 41/100  lr 3.29e-05  loss 0.26082  ce 0.38452  kd 0.13712  train_acc 85.895  val_acc 89.74  (22.0s)
epoch 42/100  lr 3.22e-05  loss 0.26267  ce 0.38277  kd 0.14256  train_acc 84.417  val_acc 89.24  (22.2s)
epoch 43/100  lr 3.14e-05  loss 0.27065  ce 0.40201  kd 0.13929  train_acc 86.677  val_acc 90.41  (21.7s)
epoch 44/100  lr 3.06e-05  loss 0.26908  ce 0.39235  kd 0.14580  train_acc 84.586  val_acc 90.33  (22.2s)
epoch 45/100  lr 2.99e-05  loss 0.27936  ce 0.40926  kd 0.14946  train_acc 82.538  val_acc 90.66  (22.3s)
epoch 46/100  lr 2.91e-05  loss 0.26954  ce 0.39479  kd 0.14429  train_acc 81.334  val_acc 90.49  (22.8s)
epoch 47/100  lr 2.84e-05  loss 0.27687  ce 0.41436  kd 0.13938  train_acc 79.392  val_acc 89.74  (22.1s)
epoch 48/100  lr 2.76e-05  loss 0.27873  ce 0.40926  kd 0.14820  train_acc 83.087  val_acc 90.58  (22.2s)
epoch 49/100  lr 2.68e-05  loss 0.26322  ce 0.38458  kd 0.14186  train_acc 84.586  val_acc 90.66  (22.0s)
epoch 50/100  lr 2.6e-05  loss 0.28039  ce 0.41464  kd 0.14615  train_acc 79.920  val_acc 89.32  (22.7s)
epoch 51/100  lr 2.53e-05  loss 0.26025  ce 0.38652  kd 0.13398  train_acc 84.840  val_acc 90.66  (22.6s)
epoch 52/100  lr 2.45e-05  loss 0.27478  ce 0.40579  kd 0.14378  train_acc 82.179  val_acc 90.41  (21.2s)
epoch 53/100  lr 2.37e-05  loss 0.26884  ce 0.39952  kd 0.13815  train_acc 82.095  val_acc 90.83  (21.2s)
epoch 54/100  lr 2.29e-05  loss 0.26655  ce 0.39468  kd 0.13841  train_acc 86.296  val_acc 89.74  (21.9s)
epoch 55/100  lr 2.21e-05  loss 0.26769  ce 0.39959  kd 0.13578  train_acc 82.200  val_acc 90.08  (22.0s)
epoch 56/100  lr 2.14e-05  loss 0.26427  ce 0.39074  kd 0.13780  train_acc 84.945  val_acc 90.49  (22.5s)
epoch 57/100  lr 2.06e-05  loss 0.26165  ce 0.38573  kd 0.13757  train_acc 86.296  val_acc 90.99  (21.9s)
epoch 58/100  lr 1.99e-05  loss 0.27674  ce 0.40759  kd 0.14589  train_acc 83.699  val_acc 89.91  (22.3s)
epoch 59/100  lr 1.91e-05  loss 0.26376  ce 0.39689  kd 0.13063  train_acc 82.390  val_acc 90.49  (22.8s)
epoch 60/100  lr 1.83e-05  loss 0.27191  ce 0.40386  kd 0.13996  train_acc 82.496  val_acc 90.58  (22.2s)
epoch 61/100  lr 1.76e-05  loss 0.26185  ce 0.38490  kd 0.13881  train_acc 87.901  val_acc 90.83  (21.7s)
epoch 62/100  lr 1.69e-05  loss 0.26285  ce 0.38464  kd 0.14106  train_acc 83.108  val_acc 91.08  (22.3s)
epoch 63/100  lr 1.61e-05  loss 0.27667  ce 0.40786  kd 0.14547  train_acc 85.536  val_acc 90.24  (21.9s)
epoch 64/100  lr 1.54e-05  loss 0.27371  ce 0.40529  kd 0.14212  train_acc 86.254  val_acc 90.49  (21.8s)
epoch 65/100  lr 1.47e-05  loss 0.26560  ce 0.38992  kd 0.14128  train_acc 82.559  val_acc 89.82  (22.2s)
epoch 66/100  lr 1.4e-05  loss 0.25495  ce 0.37394  kd 0.13596  train_acc 87.247  val_acc 90.58  (21.8s)
epoch 67/100  lr 1.33e-05  loss 0.26537  ce 0.38961  kd 0.14113  train_acc 86.677  val_acc 90.49  (22.1s)
epoch 68/100  lr 1.27e-05  loss 0.26970  ce 0.39969  kd 0.13970  train_acc 84.671  val_acc 89.91  (22.2s)
epoch 69/100  lr 1.2e-05  loss 0.26740  ce 0.39105  kd 0.14375  train_acc 86.592  val_acc 89.32  (21.9s)
epoch 70/100  lr 1.13e-05  loss 0.26610  ce 0.39168  kd 0.14052  train_acc 84.333  val_acc 90.99  (21.8s)
epoch 71/100  lr 1.07e-05  loss 0.27014  ce 0.40534  kd 0.13495  train_acc 84.417  val_acc 90.91  (22.3s)
epoch 72/100  lr 1.01e-05  loss 0.26898  ce 0.39886  kd 0.13910  train_acc 83.171  val_acc 91.41  (22.4s)
epoch 73/100  lr 9.47e-06  loss 0.27174  ce 0.40910  kd 0.13438  train_acc 84.502  val_acc 90.74  (22.1s)
epoch 74/100  lr 8.88e-06  loss 0.26089  ce 0.37742  kd 0.14435  train_acc 85.346  val_acc 90.83  (21.3s)
epoch 75/100  lr 8.31e-06  loss 0.26464  ce 0.39342  kd 0.13587  train_acc 89.654  val_acc 90.91  (21.6s)
epoch 76/100  lr 7.75e-06  loss 0.26543  ce 0.39017  kd 0.14070  train_acc 85.874  val_acc 91.08  (21.7s)
epoch 77/100  lr 7.21e-06  loss 0.26618  ce 0.39065  kd 0.14171  train_acc 87.437  val_acc 90.99  (22.5s)
epoch 78/100  lr 6.68e-06  loss 0.26040  ce 0.38703  kd 0.13377  train_acc 84.291  val_acc 91.41  (22.1s)
epoch 79/100  lr 6.18e-06  loss 0.26742  ce 0.38803  kd 0.14682  train_acc 87.099  val_acc 90.91  (22.8s)
epoch 80/100  lr 5.69e-06  loss 0.26216  ce 0.38799  kd 0.13633  train_acc 87.057  val_acc 90.66  (23.0s)
epoch 81/100  lr 5.23e-06  loss 0.26769  ce 0.39727  kd 0.13811  train_acc 85.051  val_acc 91.33  (22.3s)
epoch 82/100  lr 4.78e-06  loss 0.26607  ce 0.39734  kd 0.13480  train_acc 85.030  val_acc 90.99  (21.4s)
epoch 83/100  lr 4.35e-06  loss 0.26413  ce 0.38929  kd 0.13897  train_acc 85.684  val_acc 91.41  (21.6s)
epoch 84/100  lr 3.95e-06  loss 0.26280  ce 0.38300  kd 0.14259  train_acc 85.938  val_acc 91.08  (21.8s)
epoch 85/100  lr 3.56e-06  loss 0.26466  ce 0.38787  kd 0.14146  train_acc 86.043  val_acc 90.83  (22.1s)
epoch 86/100  lr 3.2e-06  loss 0.26491  ce 0.39073  kd 0.13909  train_acc 86.043  val_acc 90.91  (22.4s)
epoch 87/100  lr 2.86e-06  loss 0.26282  ce 0.38900  kd 0.13663  train_acc 85.030  val_acc 90.99  (22.3s)
epoch 88/100  lr 2.54e-06  loss 0.27123  ce 0.40726  kd 0.13519  train_acc 83.319  val_acc 91.24  (21.9s)
epoch 89/100  lr 2.24e-06  loss 0.26967  ce 0.40077  kd 0.13858  train_acc 83.319  val_acc 90.83  (22.4s)
epoch 90/100  lr 1.96e-06  loss 0.26559  ce 0.39487  kd 0.13631  train_acc 87.479  val_acc 90.83  (22.6s)
epoch 91/100  lr 1.71e-06  loss 0.26485  ce 0.39198  kd 0.13772  train_acc 85.579  val_acc 90.74  (21.5s)
epoch 92/100  lr 1.48e-06  loss 0.27274  ce 0.40445  kd 0.14103  train_acc 84.776  val_acc 91.24  (22.1s)
epoch 93/100  lr 1.28e-06  loss 0.25424  ce 0.37520  kd 0.13328  train_acc 85.346  val_acc 90.83  (21.9s)
epoch 94/100  lr 1.1e-06  loss 0.25786  ce 0.38372  kd 0.13200  train_acc 87.268  val_acc 90.99  (21.9s)
epoch 95/100  lr 9.38e-07  loss 0.27239  ce 0.40599  kd 0.13878  train_acc 83.699  val_acc 90.99  (21.9s)
epoch 96/100  lr 8.05e-07  loss 0.26951  ce 0.40086  kd 0.13816  train_acc 83.784  val_acc 90.99  (21.4s)
epoch 97/100  lr 6.95e-07  loss 0.26453  ce 0.39125  kd 0.13781  train_acc 85.325  val_acc 90.83  (22.6s)
epoch 98/100  lr 6.1e-07  loss 0.26756  ce 0.39871  kd 0.13642  train_acc 85.410  val_acc 90.74  (22.4s)
epoch 99/100  lr 5.49e-07  loss 0.26737  ce 0.40630  kd 0.12844  train_acc 82.686  val_acc 90.66  (21.9s)
epoch 100/100  lr 5.12e-07  loss 0.26321  ce 0.39299  kd 0.13343  train_acc 82.200  val_acc 90.99  (23.6s)
done. final val acc 90.99  best 91.41 @ epoch 72
