
===== 2026-10-05 05:45:26 pid=534122 /home/coder/aim-lab-stage3/stage0/train.py --mode maskedkd --mask-criterion tam_r --keep 0.15 --tam-gap 0 0 --dataset waterbirds --seed 1 --lr 5e-05 --subdir tam_r_g0_k0.15
run dir: /home/coder/stage0/outputs/waterbirds/tam_r_g0_k0.15/seed1
state: new  device: cuda  micro_batch: 128  accum: 1  num_workers: 8
train 4795  val 1199  steps/epoch 37
teacher: /home/coder/stage0/outputs/waterbirds/teacher/seed0/best.pt (epoch 21, val acc 93.99)
TAM: kind attn_last, gap [0.0, 0.0], budget fixed, k per bucket (29, 29, 29), teacher GFLOPs {29: 2.68023552}
epoch 1/100  lr 1e-06  loss 0.56907  ce 0.67303  kd 0.46510  train_acc 60.621  val_acc 57.63  (27.2s)
epoch 2/100  lr 1.08e-05  loss 0.41527  ce 0.54533  kd 0.28521  train_acc 77.682  val_acc 68.14  (24.1s)
epoch 3/100  lr 2.06e-05  loss 0.32870  ce 0.45617  kd 0.20122  train_acc 81.524  val_acc 65.30  (23.5s)
epoch 4/100  lr 3.04e-05  loss 0.30762  ce 0.42828  kd 0.18696  train_acc 80.954  val_acc 75.98  (23.5s)
epoch 5/100  lr 4.02e-05  loss 0.30295  ce 0.43286  kd 0.17304  train_acc 81.081  val_acc 80.90  (24.4s)
epoch 6/100  lr 4.97e-05  loss 0.29788  ce 0.42242  kd 0.17335  train_acc 81.144  val_acc 80.73  (25.2s)
epoch 7/100  lr 4.96e-05  loss 0.29212  ce 0.42019  kd 0.16406  train_acc 84.924  val_acc 83.57  (23.5s)
epoch 8/100  lr 4.94e-05  loss 0.28558  ce 0.41457  kd 0.15660  train_acc 81.926  val_acc 85.49  (22.1s)
epoch 9/100  lr 4.92e-05  loss 0.29511  ce 0.41919  kd 0.17102  train_acc 82.158  val_acc 85.49  (23.0s)
epoch 10/100  lr 4.9e-05  loss 0.28831  ce 0.41258  kd 0.16405  train_acc 84.544  val_acc 86.49  (22.2s)
epoch 11/100  lr 4.88e-05  loss 0.28819  ce 0.41856  kd 0.15782  train_acc 83.889  val_acc 86.16  (21.9s)
epoch 12/100  lr 4.85e-05  loss 0.28564  ce 0.41626  kd 0.15502  train_acc 86.149  val_acc 87.41  (22.4s)
epoch 13/100  lr 4.83e-05  loss 0.27905  ce 0.40643  kd 0.15168  train_acc 81.926  val_acc 87.32  (25.0s)
epoch 14/100  lr 4.8e-05  loss 0.27295  ce 0.39136  kd 0.15454  train_acc 83.995  val_acc 87.74  (24.5s)
epoch 15/100  lr 4.76e-05  loss 0.28662  ce 0.40967  kd 0.16358  train_acc 85.705  val_acc 84.65  (23.3s)
epoch 16/100  lr 4.73e-05  loss 0.28208  ce 0.41281  kd 0.15136  train_acc 81.778  val_acc 87.07  (23.5s)
epoch 17/100  lr 4.69e-05  loss 0.27553  ce 0.39471  kd 0.15634  train_acc 86.233  val_acc 87.82  (23.2s)
epoch 18/100  lr 4.66e-05  loss 0.27749  ce 0.40017  kd 0.15481  train_acc 83.256  val_acc 87.07  (22.8s)
epoch 19/100  lr 4.61e-05  loss 0.27165  ce 0.39401  kd 0.14929  train_acc 84.945  val_acc 89.91  (23.2s)
epoch 20/100  lr 4.57e-05  loss 0.26180  ce 0.38103  kd 0.14256  train_acc 83.361  val_acc 89.57  (25.1s)
epoch 21/100  lr 4.53e-05  loss 0.28592  ce 0.41904  kd 0.15279  train_acc 83.995  val_acc 88.66  (24.3s)
epoch 22/100  lr 4.48e-05  loss 0.26460  ce 0.38607  kd 0.14313  train_acc 84.692  val_acc 88.32  (23.9s)
epoch 23/100  lr 4.43e-05  loss 0.27762  ce 0.40841  kd 0.14684  train_acc 86.634  val_acc 88.57  (23.4s)
epoch 24/100  lr 4.38e-05  loss 0.27539  ce 0.40438  kd 0.14640  train_acc 84.671  val_acc 90.08  (22.8s)
epoch 25/100  lr 4.33e-05  loss 0.27572  ce 0.40539  kd 0.14605  train_acc 84.987  val_acc 89.24  (23.1s)
epoch 26/100  lr 4.28e-05  loss 0.26144  ce 0.37497  kd 0.14792  train_acc 84.966  val_acc 90.41  (22.9s)
epoch 27/100  lr 4.22e-05  loss 0.27704  ce 0.40386  kd 0.15022  train_acc 85.346  val_acc 90.08  (23.6s)
epoch 28/100  lr 4.16e-05  loss 0.27745  ce 0.39833  kd 0.15657  train_acc 83.530  val_acc 90.49  (23.4s)
epoch 29/100  lr 4.1e-05  loss 0.27693  ce 0.39935  kd 0.15451  train_acc 88.366  val_acc 90.41  (23.4s)
epoch 30/100  lr 4.04e-05  loss 0.27277  ce 0.39909  kd 0.14646  train_acc 81.461  val_acc 90.16  (23.3s)
epoch 31/100  lr 3.98e-05  loss 0.26505  ce 0.38350  kd 0.14660  train_acc 85.177  val_acc 90.83  (22.6s)
epoch 32/100  lr 3.92e-05  loss 0.26472  ce 0.39043  kd 0.13901  train_acc 86.001  val_acc 90.24  (23.0s)
epoch 33/100  lr 3.85e-05  loss 0.27247  ce 0.39639  kd 0.14854  train_acc 87.542  val_acc 90.16  (22.4s)
epoch 34/100  lr 3.78e-05  loss 0.27274  ce 0.40383  kd 0.14166  train_acc 83.868  val_acc 89.91  (22.2s)
epoch 35/100  lr 3.72e-05  loss 0.27210  ce 0.39654  kd 0.14767  train_acc 84.016  val_acc 91.08  (22.5s)
epoch 36/100  lr 3.65e-05  loss 0.26949  ce 0.39369  kd 0.14528  train_acc 82.158  val_acc 89.99  (22.9s)
epoch 37/100  lr 3.58e-05  loss 0.27310  ce 0.39745  kd 0.14875  train_acc 85.536  val_acc 90.91  (22.9s)
epoch 38/100  lr 3.51e-05  loss 0.26965  ce 0.39507  kd 0.14423  train_acc 82.580  val_acc 90.83  (22.5s)
epoch 39/100  lr 3.44e-05  loss 0.27360  ce 0.40256  kd 0.14464  train_acc 80.258  val_acc 89.66  (22.5s)
epoch 40/100  lr 3.36e-05  loss 0.27801  ce 0.39870  kd 0.15733  train_acc 88.366  val_acc 90.74  (22.7s)
epoch 41/100  lr 3.29e-05  loss 0.26485  ce 0.38446  kd 0.14525  train_acc 85.600  val_acc 90.08  (23.6s)
epoch 42/100  lr 3.22e-05  loss 0.26389  ce 0.38197  kd 0.14581  train_acc 84.206  val_acc 90.99  (24.1s)
epoch 43/100  lr 3.14e-05  loss 0.27214  ce 0.40411  kd 0.14017  train_acc 86.486  val_acc 90.74  (24.6s)
epoch 44/100  lr 3.06e-05  loss 0.27209  ce 0.39286  kd 0.15131  train_acc 84.396  val_acc 90.74  (23.2s)
epoch 45/100  lr 2.99e-05  loss 0.28115  ce 0.41102  kd 0.15129  train_acc 82.221  val_acc 90.49  (22.9s)
epoch 46/100  lr 2.91e-05  loss 0.27238  ce 0.39515  kd 0.14960  train_acc 80.659  val_acc 90.49  (22.3s)
epoch 47/100  lr 2.84e-05  loss 0.28199  ce 0.41331  kd 0.15067  train_acc 78.885  val_acc 90.74  (23.1s)
epoch 48/100  lr 2.76e-05  loss 0.27905  ce 0.40813  kd 0.14997  train_acc 83.045  val_acc 91.91  (23.6s)
epoch 49/100  lr 2.68e-05  loss 0.26671  ce 0.38321  kd 0.15020  train_acc 84.122  val_acc 91.41  (22.4s)
epoch 50/100  lr 2.6e-05  loss 0.28539  ce 0.41435  kd 0.15643  train_acc 79.434  val_acc 90.49  (22.6s)
epoch 51/100  lr 2.53e-05  loss 0.26361  ce 0.38513  kd 0.14208  train_acc 84.713  val_acc 91.49  (24.4s)
epoch 52/100  lr 2.45e-05  loss 0.27583  ce 0.40589  kd 0.14577  train_acc 82.116  val_acc 91.08  (24.6s)
epoch 53/100  lr 2.37e-05  loss 0.26910  ce 0.39787  kd 0.14032  train_acc 82.179  val_acc 91.41  (23.5s)
epoch 54/100  lr 2.29e-05  loss 0.26837  ce 0.39436  kd 0.14239  train_acc 85.579  val_acc 90.99  (23.8s)
epoch 55/100  lr 2.21e-05  loss 0.26980  ce 0.39955  kd 0.14006  train_acc 81.524  val_acc 91.41  (21.6s)
epoch 56/100  lr 2.14e-05  loss 0.26767  ce 0.38885  kd 0.14648  train_acc 84.924  val_acc 91.41  (21.5s)
epoch 57/100  lr 2.06e-05  loss 0.26574  ce 0.38600  kd 0.14548  train_acc 86.191  val_acc 91.41  (22.1s)
epoch 58/100  lr 1.99e-05  loss 0.28060  ce 0.40756  kd 0.15364  train_acc 83.383  val_acc 91.74  (23.4s)
epoch 59/100  lr 1.91e-05  loss 0.26692  ce 0.39585  kd 0.13799  train_acc 82.179  val_acc 91.49  (22.6s)
epoch 60/100  lr 1.83e-05  loss 0.27349  ce 0.40349  kd 0.14350  train_acc 81.968  val_acc 91.08  (22.8s)
epoch 61/100  lr 1.76e-05  loss 0.26539  ce 0.38324  kd 0.14753  train_acc 87.922  val_acc 91.83  (23.2s)
epoch 62/100  lr 1.69e-05  loss 0.26691  ce 0.38553  kd 0.14830  train_acc 82.559  val_acc 91.49  (24.3s)
epoch 63/100  lr 1.61e-05  loss 0.28285  ce 0.40947  kd 0.15622  train_acc 85.114  val_acc 91.66  (26.7s)
epoch 64/100  lr 1.54e-05  loss 0.27630  ce 0.40482  kd 0.14777  train_acc 86.170  val_acc 91.66  (24.1s)
epoch 65/100  lr 1.47e-05  loss 0.26545  ce 0.39030  kd 0.14060  train_acc 82.348  val_acc 90.74  (25.0s)
epoch 66/100  lr 1.4e-05  loss 0.25628  ce 0.37292  kd 0.13964  train_acc 86.888  val_acc 91.33  (24.7s)
epoch 67/100  lr 1.33e-05  loss 0.26661  ce 0.38917  kd 0.14406  train_acc 86.613  val_acc 91.66  (23.1s)
epoch 68/100  lr 1.27e-05  loss 0.27260  ce 0.39846  kd 0.14675  train_acc 84.206  val_acc 91.08  (24.3s)
epoch 69/100  lr 1.2e-05  loss 0.26983  ce 0.39086  kd 0.14880  train_acc 86.360  val_acc 91.16  (23.3s)
epoch 70/100  lr 1.13e-05  loss 0.26691  ce 0.39172  kd 0.14211  train_acc 84.206  val_acc 92.08  (23.3s)
epoch 71/100  lr 1.07e-05  loss 0.27009  ce 0.40505  kd 0.13513  train_acc 84.164  val_acc 91.74  (22.5s)
epoch 72/100  lr 1.01e-05  loss 0.27027  ce 0.39898  kd 0.14157  train_acc 82.644  val_acc 92.08  (22.1s)
epoch 73/100  lr 9.47e-06  loss 0.27636  ce 0.40843  kd 0.14428  train_acc 84.291  val_acc 91.83  (23.4s)
epoch 74/100  lr 8.88e-06  loss 0.26129  ce 0.37644  kd 0.14613  train_acc 85.325  val_acc 91.91  (24.2s)
epoch 75/100  lr 8.31e-06  loss 0.27007  ce 0.39378  kd 0.14635  train_acc 89.611  val_acc 91.91  (25.6s)
epoch 76/100  lr 7.75e-06  loss 0.26430  ce 0.38948  kd 0.13912  train_acc 85.367  val_acc 91.99  (23.5s)
epoch 77/100  lr 7.21e-06  loss 0.26996  ce 0.39001  kd 0.14990  train_acc 87.373  val_acc 92.24  (23.0s)
epoch 78/100  lr 6.68e-06  loss 0.26837  ce 0.38711  kd 0.14962  train_acc 84.143  val_acc 92.16  (22.9s)
epoch 79/100  lr 6.18e-06  loss 0.26788  ce 0.38823  kd 0.14753  train_acc 86.761  val_acc 91.91  (23.0s)
epoch 80/100  lr 5.69e-06  loss 0.26572  ce 0.38875  kd 0.14270  train_acc 86.719  val_acc 91.74  (24.6s)
epoch 81/100  lr 5.23e-06  loss 0.27197  ce 0.39697  kd 0.14697  train_acc 84.945  val_acc 91.91  (26.6s)
epoch 82/100  lr 4.78e-06  loss 0.26957  ce 0.39791  kd 0.14124  train_acc 84.438  val_acc 91.99  (28.1s)
epoch 83/100  lr 4.35e-06  loss 0.26558  ce 0.38908  kd 0.14208  train_acc 85.431  val_acc 92.24  (25.4s)
epoch 84/100  lr 3.95e-06  loss 0.26184  ce 0.38402  kd 0.13966  train_acc 85.663  val_acc 92.16  (23.5s)
epoch 85/100  lr 3.56e-06  loss 0.26683  ce 0.38781  kd 0.14585  train_acc 85.790  val_acc 91.91  (22.8s)
epoch 86/100  lr 3.2e-06  loss 0.26473  ce 0.39013  kd 0.13933  train_acc 85.874  val_acc 92.08  (23.3s)
epoch 87/100  lr 2.86e-06  loss 0.26790  ce 0.38980  kd 0.14599  train_acc 84.713  val_acc 92.24  (24.3s)
epoch 88/100  lr 2.54e-06  loss 0.27534  ce 0.40738  kd 0.14330  train_acc 83.087  val_acc 92.16  (23.9s)
epoch 89/100  lr 2.24e-06  loss 0.27587  ce 0.40150  kd 0.15024  train_acc 82.981  val_acc 92.08  (23.4s)
epoch 90/100  lr 1.96e-06  loss 0.26996  ce 0.39556  kd 0.14435  train_acc 86.993  val_acc 92.08  (23.7s)
epoch 91/100  lr 1.71e-06  loss 0.26645  ce 0.39215  kd 0.14075  train_acc 85.283  val_acc 91.91  (23.3s)
epoch 92/100  lr 1.48e-06  loss 0.27423  ce 0.40423  kd 0.14422  train_acc 84.544  val_acc 92.33  (23.6s)
epoch 93/100  lr 1.28e-06  loss 0.25675  ce 0.37567  kd 0.13784  train_acc 85.156  val_acc 91.91  (23.3s)
epoch 94/100  lr 1.1e-06  loss 0.26318  ce 0.38243  kd 0.14393  train_acc 87.331  val_acc 92.16  (23.3s)
epoch 95/100  lr 9.38e-07  loss 0.27727  ce 0.40542  kd 0.14913  train_acc 83.045  val_acc 92.16  (22.9s)
epoch 96/100  lr 8.05e-07  loss 0.27212  ce 0.40109  kd 0.14316  train_acc 83.678  val_acc 91.91  (21.4s)
epoch 97/100  lr 6.95e-07  loss 0.26974  ce 0.39139  kd 0.14808  train_acc 85.135  val_acc 91.91  (23.9s)
epoch 98/100  lr 6.1e-07  loss 0.26903  ce 0.39858  kd 0.13948  train_acc 85.008  val_acc 91.91  (23.5s)
epoch 99/100  lr 5.49e-07  loss 0.27140  ce 0.40548  kd 0.13733  train_acc 82.285  val_acc 91.91  (22.8s)
epoch 100/100  lr 5.12e-07  loss 0.26465  ce 0.39306  kd 0.13623  train_acc 81.672  val_acc 91.99  (20.6s)
done. final val acc 91.99  best 92.33 @ epoch 92
