
===== 2026-10-04 09:07:13 pid=308423 /home/coder/aim-lab-stage3/stage0/train.py --mode maskedkd --mask-criterion rollout --keep 0.15 --dataset waterbirds --seed 1 --lr 5e-05
run dir: /home/coder/stage0/outputs/waterbirds/rollout_k0.15/seed1
state: new  device: cuda  micro_batch: 128  accum: 1  num_workers: 3
train 4795  val 1199  steps/epoch 37
teacher: /home/coder/stage0/outputs/waterbirds/teacher/seed0/best.pt (epoch 21, val acc 93.99)
epoch 1/100  lr 1e-06  loss 0.57062  ce 0.67311  kd 0.46813  train_acc 60.579  val_acc 57.63  (28.4s)
epoch 2/100  lr 1.08e-05  loss 0.41681  ce 0.54414  kd 0.28947  train_acc 77.745  val_acc 68.06  (28.5s)
epoch 3/100  lr 2.06e-05  loss 0.33068  ce 0.45511  kd 0.20624  train_acc 81.503  val_acc 65.47  (28.2s)
epoch 4/100  lr 3.04e-05  loss 0.30492  ce 0.42692  kd 0.18292  train_acc 81.039  val_acc 75.98  (28.4s)
epoch 5/100  lr 4.02e-05  loss 0.30090  ce 0.42880  kd 0.17300  train_acc 81.757  val_acc 77.23  (28.6s)
epoch 6/100  lr 4.97e-05  loss 0.29498  ce 0.42124  kd 0.16871  train_acc 81.503  val_acc 81.07  (28.5s)
epoch 7/100  lr 4.96e-05  loss 0.29206  ce 0.41897  kd 0.16515  train_acc 85.325  val_acc 83.07  (28.7s)
epoch 8/100  lr 4.94e-05  loss 0.28623  ce 0.41347  kd 0.15898  train_acc 82.306  val_acc 84.99  (27.8s)
epoch 9/100  lr 4.92e-05  loss 0.28874  ce 0.41904  kd 0.15844  train_acc 82.538  val_acc 84.15  (27.9s)
epoch 10/100  lr 4.9e-05  loss 0.28527  ce 0.41303  kd 0.15750  train_acc 84.840  val_acc 85.07  (27.2s)
epoch 11/100  lr 4.88e-05  loss 0.28772  ce 0.41909  kd 0.15635  train_acc 83.995  val_acc 85.90  (28.7s)
epoch 12/100  lr 4.85e-05  loss 0.28815  ce 0.41552  kd 0.16079  train_acc 86.465  val_acc 88.66  (28.4s)
epoch 13/100  lr 4.83e-05  loss 0.28046  ce 0.40827  kd 0.15265  train_acc 82.010  val_acc 88.32  (27.7s)
epoch 14/100  lr 4.8e-05  loss 0.26759  ce 0.38998  kd 0.14519  train_acc 84.101  val_acc 87.99  (27.2s)
epoch 15/100  lr 4.76e-05  loss 0.27789  ce 0.40826  kd 0.14752  train_acc 86.085  val_acc 85.49  (26.9s)
epoch 16/100  lr 4.73e-05  loss 0.28175  ce 0.41419  kd 0.14931  train_acc 82.158  val_acc 86.16  (27.1s)
epoch 17/100  lr 4.69e-05  loss 0.27512  ce 0.39732  kd 0.15292  train_acc 85.853  val_acc 86.82  (27.1s)
epoch 18/100  lr 4.66e-05  loss 0.27314  ce 0.40101  kd 0.14527  train_acc 83.678  val_acc 86.41  (26.8s)
epoch 19/100  lr 4.61e-05  loss 0.26833  ce 0.39475  kd 0.14192  train_acc 85.853  val_acc 89.91  (27.5s)
epoch 20/100  lr 4.57e-05  loss 0.26217  ce 0.38193  kd 0.14242  train_acc 83.657  val_acc 89.66  (26.9s)
epoch 21/100  lr 4.53e-05  loss 0.28745  ce 0.42076  kd 0.15413  train_acc 84.818  val_acc 89.24  (26.7s)
epoch 22/100  lr 4.48e-05  loss 0.26808  ce 0.39038  kd 0.14579  train_acc 84.312  val_acc 86.32  (27.3s)
epoch 23/100  lr 4.43e-05  loss 0.27588  ce 0.41085  kd 0.14092  train_acc 86.698  val_acc 87.24  (26.3s)
epoch 24/100  lr 4.38e-05  loss 0.27594  ce 0.40772  kd 0.14416  train_acc 84.649  val_acc 90.08  (26.5s)
epoch 25/100  lr 4.33e-05  loss 0.27539  ce 0.40894  kd 0.14184  train_acc 84.797  val_acc 89.41  (26.5s)
epoch 26/100  lr 4.28e-05  loss 0.25758  ce 0.37697  kd 0.13820  train_acc 85.135  val_acc 90.08  (25.9s)
epoch 27/100  lr 4.22e-05  loss 0.27074  ce 0.40698  kd 0.13451  train_acc 85.980  val_acc 88.74  (25.9s)
epoch 28/100  lr 4.16e-05  loss 0.27344  ce 0.40012  kd 0.14677  train_acc 83.784  val_acc 89.82  (27.4s)
epoch 29/100  lr 4.1e-05  loss 0.27383  ce 0.40136  kd 0.14629  train_acc 88.577  val_acc 88.99  (26.9s)
epoch 30/100  lr 4.04e-05  loss 0.27026  ce 0.40211  kd 0.13841  train_acc 81.503  val_acc 89.16  (27.4s)
epoch 31/100  lr 3.98e-05  loss 0.26337  ce 0.38619  kd 0.14055  train_acc 84.987  val_acc 90.58  (26.7s)
epoch 32/100  lr 3.92e-05  loss 0.26670  ce 0.39325  kd 0.14015  train_acc 86.170  val_acc 89.07  (27.5s)
epoch 33/100  lr 3.85e-05  loss 0.26959  ce 0.40124  kd 0.13794  train_acc 86.592  val_acc 89.99  (27.7s)
epoch 34/100  lr 3.78e-05  loss 0.27283  ce 0.40788  kd 0.13779  train_acc 83.552  val_acc 88.74  (27.1s)
epoch 35/100  lr 3.72e-05  loss 0.27069  ce 0.39835  kd 0.14303  train_acc 83.847  val_acc 90.99  (26.9s)
epoch 36/100  lr 3.65e-05  loss 0.26873  ce 0.39818  kd 0.13928  train_acc 83.383  val_acc 90.08  (27.1s)
epoch 37/100  lr 3.58e-05  loss 0.26942  ce 0.40005  kd 0.13879  train_acc 86.106  val_acc 90.41  (27.6s)
epoch 38/100  lr 3.51e-05  loss 0.26717  ce 0.39732  kd 0.13702  train_acc 82.855  val_acc 90.66  (27.7s)
epoch 39/100  lr 3.44e-05  loss 0.27329  ce 0.40631  kd 0.14027  train_acc 80.258  val_acc 89.32  (28.1s)
epoch 40/100  lr 3.36e-05  loss 0.27456  ce 0.40499  kd 0.14413  train_acc 88.323  val_acc 90.08  (27.0s)
epoch 41/100  lr 3.29e-05  loss 0.26361  ce 0.38876  kd 0.13845  train_acc 85.663  val_acc 89.91  (27.6s)
epoch 42/100  lr 3.22e-05  loss 0.26033  ce 0.38407  kd 0.13659  train_acc 84.248  val_acc 90.83  (27.4s)
epoch 43/100  lr 3.14e-05  loss 0.26862  ce 0.40339  kd 0.13385  train_acc 86.508  val_acc 89.99  (27.6s)
epoch 44/100  lr 3.06e-05  loss 0.26584  ce 0.39540  kd 0.13627  train_acc 85.389  val_acc 91.08  (27.5s)
epoch 45/100  lr 2.99e-05  loss 0.27714  ce 0.41257  kd 0.14171  train_acc 83.150  val_acc 91.08  (27.7s)
epoch 46/100  lr 2.91e-05  loss 0.27001  ce 0.39828  kd 0.14174  train_acc 81.166  val_acc 90.58  (27.4s)
epoch 47/100  lr 2.84e-05  loss 0.27776  ce 0.41768  kd 0.13784  train_acc 79.371  val_acc 89.49  (27.7s)
epoch 48/100  lr 2.76e-05  loss 0.27730  ce 0.41134  kd 0.14325  train_acc 83.509  val_acc 90.16  (27.6s)
epoch 49/100  lr 2.68e-05  loss 0.26248  ce 0.38983  kd 0.13512  train_acc 84.122  val_acc 90.83  (27.3s)
epoch 50/100  lr 2.6e-05  loss 0.28051  ce 0.41745  kd 0.14357  train_acc 80.173  val_acc 88.91  (27.5s)
epoch 51/100  lr 2.53e-05  loss 0.26210  ce 0.38991  kd 0.13430  train_acc 85.579  val_acc 91.33  (27.6s)
epoch 52/100  lr 2.45e-05  loss 0.27438  ce 0.40936  kd 0.13940  train_acc 82.200  val_acc 89.91  (27.6s)
epoch 53/100  lr 2.37e-05  loss 0.26937  ce 0.40060  kd 0.13815  train_acc 82.369  val_acc 90.83  (28.0s)
epoch 54/100  lr 2.29e-05  loss 0.26770  ce 0.39587  kd 0.13953  train_acc 86.106  val_acc 90.99  (27.4s)
epoch 55/100  lr 2.21e-05  loss 0.26881  ce 0.40315  kd 0.13448  train_acc 81.292  val_acc 91.16  (27.6s)
epoch 56/100  lr 2.14e-05  loss 0.26409  ce 0.39224  kd 0.13593  train_acc 85.177  val_acc 90.99  (26.8s)
epoch 57/100  lr 2.06e-05  loss 0.26147  ce 0.38913  kd 0.13382  train_acc 86.170  val_acc 90.16  (26.3s)
epoch 58/100  lr 1.99e-05  loss 0.27878  ce 0.41106  kd 0.14650  train_acc 83.720  val_acc 91.08  (26.2s)
epoch 59/100  lr 1.91e-05  loss 0.26656  ce 0.39870  kd 0.13441  train_acc 82.306  val_acc 90.99  (27.2s)
epoch 60/100  lr 1.83e-05  loss 0.27127  ce 0.40585  kd 0.13669  train_acc 82.264  val_acc 91.91  (27.5s)
epoch 61/100  lr 1.76e-05  loss 0.26411  ce 0.38886  kd 0.13936  train_acc 87.606  val_acc 90.91  (27.1s)
epoch 62/100  lr 1.69e-05  loss 0.26327  ce 0.38814  kd 0.13841  train_acc 82.834  val_acc 91.24  (27.4s)
epoch 63/100  lr 1.61e-05  loss 0.27728  ce 0.41178  kd 0.14278  train_acc 85.938  val_acc 91.24  (27.5s)
epoch 64/100  lr 1.54e-05  loss 0.27563  ce 0.40747  kd 0.14380  train_acc 86.465  val_acc 90.74  (27.5s)
epoch 65/100  lr 1.47e-05  loss 0.26130  ce 0.39109  kd 0.13151  train_acc 82.496  val_acc 90.99  (27.7s)
epoch 66/100  lr 1.4e-05  loss 0.25678  ce 0.37814  kd 0.13541  train_acc 86.655  val_acc 90.99  (26.9s)
epoch 67/100  lr 1.33e-05  loss 0.26752  ce 0.39379  kd 0.14125  train_acc 86.972  val_acc 92.24  (27.4s)
epoch 68/100  lr 1.27e-05  loss 0.27080  ce 0.40202  kd 0.13957  train_acc 84.502  val_acc 90.74  (27.2s)
epoch 69/100  lr 1.2e-05  loss 0.26704  ce 0.39399  kd 0.14008  train_acc 86.740  val_acc 90.74  (27.6s)
epoch 70/100  lr 1.13e-05  loss 0.26366  ce 0.39391  kd 0.13341  train_acc 84.797  val_acc 91.24  (27.9s)
epoch 71/100  lr 1.07e-05  loss 0.27195  ce 0.40824  kd 0.13567  train_acc 83.847  val_acc 90.74  (27.9s)
epoch 72/100  lr 1.01e-05  loss 0.26839  ce 0.40140  kd 0.13539  train_acc 83.573  val_acc 91.24  (27.0s)
epoch 73/100  lr 9.47e-06  loss 0.27158  ce 0.41055  kd 0.13262  train_acc 84.544  val_acc 90.91  (26.7s)
epoch 74/100  lr 8.88e-06  loss 0.25680  ce 0.38003  kd 0.13357  train_acc 85.220  val_acc 91.08  (26.9s)
epoch 75/100  lr 8.31e-06  loss 0.26427  ce 0.39707  kd 0.13147  train_acc 89.337  val_acc 91.16  (27.1s)
epoch 76/100  lr 7.75e-06  loss 0.26319  ce 0.39306  kd 0.13332  train_acc 85.515  val_acc 91.33  (26.6s)
epoch 77/100  lr 7.21e-06  loss 0.26547  ce 0.39379  kd 0.13715  train_acc 87.753  val_acc 91.66  (27.9s)
epoch 78/100  lr 6.68e-06  loss 0.26354  ce 0.39095  kd 0.13613  train_acc 84.375  val_acc 90.66  (27.5s)
epoch 79/100  lr 6.18e-06  loss 0.26735  ce 0.39269  kd 0.14200  train_acc 87.500  val_acc 91.08  (27.3s)
epoch 80/100  lr 5.69e-06  loss 0.26293  ce 0.39314  kd 0.13272  train_acc 87.500  val_acc 91.58  (27.0s)
epoch 81/100  lr 5.23e-06  loss 0.26596  ce 0.40112  kd 0.13080  train_acc 85.473  val_acc 91.83  (27.2s)
epoch 82/100  lr 4.78e-06  loss 0.26976  ce 0.40155  kd 0.13796  train_acc 85.177  val_acc 91.16  (26.9s)
epoch 83/100  lr 4.35e-06  loss 0.26574  ce 0.39260  kd 0.13889  train_acc 85.663  val_acc 91.58  (28.2s)
epoch 84/100  lr 3.95e-06  loss 0.26017  ce 0.38696  kd 0.13337  train_acc 85.853  val_acc 91.58  (26.3s)
epoch 85/100  lr 3.56e-06  loss 0.26272  ce 0.38981  kd 0.13562  train_acc 86.170  val_acc 91.08  (27.2s)
epoch 86/100  lr 3.2e-06  loss 0.26020  ce 0.39105  kd 0.12934  train_acc 85.959  val_acc 91.33  (28.1s)
epoch 87/100  lr 2.86e-06  loss 0.26416  ce 0.39264  kd 0.13568  train_acc 85.198  val_acc 91.49  (27.0s)
epoch 88/100  lr 2.54e-06  loss 0.27027  ce 0.40920  kd 0.13133  train_acc 83.129  val_acc 91.99  (26.0s)
epoch 89/100  lr 2.24e-06  loss 0.27139  ce 0.40570  kd 0.13708  train_acc 83.256  val_acc 91.49  (26.0s)
epoch 90/100  lr 1.96e-06  loss 0.26569  ce 0.39874  kd 0.13264  train_acc 87.035  val_acc 91.91  (28.2s)
epoch 91/100  lr 1.71e-06  loss 0.26117  ce 0.39296  kd 0.12939  train_acc 85.642  val_acc 91.83  (27.7s)
epoch 92/100  lr 1.48e-06  loss 0.27122  ce 0.40803  kd 0.13441  train_acc 84.734  val_acc 91.91  (27.2s)
epoch 93/100  lr 1.28e-06  loss 0.25289  ce 0.37831  kd 0.12747  train_acc 85.579  val_acc 91.74  (26.9s)
epoch 94/100  lr 1.1e-06  loss 0.25610  ce 0.38568  kd 0.12653  train_acc 87.035  val_acc 91.74  (27.9s)
epoch 95/100  lr 9.38e-07  loss 0.27440  ce 0.40947  kd 0.13934  train_acc 83.425  val_acc 91.58  (26.8s)
epoch 96/100  lr 8.05e-07  loss 0.26890  ce 0.40403  kd 0.13377  train_acc 83.974  val_acc 91.58  (26.7s)
epoch 97/100  lr 6.95e-07  loss 0.26677  ce 0.39459  kd 0.13895  train_acc 85.916  val_acc 91.49  (27.4s)
epoch 98/100  lr 6.1e-07  loss 0.26888  ce 0.40277  kd 0.13500  train_acc 85.747  val_acc 91.66  (27.2s)
epoch 99/100  lr 5.49e-07  loss 0.26912  ce 0.40790  kd 0.13034  train_acc 82.770  val_acc 91.49  (26.9s)
epoch 100/100  lr 5.12e-07  loss 0.26396  ce 0.39476  kd 0.13315  train_acc 81.947  val_acc 91.58  (26.4s)
done. final val acc 91.58  best 92.24 @ epoch 67
