
===== 2026-10-03 16:30:19 gpu=0 /home/coder/aim-lab-test-5/.venv/bin/python -m stage0.train --mode kd --dataset cub --seed 0 --lr 0.0001
run dir: /home/coder/stage0/outputs/cub/kd/seed0
state: new  device: cuda  micro_batch: 128  accum: 1  num_workers: 3
train 5394  val 600  steps/epoch 42
Warning: You are sending unauthenticated requests to the HF Hub. Please set a HF_TOKEN to enable higher rate limits and faster downloads.
teacher: /home/coder/stage0/outputs/cub/teacher/seed0/best.pt (epoch 25, val acc 86.33)
epoch 1/100  lr 1e-06  loss 4.28958  ce 5.39499  kd 3.18418  train_acc 0.391  val_acc 0.50  (25.7s)
epoch 2/100  lr 2.08e-05  loss 4.32908  ce 5.34052  kd 3.31763  train_acc 0.707  val_acc 1.50  (26.2s)
epoch 3/100  lr 4.06e-05  loss 4.27194  ce 5.24773  kd 3.29616  train_acc 1.228  val_acc 4.00  (25.8s)
epoch 4/100  lr 6.04e-05  loss 3.99101  ce 5.08940  kd 2.89261  train_acc 3.702  val_acc 13.83  (24.6s)
epoch 5/100  lr 8.02e-05  loss 3.71319  ce 4.81106  kd 2.61531  train_acc 7.403  val_acc 25.33  (25.7s)
epoch 6/100  lr 9.94e-05  loss 3.46208  ce 4.57478  kd 2.34938  train_acc 11.254  val_acc 32.17  (25.9s)
epoch 7/100  lr 9.91e-05  loss 3.26205  ce 4.34189  kd 2.18221  train_acc 16.239  val_acc 41.17  (24.6s)
epoch 8/100  lr 9.88e-05  loss 3.09788  ce 4.27965  kd 1.91611  train_acc 16.276  val_acc 47.00  (26.2s)
epoch 9/100  lr 9.84e-05  loss 2.97411  ce 4.14540  kd 1.80282  train_acc 20.201  val_acc 51.00  (25.8s)
epoch 10/100  lr 9.8e-05  loss 2.85708  ce 4.03009  kd 1.68408  train_acc 22.731  val_acc 55.67  (25.2s)
epoch 11/100  lr 9.76e-05  loss 2.75197  ce 3.90266  kd 1.60129  train_acc 22.080  val_acc 56.67  (25.3s)
epoch 12/100  lr 9.71e-05  loss 2.68709  ce 3.94144  kd 1.43275  train_acc 27.232  val_acc 59.83  (26.4s)
epoch 13/100  lr 9.65e-05  loss 2.63114  ce 3.91178  kd 1.35051  train_acc 24.721  val_acc 58.83  (25.3s)
epoch 14/100  lr 9.59e-05  loss 2.55358  ce 3.77656  kd 1.33060  train_acc 28.720  val_acc 63.67  (24.2s)
epoch 15/100  lr 9.53e-05  loss 2.49024  ce 3.74060  kd 1.23988  train_acc 31.194  val_acc 65.17  (26.6s)
epoch 16/100  lr 9.46e-05  loss 2.37494  ce 3.52459  kd 1.22529  train_acc 30.729  val_acc 68.17  (25.2s)
epoch 17/100  lr 9.39e-05  loss 2.40244  ce 3.67340  kd 1.13147  train_acc 33.259  val_acc 68.50  (24.1s)
epoch 18/100  lr 9.31e-05  loss 2.34329  ce 3.57785  kd 1.10874  train_acc 32.626  val_acc 70.00  (26.6s)
epoch 19/100  lr 9.23e-05  loss 2.32643  ce 3.59670  kd 1.05617  train_acc 30.004  val_acc 71.50  (26.6s)
epoch 20/100  lr 9.14e-05  loss 2.28970  ce 3.55733  kd 1.02206  train_acc 36.719  val_acc 71.33  (24.6s)
epoch 21/100  lr 9.05e-05  loss 2.28714  ce 3.58257  kd 0.99171  train_acc 36.998  val_acc 70.83  (25.6s)
epoch 22/100  lr 8.96e-05  loss 2.21070  ce 3.43396  kd 0.98743  train_acc 33.482  val_acc 71.33  (26.9s)
epoch 23/100  lr 8.86e-05  loss 2.25750  ce 3.56133  kd 0.95367  train_acc 28.720  val_acc 71.67  (25.4s)
epoch 24/100  lr 8.76e-05  loss 2.15131  ce 3.37517  kd 0.92746  train_acc 31.473  val_acc 74.67  (25.1s)
epoch 25/100  lr 8.66e-05  loss 2.19420  ce 3.48453  kd 0.90387  train_acc 35.714  val_acc 74.00  (26.1s)
epoch 26/100  lr 8.55e-05  loss 2.12650  ce 3.38783  kd 0.86517  train_acc 40.067  val_acc 74.17  (25.7s)
epoch 27/100  lr 8.44e-05  loss 2.07851  ce 3.36744  kd 0.78959  train_acc 35.082  val_acc 75.67  (24.4s)
epoch 28/100  lr 8.32e-05  loss 2.14043  ce 3.47372  kd 0.80715  train_acc 32.329  val_acc 75.50  (26.4s)
epoch 29/100  lr 8.21e-05  loss 2.09339  ce 3.40063  kd 0.78616  train_acc 36.179  val_acc 76.00  (26.4s)
epoch 30/100  lr 8.08e-05  loss 2.07254  ce 3.39477  kd 0.75030  train_acc 35.138  val_acc 74.67  (24.7s)
epoch 31/100  lr 7.96e-05  loss 2.01141  ce 3.27673  kd 0.74610  train_acc 26.190  val_acc 74.50  (25.6s)
epoch 32/100  lr 7.83e-05  loss 2.01881  ce 3.29181  kd 0.74580  train_acc 32.440  val_acc 75.67  (27.1s)
epoch 33/100  lr 7.7e-05  loss 1.97242  ce 3.22535  kd 0.71949  train_acc 36.868  val_acc 76.00  (25.4s)
epoch 34/100  lr 7.57e-05  loss 1.98649  ce 3.24604  kd 0.72695  train_acc 24.795  val_acc 76.17  (24.3s)
epoch 35/100  lr 7.43e-05  loss 1.96631  ce 3.23116  kd 0.70146  train_acc 35.603  val_acc 76.67  (27.0s)
epoch 36/100  lr 7.3e-05  loss 2.00862  ce 3.31218  kd 0.70506  train_acc 41.722  val_acc 76.33  (25.9s)
epoch 37/100  lr 7.16e-05  loss 1.99527  ce 3.28477  kd 0.70577  train_acc 38.597  val_acc 77.17  (24.7s)
epoch 38/100  lr 7.02e-05  loss 1.94545  ce 3.21316  kd 0.67774  train_acc 37.147  val_acc 78.00  (25.4s)
epoch 39/100  lr 6.87e-05  loss 1.97006  ce 3.25249  kd 0.68763  train_acc 39.807  val_acc 77.33  (26.2s)
epoch 40/100  lr 6.73e-05  loss 1.95172  ce 3.22585  kd 0.67760  train_acc 37.184  val_acc 77.33  (25.9s)
epoch 41/100  lr 6.58e-05  loss 1.98041  ce 3.29301  kd 0.66780  train_acc 41.592  val_acc 77.83  (24.5s)
epoch 42/100  lr 6.43e-05  loss 1.91855  ce 3.19157  kd 0.64553  train_acc 35.305  val_acc 77.83  (26.7s)
epoch 43/100  lr 6.28e-05  loss 1.87165  ce 3.10052  kd 0.64277  train_acc 36.142  val_acc 78.17  (25.8s)
epoch 44/100  lr 6.13e-05  loss 1.93242  ce 3.22474  kd 0.64011  train_acc 37.593  val_acc 79.33  (24.6s)
epoch 45/100  lr 5.98e-05  loss 1.91309  ce 3.19576  kd 0.63041  train_acc 40.048  val_acc 79.00  (26.5s)
epoch 46/100  lr 5.82e-05  loss 1.92482  ce 3.21661  kd 0.63303  train_acc 38.653  val_acc 79.33  (26.3s)
epoch 47/100  lr 5.67e-05  loss 1.99909  ce 3.35770  kd 0.64047  train_acc 34.189  val_acc 80.17  (25.3s)
epoch 48/100  lr 5.52e-05  loss 1.85214  ce 3.08833  kd 0.61596  train_acc 44.550  val_acc 79.17  (25.3s)
epoch 49/100  lr 5.36e-05  loss 1.91065  ce 3.21585  kd 0.60545  train_acc 43.118  val_acc 79.33  (26.9s)
epoch 50/100  lr 5.21e-05  loss 1.81739  ce 3.05100  kd 0.58378  train_acc 41.183  val_acc 79.00  (25.4s)
epoch 51/100  lr 5.05e-05  loss 1.81151  ce 3.03229  kd 0.59073  train_acc 44.978  val_acc 78.67  (24.5s)
epoch 52/100  lr 4.89e-05  loss 1.95826  ce 3.29960  kd 0.61693  train_acc 35.138  val_acc 79.83  (27.0s)
epoch 53/100  lr 4.74e-05  loss 1.91483  ce 3.22925  kd 0.60041  train_acc 32.087  val_acc 80.00  (26.2s)
epoch 54/100  lr 4.58e-05  loss 1.90265  ce 3.19775  kd 0.60755  train_acc 29.874  val_acc 80.67  (24.8s)
epoch 55/100  lr 4.43e-05  loss 1.87513  ce 3.15878  kd 0.59148  train_acc 37.779  val_acc 80.17  (25.9s)
epoch 56/100  lr 4.28e-05  loss 1.84517  ce 3.10936  kd 0.58097  train_acc 40.606  val_acc 79.83  (26.5s)
epoch 57/100  lr 4.12e-05  loss 1.86290  ce 3.14661  kd 0.57919  train_acc 42.169  val_acc 79.50  (25.4s)
epoch 58/100  lr 3.97e-05  loss 1.82087  ce 3.06605  kd 0.57569  train_acc 37.388  val_acc 81.00  (24.9s)
epoch 59/100  lr 3.82e-05  loss 1.84199  ce 3.10653  kd 0.57745  train_acc 41.443  val_acc 80.33  (26.2s)
epoch 60/100  lr 3.67e-05  loss 1.95317  ce 3.29320  kd 0.61314  train_acc 39.267  val_acc 81.83  (26.0s)
epoch 61/100  lr 3.52e-05  loss 1.89600  ce 3.20512  kd 0.58688  train_acc 46.354  val_acc 82.33  (24.6s)
epoch 62/100  lr 3.37e-05  loss 1.80709  ce 3.05404  kd 0.56015  train_acc 38.449  val_acc 81.50  (26.3s)
epoch 63/100  lr 3.23e-05  loss 1.86814  ce 3.16993  kd 0.56634  train_acc 42.299  val_acc 82.00  (25.8s)
epoch 64/100  lr 3.08e-05  loss 1.81527  ce 3.06802  kd 0.56253  train_acc 39.583  val_acc 81.00  (25.0s)
epoch 65/100  lr 2.94e-05  loss 1.64241  ce 2.76307  kd 0.52175  train_acc 41.592  val_acc 81.00  (24.9s)
epoch 66/100  lr 2.8e-05  loss 1.85572  ce 3.14794  kd 0.56350  train_acc 43.713  val_acc 81.50  (26.3s)
epoch 67/100  lr 2.67e-05  loss 1.82077  ce 3.09450  kd 0.54703  train_acc 46.652  val_acc 81.33  (25.4s)
epoch 68/100  lr 2.53e-05  loss 1.84036  ce 3.12674  kd 0.55397  train_acc 44.978  val_acc 81.83  (24.4s)
epoch 69/100  lr 2.4e-05  loss 1.79238  ce 3.03582  kd 0.54894  train_acc 38.579  val_acc 80.83  (26.0s)
epoch 70/100  lr 2.27e-05  loss 1.80500  ce 3.06200  kd 0.54799  train_acc 36.068  val_acc 81.50  (25.7s)
epoch 71/100  lr 2.14e-05  loss 1.84109  ce 3.12236  kd 0.55981  train_acc 38.188  val_acc 81.50  (25.3s)
epoch 72/100  lr 2.02e-05  loss 1.75288  ce 2.97057  kd 0.53520  train_acc 39.156  val_acc 82.00  (25.1s)
epoch 73/100  lr 1.89e-05  loss 1.83026  ce 3.10529  kd 0.55523  train_acc 41.890  val_acc 81.33  (27.2s)
epoch 74/100  lr 1.78e-05  loss 1.80560  ce 3.06080  kd 0.55040  train_acc 40.179  val_acc 80.83  (25.8s)
epoch 75/100  lr 1.66e-05  loss 1.78506  ce 3.03144  kd 0.53868  train_acc 33.240  val_acc 80.50  (24.3s)
epoch 76/100  lr 1.55e-05  loss 1.76905  ce 3.01264  kd 0.52546  train_acc 48.307  val_acc 80.33  (27.6s)
epoch 77/100  lr 1.44e-05  loss 1.74880  ce 2.96898  kd 0.52861  train_acc 42.597  val_acc 81.00  (25.7s)
epoch 78/100  lr 1.34e-05  loss 1.72849  ce 2.94567  kd 0.51130  train_acc 48.958  val_acc 81.00  (24.5s)
epoch 79/100  lr 1.24e-05  loss 1.85321  ce 3.15940  kd 0.54702  train_acc 34.170  val_acc 80.50  (25.7s)
epoch 80/100  lr 1.14e-05  loss 1.82719  ce 3.10453  kd 0.54984  train_acc 42.969  val_acc 81.17  (26.9s)
epoch 81/100  lr 1.05e-05  loss 1.80677  ce 3.07750  kd 0.53604  train_acc 44.550  val_acc 80.33  (25.6s)
epoch 82/100  lr 9.56e-06  loss 1.76090  ce 3.01110  kd 0.51069  train_acc 44.829  val_acc 80.33  (24.8s)
epoch 83/100  lr 8.71e-06  loss 1.79926  ce 3.05721  kd 0.54130  train_acc 36.868  val_acc 80.50  (27.0s)
epoch 84/100  lr 7.89e-06  loss 1.71859  ce 2.91717  kd 0.52000  train_acc 42.671  val_acc 80.50  (26.0s)
epoch 85/100  lr 7.12e-06  loss 1.79200  ce 3.05430  kd 0.52969  train_acc 38.969  val_acc 80.50  (24.2s)
epoch 86/100  lr 6.4e-06  loss 1.77008  ce 3.01424  kd 0.52591  train_acc 40.532  val_acc 80.50  (29.3s)
epoch 87/100  lr 5.71e-06  loss 1.81281  ce 3.09284  kd 0.53278  train_acc 44.196  val_acc 80.50  (28.8s)
epoch 88/100  lr 5.07e-06  loss 1.85277  ce 3.16055  kd 0.54499  train_acc 40.978  val_acc 80.83  (25.7s)
epoch 89/100  lr 4.48e-06  loss 1.79031  ce 3.06371  kd 0.51692  train_acc 44.178  val_acc 80.83  (26.5s)
epoch 90/100  lr 3.93e-06  loss 1.75769  ce 3.00012  kd 0.51526  train_acc 39.583  val_acc 80.83  (27.9s)
epoch 91/100  lr 3.42e-06  loss 1.73513  ce 2.95662  kd 0.51363  train_acc 40.830  val_acc 80.83  (26.0s)
epoch 92/100  lr 2.97e-06  loss 1.82734  ce 3.12676  kd 0.52793  train_acc 38.021  val_acc 81.00  (27.5s)
epoch 93/100  lr 2.56e-06  loss 1.73503  ce 2.95748  kd 0.51259  train_acc 49.944  val_acc 81.33  (29.6s)
epoch 94/100  lr 2.19e-06  loss 1.74116  ce 2.96806  kd 0.51426  train_acc 45.275  val_acc 81.00  (26.6s)
epoch 95/100  lr 1.88e-06  loss 1.79180  ce 3.06096  kd 0.52264  train_acc 39.788  val_acc 81.00  (26.0s)
epoch 96/100  lr 1.61e-06  loss 1.83464  ce 3.13535  kd 0.53394  train_acc 43.434  val_acc 80.83  (28.0s)
epoch 97/100  lr 1.39e-06  loss 1.77932  ce 3.03435  kd 0.52429  train_acc 38.858  val_acc 81.00  (27.4s)
epoch 98/100  lr 1.22e-06  loss 1.74669  ce 2.97255  kd 0.52084  train_acc 48.010  val_acc 81.17  (28.0s)
epoch 99/100  lr 1.1e-06  loss 1.78634  ce 3.04227  kd 0.53042  train_acc 44.978  val_acc 81.17  (28.8s)
epoch 100/100  lr 1.02e-06  loss 1.74764  ce 2.97484  kd 0.52044  train_acc 45.573  val_acc 81.00  (28.1s)
done. final val acc 81.00  best 82.33 @ epoch 61
