
===== 2026-10-03 15:12:06 gpu=0 /home/coder/aim-lab-test-5/.venv/bin/python -m stage0.train --mode ce --dataset cub --seed 0 --lr 0.0003 --subdir lrsel/ce_lr0.0003
run dir: /home/coder/stage0/outputs/cub/lrsel/ce_lr0.0003/seed0
state: new  device: cuda  micro_batch: 128  accum: 1  num_workers: 3
train 5394  val 600  steps/epoch 42
epoch 1/100  lr 1e-06  loss 5.39558  ce 5.39558  kd -  train_acc 0.391  val_acc 0.50  (29.3s)
epoch 2/100  lr 6.08e-05  loss 5.31023  ce 5.31023  kd -  train_acc 0.744  val_acc 2.17  (27.3s)
epoch 3/100  lr 0.000121  loss 5.12308  ce 5.12308  kd -  train_acc 2.827  val_acc 12.50  (25.1s)
epoch 4/100  lr 0.00018  loss 4.81100  ce 4.81100  kd -  train_acc 7.961  val_acc 25.33  (24.1s)
epoch 5/100  lr 0.00024  loss 4.51721  ce 4.51721  kd -  train_acc 12.165  val_acc 34.83  (24.4s)
epoch 6/100  lr 0.000298  loss 4.33197  ce 4.33197  kd -  train_acc 15.290  val_acc 39.00  (23.9s)
epoch 7/100  lr 0.000297  loss 4.11878  ce 4.11878  kd -  train_acc 19.792  val_acc 50.50  (23.5s)
epoch 8/100  lr 0.000296  loss 4.12273  ce 4.12273  kd -  train_acc 18.490  val_acc 49.67  (24.3s)
epoch 9/100  lr 0.000295  loss 3.98920  ce 3.98920  kd -  train_acc 22.266  val_acc 54.83  (24.0s)
epoch 10/100  lr 0.000294  loss 3.87939  ce 3.87939  kd -  train_acc 25.353  val_acc 58.33  (23.9s)
epoch 11/100  lr 0.000293  loss 3.76484  ce 3.76484  kd -  train_acc 22.954  val_acc 60.00  (23.7s)
epoch 12/100  lr 0.000291  loss 3.83169  ce 3.83169  kd -  train_acc 28.646  val_acc 64.17  (24.2s)
epoch 13/100  lr 0.00029  loss 3.80313  ce 3.80313  kd -  train_acc 26.749  val_acc 62.50  (23.7s)
epoch 14/100  lr 0.000288  loss 3.69611  ce 3.69611  kd -  train_acc 29.650  val_acc 66.67  (24.2s)
epoch 15/100  lr 0.000286  loss 3.63631  ce 3.63631  kd -  train_acc 32.422  val_acc 68.33  (23.9s)
epoch 16/100  lr 0.000284  loss 3.42034  ce 3.42034  kd -  train_acc 31.510  val_acc 68.00  (23.7s)
epoch 17/100  lr 0.000282  loss 3.59541  ce 3.59541  kd -  train_acc 33.389  val_acc 66.17  (24.1s)
epoch 18/100  lr 0.000279  loss 3.52180  ce 3.52180  kd -  train_acc 32.422  val_acc 67.50  (23.8s)
epoch 19/100  lr 0.000277  loss 3.51944  ce 3.51944  kd -  train_acc 31.250  val_acc 70.33  (23.8s)
epoch 20/100  lr 0.000274  loss 3.49971  ce 3.49971  kd -  train_acc 36.403  val_acc 69.33  (24.1s)
epoch 21/100  lr 0.000272  loss 3.53466  ce 3.53466  kd -  train_acc 38.077  val_acc 69.33  (23.8s)
epoch 22/100  lr 0.000269  loss 3.37729  ce 3.37729  kd -  train_acc 33.631  val_acc 72.67  (23.7s)
epoch 23/100  lr 0.000266  loss 3.50021  ce 3.50021  kd -  train_acc 29.501  val_acc 73.67  (24.2s)
epoch 24/100  lr 0.000263  loss 3.31401  ce 3.31401  kd -  train_acc 32.143  val_acc 73.83  (23.9s)
epoch 25/100  lr 0.00026  loss 3.43003  ce 3.43003  kd -  train_acc 35.435  val_acc 73.33  (24.0s)
epoch 26/100  lr 0.000257  loss 3.32678  ce 3.32678  kd -  train_acc 41.890  val_acc 73.83  (24.2s)
epoch 27/100  lr 0.000253  loss 3.29557  ce 3.29557  kd -  train_acc 35.640  val_acc 75.83  (24.3s)
epoch 28/100  lr 0.00025  loss 3.39899  ce 3.39899  kd -  train_acc 33.110  val_acc 71.17  (24.0s)
epoch 29/100  lr 0.000246  loss 3.32442  ce 3.32442  kd -  train_acc 37.035  val_acc 74.83  (23.4s)
epoch 30/100  lr 0.000243  loss 3.32609  ce 3.32609  kd -  train_acc 35.956  val_acc 74.67  (24.3s)
epoch 31/100  lr 0.000239  loss 3.20058  ce 3.20058  kd -  train_acc 26.637  val_acc 72.83  (23.8s)
epoch 32/100  lr 0.000235  loss 3.22079  ce 3.22079  kd -  train_acc 33.966  val_acc 74.67  (23.3s)
epoch 33/100  lr 0.000231  loss 3.13251  ce 3.13251  kd -  train_acc 38.504  val_acc 73.67  (24.2s)
epoch 34/100  lr 0.000227  loss 3.15675  ce 3.15675  kd -  train_acc 24.944  val_acc 75.33  (24.3s)
epoch 35/100  lr 0.000223  loss 3.15496  ce 3.15496  kd -  train_acc 36.626  val_acc 76.50  (23.9s)
epoch 36/100  lr 0.000219  loss 3.21830  ce 3.21830  kd -  train_acc 43.434  val_acc 75.33  (24.3s)
epoch 37/100  lr 0.000215  loss 3.19457  ce 3.19457  kd -  train_acc 40.104  val_acc 75.33  (23.6s)
epoch 38/100  lr 0.00021  loss 3.12435  ce 3.12435  kd -  train_acc 39.044  val_acc 77.17  (24.0s)
epoch 39/100  lr 0.000206  loss 3.15053  ce 3.15053  kd -  train_acc 41.202  val_acc 76.00  (24.0s)
epoch 40/100  lr 0.000202  loss 3.11196  ce 3.11196  kd -  train_acc 38.579  val_acc 75.17  (24.0s)
epoch 41/100  lr 0.000197  loss 3.18169  ce 3.18169  kd -  train_acc 43.359  val_acc 75.00  (23.9s)
epoch 42/100  lr 0.000193  loss 3.08065  ce 3.08065  kd -  train_acc 37.909  val_acc 77.50  (23.8s)
epoch 43/100  lr 0.000188  loss 2.97573  ce 2.97573  kd -  train_acc 38.077  val_acc 76.33  (23.7s)
epoch 44/100  lr 0.000184  loss 3.10443  ce 3.10443  kd -  train_acc 39.211  val_acc 78.83  (23.9s)
epoch 45/100  lr 0.000179  loss 3.06425  ce 3.06425  kd -  train_acc 42.374  val_acc 77.67  (23.7s)
epoch 46/100  lr 0.000175  loss 3.08083  ce 3.08083  kd -  train_acc 41.815  val_acc 76.67  (23.8s)
epoch 47/100  lr 0.00017  loss 3.21615  ce 3.21615  kd -  train_acc 36.086  val_acc 77.50  (24.1s)
epoch 48/100  lr 0.000165  loss 2.94630  ce 2.94630  kd -  train_acc 47.563  val_acc 79.00  (24.0s)
epoch 49/100  lr 0.000161  loss 3.07286  ce 3.07286  kd -  train_acc 46.336  val_acc 75.17  (23.8s)
epoch 50/100  lr 0.000156  loss 2.89711  ce 2.89711  kd -  train_acc 44.085  val_acc 77.33  (24.3s)
epoch 51/100  lr 0.000151  loss 2.87525  ce 2.87525  kd -  train_acc 48.251  val_acc 76.83  (24.1s)
epoch 52/100  lr 0.000147  loss 3.14001  ce 3.14001  kd -  train_acc 38.783  val_acc 79.00  (23.7s)
epoch 53/100  lr 0.000142  loss 3.05780  ce 3.05780  kd -  train_acc 34.524  val_acc 79.00  (24.2s)
epoch 54/100  lr 0.000138  loss 3.02848  ce 3.02848  kd -  train_acc 32.533  val_acc 76.83  (24.2s)
epoch 55/100  lr 0.000133  loss 2.98697  ce 2.98697  kd -  train_acc 41.574  val_acc 78.33  (24.0s)
epoch 56/100  lr 0.000128  loss 2.92625  ce 2.92625  kd -  train_acc 43.359  val_acc 76.50  (24.1s)
epoch 57/100  lr 0.000124  loss 2.96605  ce 2.96605  kd -  train_acc 45.573  val_acc 78.00  (24.2s)
epoch 58/100  lr 0.000119  loss 2.87863  ce 2.87863  kd -  train_acc 39.807  val_acc 78.67  (23.9s)
epoch 59/100  lr 0.000115  loss 2.91022  ce 2.91022  kd -  train_acc 44.959  val_acc 79.33  (24.0s)
epoch 60/100  lr 0.00011  loss 3.09973  ce 3.09973  kd -  train_acc 42.839  val_acc 78.00  (24.1s)
epoch 61/100  lr 0.000106  loss 2.99591  ce 2.99591  kd -  train_acc 50.818  val_acc 79.00  (23.6s)
epoch 62/100  lr 0.000101  loss 2.84123  ce 2.84123  kd -  train_acc 42.001  val_acc 78.17  (24.0s)
epoch 63/100  lr 9.68e-05  loss 2.96325  ce 2.96325  kd -  train_acc 46.745  val_acc 79.17  (24.0s)
epoch 64/100  lr 9.25e-05  loss 2.84973  ce 2.84973  kd -  train_acc 43.527  val_acc 80.00  (24.1s)
epoch 65/100  lr 8.83e-05  loss 2.54584  ce 2.54584  kd -  train_acc 45.703  val_acc 79.17  (23.9s)
epoch 66/100  lr 8.41e-05  loss 2.91042  ce 2.91042  kd -  train_acc 48.363  val_acc 78.50  (24.3s)
epoch 67/100  lr 8e-05  loss 2.86664  ce 2.86664  kd -  train_acc 51.618  val_acc 79.83  (23.6s)
epoch 68/100  lr 7.59e-05  loss 2.88952  ce 2.88952  kd -  train_acc 49.795  val_acc 79.17  (23.9s)
epoch 69/100  lr 7.19e-05  loss 2.79784  ce 2.79784  kd -  train_acc 43.118  val_acc 78.00  (23.7s)
epoch 70/100  lr 6.8e-05  loss 2.81748  ce 2.81748  kd -  train_acc 40.718  val_acc 78.00  (23.6s)
epoch 71/100  lr 6.42e-05  loss 2.87035  ce 2.87035  kd -  train_acc 41.871  val_acc 78.33  (23.8s)
epoch 72/100  lr 6.05e-05  loss 2.72452  ce 2.72452  kd -  train_acc 43.620  val_acc 78.83  (24.1s)
epoch 73/100  lr 5.68e-05  loss 2.84708  ce 2.84708  kd -  train_acc 46.838  val_acc 79.83  (23.7s)
epoch 74/100  lr 5.33e-05  loss 2.79624  ce 2.79624  kd -  train_acc 44.606  val_acc 78.50  (23.9s)
epoch 75/100  lr 4.98e-05  loss 2.77832  ce 2.77832  kd -  train_acc 37.630  val_acc 79.00  (24.1s)
epoch 76/100  lr 4.65e-05  loss 2.74337  ce 2.74337  kd -  train_acc 54.929  val_acc 78.50  (23.9s)
epoch 77/100  lr 4.32e-05  loss 2.70719  ce 2.70719  kd -  train_acc 48.140  val_acc 78.50  (24.0s)
epoch 78/100  lr 4.01e-05  loss 2.67741  ce 2.67741  kd -  train_acc 55.376  val_acc 78.33  (23.9s)
epoch 79/100  lr 3.71e-05  loss 2.88948  ce 2.88948  kd -  train_acc 39.602  val_acc 78.50  (24.3s)
epoch 80/100  lr 3.42e-05  loss 2.81972  ce 2.81972  kd -  train_acc 48.958  val_acc 77.83  (24.0s)
epoch 81/100  lr 3.14e-05  loss 2.80036  ce 2.80036  kd -  train_acc 50.446  val_acc 78.00  (24.3s)
epoch 82/100  lr 2.87e-05  loss 2.73117  ce 2.73117  kd -  train_acc 50.744  val_acc 77.17  (24.0s)
epoch 83/100  lr 2.61e-05  loss 2.76582  ce 2.76582  kd -  train_acc 42.392  val_acc 77.67  (23.9s)
epoch 84/100  lr 2.37e-05  loss 2.64892  ce 2.64892  kd -  train_acc 48.456  val_acc 77.83  (24.1s)
epoch 85/100  lr 2.14e-05  loss 2.76714  ce 2.76714  kd -  train_acc 43.527  val_acc 78.83  (24.1s)
epoch 86/100  lr 1.92e-05  loss 2.73182  ce 2.73182  kd -  train_acc 45.033  val_acc 78.67  (23.9s)
epoch 87/100  lr 1.71e-05  loss 2.79694  ce 2.79694  kd -  train_acc 50.465  val_acc 78.00  (24.1s)
epoch 88/100  lr 1.52e-05  loss 2.86154  ce 2.86154  kd -  train_acc 46.187  val_acc 78.17  (23.8s)
epoch 89/100  lr 1.34e-05  loss 2.76996  ce 2.76996  kd -  train_acc 50.335  val_acc 78.17  (24.0s)
epoch 90/100  lr 1.18e-05  loss 2.70042  ce 2.70042  kd -  train_acc 44.754  val_acc 78.33  (24.3s)
epoch 91/100  lr 1.03e-05  loss 2.65970  ce 2.65970  kd -  train_acc 46.205  val_acc 78.33  (24.0s)
epoch 92/100  lr 8.9e-06  loss 2.82578  ce 2.82578  kd -  train_acc 43.397  val_acc 78.50  (24.4s)
epoch 93/100  lr 7.67e-06  loss 2.67071  ce 2.67071  kd -  train_acc 56.380  val_acc 78.67  (24.0s)
epoch 94/100  lr 6.58e-06  loss 2.66736  ce 2.66736  kd -  train_acc 52.139  val_acc 79.00  (24.0s)
epoch 95/100  lr 5.63e-06  loss 2.76418  ce 2.76418  kd -  train_acc 45.294  val_acc 79.00  (23.7s)
epoch 96/100  lr 4.83e-06  loss 2.84027  ce 2.84027  kd -  train_acc 48.921  val_acc 78.83  (24.1s)
epoch 97/100  lr 4.17e-06  loss 2.74845  ce 2.74845  kd -  train_acc 43.173  val_acc 78.67  (24.0s)
epoch 98/100  lr 3.66e-06  loss 2.66752  ce 2.66752  kd -  train_acc 54.222  val_acc 78.83  (24.2s)
epoch 99/100  lr 3.29e-06  loss 2.73082  ce 2.73082  kd -  train_acc 51.637  val_acc 78.83  (23.9s)
epoch 100/100  lr 3.07e-06  loss 2.66299  ce 2.66299  kd -  train_acc 52.976  val_acc 78.83  (23.7s)
done. final val acc 78.83  best 80.00 @ epoch 64
