
===== 2026-10-03 17:14:23 gpu=0 /home/coder/aim-lab-test-5/.venv/bin/python -m stage0.train --mode kd --dataset cub --seed 2 --lr 0.0001
run dir: /home/coder/stage0/outputs/cub/kd/seed2
state: new  device: cuda  micro_batch: 128  accum: 1  num_workers: 3
train 5394  val 600  steps/epoch 42
teacher: /home/coder/stage0/outputs/cub/teacher/seed0/best.pt (epoch 25, val acc 86.33)
epoch 1/100  lr 1e-06  loss 4.42727  ce 5.39696  kd 3.45758  train_acc 0.484  val_acc 0.00  (28.5s)
epoch 2/100  lr 2.08e-05  loss 4.25586  ce 5.34432  kd 3.16740  train_acc 0.595  val_acc 0.50  (27.1s)
epoch 3/100  lr 4.06e-05  loss 4.22178  ce 5.27274  kd 3.17083  train_acc 1.135  val_acc 1.83  (27.7s)
epoch 4/100  lr 6.04e-05  loss 4.11248  ce 5.12370  kd 3.10126  train_acc 2.865  val_acc 10.00  (25.2s)
epoch 5/100  lr 8.02e-05  loss 3.77003  ce 4.83584  kd 2.70422  train_acc 5.766  val_acc 21.50  (27.7s)
epoch 6/100  lr 9.94e-05  loss 3.47387  ce 4.61144  kd 2.33631  train_acc 10.007  val_acc 33.00  (28.0s)
epoch 7/100  lr 9.91e-05  loss 3.22975  ce 4.33218  kd 2.12732  train_acc 13.430  val_acc 40.17  (25.5s)
epoch 8/100  lr 9.88e-05  loss 3.04266  ce 4.18262  kd 1.90270  train_acc 17.820  val_acc 46.67  (27.2s)
epoch 9/100  lr 9.84e-05  loss 2.90336  ce 4.06531  kd 1.74140  train_acc 18.192  val_acc 49.50  (28.4s)
epoch 10/100  lr 9.8e-05  loss 2.79910  ce 4.06481  kd 1.53338  train_acc 23.586  val_acc 53.33  (26.7s)
epoch 11/100  lr 9.76e-05  loss 2.68434  ce 3.86591  kd 1.50277  train_acc 22.005  val_acc 56.17  (27.1s)
epoch 12/100  lr 9.71e-05  loss 2.67065  ce 3.96675  kd 1.37455  train_acc 23.047  val_acc 60.33  (29.2s)
epoch 13/100  lr 9.65e-05  loss 2.58924  ce 3.90023  kd 1.27825  train_acc 26.265  val_acc 63.17  (26.3s)
epoch 14/100  lr 9.59e-05  loss 2.48986  ce 3.73871  kd 1.24101  train_acc 29.818  val_acc 65.67  (26.3s)
epoch 15/100  lr 9.53e-05  loss 2.46296  ce 3.76042  kd 1.16550  train_acc 26.730  val_acc 68.33  (27.7s)
epoch 16/100  lr 9.46e-05  loss 2.37739  ce 3.62377  kd 1.13101  train_acc 24.833  val_acc 68.00  (26.3s)
epoch 17/100  lr 9.39e-05  loss 2.33438  ce 3.57857  kd 1.09019  train_acc 32.961  val_acc 67.67  (25.7s)
epoch 18/100  lr 9.31e-05  loss 2.34448  ce 3.66513  kd 1.02384  train_acc 32.106  val_acc 68.50  (27.7s)
epoch 19/100  lr 9.23e-05  loss 2.30915  ce 3.63115  kd 0.98715  train_acc 30.320  val_acc 73.17  (26.3s)
epoch 20/100  lr 9.14e-05  loss 2.23419  ce 3.51335  kd 0.95502  train_acc 29.390  val_acc 71.33  (26.0s)
epoch 21/100  lr 9.05e-05  loss 2.19771  ce 3.45963  kd 0.93578  train_acc 30.655  val_acc 71.67  (28.7s)
epoch 22/100  lr 8.96e-05  loss 2.19491  ce 3.47210  kd 0.91773  train_acc 35.361  val_acc 73.17  (26.0s)
epoch 23/100  lr 8.86e-05  loss 2.18902  ce 3.51692  kd 0.86111  train_acc 34.152  val_acc 73.67  (25.0s)
epoch 24/100  lr 8.76e-05  loss 2.13018  ce 3.43227  kd 0.82810  train_acc 34.896  val_acc 74.67  (28.3s)
epoch 25/100  lr 8.66e-05  loss 2.13044  ce 3.43422  kd 0.82666  train_acc 33.873  val_acc 76.67  (26.2s)
epoch 26/100  lr 8.55e-05  loss 2.07176  ce 3.32791  kd 0.81562  train_acc 33.389  val_acc 74.67  (27.1s)
epoch 27/100  lr 8.44e-05  loss 2.17788  ce 3.54769  kd 0.80807  train_acc 37.500  val_acc 74.33  (29.1s)
epoch 28/100  lr 8.32e-05  loss 2.08350  ce 3.38277  kd 0.78424  train_acc 36.737  val_acc 75.33  (27.5s)
epoch 29/100  lr 8.21e-05  loss 2.05887  ce 3.34386  kd 0.77388  train_acc 31.045  val_acc 75.83  (25.7s)
epoch 30/100  lr 8.08e-05  loss 1.96783  ce 3.18695  kd 0.74871  train_acc 40.997  val_acc 77.67  (27.8s)
epoch 31/100  lr 7.96e-05  loss 2.03577  ce 3.31932  kd 0.75221  train_acc 30.450  val_acc 77.00  (27.2s)
epoch 32/100  lr 7.83e-05  loss 2.00873  ce 3.28375  kd 0.73371  train_acc 34.821  val_acc 77.33  (28.1s)
epoch 33/100  lr 7.7e-05  loss 2.02676  ce 3.34766  kd 0.70586  train_acc 37.519  val_acc 78.83  (28.4s)
epoch 34/100  lr 7.57e-05  loss 1.98792  ce 3.26677  kd 0.70908  train_acc 44.364  val_acc 78.17  (27.5s)
epoch 35/100  lr 7.43e-05  loss 1.91875  ce 3.15763  kd 0.67987  train_acc 44.066  val_acc 76.67  (24.0s)
epoch 36/100  lr 7.3e-05  loss 1.86814  ce 3.06767  kd 0.66862  train_acc 34.859  val_acc 77.33  (29.0s)
epoch 37/100  lr 7.16e-05  loss 1.95080  ce 3.22136  kd 0.68024  train_acc 38.077  val_acc 79.00  (27.6s)
epoch 38/100  lr 7.02e-05  loss 1.93655  ce 3.19999  kd 0.67311  train_acc 41.313  val_acc 78.83  (27.6s)
epoch 39/100  lr 6.87e-05  loss 1.98997  ce 3.29345  kd 0.68648  train_acc 45.740  val_acc 79.00  (27.6s)
epoch 40/100  lr 6.73e-05  loss 2.01284  ce 3.34659  kd 0.67909  train_acc 36.607  val_acc 79.00  (27.5s)
epoch 41/100  lr 6.58e-05  loss 1.95524  ce 3.25624  kd 0.65425  train_acc 39.007  val_acc 81.17  (25.0s)
epoch 42/100  lr 6.43e-05  loss 1.97211  ce 3.29906  kd 0.64516  train_acc 41.760  val_acc 79.00  (28.9s)
epoch 43/100  lr 6.28e-05  loss 1.90122  ce 3.16497  kd 0.63746  train_acc 36.905  val_acc 80.67  (27.7s)
epoch 44/100  lr 6.13e-05  loss 1.98295  ce 3.31281  kd 0.65310  train_acc 39.900  val_acc 79.50  (25.9s)
epoch 45/100  lr 5.98e-05  loss 1.95344  ce 3.25808  kd 0.64880  train_acc 33.631  val_acc 80.33  (29.3s)
epoch 46/100  lr 5.82e-05  loss 1.96263  ce 3.28380  kd 0.64146  train_acc 33.612  val_acc 80.67  (27.0s)
epoch 47/100  lr 5.67e-05  loss 1.90083  ce 3.18799  kd 0.61368  train_acc 41.667  val_acc 80.67  (26.8s)
epoch 48/100  lr 5.52e-05  loss 1.92413  ce 3.21115  kd 0.63710  train_acc 37.333  val_acc 79.67  (27.5s)
epoch 49/100  lr 5.36e-05  loss 1.89743  ce 3.18803  kd 0.60684  train_acc 40.625  val_acc 80.67  (28.1s)
epoch 50/100  lr 5.21e-05  loss 1.86441  ce 3.12605  kd 0.60277  train_acc 36.533  val_acc 81.67  (27.1s)
epoch 51/100  lr 5.05e-05  loss 1.92679  ce 3.25253  kd 0.60105  train_acc 44.252  val_acc 80.67  (29.7s)
epoch 52/100  lr 4.89e-05  loss 1.84694  ce 3.09679  kd 0.59709  train_acc 43.452  val_acc 81.67  (29.0s)
epoch 53/100  lr 4.74e-05  loss 1.93563  ce 3.26683  kd 0.60443  train_acc 34.784  val_acc 81.83  (26.0s)
epoch 54/100  lr 4.58e-05  loss 1.86121  ce 3.13096  kd 0.59146  train_acc 43.304  val_acc 80.00  (28.0s)
epoch 55/100  lr 4.43e-05  loss 1.84197  ce 3.10454  kd 0.57941  train_acc 40.476  val_acc 81.50  (29.6s)
epoch 56/100  lr 4.28e-05  loss 1.83708  ce 3.10262  kd 0.57154  train_acc 39.360  val_acc 80.50  (26.3s)
epoch 57/100  lr 4.12e-05  loss 1.87819  ce 3.17712  kd 0.57925  train_acc 43.452  val_acc 81.67  (26.8s)
epoch 58/100  lr 3.97e-05  loss 1.88542  ce 3.19046  kd 0.58038  train_acc 48.065  val_acc 80.33  (29.4s)
epoch 59/100  lr 3.82e-05  loss 1.79548  ce 3.03159  kd 0.55937  train_acc 43.787  val_acc 81.33  (26.5s)
epoch 60/100  lr 3.67e-05  loss 1.82151  ce 3.08106  kd 0.56196  train_acc 44.178  val_acc 81.17  (25.8s)
epoch 61/100  lr 3.52e-05  loss 1.80457  ce 3.04661  kd 0.56253  train_acc 45.108  val_acc 82.17  (28.9s)
epoch 62/100  lr 3.37e-05  loss 1.78653  ce 3.02360  kd 0.54946  train_acc 36.328  val_acc 81.50  (26.5s)
epoch 63/100  lr 3.23e-05  loss 1.79296  ce 3.04979  kd 0.53613  train_acc 38.876  val_acc 81.83  (26.9s)
epoch 64/100  lr 3.08e-05  loss 1.82674  ce 3.09133  kd 0.56215  train_acc 34.449  val_acc 81.50  (28.9s)
epoch 65/100  lr 2.94e-05  loss 1.75831  ce 2.97503  kd 0.54159  train_acc 37.891  val_acc 82.00  (27.5s)
epoch 66/100  lr 2.8e-05  loss 1.83614  ce 3.11514  kd 0.55714  train_acc 34.914  val_acc 81.67  (25.2s)
epoch 67/100  lr 2.67e-05  loss 1.77410  ce 3.00105  kd 0.54715  train_acc 41.797  val_acc 81.83  (29.6s)
epoch 68/100  lr 2.53e-05  loss 1.74568  ce 2.95388  kd 0.53748  train_acc 34.077  val_acc 81.33  (27.7s)
epoch 69/100  lr 2.4e-05  loss 1.69998  ce 2.87855  kd 0.52141  train_acc 47.786  val_acc 82.17  (24.8s)
epoch 70/100  lr 2.27e-05  loss 1.78434  ce 3.03917  kd 0.52951  train_acc 42.876  val_acc 81.83  (28.0s)
epoch 71/100  lr 2.14e-05  loss 1.78153  ce 3.03570  kd 0.52735  train_acc 48.382  val_acc 82.67  (30.3s)
epoch 72/100  lr 2.02e-05  loss 1.70923  ce 2.88909  kd 0.52936  train_acc 34.487  val_acc 82.00  (25.8s)
epoch 73/100  lr 1.89e-05  loss 1.76817  ce 3.00459  kd 0.53174  train_acc 40.718  val_acc 81.17  (28.7s)
epoch 74/100  lr 1.78e-05  loss 1.90309  ce 3.25396  kd 0.55222  train_acc 39.565  val_acc 81.17  (28.6s)
epoch 75/100  lr 1.66e-05  loss 1.80537  ce 3.07397  kd 0.53678  train_acc 40.309  val_acc 82.33  (26.4s)
epoch 76/100  lr 1.55e-05  loss 1.86183  ce 3.17148  kd 0.55217  train_acc 38.393  val_acc 82.17  (28.0s)
epoch 77/100  lr 1.44e-05  loss 1.83611  ce 3.12612  kd 0.54609  train_acc 40.532  val_acc 82.50  (28.8s)
epoch 78/100  lr 1.34e-05  loss 1.84068  ce 3.13777  kd 0.54360  train_acc 40.383  val_acc 83.00  (27.1s)
epoch 79/100  lr 1.24e-05  loss 1.86447  ce 3.17604  kd 0.55290  train_acc 42.001  val_acc 82.50  (26.4s)
epoch 80/100  lr 1.14e-05  loss 1.68277  ce 2.85957  kd 0.50597  train_acc 40.885  val_acc 83.00  (30.7s)
epoch 81/100  lr 1.05e-05  loss 1.84961  ce 3.16108  kd 0.53813  train_acc 32.961  val_acc 82.33  (27.8s)
epoch 82/100  lr 9.56e-06  loss 1.91011  ce 3.25914  kd 0.56108  train_acc 41.202  val_acc 82.00  (26.0s)
epoch 83/100  lr 8.71e-06  loss 1.87599  ce 3.20659  kd 0.54539  train_acc 37.240  val_acc 83.17  (27.9s)
epoch 84/100  lr 7.89e-06  loss 1.77054  ce 3.01863  kd 0.52245  train_acc 52.846  val_acc 82.50  (27.9s)
epoch 85/100  lr 7.12e-06  loss 1.80995  ce 3.08972  kd 0.53019  train_acc 40.606  val_acc 82.67  (24.8s)
epoch 86/100  lr 6.4e-06  loss 1.79003  ce 3.06178  kd 0.51828  train_acc 38.653  val_acc 83.00  (25.9s)
epoch 87/100  lr 5.71e-06  loss 1.76332  ce 3.01166  kd 0.51498  train_acc 44.885  val_acc 82.33  (27.0s)
epoch 88/100  lr 5.07e-06  loss 1.84581  ce 3.14442  kd 0.54720  train_acc 42.857  val_acc 82.33  (25.5s)
epoch 89/100  lr 4.48e-06  loss 1.70336  ce 2.90235  kd 0.50437  train_acc 40.253  val_acc 82.33  (24.7s)
epoch 90/100  lr 3.93e-06  loss 1.76623  ce 3.01400  kd 0.51845  train_acc 52.809  val_acc 82.50  (26.7s)
epoch 91/100  lr 3.42e-06  loss 1.64708  ce 2.80255  kd 0.49161  train_acc 37.221  val_acc 82.33  (26.4s)
epoch 92/100  lr 2.97e-06  loss 1.81752  ce 3.10088  kd 0.53416  train_acc 42.504  val_acc 82.50  (24.7s)
epoch 93/100  lr 2.56e-06  loss 1.86812  ce 3.18395  kd 0.55229  train_acc 39.044  val_acc 82.50  (25.5s)
epoch 94/100  lr 2.19e-06  loss 1.80629  ce 3.08389  kd 0.52869  train_acc 34.859  val_acc 82.17  (26.9s)
epoch 95/100  lr 1.88e-06  loss 1.83241  ce 3.12575  kd 0.53908  train_acc 38.207  val_acc 82.17  (25.8s)
epoch 96/100  lr 1.61e-06  loss 1.69251  ce 2.89026  kd 0.49476  train_acc 43.843  val_acc 82.17  (24.7s)
epoch 97/100  lr 1.39e-06  loss 1.77240  ce 3.02808  kd 0.51672  train_acc 41.034  val_acc 82.17  (26.9s)
epoch 98/100  lr 1.22e-06  loss 1.68613  ce 2.86589  kd 0.50637  train_acc 41.722  val_acc 82.17  (25.4s)
epoch 99/100  lr 1.1e-06  loss 1.82448  ce 3.12151  kd 0.52745  train_acc 41.946  val_acc 82.17  (24.3s)
epoch 100/100  lr 1.02e-06  loss 1.71977  ce 2.93486  kd 0.50469  train_acc 44.792  val_acc 82.17  (25.7s)
done. final val acc 82.17  best 83.17 @ epoch 83
