
===== 2026-10-03 18:35:15 gpu=0 /home/coder/aim-lab-test-5/.venv/bin/python -m stage0.train --mode kd --dataset waterbirds --seed 1 --lr 5e-05
run dir: /home/coder/stage0/outputs/waterbirds/kd/seed1
state: new  device: cuda  micro_batch: 128  accum: 1  num_workers: 3
train 4795  val 1199  steps/epoch 37
teacher: /home/coder/stage0/outputs/waterbirds/teacher/seed0/best.pt (epoch 21, val acc 93.99)
epoch 1/100  lr 1e-06  loss 0.62511  ce 0.67339  kd 0.57682  train_acc 60.536  val_acc 57.21  (35.2s)
epoch 2/100  lr 1.08e-05  loss 0.45275  ce 0.54156  kd 0.36395  train_acc 77.766  val_acc 66.97  (33.0s)
epoch 3/100  lr 2.06e-05  loss 0.33816  ce 0.45604  kd 0.22028  train_acc 81.588  val_acc 63.05  (32.2s)
epoch 4/100  lr 3.04e-05  loss 0.30842  ce 0.43246  kd 0.18437  train_acc 80.891  val_acc 74.06  (30.7s)
epoch 5/100  lr 4.02e-05  loss 0.30029  ce 0.43829  kd 0.16229  train_acc 81.693  val_acc 78.07  (33.0s)
epoch 6/100  lr 4.97e-05  loss 0.29106  ce 0.43085  kd 0.15128  train_acc 80.933  val_acc 81.82  (33.1s)
epoch 7/100  lr 4.96e-05  loss 0.28429  ce 0.42717  kd 0.14141  train_acc 85.579  val_acc 84.65  (33.2s)
epoch 8/100  lr 4.94e-05  loss 0.28348  ce 0.42120  kd 0.14575  train_acc 82.580  val_acc 84.32  (30.3s)
epoch 9/100  lr 4.92e-05  loss 0.28233  ce 0.42779  kd 0.13686  train_acc 82.644  val_acc 85.24  (29.8s)
epoch 10/100  lr 4.9e-05  loss 0.27745  ce 0.42123  kd 0.13367  train_acc 85.030  val_acc 85.57  (31.2s)
epoch 11/100  lr 4.88e-05  loss 0.27703  ce 0.42407  kd 0.12999  train_acc 84.417  val_acc 85.32  (27.9s)
epoch 12/100  lr 4.85e-05  loss 0.27165  ce 0.42263  kd 0.12066  train_acc 86.951  val_acc 87.16  (29.5s)
epoch 13/100  lr 4.83e-05  loss 0.26979  ce 0.41166  kd 0.12791  train_acc 82.158  val_acc 87.32  (30.5s)
epoch 14/100  lr 4.8e-05  loss 0.25671  ce 0.39514  kd 0.11829  train_acc 84.502  val_acc 86.99  (30.6s)
epoch 15/100  lr 4.76e-05  loss 0.26814  ce 0.41197  kd 0.12431  train_acc 86.719  val_acc 86.24  (36.2s)
epoch 16/100  lr 4.73e-05  loss 0.27285  ce 0.42025  kd 0.12545  train_acc 81.989  val_acc 84.74  (37.7s)
epoch 17/100  lr 4.69e-05  loss 0.25745  ce 0.39848  kd 0.11642  train_acc 86.613  val_acc 88.82  (35.2s)
epoch 18/100  lr 4.66e-05  loss 0.25994  ce 0.40652  kd 0.11336  train_acc 83.763  val_acc 86.32  (31.0s)
epoch 19/100  lr 4.61e-05  loss 0.25271  ce 0.39734  kd 0.10808  train_acc 85.790  val_acc 90.66  (31.6s)
epoch 20/100  lr 4.57e-05  loss 0.24458  ce 0.38301  kd 0.10615  train_acc 83.784  val_acc 89.82  (30.4s)
epoch 21/100  lr 4.53e-05  loss 0.27088  ce 0.42574  kd 0.11603  train_acc 85.135  val_acc 88.91  (31.8s)
epoch 22/100  lr 4.48e-05  loss 0.24795  ce 0.38663  kd 0.10927  train_acc 85.473  val_acc 86.91  (32.0s)
epoch 23/100  lr 4.43e-05  loss 0.26205  ce 0.41254  kd 0.11156  train_acc 87.014  val_acc 88.24  (32.3s)
epoch 24/100  lr 4.38e-05  loss 0.26484  ce 0.41173  kd 0.11795  train_acc 84.924  val_acc 90.33  (33.6s)
epoch 25/100  lr 4.33e-05  loss 0.26125  ce 0.40914  kd 0.11336  train_acc 85.726  val_acc 89.82  (28.5s)
epoch 26/100  lr 4.28e-05  loss 0.24192  ce 0.37971  kd 0.10413  train_acc 85.769  val_acc 90.16  (30.2s)
epoch 27/100  lr 4.22e-05  loss 0.25994  ce 0.40894  kd 0.11093  train_acc 86.381  val_acc 86.91  (30.8s)
epoch 28/100  lr 4.16e-05  loss 0.25224  ce 0.40102  kd 0.10345  train_acc 83.847  val_acc 90.08  (30.9s)
epoch 29/100  lr 4.1e-05  loss 0.25282  ce 0.40176  kd 0.10388  train_acc 89.443  val_acc 85.74  (32.4s)
epoch 30/100  lr 4.04e-05  loss 0.25477  ce 0.40693  kd 0.10261  train_acc 82.031  val_acc 86.66  (30.3s)
epoch 31/100  lr 3.98e-05  loss 0.24070  ce 0.38588  kd 0.09552  train_acc 85.410  val_acc 90.74  (31.8s)
epoch 32/100  lr 3.92e-05  loss 0.24578  ce 0.39284  kd 0.09871  train_acc 87.268  val_acc 90.08  (29.5s)
epoch 33/100  lr 3.85e-05  loss 0.25227  ce 0.40009  kd 0.10444  train_acc 87.901  val_acc 87.32  (29.1s)
epoch 34/100  lr 3.78e-05  loss 0.25610  ce 0.40898  kd 0.10322  train_acc 84.628  val_acc 87.82  (30.1s)
epoch 35/100  lr 3.72e-05  loss 0.25288  ce 0.40150  kd 0.10425  train_acc 84.649  val_acc 89.82  (30.6s)
epoch 36/100  lr 3.65e-05  loss 0.25052  ce 0.39761  kd 0.10344  train_acc 83.361  val_acc 86.24  (31.0s)
epoch 37/100  lr 3.58e-05  loss 0.25169  ce 0.39980  kd 0.10358  train_acc 86.634  val_acc 89.24  (29.8s)
epoch 38/100  lr 3.51e-05  loss 0.24870  ce 0.39882  kd 0.09858  train_acc 82.559  val_acc 90.49  (30.1s)
epoch 39/100  lr 3.44e-05  loss 0.25478  ce 0.40622  kd 0.10334  train_acc 81.039  val_acc 88.99  (27.5s)
epoch 40/100  lr 3.36e-05  loss 0.25103  ce 0.40260  kd 0.09947  train_acc 89.569  val_acc 91.24  (29.5s)
epoch 41/100  lr 3.29e-05  loss 0.24276  ce 0.38793  kd 0.09759  train_acc 86.465  val_acc 88.99  (29.7s)
epoch 42/100  lr 3.22e-05  loss 0.23913  ce 0.38399  kd 0.09428  train_acc 84.818  val_acc 88.99  (31.8s)
epoch 43/100  lr 3.14e-05  loss 0.25395  ce 0.40664  kd 0.10127  train_acc 87.331  val_acc 91.24  (29.5s)
epoch 44/100  lr 3.06e-05  loss 0.24759  ce 0.39768  kd 0.09750  train_acc 85.072  val_acc 89.57  (30.6s)
epoch 45/100  lr 2.99e-05  loss 0.25608  ce 0.41015  kd 0.10201  train_acc 83.108  val_acc 87.99  (29.5s)
epoch 46/100  lr 2.91e-05  loss 0.24725  ce 0.39812  kd 0.09639  train_acc 81.398  val_acc 89.74  (28.8s)
epoch 47/100  lr 2.84e-05  loss 0.26151  ce 0.41706  kd 0.10596  train_acc 79.772  val_acc 88.41  (28.7s)
epoch 48/100  lr 2.76e-05  loss 0.25684  ce 0.41105  kd 0.10263  train_acc 83.889  val_acc 90.74  (29.1s)
epoch 49/100  lr 2.68e-05  loss 0.24085  ce 0.38922  kd 0.09247  train_acc 85.030  val_acc 90.58  (29.6s)
epoch 50/100  lr 2.6e-05  loss 0.26231  ce 0.41972  kd 0.10489  train_acc 80.173  val_acc 88.57  (30.4s)
epoch 51/100  lr 2.53e-05  loss 0.24082  ce 0.38752  kd 0.09411  train_acc 85.938  val_acc 88.91  (29.4s)
epoch 52/100  lr 2.45e-05  loss 0.25057  ce 0.40628  kd 0.09485  train_acc 82.855  val_acc 88.74  (28.8s)
epoch 53/100  lr 2.37e-05  loss 0.25249  ce 0.40220  kd 0.10278  train_acc 82.517  val_acc 89.99  (29.2s)
epoch 54/100  lr 2.29e-05  loss 0.24634  ce 0.39729  kd 0.09539  train_acc 86.719  val_acc 89.41  (29.8s)
epoch 55/100  lr 2.21e-05  loss 0.24672  ce 0.40210  kd 0.09134  train_acc 82.939  val_acc 89.99  (31.7s)
epoch 56/100  lr 2.14e-05  loss 0.24165  ce 0.39067  kd 0.09263  train_acc 85.769  val_acc 90.16  (31.5s)
epoch 57/100  lr 2.06e-05  loss 0.24033  ce 0.38868  kd 0.09198  train_acc 86.719  val_acc 89.32  (32.0s)
epoch 58/100  lr 1.99e-05  loss 0.25399  ce 0.40977  kd 0.09822  train_acc 84.818  val_acc 90.41  (31.2s)
epoch 59/100  lr 1.91e-05  loss 0.24539  ce 0.39884  kd 0.09194  train_acc 82.327  val_acc 89.24  (32.0s)
epoch 60/100  lr 1.83e-05  loss 0.25464  ce 0.40715  kd 0.10213  train_acc 82.390  val_acc 89.91  (31.1s)
epoch 61/100  lr 1.76e-05  loss 0.23934  ce 0.38680  kd 0.09189  train_acc 88.872  val_acc 91.16  (31.8s)
epoch 62/100  lr 1.69e-05  loss 0.23785  ce 0.38471  kd 0.09099  train_acc 84.058  val_acc 90.91  (31.7s)
epoch 63/100  lr 1.61e-05  loss 0.25490  ce 0.41093  kd 0.09887  train_acc 86.613  val_acc 90.24  (31.0s)
epoch 64/100  lr 1.54e-05  loss 0.25484  ce 0.41168  kd 0.09800  train_acc 87.226  val_acc 90.66  (28.6s)
epoch 65/100  lr 1.47e-05  loss 0.24064  ce 0.38823  kd 0.09305  train_acc 83.446  val_acc 90.41  (30.0s)
epoch 66/100  lr 1.4e-05  loss 0.23114  ce 0.37441  kd 0.08787  train_acc 87.669  val_acc 90.24  (30.0s)
epoch 67/100  lr 1.33e-05  loss 0.24255  ce 0.39458  kd 0.09052  train_acc 87.416  val_acc 90.41  (29.8s)
epoch 68/100  lr 1.27e-05  loss 0.24856  ce 0.39871  kd 0.09841  train_acc 85.473  val_acc 90.33  (29.2s)
epoch 69/100  lr 1.2e-05  loss 0.24249  ce 0.39330  kd 0.09169  train_acc 87.352  val_acc 90.49  (29.6s)
epoch 70/100  lr 1.13e-05  loss 0.24332  ce 0.39403  kd 0.09261  train_acc 85.304  val_acc 90.24  (29.3s)
epoch 71/100  lr 1.07e-05  loss 0.25338  ce 0.40906  kd 0.09771  train_acc 84.797  val_acc 90.83  (27.1s)
epoch 72/100  lr 1.01e-05  loss 0.24753  ce 0.40338  kd 0.09168  train_acc 84.079  val_acc 91.58  (28.8s)
epoch 73/100  lr 9.47e-06  loss 0.25299  ce 0.41030  kd 0.09567  train_acc 85.030  val_acc 90.99  (29.5s)
epoch 74/100  lr 8.88e-06  loss 0.23436  ce 0.37985  kd 0.08887  train_acc 85.769  val_acc 90.83  (29.4s)
epoch 75/100  lr 8.31e-06  loss 0.24290  ce 0.39581  kd 0.08999  train_acc 90.498  val_acc 90.91  (29.8s)
epoch 76/100  lr 7.75e-06  loss 0.23978  ce 0.39037  kd 0.08920  train_acc 86.719  val_acc 90.99  (30.7s)
epoch 77/100  lr 7.21e-06  loss 0.24076  ce 0.39002  kd 0.09151  train_acc 88.830  val_acc 91.74  (29.5s)
epoch 78/100  lr 6.68e-06  loss 0.23986  ce 0.39192  kd 0.08780  train_acc 84.354  val_acc 90.83  (28.2s)
epoch 79/100  lr 6.18e-06  loss 0.24043  ce 0.39126  kd 0.08960  train_acc 87.838  val_acc 90.91  (26.3s)
epoch 80/100  lr 5.69e-06  loss 0.24062  ce 0.39041  kd 0.09083  train_acc 87.542  val_acc 90.24  (27.2s)
epoch 81/100  lr 5.23e-06  loss 0.24715  ce 0.40059  kd 0.09372  train_acc 86.001  val_acc 91.16  (25.6s)
epoch 82/100  lr 4.78e-06  loss 0.24439  ce 0.39951  kd 0.08927  train_acc 85.367  val_acc 91.16  (25.0s)
epoch 83/100  lr 4.35e-06  loss 0.23879  ce 0.39307  kd 0.08452  train_acc 86.381  val_acc 90.91  (25.3s)
epoch 84/100  lr 3.95e-06  loss 0.23940  ce 0.38514  kd 0.09367  train_acc 86.719  val_acc 90.74  (25.8s)
epoch 85/100  lr 3.56e-06  loss 0.23750  ce 0.38989  kd 0.08510  train_acc 87.162  val_acc 90.49  (26.3s)
epoch 86/100  lr 3.2e-06  loss 0.24126  ce 0.39086  kd 0.09165  train_acc 87.014  val_acc 91.33  (25.7s)
epoch 87/100  lr 2.86e-06  loss 0.24104  ce 0.39154  kd 0.09055  train_acc 85.684  val_acc 91.08  (25.4s)
epoch 88/100  lr 2.54e-06  loss 0.25215  ce 0.41078  kd 0.09351  train_acc 83.573  val_acc 91.49  (25.5s)
epoch 89/100  lr 2.24e-06  loss 0.24934  ce 0.40485  kd 0.09382  train_acc 84.333  val_acc 90.83  (23.9s)
epoch 90/100  lr 1.96e-06  loss 0.24405  ce 0.39753  kd 0.09056  train_acc 88.767  val_acc 91.16  (23.7s)
epoch 91/100  lr 1.71e-06  loss 0.23906  ce 0.39167  kd 0.08644  train_acc 86.550  val_acc 91.08  (23.4s)
epoch 92/100  lr 1.48e-06  loss 0.24989  ce 0.40741  kd 0.09236  train_acc 85.346  val_acc 91.24  (23.6s)
epoch 93/100  lr 1.28e-06  loss 0.22996  ce 0.37734  kd 0.08259  train_acc 86.191  val_acc 90.74  (23.4s)
epoch 94/100  lr 1.1e-06  loss 0.23570  ce 0.38292  kd 0.08848  train_acc 87.986  val_acc 90.66  (24.9s)
epoch 95/100  lr 9.38e-07  loss 0.25226  ce 0.40886  kd 0.09566  train_acc 84.164  val_acc 90.66  (23.0s)
epoch 96/100  lr 8.05e-07  loss 0.24568  ce 0.40380  kd 0.08755  train_acc 84.417  val_acc 90.58  (22.4s)
epoch 97/100  lr 6.95e-07  loss 0.24218  ce 0.39080  kd 0.09357  train_acc 85.959  val_acc 90.49  (22.8s)
epoch 98/100  lr 6.1e-07  loss 0.24772  ce 0.40130  kd 0.09414  train_acc 86.634  val_acc 90.58  (22.5s)
epoch 99/100  lr 5.49e-07  loss 0.25073  ce 0.40965  kd 0.09182  train_acc 82.981  val_acc 90.58  (23.3s)
epoch 100/100  lr 5.12e-07  loss 0.24400  ce 0.39548  kd 0.09253  train_acc 82.601  val_acc 90.66  (23.9s)
done. final val acc 90.66  best 91.74 @ epoch 77
