
===== 2026-10-03 18:32:59 gpu=0 /home/coder/aim-lab-test-5/.venv/bin/python -m stage0.train --mode kd --dataset waterbirds --seed 0 --lr 5e-05
run dir: /home/coder/stage0/outputs/waterbirds/kd/seed0
state: new  device: cuda  micro_batch: 128  accum: 1  num_workers: 3
train 4795  val 1199  steps/epoch 37
Warning: You are sending unauthenticated requests to the HF Hub. Please set a HF_TOKEN to enable higher rate limits and faster downloads.
teacher: /home/coder/stage0/outputs/waterbirds/teacher/seed0/best.pt (epoch 21, val acc 93.99)
epoch 1/100  lr 1e-06  loss 0.71469  ce 0.75116  kd 0.67823  train_acc 48.269  val_acc 53.79  (30.1s)
epoch 2/100  lr 1.08e-05  loss 0.47667  ce 0.56183  kd 0.39150  train_acc 75.655  val_acc 73.98  (29.5s)
epoch 3/100  lr 2.06e-05  loss 0.35381  ce 0.45556  kd 0.25205  train_acc 84.797  val_acc 64.72  (29.1s)
epoch 4/100  lr 3.04e-05  loss 0.32522  ce 0.45545  kd 0.19499  train_acc 85.008  val_acc 65.64  (29.3s)
epoch 5/100  lr 4.02e-05  loss 0.30857  ce 0.43970  kd 0.17743  train_acc 84.692  val_acc 74.40  (29.3s)
epoch 6/100  lr 4.97e-05  loss 0.29075  ce 0.42237  kd 0.15913  train_acc 84.840  val_acc 76.90  (33.9s)
epoch 7/100  lr 4.96e-05  loss 0.28909  ce 0.42115  kd 0.15703  train_acc 84.586  val_acc 80.57  (34.6s)
epoch 8/100  lr 4.94e-05  loss 0.29060  ce 0.42890  kd 0.15230  train_acc 83.784  val_acc 78.90  (32.2s)
epoch 9/100  lr 4.92e-05  loss 0.28913  ce 0.43109  kd 0.14717  train_acc 85.663  val_acc 82.49  (34.1s)
epoch 10/100  lr 4.9e-05  loss 0.28033  ce 0.42001  kd 0.14064  train_acc 84.333  val_acc 82.49  (35.0s)
epoch 11/100  lr 4.88e-05  loss 0.27504  ce 0.41144  kd 0.13863  train_acc 83.530  val_acc 85.74  (35.5s)
epoch 12/100  lr 4.85e-05  loss 0.27406  ce 0.41511  kd 0.13301  train_acc 87.542  val_acc 87.24  (33.2s)
epoch 13/100  lr 4.83e-05  loss 0.27846  ce 0.42422  kd 0.13271  train_acc 84.649  val_acc 85.15  (28.4s)
epoch 14/100  lr 4.8e-05  loss 0.27311  ce 0.41501  kd 0.13120  train_acc 86.803  val_acc 86.66  (33.9s)
epoch 15/100  lr 4.76e-05  loss 0.26675  ce 0.40674  kd 0.12676  train_acc 86.106  val_acc 85.90  (28.6s)
epoch 16/100  lr 4.73e-05  loss 0.25549  ce 0.39260  kd 0.11837  train_acc 87.838  val_acc 87.07  (30.4s)
epoch 17/100  lr 4.69e-05  loss 0.26830  ce 0.41221  kd 0.12439  train_acc 86.634  val_acc 87.91  (30.6s)
epoch 18/100  lr 4.66e-05  loss 0.26722  ce 0.41178  kd 0.12265  train_acc 86.423  val_acc 87.32  (30.1s)
epoch 19/100  lr 4.61e-05  loss 0.26664  ce 0.41190  kd 0.12138  train_acc 83.657  val_acc 87.99  (35.4s)
epoch 20/100  lr 4.57e-05  loss 0.26878  ce 0.41005  kd 0.12752  train_acc 86.423  val_acc 88.74  (38.2s)
epoch 21/100  lr 4.53e-05  loss 0.27194  ce 0.41302  kd 0.13086  train_acc 88.345  val_acc 88.07  (36.0s)
epoch 22/100  lr 4.48e-05  loss 0.25654  ce 0.39771  kd 0.11537  train_acc 85.959  val_acc 89.82  (33.6s)
epoch 23/100  lr 4.43e-05  loss 0.27116  ce 0.42859  kd 0.11374  train_acc 82.665  val_acc 88.07  (31.6s)
epoch 24/100  lr 4.38e-05  loss 0.24788  ce 0.39043  kd 0.10533  train_acc 83.171  val_acc 89.66  (31.6s)
epoch 25/100  lr 4.33e-05  loss 0.25641  ce 0.40278  kd 0.11005  train_acc 86.677  val_acc 86.16  (32.4s)
epoch 26/100  lr 4.28e-05  loss 0.25850  ce 0.40749  kd 0.10952  train_acc 87.035  val_acc 88.82  (32.2s)
epoch 27/100  lr 4.22e-05  loss 0.25768  ce 0.40471  kd 0.11066  train_acc 85.790  val_acc 86.32  (31.3s)
epoch 28/100  lr 4.16e-05  loss 0.26100  ce 0.41406  kd 0.10793  train_acc 85.220  val_acc 88.74  (31.4s)
epoch 29/100  lr 4.1e-05  loss 0.26212  ce 0.41304  kd 0.11120  train_acc 84.058  val_acc 87.66  (28.4s)
epoch 30/100  lr 4.04e-05  loss 0.26435  ce 0.41863  kd 0.11007  train_acc 84.818  val_acc 90.08  (29.8s)
epoch 31/100  lr 3.98e-05  loss 0.24942  ce 0.39457  kd 0.10428  train_acc 79.941  val_acc 89.41  (30.2s)
epoch 32/100  lr 3.92e-05  loss 0.24799  ce 0.39504  kd 0.10093  train_acc 83.552  val_acc 89.24  (29.1s)
epoch 33/100  lr 3.85e-05  loss 0.24722  ce 0.39098  kd 0.10346  train_acc 84.797  val_acc 85.49  (29.2s)
epoch 34/100  lr 3.78e-05  loss 0.25319  ce 0.40533  kd 0.10104  train_acc 78.568  val_acc 87.49  (29.9s)
epoch 35/100  lr 3.72e-05  loss 0.25597  ce 0.40948  kd 0.10246  train_acc 84.016  val_acc 87.41  (28.6s)
epoch 36/100  lr 3.65e-05  loss 0.25315  ce 0.40342  kd 0.10289  train_acc 88.682  val_acc 87.82  (29.6s)
epoch 37/100  lr 3.58e-05  loss 0.25458  ce 0.40515  kd 0.10401  train_acc 84.882  val_acc 87.57  (29.9s)
epoch 38/100  lr 3.51e-05  loss 0.24929  ce 0.39562  kd 0.10297  train_acc 84.523  val_acc 88.07  (30.0s)
epoch 39/100  lr 3.44e-05  loss 0.25322  ce 0.40387  kd 0.10257  train_acc 87.014  val_acc 89.66  (29.5s)
epoch 40/100  lr 3.36e-05  loss 0.25174  ce 0.40319  kd 0.10028  train_acc 84.396  val_acc 88.74  (30.0s)
epoch 41/100  lr 3.29e-05  loss 0.25749  ce 0.41135  kd 0.10362  train_acc 86.423  val_acc 90.41  (29.8s)
epoch 42/100  lr 3.22e-05  loss 0.24921  ce 0.39876  kd 0.09966  train_acc 84.333  val_acc 90.24  (29.4s)
epoch 43/100  lr 3.14e-05  loss 0.24232  ce 0.38733  kd 0.09731  train_acc 84.502  val_acc 88.57  (27.8s)
epoch 44/100  lr 3.06e-05  loss 0.25366  ce 0.40439  kd 0.10293  train_acc 84.143  val_acc 89.82  (29.0s)
epoch 45/100  lr 2.99e-05  loss 0.24478  ce 0.39101  kd 0.09855  train_acc 85.600  val_acc 89.66  (30.0s)
epoch 46/100  lr 2.91e-05  loss 0.25567  ce 0.41146  kd 0.09988  train_acc 86.233  val_acc 89.91  (28.4s)
epoch 47/100  lr 2.84e-05  loss 0.26243  ce 0.42052  kd 0.10434  train_acc 82.981  val_acc 87.99  (30.0s)
epoch 48/100  lr 2.76e-05  loss 0.24287  ce 0.38943  kd 0.09632  train_acc 87.141  val_acc 88.41  (29.3s)
epoch 49/100  lr 2.68e-05  loss 0.24686  ce 0.39997  kd 0.09375  train_acc 87.669  val_acc 89.99  (29.8s)
epoch 50/100  lr 2.6e-05  loss 0.23443  ce 0.38030  kd 0.08856  train_acc 86.022  val_acc 89.91  (29.5s)
epoch 51/100  lr 2.53e-05  loss 0.23675  ce 0.37717  kd 0.09634  train_acc 87.563  val_acc 88.57  (29.4s)
epoch 52/100  lr 2.45e-05  loss 0.25470  ce 0.40789  kd 0.10152  train_acc 83.193  val_acc 89.32  (29.9s)
epoch 53/100  lr 2.37e-05  loss 0.25458  ce 0.41412  kd 0.09505  train_acc 81.778  val_acc 89.49  (29.6s)
epoch 54/100  lr 2.29e-05  loss 0.24994  ce 0.40368  kd 0.09620  train_acc 82.242  val_acc 89.32  (29.5s)
epoch 55/100  lr 2.21e-05  loss 0.25428  ce 0.40816  kd 0.10040  train_acc 84.058  val_acc 88.82  (30.3s)
epoch 56/100  lr 2.14e-05  loss 0.24083  ce 0.38772  kd 0.09394  train_acc 84.776  val_acc 89.41  (29.1s)
epoch 57/100  lr 2.06e-05  loss 0.24508  ce 0.39588  kd 0.09429  train_acc 86.888  val_acc 89.49  (29.1s)
epoch 58/100  lr 1.99e-05  loss 0.23583  ce 0.38137  kd 0.09029  train_acc 83.868  val_acc 87.91  (27.6s)
epoch 59/100  lr 1.91e-05  loss 0.24569  ce 0.39951  kd 0.09187  train_acc 84.649  val_acc 89.16  (31.9s)
epoch 60/100  lr 1.83e-05  loss 0.25472  ce 0.41225  kd 0.09719  train_acc 85.262  val_acc 90.33  (30.4s)
epoch 61/100  lr 1.76e-05  loss 0.24635  ce 0.39804  kd 0.09467  train_acc 88.978  val_acc 88.91  (30.8s)
epoch 62/100  lr 1.69e-05  loss 0.24435  ce 0.39629  kd 0.09242  train_acc 83.678  val_acc 89.82  (31.2s)
epoch 63/100  lr 1.61e-05  loss 0.25062  ce 0.40552  kd 0.09573  train_acc 85.431  val_acc 89.66  (30.9s)
epoch 64/100  lr 1.54e-05  loss 0.23717  ce 0.38425  kd 0.09010  train_acc 86.508  val_acc 89.66  (32.3s)
epoch 65/100  lr 1.47e-05  loss 0.21902  ce 0.35833  kd 0.07972  train_acc 84.438  val_acc 88.74  (31.3s)
epoch 66/100  lr 1.4e-05  loss 0.24725  ce 0.40002  kd 0.09448  train_acc 85.874  val_acc 88.82  (30.8s)
epoch 67/100  lr 1.33e-05  loss 0.24125  ce 0.39533  kd 0.08718  train_acc 87.796  val_acc 89.91  (32.0s)
epoch 68/100  lr 1.27e-05  loss 0.24752  ce 0.40376  kd 0.09128  train_acc 86.381  val_acc 89.74  (30.2s)
epoch 69/100  lr 1.2e-05  loss 0.23652  ce 0.38437  kd 0.08868  train_acc 82.981  val_acc 89.57  (29.8s)
epoch 70/100  lr 1.13e-05  loss 0.24723  ce 0.40008  kd 0.09438  train_acc 83.699  val_acc 89.07  (30.1s)
epoch 71/100  lr 1.07e-05  loss 0.24270  ce 0.39633  kd 0.08908  train_acc 83.826  val_acc 89.66  (29.7s)
epoch 72/100  lr 1.01e-05  loss 0.23853  ce 0.38883  kd 0.08822  train_acc 84.291  val_acc 89.74  (29.3s)
epoch 73/100  lr 9.47e-06  loss 0.23979  ce 0.39001  kd 0.08958  train_acc 85.030  val_acc 88.91  (30.6s)
epoch 74/100  lr 8.88e-06  loss 0.23651  ce 0.38486  kd 0.08815  train_acc 85.008  val_acc 89.57  (30.3s)
epoch 75/100  lr 8.31e-06  loss 0.23620  ce 0.38325  kd 0.08916  train_acc 82.834  val_acc 89.66  (29.4s)
epoch 76/100  lr 7.75e-06  loss 0.23788  ce 0.38649  kd 0.08927  train_acc 89.020  val_acc 89.41  (27.3s)
epoch 77/100  lr 7.21e-06  loss 0.23034  ce 0.37422  kd 0.08646  train_acc 86.613  val_acc 89.16  (30.0s)
epoch 78/100  lr 6.68e-06  loss 0.22819  ce 0.37529  kd 0.08109  train_acc 88.936  val_acc 89.49  (30.3s)
epoch 79/100  lr 6.18e-06  loss 0.24337  ce 0.39475  kd 0.09200  train_acc 82.327  val_acc 89.91  (29.6s)
epoch 80/100  lr 5.69e-06  loss 0.24675  ce 0.39841  kd 0.09509  train_acc 86.867  val_acc 89.57  (30.0s)
epoch 81/100  lr 5.23e-06  loss 0.23498  ce 0.38218  kd 0.08778  train_acc 87.774  val_acc 88.99  (30.1s)
epoch 82/100  lr 4.78e-06  loss 0.23511  ce 0.38571  kd 0.08451  train_acc 87.057  val_acc 88.99  (29.5s)
epoch 83/100  lr 4.35e-06  loss 0.24070  ce 0.39192  kd 0.08949  train_acc 82.644  val_acc 89.91  (27.1s)
epoch 84/100  lr 3.95e-06  loss 0.23090  ce 0.37568  kd 0.08612  train_acc 86.212  val_acc 89.66  (26.7s)
epoch 85/100  lr 3.56e-06  loss 0.24151  ce 0.39629  kd 0.08674  train_acc 83.404  val_acc 89.66  (27.6s)
epoch 86/100  lr 3.2e-06  loss 0.24475  ce 0.39951  kd 0.08999  train_acc 83.361  val_acc 89.91  (25.0s)
epoch 87/100  lr 2.86e-06  loss 0.24335  ce 0.39690  kd 0.08980  train_acc 85.747  val_acc 89.82  (25.4s)
epoch 88/100  lr 2.54e-06  loss 0.26072  ce 0.42428  kd 0.09716  train_acc 84.481  val_acc 89.74  (25.8s)
epoch 89/100  lr 2.24e-06  loss 0.24546  ce 0.39880  kd 0.09213  train_acc 85.980  val_acc 89.74  (25.5s)
epoch 90/100  lr 1.96e-06  loss 0.22920  ce 0.37419  kd 0.08421  train_acc 84.649  val_acc 89.99  (25.1s)
epoch 91/100  lr 1.71e-06  loss 0.23380  ce 0.38368  kd 0.08392  train_acc 84.269  val_acc 89.74  (25.2s)
epoch 92/100  lr 1.48e-06  loss 0.23972  ce 0.39180  kd 0.08765  train_acc 84.248  val_acc 89.82  (25.5s)
epoch 93/100  lr 1.28e-06  loss 0.24092  ce 0.39298  kd 0.08886  train_acc 87.648  val_acc 89.91  (24.0s)
epoch 94/100  lr 1.1e-06  loss 0.22703  ce 0.37234  kd 0.08172  train_acc 87.943  val_acc 89.74  (24.4s)
epoch 95/100  lr 9.38e-07  loss 0.24019  ce 0.39239  kd 0.08798  train_acc 84.607  val_acc 89.74  (24.5s)
epoch 96/100  lr 8.05e-07  loss 0.24919  ce 0.40619  kd 0.09219  train_acc 85.262  val_acc 89.66  (23.4s)
epoch 97/100  lr 6.95e-07  loss 0.23752  ce 0.38694  kd 0.08810  train_acc 84.101  val_acc 89.74  (24.0s)
epoch 98/100  lr 6.1e-07  loss 0.23444  ce 0.38200  kd 0.08687  train_acc 87.796  val_acc 89.91  (23.2s)
epoch 99/100  lr 5.49e-07  loss 0.24614  ce 0.40046  kd 0.09182  train_acc 86.845  val_acc 89.74  (24.6s)
epoch 100/100  lr 5.12e-07  loss 0.23672  ce 0.38365  kd 0.08979  train_acc 88.302  val_acc 89.74  (24.6s)
done. final val acc 89.74  best 90.41 @ epoch 41
