
===== 2026-10-03 18:37:10 gpu=0 /home/coder/aim-lab-test-5/.venv/bin/python -m stage0.train --mode kd --dataset waterbirds --seed 2 --lr 5e-05
run dir: /home/coder/stage0/outputs/waterbirds/kd/seed2
state: new  device: cuda  micro_batch: 128  accum: 1  num_workers: 3
train 4795  val 1199  steps/epoch 37
Warning: You are sending unauthenticated requests to the HF Hub. Please set a HF_TOKEN to enable higher rate limits and faster downloads.
teacher: /home/coder/stage0/outputs/waterbirds/teacher/seed0/best.pt (epoch 21, val acc 93.99)
epoch 1/100  lr 1e-06  loss 0.58483  ce 0.63099  kd 0.53868  train_acc 66.406  val_acc 67.06  (35.1s)
epoch 2/100  lr 1.08e-05  loss 0.43120  ce 0.53011  kd 0.33230  train_acc 78.019  val_acc 71.14  (34.5s)
epoch 3/100  lr 2.06e-05  loss 0.34837  ce 0.46782  kd 0.22891  train_acc 81.187  val_acc 64.14  (35.6s)
epoch 4/100  lr 3.04e-05  loss 0.29925  ce 0.42104  kd 0.17745  train_acc 86.613  val_acc 73.06  (32.5s)
epoch 5/100  lr 4.02e-05  loss 0.29416  ce 0.42901  kd 0.15930  train_acc 83.847  val_acc 74.56  (28.7s)
epoch 6/100  lr 4.97e-05  loss 0.28921  ce 0.43600  kd 0.14242  train_acc 82.496  val_acc 79.98  (34.3s)
epoch 7/100  lr 4.96e-05  loss 0.27253  ce 0.41133  kd 0.13372  train_acc 83.298  val_acc 81.57  (28.7s)
epoch 8/100  lr 4.94e-05  loss 0.27094  ce 0.40875  kd 0.13312  train_acc 84.840  val_acc 84.15  (29.5s)
epoch 9/100  lr 4.92e-05  loss 0.27390  ce 0.41342  kd 0.13437  train_acc 83.003  val_acc 81.98  (31.0s)
epoch 10/100  lr 4.9e-05  loss 0.28117  ce 0.43401  kd 0.12833  train_acc 85.663  val_acc 85.40  (30.8s)
epoch 11/100  lr 4.88e-05  loss 0.26928  ce 0.40961  kd 0.12895  train_acc 82.728  val_acc 87.99  (35.3s)
epoch 12/100  lr 4.85e-05  loss 0.27377  ce 0.42131  kd 0.12623  train_acc 83.699  val_acc 84.57  (37.5s)
epoch 13/100  lr 4.83e-05  loss 0.27925  ce 0.42714  kd 0.13135  train_acc 84.079  val_acc 86.99  (36.5s)
epoch 14/100  lr 4.8e-05  loss 0.26182  ce 0.40490  kd 0.11874  train_acc 87.268  val_acc 83.90  (32.7s)
epoch 15/100  lr 4.76e-05  loss 0.26625  ce 0.41305  kd 0.11944  train_acc 84.924  val_acc 84.90  (32.4s)
epoch 16/100  lr 4.73e-05  loss 0.26932  ce 0.41356  kd 0.12507  train_acc 82.454  val_acc 83.82  (32.2s)
epoch 17/100  lr 4.69e-05  loss 0.25768  ce 0.40243  kd 0.11294  train_acc 86.486  val_acc 86.57  (32.5s)
epoch 18/100  lr 4.66e-05  loss 0.27647  ce 0.42702  kd 0.12592  train_acc 86.064  val_acc 86.32  (32.6s)
epoch 19/100  lr 4.61e-05  loss 0.26637  ce 0.41737  kd 0.11536  train_acc 84.333  val_acc 89.66  (31.7s)
epoch 20/100  lr 4.57e-05  loss 0.26297  ce 0.40926  kd 0.11668  train_acc 84.248  val_acc 88.24  (34.2s)
epoch 21/100  lr 4.53e-05  loss 0.25845  ce 0.40477  kd 0.11212  train_acc 84.417  val_acc 85.32  (28.8s)
epoch 22/100  lr 4.48e-05  loss 0.26564  ce 0.41303  kd 0.11826  train_acc 85.874  val_acc 86.32  (30.9s)
epoch 23/100  lr 4.43e-05  loss 0.26272  ce 0.41687  kd 0.10858  train_acc 85.410  val_acc 87.91  (30.8s)
epoch 24/100  lr 4.38e-05  loss 0.25908  ce 0.40771  kd 0.11045  train_acc 85.325  val_acc 87.66  (31.5s)
epoch 25/100  lr 4.33e-05  loss 0.25772  ce 0.40512  kd 0.11032  train_acc 85.663  val_acc 88.66  (31.4s)
epoch 26/100  lr 4.28e-05  loss 0.24641  ce 0.39155  kd 0.10126  train_acc 84.671  val_acc 88.24  (30.0s)
epoch 27/100  lr 4.22e-05  loss 0.26604  ce 0.41945  kd 0.11263  train_acc 86.782  val_acc 88.41  (31.3s)
epoch 28/100  lr 4.16e-05  loss 0.25994  ce 0.40846  kd 0.11141  train_acc 86.170  val_acc 87.57  (28.5s)
epoch 29/100  lr 4.1e-05  loss 0.25497  ce 0.40425  kd 0.10569  train_acc 82.306  val_acc 89.07  (28.8s)
epoch 30/100  lr 4.04e-05  loss 0.24676  ce 0.39131  kd 0.10222  train_acc 87.057  val_acc 88.32  (29.8s)
epoch 31/100  lr 3.98e-05  loss 0.25127  ce 0.39605  kd 0.10649  train_acc 84.227  val_acc 88.49  (31.1s)
epoch 32/100  lr 3.92e-05  loss 0.24378  ce 0.38835  kd 0.09922  train_acc 83.066  val_acc 90.24  (30.1s)
epoch 33/100  lr 3.85e-05  loss 0.25042  ce 0.39773  kd 0.10311  train_acc 86.698  val_acc 91.08  (29.1s)
epoch 34/100  lr 3.78e-05  loss 0.24279  ce 0.39025  kd 0.09532  train_acc 89.421  val_acc 88.66  (29.7s)
epoch 35/100  lr 3.72e-05  loss 0.24500  ce 0.39024  kd 0.09975  train_acc 87.141  val_acc 87.74  (27.4s)
epoch 36/100  lr 3.65e-05  loss 0.23964  ce 0.37930  kd 0.09997  train_acc 82.834  val_acc 88.66  (28.6s)
epoch 37/100  lr 3.58e-05  loss 0.25404  ce 0.40516  kd 0.10291  train_acc 83.995  val_acc 90.91  (29.6s)
epoch 38/100  lr 3.51e-05  loss 0.23767  ce 0.38540  kd 0.08994  train_acc 87.880  val_acc 89.57  (31.0s)
epoch 39/100  lr 3.44e-05  loss 0.25091  ce 0.40344  kd 0.09837  train_acc 88.619  val_acc 90.49  (29.6s)
epoch 40/100  lr 3.36e-05  loss 0.25683  ce 0.40698  kd 0.10669  train_acc 85.642  val_acc 90.66  (29.5s)
epoch 41/100  lr 3.29e-05  loss 0.24990  ce 0.39859  kd 0.10120  train_acc 86.909  val_acc 88.41  (29.7s)
epoch 42/100  lr 3.22e-05  loss 0.25705  ce 0.41204  kd 0.10206  train_acc 86.951  val_acc 87.74  (28.1s)
epoch 43/100  lr 3.14e-05  loss 0.24756  ce 0.39730  kd 0.09783  train_acc 85.536  val_acc 88.16  (28.7s)
epoch 44/100  lr 3.06e-05  loss 0.25355  ce 0.40708  kd 0.10002  train_acc 86.381  val_acc 87.99  (29.6s)
epoch 45/100  lr 2.99e-05  loss 0.24731  ce 0.39429  kd 0.10032  train_acc 82.876  val_acc 90.08  (29.7s)
epoch 46/100  lr 2.91e-05  loss 0.25564  ce 0.41126  kd 0.10002  train_acc 82.390  val_acc 87.99  (30.5s)
epoch 47/100  lr 2.84e-05  loss 0.24879  ce 0.39882  kd 0.09876  train_acc 86.719  val_acc 90.58  (29.5s)
epoch 48/100  lr 2.76e-05  loss 0.25254  ce 0.40250  kd 0.10258  train_acc 83.974  val_acc 89.24  (28.9s)
epoch 49/100  lr 2.68e-05  loss 0.24591  ce 0.39664  kd 0.09518  train_acc 85.093  val_acc 88.91  (30.3s)
epoch 50/100  lr 2.6e-05  loss 0.24734  ce 0.39683  kd 0.09785  train_acc 84.987  val_acc 89.74  (28.6s)
epoch 51/100  lr 2.53e-05  loss 0.25807  ce 0.41254  kd 0.10360  train_acc 87.416  val_acc 89.49  (32.3s)
epoch 52/100  lr 2.45e-05  loss 0.24458  ce 0.39631  kd 0.09285  train_acc 88.767  val_acc 88.66  (30.9s)
epoch 53/100  lr 2.37e-05  loss 0.25398  ce 0.40985  kd 0.09811  train_acc 81.630  val_acc 88.66  (30.5s)
epoch 54/100  lr 2.29e-05  loss 0.24968  ce 0.40197  kd 0.09739  train_acc 85.579  val_acc 90.58  (30.9s)
epoch 55/100  lr 2.21e-05  loss 0.23911  ce 0.38596  kd 0.09225  train_acc 85.642  val_acc 89.24  (31.1s)
epoch 56/100  lr 2.14e-05  loss 0.24375  ce 0.39708  kd 0.09043  train_acc 84.438  val_acc 91.16  (30.1s)
epoch 57/100  lr 2.06e-05  loss 0.24570  ce 0.39695  kd 0.09445  train_acc 87.458  val_acc 91.16  (31.9s)
epoch 58/100  lr 1.99e-05  loss 0.24753  ce 0.40175  kd 0.09331  train_acc 89.084  val_acc 90.74  (31.6s)
epoch 59/100  lr 1.91e-05  loss 0.24182  ce 0.39520  kd 0.08843  train_acc 85.621  val_acc 89.49  (29.6s)
epoch 60/100  lr 1.83e-05  loss 0.23628  ce 0.38072  kd 0.09185  train_acc 87.965  val_acc 88.66  (28.9s)
epoch 61/100  lr 1.76e-05  loss 0.23955  ce 0.39101  kd 0.08810  train_acc 86.402  val_acc 90.58  (30.1s)
epoch 62/100  lr 1.69e-05  loss 0.24085  ce 0.38969  kd 0.09202  train_acc 81.567  val_acc 90.41  (29.8s)
epoch 63/100  lr 1.61e-05  loss 0.23403  ce 0.37955  kd 0.08851  train_acc 87.352  val_acc 90.99  (29.6s)
epoch 64/100  lr 1.54e-05  loss 0.24227  ce 0.39613  kd 0.08840  train_acc 82.601  val_acc 89.99  (29.5s)
epoch 65/100  lr 1.47e-05  loss 0.23086  ce 0.37253  kd 0.08920  train_acc 83.467  val_acc 90.74  (30.8s)
epoch 66/100  lr 1.4e-05  loss 0.24340  ce 0.39643  kd 0.09037  train_acc 81.123  val_acc 89.57  (29.4s)
epoch 67/100  lr 1.33e-05  loss 0.23117  ce 0.37665  kd 0.08569  train_acc 85.832  val_acc 90.33  (27.3s)
epoch 68/100  lr 1.27e-05  loss 0.22855  ce 0.37243  kd 0.08467  train_acc 84.312  val_acc 91.41  (27.9s)
epoch 69/100  lr 1.2e-05  loss 0.22814  ce 0.37319  kd 0.08308  train_acc 86.782  val_acc 91.41  (30.1s)
epoch 70/100  lr 1.13e-05  loss 0.23376  ce 0.38201  kd 0.08550  train_acc 85.790  val_acc 89.82  (29.5s)
epoch 71/100  lr 1.07e-05  loss 0.23886  ce 0.39065  kd 0.08706  train_acc 87.563  val_acc 90.49  (29.5s)
epoch 72/100  lr 1.01e-05  loss 0.22591  ce 0.36767  kd 0.08415  train_acc 82.095  val_acc 89.24  (31.5s)
epoch 73/100  lr 9.47e-06  loss 0.23630  ce 0.38732  kd 0.08528  train_acc 85.536  val_acc 90.33  (29.3s)
epoch 74/100  lr 8.88e-06  loss 0.25725  ce 0.41918  kd 0.09532  train_acc 84.945  val_acc 89.91  (29.9s)
epoch 75/100  lr 8.31e-06  loss 0.24524  ce 0.40025  kd 0.09022  train_acc 83.552  val_acc 90.16  (26.0s)
epoch 76/100  lr 7.75e-06  loss 0.25481  ce 0.41330  kd 0.09633  train_acc 83.446  val_acc 90.58  (25.7s)
epoch 77/100  lr 7.21e-06  loss 0.24191  ce 0.39260  kd 0.09123  train_acc 85.811  val_acc 90.58  (26.2s)
epoch 78/100  lr 6.68e-06  loss 0.25235  ce 0.41170  kd 0.09300  train_acc 84.649  val_acc 90.99  (25.1s)
epoch 79/100  lr 6.18e-06  loss 0.25016  ce 0.39978  kd 0.10055  train_acc 86.634  val_acc 90.58  (25.5s)
epoch 80/100  lr 5.69e-06  loss 0.21960  ce 0.35905  kd 0.08015  train_acc 84.903  val_acc 89.49  (26.3s)
epoch 81/100  lr 5.23e-06  loss 0.24756  ce 0.40455  kd 0.09056  train_acc 82.116  val_acc 89.57  (27.2s)
epoch 82/100  lr 4.78e-06  loss 0.25719  ce 0.41658  kd 0.09779  train_acc 85.916  val_acc 89.91  (25.2s)
epoch 83/100  lr 4.35e-06  loss 0.25726  ce 0.41585  kd 0.09867  train_acc 83.720  val_acc 89.91  (25.0s)
epoch 84/100  lr 3.95e-06  loss 0.24436  ce 0.39838  kd 0.09033  train_acc 89.041  val_acc 90.41  (25.3s)
epoch 85/100  lr 3.56e-06  loss 0.24533  ce 0.39887  kd 0.09179  train_acc 83.953  val_acc 90.24  (24.7s)
epoch 86/100  lr 3.2e-06  loss 0.24240  ce 0.39577  kd 0.08903  train_acc 84.143  val_acc 90.91  (24.0s)
epoch 87/100  lr 2.86e-06  loss 0.23676  ce 0.38718  kd 0.08633  train_acc 88.302  val_acc 90.66  (23.8s)
epoch 88/100  lr 2.54e-06  loss 0.25256  ce 0.40999  kd 0.09513  train_acc 85.916  val_acc 90.33  (22.9s)
epoch 89/100  lr 2.24e-06  loss 0.23353  ce 0.38079  kd 0.08628  train_acc 84.438  val_acc 90.24  (23.6s)
epoch 90/100  lr 1.96e-06  loss 0.24123  ce 0.39588  kd 0.08659  train_acc 90.519  val_acc 90.24  (23.3s)
epoch 91/100  lr 1.71e-06  loss 0.21824  ce 0.35812  kd 0.07836  train_acc 80.764  val_acc 89.91  (23.0s)
epoch 92/100  lr 1.48e-06  loss 0.24149  ce 0.39123  kd 0.09176  train_acc 86.909  val_acc 90.33  (24.5s)
epoch 93/100  lr 1.28e-06  loss 0.24857  ce 0.40361  kd 0.09352  train_acc 85.705  val_acc 89.99  (23.2s)
epoch 94/100  lr 1.1e-06  loss 0.24763  ce 0.40212  kd 0.09314  train_acc 80.764  val_acc 90.08  (22.8s)
epoch 95/100  lr 9.38e-07  loss 0.24400  ce 0.39870  kd 0.08930  train_acc 83.404  val_acc 89.99  (23.8s)
epoch 96/100  lr 8.05e-07  loss 0.23724  ce 0.38902  kd 0.08546  train_acc 84.291  val_acc 89.99  (24.1s)
epoch 97/100  lr 6.95e-07  loss 0.24103  ce 0.39433  kd 0.08773  train_acc 85.051  val_acc 90.16  (22.5s)
epoch 98/100  lr 6.1e-07  loss 0.22165  ce 0.36300  kd 0.08031  train_acc 87.479  val_acc 89.99  (22.8s)
epoch 99/100  lr 5.49e-07  loss 0.24651  ce 0.40385  kd 0.08917  train_acc 85.705  val_acc 89.99  (22.8s)
epoch 100/100  lr 5.12e-07  loss 0.23403  ce 0.38107  kd 0.08698  train_acc 86.275  val_acc 89.99  (21.3s)
done. final val acc 89.99  best 91.41 @ epoch 68
