
===== 2026-10-03 18:00:48 gpu=0 /home/coder/aim-lab-test-5/.venv/bin/python -m stage0.train --mode ce --dataset waterbirds --seed 1 --lr 5e-05
run dir: /home/coder/stage0/outputs/waterbirds/ce/seed1
state: new  device: cuda  micro_batch: 128  accum: 1  num_workers: 3
train 4795  val 1199  steps/epoch 37
Warning: You are sending unauthenticated requests to the HF Hub. Please set a HF_TOKEN to enable higher rate limits and faster downloads.
epoch 1/100  lr 1e-06  loss 0.67426  ce 0.67426  kd -  train_acc 60.346  val_acc 56.96  (21.5s)
epoch 2/100  lr 1.08e-05  loss 0.53762  ce 0.53762  kd -  train_acc 78.083  val_acc 65.97  (21.6s)
epoch 3/100  lr 2.06e-05  loss 0.45211  ce 0.45211  kd -  train_acc 81.398  val_acc 63.22  (21.8s)
epoch 4/100  lr 3.04e-05  loss 0.42372  ce 0.42372  kd -  train_acc 80.511  val_acc 71.39  (22.0s)
epoch 5/100  lr 4.02e-05  loss 0.42200  ce 0.42200  kd -  train_acc 81.693  val_acc 74.65  (22.0s)
epoch 6/100  lr 4.97e-05  loss 0.41775  ce 0.41775  kd -  train_acc 81.081  val_acc 78.40  (21.8s)
epoch 7/100  lr 4.96e-05  loss 0.41078  ce 0.41078  kd -  train_acc 85.494  val_acc 82.49  (21.7s)
epoch 8/100  lr 4.94e-05  loss 0.40603  ce 0.40603  kd -  train_acc 82.517  val_acc 80.98  (21.8s)
epoch 9/100  lr 4.92e-05  loss 0.40858  ce 0.40858  kd -  train_acc 82.644  val_acc 82.24  (21.7s)
epoch 10/100  lr 4.9e-05  loss 0.40612  ce 0.40612  kd -  train_acc 85.135  val_acc 83.57  (21.6s)
epoch 11/100  lr 4.88e-05  loss 0.40531  ce 0.40531  kd -  train_acc 84.607  val_acc 83.82  (21.7s)
epoch 12/100  lr 4.85e-05  loss 0.40604  ce 0.40604  kd -  train_acc 87.521  val_acc 85.15  (21.3s)
epoch 13/100  lr 4.83e-05  loss 0.39539  ce 0.39539  kd -  train_acc 82.538  val_acc 85.90  (22.2s)
epoch 14/100  lr 4.8e-05  loss 0.38089  ce 0.38089  kd -  train_acc 84.269  val_acc 84.82  (22.3s)
epoch 15/100  lr 4.76e-05  loss 0.39692  ce 0.39692  kd -  train_acc 86.381  val_acc 82.74  (21.7s)
epoch 16/100  lr 4.73e-05  loss 0.40143  ce 0.40143  kd -  train_acc 81.862  val_acc 84.40  (22.0s)
epoch 17/100  lr 4.69e-05  loss 0.38245  ce 0.38245  kd -  train_acc 87.078  val_acc 88.07  (21.6s)
epoch 18/100  lr 4.66e-05  loss 0.38790  ce 0.38790  kd -  train_acc 83.763  val_acc 85.24  (21.2s)
epoch 19/100  lr 4.61e-05  loss 0.38298  ce 0.38298  kd -  train_acc 85.642  val_acc 90.33  (21.5s)
epoch 20/100  lr 4.57e-05  loss 0.36750  ce 0.36750  kd -  train_acc 83.699  val_acc 89.24  (22.0s)
epoch 21/100  lr 4.53e-05  loss 0.40780  ce 0.40780  kd -  train_acc 85.283  val_acc 87.91  (21.2s)
epoch 22/100  lr 4.48e-05  loss 0.37245  ce 0.37245  kd -  train_acc 85.515  val_acc 86.41  (21.7s)
epoch 23/100  lr 4.43e-05  loss 0.39338  ce 0.39338  kd -  train_acc 87.458  val_acc 86.74  (22.0s)
epoch 24/100  lr 4.38e-05  loss 0.39358  ce 0.39358  kd -  train_acc 85.177  val_acc 88.32  (21.6s)
epoch 25/100  lr 4.33e-05  loss 0.39179  ce 0.39179  kd -  train_acc 86.064  val_acc 89.82  (22.1s)
epoch 26/100  lr 4.28e-05  loss 0.36351  ce 0.36351  kd -  train_acc 85.642  val_acc 89.24  (21.6s)
epoch 27/100  lr 4.22e-05  loss 0.39116  ce 0.39116  kd -  train_acc 86.233  val_acc 86.57  (21.5s)
epoch 28/100  lr 4.16e-05  loss 0.38363  ce 0.38363  kd -  train_acc 83.868  val_acc 87.66  (21.4s)
epoch 29/100  lr 4.1e-05  loss 0.38623  ce 0.38623  kd -  train_acc 89.443  val_acc 85.65  (21.9s)
epoch 30/100  lr 4.04e-05  loss 0.38465  ce 0.38465  kd -  train_acc 82.010  val_acc 88.41  (21.5s)
epoch 31/100  lr 3.98e-05  loss 0.36986  ce 0.36986  kd -  train_acc 85.853  val_acc 89.74  (21.3s)
epoch 32/100  lr 3.92e-05  loss 0.37618  ce 0.37618  kd -  train_acc 87.226  val_acc 88.16  (21.4s)
epoch 33/100  lr 3.85e-05  loss 0.38132  ce 0.38132  kd -  train_acc 87.880  val_acc 87.82  (21.9s)
epoch 34/100  lr 3.78e-05  loss 0.39136  ce 0.39136  kd -  train_acc 84.649  val_acc 86.57  (21.7s)
epoch 35/100  lr 3.72e-05  loss 0.38238  ce 0.38238  kd -  train_acc 84.481  val_acc 87.82  (21.6s)
epoch 36/100  lr 3.65e-05  loss 0.37907  ce 0.37907  kd -  train_acc 83.953  val_acc 85.32  (21.7s)
epoch 37/100  lr 3.58e-05  loss 0.37878  ce 0.37878  kd -  train_acc 87.226  val_acc 88.32  (22.4s)
epoch 38/100  lr 3.51e-05  loss 0.37982  ce 0.37982  kd -  train_acc 83.066  val_acc 89.32  (21.8s)
epoch 39/100  lr 3.44e-05  loss 0.39013  ce 0.39013  kd -  train_acc 81.229  val_acc 84.15  (21.7s)
epoch 40/100  lr 3.36e-05  loss 0.38473  ce 0.38473  kd -  train_acc 90.224  val_acc 90.16  (22.0s)
epoch 41/100  lr 3.29e-05  loss 0.37026  ce 0.37026  kd -  train_acc 86.402  val_acc 87.66  (22.1s)
epoch 42/100  lr 3.22e-05  loss 0.36634  ce 0.36634  kd -  train_acc 85.135  val_acc 89.32  (21.8s)
epoch 43/100  lr 3.14e-05  loss 0.38536  ce 0.38536  kd -  train_acc 87.796  val_acc 90.08  (22.2s)
epoch 44/100  lr 3.06e-05  loss 0.37726  ce 0.37726  kd -  train_acc 85.621  val_acc 89.07  (21.4s)
epoch 45/100  lr 2.99e-05  loss 0.39207  ce 0.39207  kd -  train_acc 83.657  val_acc 87.07  (21.6s)
epoch 46/100  lr 2.91e-05  loss 0.37886  ce 0.37886  kd -  train_acc 81.883  val_acc 89.66  (21.8s)
epoch 47/100  lr 2.84e-05  loss 0.39727  ce 0.39727  kd -  train_acc 80.089  val_acc 88.49  (21.9s)
epoch 48/100  lr 2.76e-05  loss 0.39159  ce 0.39159  kd -  train_acc 84.269  val_acc 91.41  (22.0s)
epoch 49/100  lr 2.68e-05  loss 0.37033  ce 0.37033  kd -  train_acc 85.030  val_acc 90.49  (22.0s)
epoch 50/100  lr 2.6e-05  loss 0.39964  ce 0.39964  kd -  train_acc 80.595  val_acc 87.16  (22.0s)
epoch 51/100  lr 2.53e-05  loss 0.37064  ce 0.37064  kd -  train_acc 86.128  val_acc 88.74  (22.6s)
epoch 52/100  lr 2.45e-05  loss 0.38659  ce 0.38659  kd -  train_acc 82.834  val_acc 88.24  (22.3s)
epoch 53/100  lr 2.37e-05  loss 0.38113  ce 0.38113  kd -  train_acc 83.066  val_acc 89.07  (22.1s)
epoch 54/100  lr 2.29e-05  loss 0.37663  ce 0.37663  kd -  train_acc 87.880  val_acc 87.49  (22.6s)
epoch 55/100  lr 2.21e-05  loss 0.38058  ce 0.38058  kd -  train_acc 83.298  val_acc 89.24  (22.5s)
epoch 56/100  lr 2.14e-05  loss 0.37160  ce 0.37160  kd -  train_acc 86.212  val_acc 90.24  (22.3s)
epoch 57/100  lr 2.06e-05  loss 0.36757  ce 0.36757  kd -  train_acc 87.584  val_acc 89.66  (22.0s)
epoch 58/100  lr 1.99e-05  loss 0.38989  ce 0.38989  kd -  train_acc 85.389  val_acc 89.99  (22.0s)
epoch 59/100  lr 1.91e-05  loss 0.37815  ce 0.37815  kd -  train_acc 82.622  val_acc 89.41  (21.7s)
epoch 60/100  lr 1.83e-05  loss 0.38594  ce 0.38594  kd -  train_acc 82.601  val_acc 89.74  (21.9s)
epoch 61/100  lr 1.76e-05  loss 0.36858  ce 0.36858  kd -  train_acc 88.915  val_acc 89.99  (21.9s)
epoch 62/100  lr 1.69e-05  loss 0.36590  ce 0.36590  kd -  train_acc 84.628  val_acc 90.16  (21.6s)
epoch 63/100  lr 1.61e-05  loss 0.38848  ce 0.38848  kd -  train_acc 87.247  val_acc 90.58  (22.0s)
epoch 64/100  lr 1.54e-05  loss 0.39044  ce 0.39044  kd -  train_acc 88.028  val_acc 90.24  (21.8s)
epoch 65/100  lr 1.47e-05  loss 0.37000  ce 0.37000  kd -  train_acc 84.312  val_acc 89.82  (21.9s)
epoch 66/100  lr 1.4e-05  loss 0.35640  ce 0.35640  kd -  train_acc 88.260  val_acc 89.74  (21.7s)
epoch 67/100  lr 1.33e-05  loss 0.37276  ce 0.37276  kd -  train_acc 87.711  val_acc 90.24  (21.9s)
epoch 68/100  lr 1.27e-05  loss 0.38007  ce 0.38007  kd -  train_acc 85.769  val_acc 90.33  (21.4s)
epoch 69/100  lr 1.2e-05  loss 0.37289  ce 0.37289  kd -  train_acc 88.514  val_acc 89.82  (22.0s)
epoch 70/100  lr 1.13e-05  loss 0.37475  ce 0.37475  kd -  train_acc 85.959  val_acc 89.91  (21.9s)
epoch 71/100  lr 1.07e-05  loss 0.38816  ce 0.38816  kd -  train_acc 85.072  val_acc 89.99  (21.8s)
epoch 72/100  lr 1.01e-05  loss 0.38250  ce 0.38250  kd -  train_acc 84.734  val_acc 90.83  (21.6s)
epoch 73/100  lr 9.47e-06  loss 0.38825  ce 0.38825  kd -  train_acc 85.579  val_acc 90.16  (21.5s)
epoch 74/100  lr 8.88e-06  loss 0.36000  ce 0.36000  kd -  train_acc 86.212  val_acc 90.24  (21.9s)
epoch 75/100  lr 8.31e-06  loss 0.37464  ce 0.37464  kd -  train_acc 91.406  val_acc 90.74  (21.5s)
epoch 76/100  lr 7.75e-06  loss 0.37125  ce 0.37125  kd -  train_acc 87.394  val_acc 90.33  (21.5s)
epoch 77/100  lr 7.21e-06  loss 0.37171  ce 0.37171  kd -  train_acc 89.844  val_acc 90.66  (21.7s)
epoch 78/100  lr 6.68e-06  loss 0.37063  ce 0.37063  kd -  train_acc 84.776  val_acc 90.08  (21.7s)
epoch 79/100  lr 6.18e-06  loss 0.37207  ce 0.37207  kd -  train_acc 88.155  val_acc 90.16  (21.4s)
epoch 80/100  lr 5.69e-06  loss 0.37154  ce 0.37154  kd -  train_acc 88.725  val_acc 90.83  (22.0s)
epoch 81/100  lr 5.23e-06  loss 0.38020  ce 0.38020  kd -  train_acc 86.550  val_acc 90.91  (21.7s)
epoch 82/100  lr 4.78e-06  loss 0.37645  ce 0.37645  kd -  train_acc 85.832  val_acc 91.24  (21.7s)
epoch 83/100  lr 4.35e-06  loss 0.37205  ce 0.37205  kd -  train_acc 86.233  val_acc 91.16  (22.0s)
epoch 84/100  lr 3.95e-06  loss 0.36458  ce 0.36458  kd -  train_acc 87.141  val_acc 90.74  (21.9s)
epoch 85/100  lr 3.56e-06  loss 0.36878  ce 0.36878  kd -  train_acc 87.965  val_acc 90.66  (26.6s)
epoch 86/100  lr 3.2e-06  loss 0.37192  ce 0.37192  kd -  train_acc 87.648  val_acc 90.91  (26.6s)
epoch 87/100  lr 2.86e-06  loss 0.37229  ce 0.37229  kd -  train_acc 86.275  val_acc 90.91  (23.8s)
epoch 88/100  lr 2.54e-06  loss 0.38738  ce 0.38738  kd -  train_acc 83.953  val_acc 91.16  (25.7s)
epoch 89/100  lr 2.24e-06  loss 0.38240  ce 0.38240  kd -  train_acc 84.607  val_acc 91.08  (26.6s)
epoch 90/100  lr 1.96e-06  loss 0.37712  ce 0.37712  kd -  train_acc 89.210  val_acc 90.99  (27.5s)
epoch 91/100  lr 1.71e-06  loss 0.37059  ce 0.37059  kd -  train_acc 86.698  val_acc 90.99  (27.5s)
epoch 92/100  lr 1.48e-06  loss 0.38430  ce 0.38430  kd -  train_acc 85.367  val_acc 90.91  (26.5s)
epoch 93/100  lr 1.28e-06  loss 0.35859  ce 0.35859  kd -  train_acc 86.296  val_acc 90.83  (32.2s)
epoch 94/100  lr 1.1e-06  loss 0.36338  ce 0.36338  kd -  train_acc 88.323  val_acc 90.83  (30.8s)
epoch 95/100  lr 9.38e-07  loss 0.38525  ce 0.38525  kd -  train_acc 85.262  val_acc 90.91  (30.3s)
epoch 96/100  lr 8.05e-07  loss 0.38016  ce 0.38016  kd -  train_acc 84.649  val_acc 90.83  (30.0s)
epoch 97/100  lr 6.95e-07  loss 0.37145  ce 0.37145  kd -  train_acc 86.951  val_acc 90.83  (31.2s)
epoch 98/100  lr 6.1e-07  loss 0.37962  ce 0.37962  kd -  train_acc 87.774  val_acc 90.83  (32.1s)
epoch 99/100  lr 5.49e-07  loss 0.38665  ce 0.38665  kd -  train_acc 82.918  val_acc 90.83  (30.8s)
epoch 100/100  lr 5.12e-07  loss 0.37346  ce 0.37346  kd -  train_acc 83.108  val_acc 90.83  (29.4s)
done. final val acc 90.83  best 91.41 @ epoch 48
