
===== 2026-10-04 14:14:18 pid=422014 /home/coder/aim-lab-stage3/stage0/train.py --mode maskedkd --mask-criterion tam_r --keep 0.15 --dataset waterbirds --seed 0 --lr 5e-05
run dir: /home/coder/stage0/outputs/waterbirds/tam_r_k0.15/seed0
state: new  device: cuda  micro_batch: 128  accum: 1  num_workers: 3
train 4795  val 1199  steps/epoch 37
teacher: /home/coder/stage0/outputs/waterbirds/teacher/seed0/best.pt (epoch 21, val acc 93.99)
TAM: kind attn_last, gap [0.1, 0.5], budget fixed, k per bucket (29, 29, 29), teacher GFLOPs {29: 2.68023552}
epoch 1/100  lr 1e-06  loss 0.65765  ce 0.75054  kd 0.56477  train_acc 48.311  val_acc 53.96  (29.5s)
epoch 2/100  lr 1.08e-05  loss 0.43974  ce 0.56343  kd 0.31605  train_acc 75.655  val_acc 74.06  (26.2s)
epoch 3/100  lr 2.06e-05  loss 0.33905  ce 0.45787  kd 0.22023  train_acc 84.164  val_acc 66.47  (28.3s)
epoch 4/100  lr 3.04e-05  loss 0.32351  ce 0.45059  kd 0.19643  train_acc 84.544  val_acc 69.06  (27.7s)
epoch 5/100  lr 4.02e-05  loss 0.30614  ce 0.43439  kd 0.17789  train_acc 84.269  val_acc 74.40  (28.5s)
epoch 6/100  lr 4.97e-05  loss 0.29478  ce 0.41905  kd 0.17052  train_acc 84.565  val_acc 77.48  (28.7s)
epoch 7/100  lr 4.96e-05  loss 0.29114  ce 0.41720  kd 0.16507  train_acc 83.932  val_acc 82.40  (28.2s)
epoch 8/100  lr 4.94e-05  loss 0.29380  ce 0.42303  kd 0.16457  train_acc 83.024  val_acc 81.82  (28.0s)
epoch 9/100  lr 4.92e-05  loss 0.29449  ce 0.42202  kd 0.16696  train_acc 84.924  val_acc 83.15  (27.4s)
epoch 10/100  lr 4.9e-05  loss 0.28899  ce 0.41544  kd 0.16254  train_acc 84.354  val_acc 82.65  (28.3s)
epoch 11/100  lr 4.88e-05  loss 0.28484  ce 0.40810  kd 0.16158  train_acc 83.319  val_acc 85.07  (27.9s)
epoch 12/100  lr 4.85e-05  loss 0.28408  ce 0.41099  kd 0.15717  train_acc 87.120  val_acc 84.99  (27.6s)
epoch 13/100  lr 4.83e-05  loss 0.28869  ce 0.41864  kd 0.15873  train_acc 83.784  val_acc 84.40  (27.3s)
epoch 14/100  lr 4.8e-05  loss 0.27807  ce 0.41108  kd 0.14506  train_acc 86.106  val_acc 87.57  (27.5s)
epoch 15/100  lr 4.76e-05  loss 0.28111  ce 0.40434  kd 0.15787  train_acc 85.325  val_acc 87.49  (27.5s)
epoch 16/100  lr 4.73e-05  loss 0.27331  ce 0.38857  kd 0.15806  train_acc 87.247  val_acc 86.57  (27.9s)
epoch 17/100  lr 4.69e-05  loss 0.28025  ce 0.41025  kd 0.15024  train_acc 85.536  val_acc 86.66  (26.7s)
epoch 18/100  lr 4.66e-05  loss 0.27666  ce 0.40332  kd 0.15000  train_acc 85.874  val_acc 87.66  (27.3s)
epoch 19/100  lr 4.61e-05  loss 0.27872  ce 0.40475  kd 0.15270  train_acc 83.045  val_acc 89.74  (26.6s)
epoch 20/100  lr 4.57e-05  loss 0.27417  ce 0.40646  kd 0.14189  train_acc 85.874  val_acc 88.74  (27.7s)
epoch 21/100  lr 4.53e-05  loss 0.28440  ce 0.41028  kd 0.15851  train_acc 87.268  val_acc 90.16  (26.9s)
epoch 22/100  lr 4.48e-05  loss 0.26922  ce 0.39296  kd 0.14549  train_acc 85.790  val_acc 88.99  (27.4s)
epoch 23/100  lr 4.43e-05  loss 0.28721  ce 0.42300  kd 0.15143  train_acc 81.651  val_acc 89.66  (27.9s)
epoch 24/100  lr 4.38e-05  loss 0.26455  ce 0.39020  kd 0.13890  train_acc 82.137  val_acc 89.91  (27.3s)
epoch 25/100  lr 4.33e-05  loss 0.27395  ce 0.39887  kd 0.14903  train_acc 86.339  val_acc 87.74  (29.5s)
epoch 26/100  lr 4.28e-05  loss 0.27610  ce 0.40350  kd 0.14870  train_acc 85.938  val_acc 88.74  (27.3s)
epoch 27/100  lr 4.22e-05  loss 0.27331  ce 0.40139  kd 0.14524  train_acc 84.671  val_acc 89.16  (27.5s)
epoch 28/100  lr 4.16e-05  loss 0.27393  ce 0.40899  kd 0.13887  train_acc 84.269  val_acc 89.49  (28.1s)
epoch 29/100  lr 4.1e-05  loss 0.27396  ce 0.40539  kd 0.14253  train_acc 83.720  val_acc 89.16  (28.5s)
epoch 30/100  lr 4.04e-05  loss 0.28348  ce 0.41572  kd 0.15123  train_acc 83.657  val_acc 90.08  (27.8s)
epoch 31/100  lr 3.98e-05  loss 0.26395  ce 0.39172  kd 0.13618  train_acc 79.962  val_acc 90.74  (27.4s)
epoch 32/100  lr 3.92e-05  loss 0.26601  ce 0.39192  kd 0.14011  train_acc 82.981  val_acc 89.41  (28.5s)
epoch 33/100  lr 3.85e-05  loss 0.26459  ce 0.38696  kd 0.14223  train_acc 84.122  val_acc 89.24  (28.3s)
epoch 34/100  lr 3.78e-05  loss 0.27659  ce 0.40002  kd 0.15316  train_acc 78.315  val_acc 88.82  (28.4s)
epoch 35/100  lr 3.72e-05  loss 0.27459  ce 0.40756  kd 0.14161  train_acc 83.193  val_acc 89.24  (28.4s)
epoch 36/100  lr 3.65e-05  loss 0.27069  ce 0.39806  kd 0.14333  train_acc 87.648  val_acc 89.66  (28.2s)
epoch 37/100  lr 3.58e-05  loss 0.27477  ce 0.40001  kd 0.14954  train_acc 83.678  val_acc 89.74  (28.6s)
epoch 38/100  lr 3.51e-05  loss 0.26849  ce 0.39541  kd 0.14156  train_acc 83.425  val_acc 90.16  (28.3s)
epoch 39/100  lr 3.44e-05  loss 0.27068  ce 0.40257  kd 0.13879  train_acc 85.747  val_acc 90.58  (29.1s)
epoch 40/100  lr 3.36e-05  loss 0.26980  ce 0.40114  kd 0.13846  train_acc 83.763  val_acc 89.32  (28.9s)
epoch 41/100  lr 3.29e-05  loss 0.27863  ce 0.40720  kd 0.15005  train_acc 84.987  val_acc 90.24  (29.4s)
epoch 42/100  lr 3.22e-05  loss 0.26984  ce 0.39573  kd 0.14395  train_acc 83.763  val_acc 90.83  (27.9s)
epoch 43/100  lr 3.14e-05  loss 0.26291  ce 0.38674  kd 0.13908  train_acc 83.889  val_acc 89.82  (28.2s)
epoch 44/100  lr 3.06e-05  loss 0.27198  ce 0.40122  kd 0.14274  train_acc 83.404  val_acc 90.33  (27.4s)
epoch 45/100  lr 2.99e-05  loss 0.26614  ce 0.38761  kd 0.14466  train_acc 85.220  val_acc 91.33  (27.7s)
epoch 46/100  lr 2.91e-05  loss 0.27495  ce 0.40791  kd 0.14199  train_acc 85.008  val_acc 89.91  (28.5s)
epoch 47/100  lr 2.84e-05  loss 0.27930  ce 0.41660  kd 0.14200  train_acc 83.024  val_acc 89.24  (28.7s)
epoch 48/100  lr 2.76e-05  loss 0.26135  ce 0.38530  kd 0.13740  train_acc 86.845  val_acc 89.49  (28.5s)
epoch 49/100  lr 2.68e-05  loss 0.26870  ce 0.39921  kd 0.13818  train_acc 86.698  val_acc 90.49  (29.1s)
epoch 50/100  lr 2.6e-05  loss 0.26041  ce 0.38055  kd 0.14027  train_acc 85.621  val_acc 90.74  (29.4s)
epoch 51/100  lr 2.53e-05  loss 0.25634  ce 0.37390  kd 0.13877  train_acc 86.318  val_acc 90.16  (28.2s)
epoch 52/100  lr 2.45e-05  loss 0.27094  ce 0.40511  kd 0.13676  train_acc 82.390  val_acc 90.33  (28.2s)
epoch 53/100  lr 2.37e-05  loss 0.27584  ce 0.40896  kd 0.14271  train_acc 81.334  val_acc 90.33  (28.5s)
epoch 54/100  lr 2.29e-05  loss 0.27416  ce 0.39984  kd 0.14847  train_acc 82.052  val_acc 90.33  (27.6s)
epoch 55/100  lr 2.21e-05  loss 0.27156  ce 0.40463  kd 0.13849  train_acc 83.235  val_acc 89.66  (29.1s)
epoch 56/100  lr 2.14e-05  loss 0.26109  ce 0.38674  kd 0.13544  train_acc 84.058  val_acc 90.66  (28.0s)
epoch 57/100  lr 2.06e-05  loss 0.26849  ce 0.39529  kd 0.14168  train_acc 85.938  val_acc 90.99  (29.1s)
epoch 58/100  lr 1.99e-05  loss 0.25957  ce 0.37868  kd 0.14046  train_acc 83.235  val_acc 90.58  (28.0s)
epoch 59/100  lr 1.91e-05  loss 0.26867  ce 0.39624  kd 0.14109  train_acc 83.847  val_acc 90.41  (29.9s)
epoch 60/100  lr 1.83e-05  loss 0.27328  ce 0.41002  kd 0.13653  train_acc 85.051  val_acc 90.74  (27.3s)
epoch 61/100  lr 1.76e-05  loss 0.27280  ce 0.39591  kd 0.14969  train_acc 87.943  val_acc 89.91  (28.2s)
epoch 62/100  lr 1.69e-05  loss 0.26425  ce 0.39375  kd 0.13475  train_acc 83.594  val_acc 90.83  (27.8s)
epoch 63/100  lr 1.61e-05  loss 0.26977  ce 0.40052  kd 0.13901  train_acc 84.987  val_acc 91.24  (27.3s)
epoch 64/100  lr 1.54e-05  loss 0.26610  ce 0.38396  kd 0.14824  train_acc 85.431  val_acc 90.58  (27.4s)
epoch 65/100  lr 1.47e-05  loss 0.24617  ce 0.36013  kd 0.13221  train_acc 83.889  val_acc 90.33  (26.6s)
epoch 66/100  lr 1.4e-05  loss 0.26925  ce 0.39788  kd 0.14062  train_acc 85.579  val_acc 89.74  (27.4s)
epoch 67/100  lr 1.33e-05  loss 0.26666  ce 0.39275  kd 0.14056  train_acc 87.373  val_acc 90.91  (28.2s)
epoch 68/100  lr 1.27e-05  loss 0.26695  ce 0.39954  kd 0.13437  train_acc 85.747  val_acc 90.16  (28.6s)
epoch 69/100  lr 1.2e-05  loss 0.26310  ce 0.38568  kd 0.14053  train_acc 82.348  val_acc 90.91  (28.9s)
epoch 70/100  lr 1.13e-05  loss 0.26482  ce 0.39580  kd 0.13384  train_acc 83.404  val_acc 90.41  (27.4s)
epoch 71/100  lr 1.07e-05  loss 0.26828  ce 0.39310  kd 0.14346  train_acc 83.277  val_acc 90.24  (27.6s)
epoch 72/100  lr 1.01e-05  loss 0.25929  ce 0.38662  kd 0.13195  train_acc 83.974  val_acc 90.16  (28.4s)
epoch 73/100  lr 9.47e-06  loss 0.26161  ce 0.38705  kd 0.13618  train_acc 84.459  val_acc 90.16  (28.1s)
epoch 74/100  lr 8.88e-06  loss 0.25943  ce 0.38407  kd 0.13479  train_acc 84.269  val_acc 90.33  (28.2s)
epoch 75/100  lr 8.31e-06  loss 0.26243  ce 0.38416  kd 0.14071  train_acc 82.538  val_acc 90.24  (28.0s)
epoch 76/100  lr 7.75e-06  loss 0.25971  ce 0.38535  kd 0.13406  train_acc 88.302  val_acc 90.24  (28.7s)
epoch 77/100  lr 7.21e-06  loss 0.25454  ce 0.37397  kd 0.13511  train_acc 85.621  val_acc 90.41  (27.1s)
epoch 78/100  lr 6.68e-06  loss 0.25531  ce 0.37409  kd 0.13654  train_acc 88.239  val_acc 90.58  (28.1s)
epoch 79/100  lr 6.18e-06  loss 0.26730  ce 0.39168  kd 0.14293  train_acc 81.715  val_acc 90.58  (26.6s)
epoch 80/100  lr 5.69e-06  loss 0.26697  ce 0.39631  kd 0.13763  train_acc 86.508  val_acc 90.58  (27.0s)
epoch 81/100  lr 5.23e-06  loss 0.25873  ce 0.38127  kd 0.13619  train_acc 86.761  val_acc 90.16  (28.5s)
epoch 82/100  lr 4.78e-06  loss 0.26074  ce 0.38470  kd 0.13678  train_acc 86.001  val_acc 90.58  (28.2s)
epoch 83/100  lr 4.35e-06  loss 0.26301  ce 0.38852  kd 0.13749  train_acc 82.432  val_acc 90.41  (27.6s)
epoch 84/100  lr 3.95e-06  loss 0.25270  ce 0.37439  kd 0.13101  train_acc 85.642  val_acc 90.41  (27.6s)
epoch 85/100  lr 3.56e-06  loss 0.26657  ce 0.39308  kd 0.14006  train_acc 82.770  val_acc 90.58  (27.4s)
epoch 86/100  lr 3.2e-06  loss 0.26639  ce 0.39463  kd 0.13815  train_acc 83.045  val_acc 90.49  (28.6s)
epoch 87/100  lr 2.86e-06  loss 0.26874  ce 0.39456  kd 0.14292  train_acc 85.030  val_acc 90.66  (27.7s)
epoch 88/100  lr 2.54e-06  loss 0.27658  ce 0.41562  kd 0.13755  train_acc 83.720  val_acc 90.33  (29.2s)
epoch 89/100  lr 2.24e-06  loss 0.26987  ce 0.39825  kd 0.14149  train_acc 85.473  val_acc 90.33  (27.5s)
epoch 90/100  lr 1.96e-06  loss 0.25780  ce 0.37511  kd 0.14050  train_acc 84.164  val_acc 90.49  (27.1s)
epoch 91/100  lr 1.71e-06  loss 0.25720  ce 0.38276  kd 0.13165  train_acc 83.340  val_acc 90.24  (28.0s)
epoch 92/100  lr 1.48e-06  loss 0.26265  ce 0.39104  kd 0.13426  train_acc 83.699  val_acc 90.33  (27.5s)
epoch 93/100  lr 1.28e-06  loss 0.26556  ce 0.39085  kd 0.14028  train_acc 86.761  val_acc 90.33  (28.1s)
epoch 94/100  lr 1.1e-06  loss 0.25374  ce 0.37337  kd 0.13410  train_acc 86.634  val_acc 90.41  (26.4s)
epoch 95/100  lr 9.38e-07  loss 0.26612  ce 0.38988  kd 0.14237  train_acc 83.953  val_acc 90.49  (27.4s)
epoch 96/100  lr 8.05e-07  loss 0.26642  ce 0.40263  kd 0.13022  train_acc 85.051  val_acc 90.41  (27.4s)
epoch 97/100  lr 6.95e-07  loss 0.26040  ce 0.38630  kd 0.13450  train_acc 84.079  val_acc 90.49  (27.1s)
epoch 98/100  lr 6.1e-07  loss 0.25824  ce 0.38251  kd 0.13397  train_acc 86.845  val_acc 90.49  (27.1s)
epoch 99/100  lr 5.49e-07  loss 0.26950  ce 0.39872  kd 0.14027  train_acc 86.339  val_acc 90.58  (26.1s)
epoch 100/100  lr 5.12e-07  loss 0.26153  ce 0.38231  kd 0.14076  train_acc 87.141  val_acc 90.49  (28.0s)
done. final val acc 90.49  best 91.33 @ epoch 45
