
===== 2026-10-04 08:19:23 pid=288088 /home/coder/aim-lab-stage3/stage0/train.py --mode maskedkd --mask-criterion maskedkd --keep 0.3 --dataset waterbirds --seed 1 --lr 5e-05
run dir: /home/coder/stage0/outputs/waterbirds/maskedkd_k0.3/seed1
state: new  device: cuda  micro_batch: 128  accum: 1  num_workers: 3
train 4795  val 1199  steps/epoch 37
teacher: /home/coder/stage0/outputs/waterbirds/teacher/seed0/best.pt (epoch 21, val acc 93.99)
epoch 1/100  lr 1e-06  loss 0.60383  ce 0.67317  kd 0.53449  train_acc 60.557  val_acc 57.55  (29.6s)
epoch 2/100  lr 1.08e-05  loss 0.43611  ce 0.54445  kd 0.32778  train_acc 77.745  val_acc 67.72  (28.9s)
epoch 3/100  lr 2.06e-05  loss 0.33451  ce 0.45649  kd 0.21253  train_acc 81.440  val_acc 64.47  (29.0s)
epoch 4/100  lr 3.04e-05  loss 0.30825  ce 0.43015  kd 0.18634  train_acc 80.997  val_acc 75.73  (28.6s)
epoch 5/100  lr 4.02e-05  loss 0.30199  ce 0.43645  kd 0.16753  train_acc 81.356  val_acc 78.82  (28.9s)
epoch 6/100  lr 4.97e-05  loss 0.29299  ce 0.42752  kd 0.15846  train_acc 80.828  val_acc 81.82  (29.1s)
epoch 7/100  lr 4.96e-05  loss 0.29035  ce 0.42358  kd 0.15711  train_acc 84.692  val_acc 85.07  (28.1s)
epoch 8/100  lr 4.94e-05  loss 0.28365  ce 0.41850  kd 0.14880  train_acc 81.968  val_acc 86.16  (28.4s)
epoch 9/100  lr 4.92e-05  loss 0.28501  ce 0.42222  kd 0.14780  train_acc 82.221  val_acc 85.99  (28.4s)
epoch 10/100  lr 4.9e-05  loss 0.28175  ce 0.41592  kd 0.14758  train_acc 84.227  val_acc 85.32  (28.4s)
epoch 11/100  lr 4.88e-05  loss 0.28151  ce 0.42178  kd 0.14124  train_acc 83.573  val_acc 86.91  (28.7s)
epoch 12/100  lr 4.85e-05  loss 0.28259  ce 0.41758  kd 0.14761  train_acc 86.149  val_acc 88.07  (28.8s)
epoch 13/100  lr 4.83e-05  loss 0.27213  ce 0.40941  kd 0.13486  train_acc 82.348  val_acc 88.49  (28.6s)
epoch 14/100  lr 4.8e-05  loss 0.25856  ce 0.39131  kd 0.12581  train_acc 84.143  val_acc 86.41  (28.4s)
epoch 15/100  lr 4.76e-05  loss 0.27625  ce 0.41166  kd 0.14084  train_acc 85.283  val_acc 85.90  (28.0s)
epoch 16/100  lr 4.73e-05  loss 0.27684  ce 0.41641  kd 0.13728  train_acc 81.926  val_acc 84.65  (28.7s)
epoch 17/100  lr 4.69e-05  loss 0.26748  ce 0.39566  kd 0.13929  train_acc 86.465  val_acc 89.07  (28.6s)
epoch 18/100  lr 4.66e-05  loss 0.26775  ce 0.40289  kd 0.13261  train_acc 83.298  val_acc 84.99  (28.2s)
epoch 19/100  lr 4.61e-05  loss 0.26060  ce 0.39438  kd 0.12683  train_acc 85.241  val_acc 90.33  (28.2s)
epoch 20/100  lr 4.57e-05  loss 0.25283  ce 0.37876  kd 0.12690  train_acc 83.678  val_acc 89.32  (27.7s)
epoch 21/100  lr 4.53e-05  loss 0.27989  ce 0.42220  kd 0.13759  train_acc 84.438  val_acc 89.24  (28.3s)
epoch 22/100  lr 4.48e-05  loss 0.25873  ce 0.38847  kd 0.12899  train_acc 84.206  val_acc 85.24  (27.9s)
epoch 23/100  lr 4.43e-05  loss 0.26985  ce 0.41035  kd 0.12934  train_acc 86.740  val_acc 86.41  (28.1s)
epoch 24/100  lr 4.38e-05  loss 0.27094  ce 0.40775  kd 0.13413  train_acc 84.333  val_acc 90.41  (28.0s)
epoch 25/100  lr 4.33e-05  loss 0.26791  ce 0.40743  kd 0.12839  train_acc 85.135  val_acc 90.16  (27.9s)
epoch 26/100  lr 4.28e-05  loss 0.24968  ce 0.37808  kd 0.12127  train_acc 85.072  val_acc 90.24  (28.0s)
epoch 27/100  lr 4.22e-05  loss 0.26645  ce 0.40663  kd 0.12626  train_acc 85.938  val_acc 84.65  (27.7s)
epoch 28/100  lr 4.16e-05  loss 0.26537  ce 0.39806  kd 0.13268  train_acc 83.509  val_acc 89.74  (27.9s)
epoch 29/100  lr 4.1e-05  loss 0.26548  ce 0.40070  kd 0.13026  train_acc 88.366  val_acc 87.74  (28.4s)
epoch 30/100  lr 4.04e-05  loss 0.26529  ce 0.40064  kd 0.12994  train_acc 82.306  val_acc 88.16  (28.6s)
epoch 31/100  lr 3.98e-05  loss 0.24983  ce 0.38423  kd 0.11542  train_acc 84.945  val_acc 89.91  (27.9s)
epoch 32/100  lr 3.92e-05  loss 0.25809  ce 0.38974  kd 0.12643  train_acc 86.149  val_acc 89.49  (27.8s)
epoch 33/100  lr 3.85e-05  loss 0.26187  ce 0.39751  kd 0.12622  train_acc 86.698  val_acc 87.16  (28.5s)
epoch 34/100  lr 3.78e-05  loss 0.26860  ce 0.40796  kd 0.12924  train_acc 83.720  val_acc 87.57  (27.3s)
epoch 35/100  lr 3.72e-05  loss 0.26496  ce 0.39894  kd 0.13098  train_acc 83.467  val_acc 91.58  (28.0s)
epoch 36/100  lr 3.65e-05  loss 0.26079  ce 0.39661  kd 0.12497  train_acc 83.066  val_acc 87.07  (27.3s)
epoch 37/100  lr 3.58e-05  loss 0.25974  ce 0.39628  kd 0.12320  train_acc 85.959  val_acc 89.57  (27.7s)
epoch 38/100  lr 3.51e-05  loss 0.26081  ce 0.39573  kd 0.12589  train_acc 82.454  val_acc 89.49  (27.5s)
epoch 39/100  lr 3.44e-05  loss 0.26708  ce 0.40350  kd 0.13066  train_acc 80.025  val_acc 89.41  (28.0s)
epoch 40/100  lr 3.36e-05  loss 0.26858  ce 0.40268  kd 0.13448  train_acc 87.901  val_acc 92.16  (27.0s)
epoch 41/100  lr 3.29e-05  loss 0.25596  ce 0.38771  kd 0.12421  train_acc 85.473  val_acc 89.57  (26.8s)
epoch 42/100  lr 3.22e-05  loss 0.25044  ce 0.38077  kd 0.12012  train_acc 84.481  val_acc 89.91  (27.4s)
epoch 43/100  lr 3.14e-05  loss 0.26417  ce 0.40526  kd 0.12308  train_acc 86.254  val_acc 90.08  (27.3s)
epoch 44/100  lr 3.06e-05  loss 0.26040  ce 0.39333  kd 0.12747  train_acc 84.438  val_acc 90.74  (27.1s)
epoch 45/100  lr 2.99e-05  loss 0.27285  ce 0.40992  kd 0.13577  train_acc 81.968  val_acc 88.66  (27.3s)
epoch 46/100  lr 2.91e-05  loss 0.26099  ce 0.39448  kd 0.12750  train_acc 80.384  val_acc 90.49  (26.7s)
epoch 47/100  lr 2.84e-05  loss 0.27056  ce 0.41200  kd 0.12913  train_acc 79.392  val_acc 89.49  (27.3s)
epoch 48/100  lr 2.76e-05  loss 0.26802  ce 0.40955  kd 0.12649  train_acc 83.129  val_acc 91.08  (27.1s)
epoch 49/100  lr 2.68e-05  loss 0.25257  ce 0.38498  kd 0.12016  train_acc 84.101  val_acc 91.08  (27.6s)
epoch 50/100  lr 2.6e-05  loss 0.27468  ce 0.41355  kd 0.13581  train_acc 80.110  val_acc 90.33  (27.9s)
epoch 51/100  lr 2.53e-05  loss 0.25198  ce 0.38616  kd 0.11780  train_acc 85.304  val_acc 90.49  (27.3s)
epoch 52/100  lr 2.45e-05  loss 0.27034  ce 0.40567  kd 0.13502  train_acc 81.862  val_acc 90.24  (27.2s)
epoch 53/100  lr 2.37e-05  loss 0.26431  ce 0.39826  kd 0.13035  train_acc 82.095  val_acc 91.08  (27.2s)
epoch 54/100  lr 2.29e-05  loss 0.26116  ce 0.39508  kd 0.12723  train_acc 85.747  val_acc 90.49  (28.0s)
epoch 55/100  lr 2.21e-05  loss 0.25968  ce 0.39999  kd 0.11936  train_acc 81.989  val_acc 90.74  (28.1s)
epoch 56/100  lr 2.14e-05  loss 0.25657  ce 0.38932  kd 0.12382  train_acc 85.346  val_acc 90.66  (27.6s)
epoch 57/100  lr 2.06e-05  loss 0.25417  ce 0.38545  kd 0.12290  train_acc 86.022  val_acc 89.16  (28.2s)
epoch 58/100  lr 1.99e-05  loss 0.26937  ce 0.40924  kd 0.12951  train_acc 84.164  val_acc 90.91  (28.2s)
epoch 59/100  lr 1.91e-05  loss 0.25567  ce 0.39500  kd 0.11634  train_acc 82.770  val_acc 90.33  (27.8s)
epoch 60/100  lr 1.83e-05  loss 0.26603  ce 0.40415  kd 0.12791  train_acc 83.129  val_acc 89.82  (27.1s)
epoch 61/100  lr 1.76e-05  loss 0.25648  ce 0.38486  kd 0.12809  train_acc 87.796  val_acc 91.58  (28.3s)
epoch 62/100  lr 1.69e-05  loss 0.25308  ce 0.38414  kd 0.12202  train_acc 82.855  val_acc 91.16  (28.0s)
epoch 63/100  lr 1.61e-05  loss 0.26994  ce 0.40943  kd 0.13045  train_acc 86.233  val_acc 90.74  (28.1s)
epoch 64/100  lr 1.54e-05  loss 0.26904  ce 0.40859  kd 0.12949  train_acc 85.790  val_acc 90.58  (28.1s)
epoch 65/100  lr 1.47e-05  loss 0.25351  ce 0.38829  kd 0.11873  train_acc 82.116  val_acc 89.66  (28.1s)
epoch 66/100  lr 1.4e-05  loss 0.24315  ce 0.37301  kd 0.11329  train_acc 86.508  val_acc 90.24  (29.1s)
epoch 67/100  lr 1.33e-05  loss 0.25597  ce 0.39061  kd 0.12133  train_acc 86.677  val_acc 91.08  (28.5s)
epoch 68/100  lr 1.27e-05  loss 0.26371  ce 0.40004  kd 0.12737  train_acc 84.396  val_acc 90.16  (28.1s)
epoch 69/100  lr 1.2e-05  loss 0.25747  ce 0.39124  kd 0.12370  train_acc 86.423  val_acc 90.49  (28.5s)
epoch 70/100  lr 1.13e-05  loss 0.25678  ce 0.39275  kd 0.12081  train_acc 84.607  val_acc 90.99  (28.2s)
epoch 71/100  lr 1.07e-05  loss 0.26640  ce 0.40620  kd 0.12660  train_acc 84.143  val_acc 90.74  (28.7s)
epoch 72/100  lr 1.01e-05  loss 0.25916  ce 0.39912  kd 0.11920  train_acc 83.594  val_acc 91.74  (28.1s)
epoch 73/100  lr 9.47e-06  loss 0.26786  ce 0.40873  kd 0.12699  train_acc 84.544  val_acc 90.74  (28.0s)
epoch 74/100  lr 8.88e-06  loss 0.25001  ce 0.37754  kd 0.12247  train_acc 84.797  val_acc 90.74  (27.3s)
epoch 75/100  lr 8.31e-06  loss 0.25879  ce 0.39375  kd 0.12383  train_acc 89.379  val_acc 90.99  (27.6s)
epoch 76/100  lr 7.75e-06  loss 0.25630  ce 0.39000  kd 0.12259  train_acc 85.410  val_acc 90.83  (27.4s)
epoch 77/100  lr 7.21e-06  loss 0.26250  ce 0.39085  kd 0.13415  train_acc 87.141  val_acc 91.41  (27.4s)
epoch 78/100  lr 6.68e-06  loss 0.25804  ce 0.38777  kd 0.12832  train_acc 83.805  val_acc 90.66  (27.9s)
epoch 79/100  lr 6.18e-06  loss 0.25898  ce 0.39062  kd 0.12734  train_acc 86.845  val_acc 90.08  (27.6s)
epoch 80/100  lr 5.69e-06  loss 0.25613  ce 0.38827  kd 0.12399  train_acc 86.909  val_acc 90.41  (27.6s)
epoch 81/100  lr 5.23e-06  loss 0.26198  ce 0.39866  kd 0.12530  train_acc 85.241  val_acc 90.58  (27.4s)
epoch 82/100  lr 4.78e-06  loss 0.26129  ce 0.39907  kd 0.12350  train_acc 84.734  val_acc 90.99  (27.8s)
epoch 83/100  lr 4.35e-06  loss 0.25843  ce 0.39168  kd 0.12518  train_acc 85.726  val_acc 91.08  (28.3s)
epoch 84/100  lr 3.95e-06  loss 0.25189  ce 0.38202  kd 0.12175  train_acc 86.001  val_acc 90.74  (27.7s)
epoch 85/100  lr 3.56e-06  loss 0.25867  ce 0.38864  kd 0.12870  train_acc 86.254  val_acc 90.83  (27.5s)
epoch 86/100  lr 3.2e-06  loss 0.25609  ce 0.38981  kd 0.12237  train_acc 86.149  val_acc 90.99  (27.3s)
epoch 87/100  lr 2.86e-06  loss 0.25717  ce 0.39084  kd 0.12350  train_acc 84.628  val_acc 90.91  (27.6s)
epoch 88/100  lr 2.54e-06  loss 0.26746  ce 0.40696  kd 0.12797  train_acc 83.129  val_acc 91.58  (27.6s)
epoch 89/100  lr 2.24e-06  loss 0.26711  ce 0.40114  kd 0.13308  train_acc 83.573  val_acc 91.41  (28.3s)
epoch 90/100  lr 1.96e-06  loss 0.25859  ce 0.39608  kd 0.12110  train_acc 87.774  val_acc 91.49  (28.1s)
epoch 91/100  lr 1.71e-06  loss 0.25649  ce 0.39162  kd 0.12136  train_acc 86.339  val_acc 91.08  (27.9s)
epoch 92/100  lr 1.48e-06  loss 0.26485  ce 0.40529  kd 0.12440  train_acc 84.903  val_acc 91.24  (27.6s)
epoch 93/100  lr 1.28e-06  loss 0.24546  ce 0.37700  kd 0.11392  train_acc 85.452  val_acc 91.33  (27.8s)
epoch 94/100  lr 1.1e-06  loss 0.24780  ce 0.38320  kd 0.11241  train_acc 87.268  val_acc 91.24  (27.9s)
epoch 95/100  lr 9.38e-07  loss 0.26535  ce 0.40677  kd 0.12393  train_acc 83.446  val_acc 91.08  (28.5s)
epoch 96/100  lr 8.05e-07  loss 0.25970  ce 0.40129  kd 0.11810  train_acc 83.826  val_acc 91.24  (28.9s)
epoch 97/100  lr 6.95e-07  loss 0.25763  ce 0.38953  kd 0.12573  train_acc 85.642  val_acc 91.08  (28.3s)
epoch 98/100  lr 6.1e-07  loss 0.26456  ce 0.39894  kd 0.13018  train_acc 85.790  val_acc 91.08  (29.2s)
epoch 99/100  lr 5.49e-07  loss 0.26480  ce 0.40695  kd 0.12264  train_acc 82.665  val_acc 91.33  (28.3s)
epoch 100/100  lr 5.12e-07  loss 0.25849  ce 0.39403  kd 0.12296  train_acc 81.883  val_acc 91.24  (25.2s)
done. final val acc 91.24  best 92.16 @ epoch 40
