
===== 2026-10-04 02:05:22 pid=190194 /home/coder/aim-lab-stage12/stage0/train.py --mode maskedkd --mask-criterion maskedkd --keep 0.3 --dataset cub --seed 1 --lr 0.0001
run dir: /home/coder/stage0/outputs/cub/maskedkd_k0.3/seed1
state: new  device: cuda  micro_batch: 128  accum: 1  num_workers: 3
train 5394  val 600  steps/epoch 42
teacher: /home/coder/stage0/outputs/cub/teacher/seed0/best.pt (epoch 25, val acc 86.33)
epoch 1/100  lr 1e-06  loss 4.03691  ce 5.39081  kd 2.68300  train_acc 0.539  val_acc 0.17  (33.7s)
epoch 2/100  lr 2.08e-05  loss 3.92037  ce 5.33381  kd 2.50692  train_acc 0.539  val_acc 1.00  (32.3s)
epoch 3/100  lr 4.06e-05  loss 3.84150  ce 5.25941  kd 2.42359  train_acc 0.911  val_acc 3.00  (32.4s)
epoch 4/100  lr 6.04e-05  loss 3.76171  ce 5.08516  kd 2.43826  train_acc 2.790  val_acc 12.67  (32.1s)
epoch 5/100  lr 8.02e-05  loss 3.46369  ce 4.84274  kd 2.08463  train_acc 5.264  val_acc 20.83  (32.0s)
epoch 6/100  lr 9.94e-05  loss 3.22545  ce 4.61813  kd 1.83277  train_acc 8.092  val_acc 30.67  (32.8s)
epoch 7/100  lr 9.91e-05  loss 3.03565  ce 4.43883  kd 1.63247  train_acc 12.965  val_acc 36.83  (32.3s)
epoch 8/100  lr 9.88e-05  loss 2.90586  ce 4.31114  kd 1.50058  train_acc 14.528  val_acc 44.67  (32.7s)
epoch 9/100  lr 9.84e-05  loss 2.80632  ce 4.23333  kd 1.37932  train_acc 16.555  val_acc 45.17  (32.6s)
epoch 10/100  lr 9.8e-05  loss 2.69122  ce 4.07923  kd 1.30320  train_acc 20.517  val_acc 51.17  (31.9s)
epoch 11/100  lr 9.76e-05  loss 2.61527  ce 4.01326  kd 1.21728  train_acc 20.108  val_acc 55.67  (31.7s)
epoch 12/100  lr 9.71e-05  loss 2.55924  ce 3.94258  kd 1.17590  train_acc 27.641  val_acc 57.17  (32.2s)
epoch 13/100  lr 9.65e-05  loss 2.46925  ce 3.84271  kd 1.09580  train_acc 23.828  val_acc 62.00  (32.6s)
epoch 14/100  lr 9.59e-05  loss 2.38466  ce 3.70189  kd 1.06743  train_acc 28.162  val_acc 62.50  (32.5s)
epoch 15/100  lr 9.53e-05  loss 2.40270  ce 3.78832  kd 1.01708  train_acc 30.469  val_acc 65.00  (31.9s)
epoch 16/100  lr 9.46e-05  loss 2.35142  ce 3.72195  kd 0.98089  train_acc 22.786  val_acc 66.17  (32.2s)
epoch 17/100  lr 9.39e-05  loss 2.28092  ce 3.61137  kd 0.95047  train_acc 30.729  val_acc 68.33  (31.2s)
epoch 18/100  lr 9.31e-05  loss 2.24312  ce 3.55948  kd 0.92677  train_acc 29.111  val_acc 67.83  (31.7s)
epoch 19/100  lr 9.23e-05  loss 2.19068  ce 3.49366  kd 0.88770  train_acc 31.864  val_acc 68.83  (31.4s)
epoch 20/100  lr 9.14e-05  loss 2.11685  ce 3.36944  kd 0.86426  train_acc 28.739  val_acc 70.50  (32.1s)
epoch 21/100  lr 9.05e-05  loss 2.23604  ce 3.59968  kd 0.87240  train_acc 30.580  val_acc 72.67  (31.6s)
epoch 22/100  lr 8.96e-05  loss 2.12225  ce 3.40320  kd 0.84131  train_acc 30.283  val_acc 72.67  (31.3s)
epoch 23/100  lr 8.86e-05  loss 2.21830  ce 3.61077  kd 0.82584  train_acc 33.464  val_acc 71.33  (31.2s)
epoch 24/100  lr 8.76e-05  loss 2.17649  ce 3.54274  kd 0.81024  train_acc 34.654  val_acc 73.33  (31.4s)
epoch 25/100  lr 8.66e-05  loss 2.12751  ce 3.45897  kd 0.79606  train_acc 34.766  val_acc 73.83  (31.7s)
epoch 26/100  lr 8.55e-05  loss 2.02135  ce 3.25632  kd 0.78638  train_acc 34.580  val_acc 74.50  (32.5s)
epoch 27/100  lr 8.44e-05  loss 2.10531  ce 3.42970  kd 0.78093  train_acc 34.673  val_acc 74.50  (32.4s)
epoch 28/100  lr 8.32e-05  loss 2.11065  ce 3.44563  kd 0.77567  train_acc 30.580  val_acc 77.33  (32.1s)
epoch 29/100  lr 8.21e-05  loss 2.06871  ce 3.36896  kd 0.76846  train_acc 39.323  val_acc 77.00  (31.4s)
epoch 30/100  lr 8.08e-05  loss 2.03008  ce 3.31351  kd 0.74665  train_acc 33.798  val_acc 77.33  (31.4s)
epoch 31/100  lr 7.96e-05  loss 1.99308  ce 3.24807  kd 0.73810  train_acc 37.351  val_acc 76.50  (31.8s)
epoch 32/100  lr 7.83e-05  loss 2.04126  ce 3.34045  kd 0.74206  train_acc 35.584  val_acc 78.00  (31.7s)
epoch 33/100  lr 7.7e-05  loss 1.99134  ce 3.23867  kd 0.74402  train_acc 41.164  val_acc 76.83  (31.6s)
epoch 34/100  lr 7.57e-05  loss 2.05917  ce 3.38678  kd 0.73156  train_acc 35.417  val_acc 77.67  (31.2s)
epoch 35/100  lr 7.43e-05  loss 2.03299  ce 3.33129  kd 0.73470  train_acc 34.003  val_acc 76.83  (31.6s)
epoch 36/100  lr 7.3e-05  loss 1.99638  ce 3.28547  kd 0.70729  train_acc 35.417  val_acc 79.33  (31.3s)
epoch 37/100  lr 7.16e-05  loss 2.03548  ce 3.34976  kd 0.72120  train_acc 39.695  val_acc 79.33  (31.4s)
epoch 38/100  lr 7.02e-05  loss 1.99037  ce 3.26948  kd 0.71127  train_acc 34.487  val_acc 79.00  (31.0s)
epoch 39/100  lr 6.87e-05  loss 2.01882  ce 3.32644  kd 0.71120  train_acc 30.971  val_acc 78.50  (31.3s)
epoch 40/100  lr 6.73e-05  loss 1.99679  ce 3.28676  kd 0.70681  train_acc 42.504  val_acc 79.17  (32.0s)
epoch 41/100  lr 6.58e-05  loss 1.96644  ce 3.22769  kd 0.70520  train_acc 39.732  val_acc 79.83  (31.6s)
epoch 42/100  lr 6.43e-05  loss 1.95403  ce 3.20574  kd 0.70231  train_acc 35.472  val_acc 79.50  (31.3s)
epoch 43/100  lr 6.28e-05  loss 2.03316  ce 3.35575  kd 0.71057  train_acc 40.272  val_acc 78.50  (32.0s)
epoch 44/100  lr 6.13e-05  loss 2.00589  ce 3.30574  kd 0.70603  train_acc 34.691  val_acc 80.33  (30.9s)
epoch 45/100  lr 5.98e-05  loss 2.02904  ce 3.35163  kd 0.70645  train_acc 34.933  val_acc 79.17  (30.5s)
epoch 46/100  lr 5.82e-05  loss 2.00772  ce 3.29941  kd 0.71603  train_acc 30.952  val_acc 81.33  (30.6s)
epoch 47/100  lr 5.67e-05  loss 2.05053  ce 3.39123  kd 0.70982  train_acc 27.418  val_acc 80.83  (31.7s)
epoch 48/100  lr 5.52e-05  loss 2.00690  ce 3.30726  kd 0.70655  train_acc 34.077  val_acc 80.50  (30.5s)
epoch 49/100  lr 5.36e-05  loss 1.91399  ce 3.14603  kd 0.68195  train_acc 38.579  val_acc 81.33  (31.0s)
epoch 50/100  lr 5.21e-05  loss 2.01194  ce 3.32423  kd 0.69964  train_acc 30.227  val_acc 81.50  (30.2s)
epoch 51/100  lr 5.05e-05  loss 1.94625  ce 3.22285  kd 0.66965  train_acc 38.207  val_acc 81.17  (30.9s)
epoch 52/100  lr 4.89e-05  loss 1.95401  ce 3.22281  kd 0.68521  train_acc 35.900  val_acc 81.50  (30.7s)
epoch 53/100  lr 4.74e-05  loss 1.98024  ce 3.27281  kd 0.68767  train_acc 35.100  val_acc 81.50  (31.0s)
epoch 54/100  lr 4.58e-05  loss 1.95491  ce 3.23287  kd 0.67695  train_acc 40.402  val_acc 81.83  (30.7s)
epoch 55/100  lr 4.43e-05  loss 1.94893  ce 3.21227  kd 0.68559  train_acc 34.208  val_acc 81.00  (30.7s)
epoch 56/100  lr 4.28e-05  loss 1.91168  ce 3.16263  kd 0.66072  train_acc 41.890  val_acc 81.00  (30.9s)
epoch 57/100  lr 4.12e-05  loss 1.86571  ce 3.07206  kd 0.65936  train_acc 42.708  val_acc 80.83  (30.5s)
epoch 58/100  lr 3.97e-05  loss 1.99120  ce 3.29011  kd 0.69228  train_acc 40.569  val_acc 80.50  (30.7s)
epoch 59/100  lr 3.82e-05  loss 1.94011  ce 3.20480  kd 0.67541  train_acc 32.812  val_acc 80.83  (30.5s)
epoch 60/100  lr 3.67e-05  loss 1.98074  ce 3.29525  kd 0.66624  train_acc 33.910  val_acc 80.83  (30.1s)
epoch 61/100  lr 3.52e-05  loss 1.81959  ce 2.99843  kd 0.64075  train_acc 45.740  val_acc 81.67  (30.8s)
epoch 62/100  lr 3.37e-05  loss 1.85481  ce 3.05272  kd 0.65690  train_acc 36.421  val_acc 81.00  (31.1s)
epoch 63/100  lr 3.23e-05  loss 2.01573  ce 3.32678  kd 0.70468  train_acc 38.951  val_acc 81.67  (30.8s)
epoch 64/100  lr 3.08e-05  loss 1.94810  ce 3.21749  kd 0.67870  train_acc 44.810  val_acc 82.17  (30.8s)
epoch 65/100  lr 2.94e-05  loss 1.88439  ce 3.10855  kd 0.66024  train_acc 36.644  val_acc 82.17  (30.5s)
epoch 66/100  lr 2.8e-05  loss 1.82265  ce 2.99970  kd 0.64560  train_acc 42.467  val_acc 82.17  (30.8s)
epoch 67/100  lr 2.67e-05  loss 1.91617  ce 3.15565  kd 0.67669  train_acc 37.872  val_acc 81.83  (31.1s)
epoch 68/100  lr 2.53e-05  loss 1.90029  ce 3.13279  kd 0.66779  train_acc 39.397  val_acc 82.17  (30.9s)
epoch 69/100  lr 2.4e-05  loss 1.91291  ce 3.15714  kd 0.66868  train_acc 41.369  val_acc 82.67  (30.4s)
epoch 70/100  lr 2.27e-05  loss 1.89297  ce 3.13522  kd 0.65072  train_acc 38.597  val_acc 81.83  (30.3s)
epoch 71/100  lr 2.14e-05  loss 1.94414  ce 3.22480  kd 0.66348  train_acc 39.323  val_acc 81.83  (30.4s)
epoch 72/100  lr 2.02e-05  loss 1.96407  ce 3.25725  kd 0.67089  train_acc 36.551  val_acc 82.50  (30.8s)
epoch 73/100  lr 1.89e-05  loss 1.97869  ce 3.28388  kd 0.67349  train_acc 37.128  val_acc 82.83  (30.7s)
epoch 74/100  lr 1.78e-05  loss 1.83161  ce 3.02757  kd 0.63564  train_acc 41.760  val_acc 82.50  (30.0s)
epoch 75/100  lr 1.66e-05  loss 1.90907  ce 3.16368  kd 0.65447  train_acc 48.940  val_acc 82.50  (30.2s)
epoch 76/100  lr 1.55e-05  loss 1.86559  ce 3.08708  kd 0.64409  train_acc 43.397  val_acc 82.17  (30.2s)
epoch 77/100  lr 1.44e-05  loss 1.90674  ce 3.13508  kd 0.67841  train_acc 46.894  val_acc 83.00  (30.3s)
epoch 78/100  lr 1.34e-05  loss 1.92794  ce 3.19027  kd 0.66561  train_acc 36.979  val_acc 82.50  (30.9s)
epoch 79/100  lr 1.24e-05  loss 1.86634  ce 3.07812  kd 0.65456  train_acc 45.647  val_acc 83.33  (30.1s)
epoch 80/100  lr 1.14e-05  loss 1.87663  ce 3.11182  kd 0.64144  train_acc 44.327  val_acc 83.00  (30.5s)
epoch 81/100  lr 1.05e-05  loss 1.95301  ce 3.24593  kd 0.66010  train_acc 37.891  val_acc 82.83  (30.3s)
epoch 82/100  lr 9.56e-06  loss 1.91808  ce 3.18255  kd 0.65362  train_acc 40.383  val_acc 82.83  (30.3s)
epoch 83/100  lr 8.71e-06  loss 1.87425  ce 3.09144  kd 0.65707  train_acc 44.996  val_acc 83.00  (30.9s)
epoch 84/100  lr 7.89e-06  loss 1.85107  ce 3.06439  kd 0.63774  train_acc 40.290  val_acc 82.50  (30.5s)
epoch 85/100  lr 7.12e-06  loss 1.87971  ce 3.10034  kd 0.65908  train_acc 43.806  val_acc 82.67  (30.3s)
epoch 86/100  lr 6.4e-06  loss 1.87938  ce 3.09940  kd 0.65937  train_acc 42.485  val_acc 82.83  (30.0s)
epoch 87/100  lr 5.71e-06  loss 1.84004  ce 3.04451  kd 0.63557  train_acc 38.281  val_acc 82.83  (30.4s)
epoch 88/100  lr 5.07e-06  loss 1.91952  ce 3.18009  kd 0.65894  train_acc 37.742  val_acc 82.83  (30.4s)
epoch 89/100  lr 4.48e-06  loss 1.91213  ce 3.15163  kd 0.67263  train_acc 37.295  val_acc 82.67  (30.3s)
epoch 90/100  lr 3.93e-06  loss 1.87884  ce 3.09512  kd 0.66256  train_acc 46.894  val_acc 82.67  (30.5s)
epoch 91/100  lr 3.42e-06  loss 1.83659  ce 3.04508  kd 0.62809  train_acc 44.308  val_acc 82.67  (29.9s)
epoch 92/100  lr 2.97e-06  loss 1.92993  ce 3.19197  kd 0.66789  train_acc 41.295  val_acc 83.00  (29.9s)
epoch 93/100  lr 2.56e-06  loss 1.80174  ce 2.97683  kd 0.62665  train_acc 43.080  val_acc 83.17  (30.6s)
epoch 94/100  lr 2.19e-06  loss 1.83644  ce 3.03357  kd 0.63932  train_acc 44.550  val_acc 83.17  (30.3s)
epoch 95/100  lr 1.88e-06  loss 1.92973  ce 3.19821  kd 0.66125  train_acc 38.132  val_acc 83.33  (30.8s)
epoch 96/100  lr 1.61e-06  loss 1.90079  ce 3.14595  kd 0.65563  train_acc 39.807  val_acc 83.17  (30.2s)
epoch 97/100  lr 1.39e-06  loss 1.88304  ce 3.10131  kd 0.66478  train_acc 42.615  val_acc 83.33  (29.6s)
epoch 98/100  lr 1.22e-06  loss 1.90096  ce 3.14362  kd 0.65830  train_acc 44.308  val_acc 83.33  (30.0s)
epoch 99/100  lr 1.1e-06  loss 1.90054  ce 3.15306  kd 0.64802  train_acc 38.932  val_acc 83.33  (29.8s)
epoch 100/100  lr 1.02e-06  loss 1.85292  ce 3.06613  kd 0.63971  train_acc 35.007  val_acc 83.33  (29.8s)
done. final val acc 83.33  best 83.33 @ epoch 79
