
===== 2026-10-04 03:48:18 gpu=0 /home/coder/aim-lab-stage12/.venv/bin/python -m stage0.train --mode maskedkd --mask-criterion random --keep 0.3 --dataset cub --seed 1 --lr 0.0001
run dir: /home/coder/stage0/outputs/cub/random_k0.3/seed1
state: new  device: cuda  micro_batch: 128  accum: 1  num_workers: 3
train 5394  val 600  steps/epoch 42
Warning: You are sending unauthenticated requests to the HF Hub. Please set a HF_TOKEN to enable higher rate limits and faster downloads.
teacher: /home/coder/stage0/outputs/cub/teacher/seed0/best.pt (epoch 25, val acc 86.33)
epoch 1/100  lr 1e-06  loss 3.83369  ce 5.39056  kd 2.27682  train_acc 0.539  val_acc 0.33  (29.2s)
epoch 2/100  lr 2.08e-05  loss 3.75761  ce 5.33285  kd 2.18236  train_acc 0.502  val_acc 1.50  (28.7s)
epoch 3/100  lr 4.06e-05  loss 3.69577  ce 5.26063  kd 2.13090  train_acc 0.967  val_acc 2.83  (29.3s)
epoch 4/100  lr 6.04e-05  loss 3.52215  ce 5.08773  kd 1.95658  train_acc 2.381  val_acc 9.67  (29.6s)
epoch 5/100  lr 8.02e-05  loss 3.25868  ce 4.85184  kd 1.66553  train_acc 5.134  val_acc 20.50  (29.2s)
epoch 6/100  lr 9.94e-05  loss 3.04513  ce 4.63515  kd 1.45510  train_acc 7.775  val_acc 29.17  (29.6s)
epoch 7/100  lr 9.91e-05  loss 2.87953  ce 4.46120  kd 1.29786  train_acc 12.165  val_acc 34.00  (29.9s)
epoch 8/100  lr 9.88e-05  loss 2.77615  ce 4.33959  kd 1.21271  train_acc 13.616  val_acc 41.17  (29.5s)
epoch 9/100  lr 9.84e-05  loss 2.68680  ce 4.25849  kd 1.11511  train_acc 15.458  val_acc 41.83  (30.2s)
epoch 10/100  lr 9.8e-05  loss 2.59236  ce 4.11699  kd 1.06772  train_acc 20.108  val_acc 48.83  (29.2s)
epoch 11/100  lr 9.76e-05  loss 2.53419  ce 4.04195  kd 1.02642  train_acc 19.754  val_acc 52.33  (29.1s)
epoch 12/100  lr 9.71e-05  loss 2.48878  ce 3.97968  kd 0.99788  train_acc 26.823  val_acc 56.67  (29.2s)
epoch 13/100  lr 9.65e-05  loss 2.41063  ce 3.88088  kd 0.94039  train_acc 22.861  val_acc 57.83  (29.1s)
epoch 14/100  lr 9.59e-05  loss 2.34757  ce 3.75442  kd 0.94071  train_acc 26.730  val_acc 60.00  (29.6s)
epoch 15/100  lr 9.53e-05  loss 2.36563  ce 3.82397  kd 0.90728  train_acc 29.669  val_acc 62.33  (29.7s)
epoch 16/100  lr 9.46e-05  loss 2.33282  ce 3.76691  kd 0.89873  train_acc 21.856  val_acc 62.83  (29.8s)
epoch 17/100  lr 9.39e-05  loss 2.26785  ce 3.66309  kd 0.87262  train_acc 30.376  val_acc 64.17  (30.2s)
epoch 18/100  lr 9.31e-05  loss 2.23353  ce 3.61627  kd 0.85080  train_acc 28.292  val_acc 67.50  (30.2s)
epoch 19/100  lr 9.23e-05  loss 2.19428  ce 3.54817  kd 0.84039  train_acc 31.343  val_acc 67.33  (29.9s)
epoch 20/100  lr 9.14e-05  loss 2.12678  ce 3.42477  kd 0.82879  train_acc 27.734  val_acc 69.00  (29.6s)
epoch 21/100  lr 9.05e-05  loss 2.23913  ce 3.64014  kd 0.83811  train_acc 29.892  val_acc 70.33  (29.5s)
epoch 22/100  lr 8.96e-05  loss 2.13309  ce 3.45271  kd 0.81347  train_acc 29.911  val_acc 70.33  (30.2s)
epoch 23/100  lr 8.86e-05  loss 2.23733  ce 3.65481  kd 0.81984  train_acc 33.017  val_acc 71.00  (29.0s)
epoch 24/100  lr 8.76e-05  loss 2.19602  ce 3.59488  kd 0.79715  train_acc 33.929  val_acc 70.67  (29.6s)
epoch 25/100  lr 8.66e-05  loss 2.15653  ce 3.51564  kd 0.79742  train_acc 33.780  val_acc 71.00  (29.7s)
epoch 26/100  lr 8.55e-05  loss 2.05119  ce 3.31226  kd 0.79011  train_acc 33.854  val_acc 71.50  (29.6s)
epoch 27/100  lr 8.44e-05  loss 2.13135  ce 3.47675  kd 0.78596  train_acc 34.282  val_acc 71.33  (29.7s)
epoch 28/100  lr 8.32e-05  loss 2.13992  ce 3.48917  kd 0.79067  train_acc 30.357  val_acc 73.50  (29.9s)
epoch 29/100  lr 8.21e-05  loss 2.10049  ce 3.42120  kd 0.77977  train_acc 38.765  val_acc 72.33  (29.8s)
epoch 30/100  lr 8.08e-05  loss 2.06869  ce 3.36312  kd 0.77425  train_acc 32.608  val_acc 75.67  (29.6s)
epoch 31/100  lr 7.96e-05  loss 2.03566  ce 3.29852  kd 0.77279  train_acc 36.923  val_acc 73.17  (29.6s)
epoch 32/100  lr 7.83e-05  loss 2.08125  ce 3.39398  kd 0.76852  train_acc 34.487  val_acc 75.50  (29.8s)
epoch 33/100  lr 7.7e-05  loss 2.03158  ce 3.29250  kd 0.77066  train_acc 40.588  val_acc 74.00  (30.1s)
epoch 34/100  lr 7.57e-05  loss 2.10441  ce 3.43491  kd 0.77391  train_acc 34.784  val_acc 74.17  (30.2s)
epoch 35/100  lr 7.43e-05  loss 2.07511  ce 3.38532  kd 0.76489  train_acc 33.929  val_acc 76.00  (30.2s)
epoch 36/100  lr 7.3e-05  loss 2.04750  ce 3.33225  kd 0.76276  train_acc 35.100  val_acc 75.83  (30.2s)
epoch 37/100  lr 7.16e-05  loss 2.07878  ce 3.39222  kd 0.76533  train_acc 39.211  val_acc 76.67  (30.2s)
epoch 38/100  lr 7.02e-05  loss 2.03737  ce 3.32000  kd 0.75473  train_acc 33.687  val_acc 76.00  (30.2s)
epoch 39/100  lr 6.87e-05  loss 2.06655  ce 3.37120  kd 0.76189  train_acc 30.711  val_acc 78.33  (30.3s)
epoch 40/100  lr 6.73e-05  loss 2.04381  ce 3.32892  kd 0.75871  train_acc 42.597  val_acc 76.50  (30.5s)
epoch 41/100  lr 6.58e-05  loss 2.01971  ce 3.27306  kd 0.76637  train_acc 38.895  val_acc 76.50  (30.4s)
epoch 42/100  lr 6.43e-05  loss 2.01089  ce 3.25655  kd 0.76523  train_acc 35.621  val_acc 77.00  (30.9s)
epoch 43/100  lr 6.28e-05  loss 2.08478  ce 3.40414  kd 0.76542  train_acc 40.179  val_acc 75.83  (30.9s)
epoch 44/100  lr 6.13e-05  loss 2.05622  ce 3.35714  kd 0.75530  train_acc 34.096  val_acc 77.33  (30.0s)
epoch 45/100  lr 5.98e-05  loss 2.07872  ce 3.39707  kd 0.76038  train_acc 33.910  val_acc 78.33  (31.0s)
epoch 46/100  lr 5.82e-05  loss 2.04888  ce 3.34064  kd 0.75712  train_acc 31.622  val_acc 78.50  (31.3s)
epoch 47/100  lr 5.67e-05  loss 2.10069  ce 3.43538  kd 0.76601  train_acc 26.302  val_acc 77.67  (31.2s)
epoch 48/100  lr 5.52e-05  loss 2.05660  ce 3.35021  kd 0.76300  train_acc 34.189  val_acc 78.33  (31.1s)
epoch 49/100  lr 5.36e-05  loss 1.97140  ce 3.20138  kd 0.74142  train_acc 38.504  val_acc 79.17  (31.5s)
epoch 50/100  lr 5.21e-05  loss 2.05755  ce 3.36072  kd 0.75437  train_acc 29.874  val_acc 78.50  (31.0s)
epoch 51/100  lr 5.05e-05  loss 2.00281  ce 3.26975  kd 0.73586  train_acc 37.984  val_acc 78.17  (31.2s)
epoch 52/100  lr 4.89e-05  loss 2.00876  ce 3.26697  kd 0.75056  train_acc 35.863  val_acc 78.67  (31.1s)
epoch 53/100  lr 4.74e-05  loss 2.03411  ce 3.31459  kd 0.75363  train_acc 34.654  val_acc 78.67  (30.4s)
epoch 54/100  lr 4.58e-05  loss 2.01448  ce 3.28428  kd 0.74468  train_acc 40.086  val_acc 78.83  (30.5s)
epoch 55/100  lr 4.43e-05  loss 2.00815  ce 3.26199  kd 0.75431  train_acc 34.356  val_acc 79.50  (30.5s)
epoch 56/100  lr 4.28e-05  loss 1.97692  ce 3.21585  kd 0.73800  train_acc 40.681  val_acc 78.67  (30.9s)
epoch 57/100  lr 4.12e-05  loss 1.93060  ce 3.12561  kd 0.73558  train_acc 42.894  val_acc 80.00  (30.5s)
epoch 58/100  lr 3.97e-05  loss 2.04626  ce 3.33438  kd 0.75813  train_acc 39.825  val_acc 79.33  (30.6s)
epoch 59/100  lr 3.82e-05  loss 2.00008  ce 3.25707  kd 0.74308  train_acc 32.161  val_acc 78.67  (30.4s)
epoch 60/100  lr 3.67e-05  loss 2.03820  ce 3.33699  kd 0.73940  train_acc 33.668  val_acc 80.17  (31.2s)
epoch 61/100  lr 3.52e-05  loss 1.89174  ce 3.05160  kd 0.73187  train_acc 45.443  val_acc 80.00  (30.3s)
epoch 62/100  lr 3.37e-05  loss 1.92041  ce 3.10238  kd 0.73845  train_acc 36.607  val_acc 80.33  (30.8s)
epoch 63/100  lr 3.23e-05  loss 2.06412  ce 3.37266  kd 0.75558  train_acc 38.783  val_acc 81.33  (30.6s)
epoch 64/100  lr 3.08e-05  loss 1.99798  ce 3.26001  kd 0.73595  train_acc 44.922  val_acc 80.83  (30.0s)
epoch 65/100  lr 2.94e-05  loss 1.94874  ce 3.16073  kd 0.73675  train_acc 36.533  val_acc 81.17  (30.0s)
epoch 66/100  lr 2.8e-05  loss 1.88952  ce 3.05407  kd 0.72498  train_acc 42.113  val_acc 81.17  (29.8s)
epoch 67/100  lr 2.67e-05  loss 1.97383  ce 3.20598  kd 0.74169  train_acc 37.705  val_acc 81.67  (30.6s)
epoch 68/100  lr 2.53e-05  loss 1.95437  ce 3.17985  kd 0.72888  train_acc 39.788  val_acc 80.33  (30.3s)
epoch 69/100  lr 2.4e-05  loss 1.97326  ce 3.20536  kd 0.74116  train_acc 41.685  val_acc 81.00  (30.3s)
epoch 70/100  lr 2.27e-05  loss 1.95469  ce 3.17902  kd 0.73036  train_acc 38.839  val_acc 81.00  (30.6s)
epoch 71/100  lr 2.14e-05  loss 2.00638  ce 3.27003  kd 0.74273  train_acc 39.267  val_acc 81.17  (30.8s)
epoch 72/100  lr 2.02e-05  loss 2.02640  ce 3.30054  kd 0.75226  train_acc 36.365  val_acc 80.00  (30.4s)
epoch 73/100  lr 1.89e-05  loss 2.03276  ce 3.32131  kd 0.74420  train_acc 37.202  val_acc 80.33  (30.7s)
epoch 74/100  lr 1.78e-05  loss 1.90224  ce 3.07638  kd 0.72809  train_acc 41.369  val_acc 81.33  (30.2s)
epoch 75/100  lr 1.66e-05  loss 1.97636  ce 3.20654  kd 0.74618  train_acc 49.330  val_acc 81.00  (29.9s)
epoch 76/100  lr 1.55e-05  loss 1.93743  ce 3.13211  kd 0.74274  train_acc 43.527  val_acc 80.33  (30.6s)
epoch 77/100  lr 1.44e-05  loss 1.96324  ce 3.17716  kd 0.74931  train_acc 47.210  val_acc 81.33  (30.2s)
epoch 78/100  lr 1.34e-05  loss 1.98913  ce 3.22708  kd 0.75117  train_acc 37.016  val_acc 80.83  (30.5s)
epoch 79/100  lr 1.24e-05  loss 1.93136  ce 3.12570  kd 0.73702  train_acc 45.201  val_acc 80.67  (30.3s)
epoch 80/100  lr 1.14e-05  loss 1.94572  ce 3.15576  kd 0.73567  train_acc 44.661  val_acc 81.17  (30.0s)
epoch 81/100  lr 1.05e-05  loss 2.02333  ce 3.28887  kd 0.75778  train_acc 37.872  val_acc 81.00  (30.3s)
epoch 82/100  lr 9.56e-06  loss 1.98901  ce 3.23372  kd 0.74430  train_acc 39.565  val_acc 80.67  (31.1s)
epoch 83/100  lr 8.71e-06  loss 1.93674  ce 3.12944  kd 0.74404  train_acc 44.978  val_acc 81.33  (30.5s)
epoch 84/100  lr 7.89e-06  loss 1.92603  ce 3.12035  kd 0.73171  train_acc 40.662  val_acc 81.17  (29.8s)
epoch 85/100  lr 7.12e-06  loss 1.94948  ce 3.14748  kd 0.75148  train_acc 44.085  val_acc 81.00  (30.3s)
epoch 86/100  lr 6.4e-06  loss 1.93836  ce 3.14836  kd 0.72836  train_acc 42.448  val_acc 80.50  (29.7s)
epoch 87/100  lr 5.71e-06  loss 1.90976  ce 3.09374  kd 0.72577  train_acc 37.872  val_acc 80.83  (30.0s)
epoch 88/100  lr 5.07e-06  loss 1.97887  ce 3.22729  kd 0.73046  train_acc 38.318  val_acc 81.33  (29.7s)
epoch 89/100  lr 4.48e-06  loss 1.97146  ce 3.19938  kd 0.74355  train_acc 37.370  val_acc 81.33  (29.4s)
epoch 90/100  lr 3.93e-06  loss 1.94089  ce 3.14194  kd 0.73984  train_acc 46.819  val_acc 81.33  (29.5s)
epoch 91/100  lr 3.42e-06  loss 1.90849  ce 3.08976  kd 0.72723  train_acc 44.085  val_acc 81.17  (29.4s)
epoch 92/100  lr 2.97e-06  loss 1.99620  ce 3.23939  kd 0.75302  train_acc 41.313  val_acc 81.50  (29.6s)
epoch 93/100  lr 2.56e-06  loss 1.87510  ce 3.02690  kd 0.72330  train_acc 42.801  val_acc 81.33  (29.7s)
epoch 94/100  lr 2.19e-06  loss 1.90206  ce 3.07840  kd 0.72572  train_acc 44.680  val_acc 81.50  (29.7s)
epoch 95/100  lr 1.88e-06  loss 1.99002  ce 3.24184  kd 0.73820  train_acc 38.207  val_acc 81.33  (30.1s)
epoch 96/100  lr 1.61e-06  loss 1.95790  ce 3.19064  kd 0.72517  train_acc 39.844  val_acc 81.33  (29.2s)
epoch 97/100  lr 1.39e-06  loss 1.94271  ce 3.14481  kd 0.74061  train_acc 43.266  val_acc 81.00  (29.4s)
epoch 98/100  lr 1.22e-06  loss 1.96082  ce 3.18437  kd 0.73727  train_acc 44.587  val_acc 81.00  (30.3s)
epoch 99/100  lr 1.1e-06  loss 1.97320  ce 3.19922  kd 0.74718  train_acc 38.932  val_acc 81.50  (29.6s)
epoch 100/100  lr 1.02e-06  loss 1.92347  ce 3.11503  kd 0.73191  train_acc 35.491  val_acc 81.67  (29.7s)
done. final val acc 81.67  best 81.67 @ epoch 67
