
===== 2026-10-04 03:48:28 gpu=0 /home/coder/aim-lab-stage12/.venv/bin/python -m stage0.train --mode maskedkd --mask-criterion random --keep 0.3 --dataset cub --seed 2 --lr 0.0001
run dir: /home/coder/stage0/outputs/cub/random_k0.3/seed2
state: new  device: cuda  micro_batch: 128  accum: 1  num_workers: 3
train 5394  val 600  steps/epoch 42
Warning: You are sending unauthenticated requests to the HF Hub. Please set a HF_TOKEN to enable higher rate limits and faster downloads.
teacher: /home/coder/stage0/outputs/cub/teacher/seed0/best.pt (epoch 25, val acc 86.33)
epoch 1/100  lr 1e-06  loss 3.86446  ce 5.39659  kd 2.33232  train_acc 0.484  val_acc 0.00  (31.5s)
epoch 2/100  lr 2.08e-05  loss 3.75160  ce 5.34262  kd 2.16058  train_acc 0.651  val_acc 0.00  (29.8s)
epoch 3/100  lr 4.06e-05  loss 3.67695  ce 5.27904  kd 2.07486  train_acc 1.172  val_acc 2.83  (29.8s)
epoch 4/100  lr 6.04e-05  loss 3.57456  ce 5.13103  kd 2.01810  train_acc 3.088  val_acc 10.33  (30.0s)
epoch 5/100  lr 8.02e-05  loss 3.29656  ce 4.85229  kd 1.74082  train_acc 6.213  val_acc 17.00  (29.6s)
epoch 6/100  lr 9.94e-05  loss 3.05835  ce 4.64051  kd 1.47618  train_acc 8.352  val_acc 25.83  (29.6s)
epoch 7/100  lr 9.91e-05  loss 2.86961  ce 4.37745  kd 1.36177  train_acc 12.221  val_acc 32.67  (29.8s)
epoch 8/100  lr 9.88e-05  loss 2.73826  ce 4.23430  kd 1.24221  train_acc 15.830  val_acc 39.67  (30.2s)
epoch 9/100  lr 9.84e-05  loss 2.63757  ce 4.12788  kd 1.14726  train_acc 16.443  val_acc 45.00  (30.3s)
epoch 10/100  lr 9.8e-05  loss 2.59516  ce 4.12973  kd 1.06058  train_acc 21.708  val_acc 49.67  (29.9s)
epoch 11/100  lr 9.76e-05  loss 2.48517  ce 3.94191  kd 1.02843  train_acc 20.089  val_acc 51.83  (31.1s)
epoch 12/100  lr 9.71e-05  loss 2.50969  ce 4.03236  kd 0.98703  train_acc 21.038  val_acc 52.83  (29.0s)
epoch 13/100  lr 9.65e-05  loss 2.46259  ce 3.97648  kd 0.94871  train_acc 23.456  val_acc 56.33  (29.8s)
epoch 14/100  lr 9.59e-05  loss 2.37375  ce 3.81996  kd 0.92754  train_acc 26.879  val_acc 57.67  (29.2s)
epoch 15/100  lr 9.53e-05  loss 2.37129  ce 3.84099  kd 0.90158  train_acc 24.684  val_acc 60.33  (29.3s)
epoch 16/100  lr 9.46e-05  loss 2.29604  ce 3.71066  kd 0.88142  train_acc 23.214  val_acc 64.50  (29.6s)
epoch 17/100  lr 9.39e-05  loss 2.26744  ce 3.65923  kd 0.87564  train_acc 31.157  val_acc 62.67  (30.3s)
epoch 18/100  lr 9.31e-05  loss 2.29413  ce 3.73747  kd 0.85079  train_acc 30.543  val_acc 63.50  (30.2s)
epoch 19/100  lr 9.23e-05  loss 2.27773  ce 3.70962  kd 0.84585  train_acc 28.999  val_acc 67.00  (29.5s)
epoch 20/100  lr 9.14e-05  loss 2.21622  ce 3.60231  kd 0.83012  train_acc 27.418  val_acc 67.50  (30.0s)
epoch 21/100  lr 9.05e-05  loss 2.18900  ce 3.55012  kd 0.82787  train_acc 29.353  val_acc 69.17  (29.3s)
epoch 22/100  lr 8.96e-05  loss 2.19523  ce 3.56222  kd 0.82824  train_acc 33.780  val_acc 69.67  (29.1s)
epoch 23/100  lr 8.86e-05  loss 2.20678  ce 3.59778  kd 0.81579  train_acc 32.403  val_acc 70.17  (29.8s)
epoch 24/100  lr 8.76e-05  loss 2.17081  ce 3.52469  kd 0.81694  train_acc 33.352  val_acc 71.33  (29.6s)
epoch 25/100  lr 8.66e-05  loss 2.15823  ce 3.52359  kd 0.79287  train_acc 31.901  val_acc 70.17  (29.5s)
epoch 26/100  lr 8.55e-05  loss 2.10254  ce 3.41250  kd 0.79258  train_acc 32.292  val_acc 71.00  (29.4s)
epoch 27/100  lr 8.44e-05  loss 2.21471  ce 3.63003  kd 0.79940  train_acc 34.673  val_acc 72.33  (29.9s)
epoch 28/100  lr 8.32e-05  loss 2.13578  ce 3.47404  kd 0.79752  train_acc 35.528  val_acc 71.50  (29.9s)
epoch 29/100  lr 8.21e-05  loss 2.11104  ce 3.43836  kd 0.78373  train_acc 29.353  val_acc 73.50  (29.6s)
epoch 30/100  lr 8.08e-05  loss 2.02603  ce 3.28495  kd 0.76712  train_acc 38.914  val_acc 73.67  (30.3s)
epoch 31/100  lr 7.96e-05  loss 2.09195  ce 3.40772  kd 0.77618  train_acc 28.999  val_acc 73.17  (29.7s)
epoch 32/100  lr 7.83e-05  loss 2.07982  ce 3.37978  kd 0.77986  train_acc 32.496  val_acc 74.33  (30.5s)
epoch 33/100  lr 7.7e-05  loss 2.10726  ce 3.43825  kd 0.77627  train_acc 35.454  val_acc 75.67  (30.3s)
epoch 34/100  lr 7.57e-05  loss 2.07067  ce 3.36661  kd 0.77472  train_acc 42.374  val_acc 73.67  (30.5s)
epoch 35/100  lr 7.43e-05  loss 2.00997  ce 3.26279  kd 0.75716  train_acc 41.946  val_acc 73.50  (30.8s)
epoch 36/100  lr 7.3e-05  loss 1.95979  ce 3.17489  kd 0.74469  train_acc 32.906  val_acc 75.67  (30.2s)
epoch 37/100  lr 7.16e-05  loss 2.04108  ce 3.31719  kd 0.76497  train_acc 36.421  val_acc 75.00  (31.4s)
epoch 38/100  lr 7.02e-05  loss 2.02357  ce 3.29461  kd 0.75253  train_acc 39.379  val_acc 75.17  (30.1s)
epoch 39/100  lr 6.87e-05  loss 2.07731  ce 3.38336  kd 0.77127  train_acc 43.025  val_acc 76.50  (30.1s)
epoch 40/100  lr 6.73e-05  loss 2.10044  ce 3.43157  kd 0.76931  train_acc 34.859  val_acc 76.33  (30.3s)
epoch 41/100  lr 6.58e-05  loss 2.05575  ce 3.34587  kd 0.76562  train_acc 37.593  val_acc 77.50  (30.9s)
epoch 42/100  lr 6.43e-05  loss 2.07289  ce 3.39494  kd 0.75084  train_acc 40.011  val_acc 77.17  (30.0s)
epoch 43/100  lr 6.28e-05  loss 2.00575  ce 3.26107  kd 0.75043  train_acc 35.324  val_acc 76.33  (29.6s)
epoch 44/100  lr 6.13e-05  loss 2.07925  ce 3.39672  kd 0.76178  train_acc 39.193  val_acc 77.33  (29.4s)
epoch 45/100  lr 5.98e-05  loss 2.04167  ce 3.34592  kd 0.73741  train_acc 32.868  val_acc 77.17  (30.0s)
epoch 46/100  lr 5.82e-05  loss 2.06290  ce 3.36804  kd 0.75775  train_acc 32.254  val_acc 78.00  (30.8s)
epoch 47/100  lr 5.67e-05  loss 2.01915  ce 3.28240  kd 0.75590  train_acc 40.030  val_acc 76.33  (30.4s)
epoch 48/100  lr 5.52e-05  loss 2.03558  ce 3.31010  kd 0.76106  train_acc 35.677  val_acc 76.50  (30.3s)
epoch 49/100  lr 5.36e-05  loss 2.01566  ce 3.28095  kd 0.75037  train_acc 38.411  val_acc 77.33  (31.4s)
epoch 50/100  lr 5.21e-05  loss 1.98649  ce 3.22885  kd 0.74414  train_acc 35.026  val_acc 76.67  (30.9s)
epoch 51/100  lr 5.05e-05  loss 2.05251  ce 3.34569  kd 0.75933  train_acc 42.764  val_acc 77.83  (30.7s)
epoch 52/100  lr 4.89e-05  loss 1.96991  ce 3.20344  kd 0.73639  train_acc 42.113  val_acc 78.33  (31.4s)
epoch 53/100  lr 4.74e-05  loss 2.05207  ce 3.34848  kd 0.75566  train_acc 32.757  val_acc 77.83  (30.1s)
epoch 54/100  lr 4.58e-05  loss 1.98412  ce 3.23157  kd 0.73666  train_acc 41.890  val_acc 77.67  (30.0s)
epoch 55/100  lr 4.43e-05  loss 1.97079  ce 3.19648  kd 0.74509  train_acc 38.765  val_acc 79.50  (30.7s)
epoch 56/100  lr 4.28e-05  loss 1.97517  ce 3.20875  kd 0.74158  train_acc 37.519  val_acc 79.17  (30.7s)
epoch 57/100  lr 4.12e-05  loss 2.00922  ce 3.27218  kd 0.74627  train_acc 41.667  val_acc 78.67  (29.9s)
epoch 58/100  lr 3.97e-05  loss 2.02326  ce 3.29252  kd 0.75401  train_acc 45.685  val_acc 79.00  (30.7s)
epoch 59/100  lr 3.82e-05  loss 1.94013  ce 3.13972  kd 0.74054  train_acc 42.076  val_acc 78.83  (30.9s)
epoch 60/100  lr 3.67e-05  loss 1.96338  ce 3.18145  kd 0.74530  train_acc 42.801  val_acc 78.50  (31.1s)
epoch 61/100  lr 3.52e-05  loss 1.94778  ce 3.15113  kd 0.74442  train_acc 43.769  val_acc 77.83  (31.1s)
epoch 62/100  lr 3.37e-05  loss 1.92796  ce 3.12647  kd 0.72945  train_acc 35.361  val_acc 78.50  (30.5s)
epoch 63/100  lr 3.23e-05  loss 1.93944  ce 3.14438  kd 0.73449  train_acc 38.077  val_acc 78.67  (29.9s)
epoch 64/100  lr 3.08e-05  loss 1.96856  ce 3.18928  kd 0.74783  train_acc 33.240  val_acc 79.83  (30.0s)
epoch 65/100  lr 2.94e-05  loss 1.90469  ce 3.07715  kd 0.73223  train_acc 36.421  val_acc 78.67  (30.0s)
epoch 66/100  lr 2.8e-05  loss 1.98500  ce 3.21920  kd 0.75080  train_acc 33.408  val_acc 79.83  (31.2s)
epoch 67/100  lr 2.67e-05  loss 1.91942  ce 3.10708  kd 0.73175  train_acc 40.383  val_acc 79.00  (30.6s)
epoch 68/100  lr 2.53e-05  loss 1.89007  ce 3.05487  kd 0.72527  train_acc 33.464  val_acc 79.00  (30.4s)
epoch 69/100  lr 2.4e-05  loss 1.86106  ce 2.98476  kd 0.73736  train_acc 46.019  val_acc 79.17  (30.7s)
epoch 70/100  lr 2.27e-05  loss 1.93226  ce 3.13945  kd 0.72507  train_acc 41.685  val_acc 79.33  (30.2s)
epoch 71/100  lr 2.14e-05  loss 1.93172  ce 3.13190  kd 0.73153  train_acc 46.559  val_acc 78.83  (30.0s)
epoch 72/100  lr 2.02e-05  loss 1.85886  ce 2.99734  kd 0.72038  train_acc 33.612  val_acc 79.50  (30.1s)
epoch 73/100  lr 1.89e-05  loss 1.91609  ce 3.10211  kd 0.73008  train_acc 39.100  val_acc 79.50  (30.2s)
epoch 74/100  lr 1.78e-05  loss 2.04296  ce 3.34666  kd 0.73925  train_acc 37.835  val_acc 78.67  (30.9s)
epoch 75/100  lr 1.66e-05  loss 1.95743  ce 3.17890  kd 0.73597  train_acc 38.802  val_acc 79.33  (29.9s)
epoch 76/100  lr 1.55e-05  loss 2.00626  ce 3.27203  kd 0.74050  train_acc 36.886  val_acc 78.83  (30.4s)
epoch 77/100  lr 1.44e-05  loss 1.98110  ce 3.22511  kd 0.73709  train_acc 39.565  val_acc 78.67  (29.7s)
epoch 78/100  lr 1.34e-05  loss 1.98449  ce 3.23302  kd 0.73597  train_acc 39.062  val_acc 78.67  (30.2s)
epoch 79/100  lr 1.24e-05  loss 2.00691  ce 3.27346  kd 0.74037  train_acc 40.551  val_acc 79.17  (30.1s)
epoch 80/100  lr 1.14e-05  loss 1.83866  ce 2.96342  kd 0.71390  train_acc 39.993  val_acc 79.67  (30.7s)
epoch 81/100  lr 1.05e-05  loss 1.99770  ce 3.25684  kd 0.73855  train_acc 32.013  val_acc 79.17  (31.2s)
epoch 82/100  lr 9.56e-06  loss 2.05614  ce 3.35659  kd 0.75568  train_acc 39.565  val_acc 79.83  (29.7s)
epoch 83/100  lr 8.71e-06  loss 2.02756  ce 3.30490  kd 0.75022  train_acc 35.826  val_acc 79.33  (29.8s)
epoch 84/100  lr 7.89e-06  loss 1.93292  ce 3.12377  kd 0.74207  train_acc 50.632  val_acc 79.83  (30.3s)
epoch 85/100  lr 7.12e-06  loss 1.96419  ce 3.18977  kd 0.73862  train_acc 39.751  val_acc 79.50  (30.2s)
epoch 86/100  lr 6.4e-06  loss 1.94556  ce 3.15664  kd 0.73449  train_acc 37.463  val_acc 79.67  (30.3s)
epoch 87/100  lr 5.71e-06  loss 1.92881  ce 3.11596  kd 0.74166  train_acc 43.304  val_acc 79.67  (30.2s)
epoch 88/100  lr 5.07e-06  loss 1.99532  ce 3.24956  kd 0.74108  train_acc 40.978  val_acc 79.83  (29.9s)
epoch 89/100  lr 4.48e-06  loss 1.85806  ce 3.00774  kd 0.70837  train_acc 38.653  val_acc 80.17  (28.6s)
epoch 90/100  lr 3.93e-06  loss 1.93265  ce 3.11663  kd 0.74868  train_acc 51.190  val_acc 80.00  (29.7s)
epoch 91/100  lr 3.42e-06  loss 1.81235  ce 2.91032  kd 0.71437  train_acc 35.454  val_acc 79.67  (29.2s)
epoch 92/100  lr 2.97e-06  loss 1.96999  ce 3.19749  kd 0.74250  train_acc 41.406  val_acc 79.50  (29.1s)
epoch 93/100  lr 2.56e-06  loss 2.01408  ce 3.28257  kd 0.74560  train_acc 37.928  val_acc 79.67  (29.5s)
epoch 94/100  lr 2.19e-06  loss 1.95871  ce 3.18159  kd 0.73583  train_acc 33.705  val_acc 79.50  (29.3s)
epoch 95/100  lr 1.88e-06  loss 1.98370  ce 3.22061  kd 0.74679  train_acc 37.444  val_acc 79.33  (29.4s)
epoch 96/100  lr 1.61e-06  loss 1.85494  ce 2.99848  kd 0.71140  train_acc 42.727  val_acc 79.67  (30.1s)
epoch 97/100  lr 1.39e-06  loss 1.93782  ce 3.13335  kd 0.74230  train_acc 39.565  val_acc 79.83  (29.4s)
epoch 98/100  lr 1.22e-06  loss 1.85258  ce 2.97809  kd 0.72708  train_acc 40.216  val_acc 79.83  (29.2s)
epoch 99/100  lr 1.1e-06  loss 1.98836  ce 3.22367  kd 0.75305  train_acc 40.830  val_acc 79.67  (29.0s)
epoch 100/100  lr 1.02e-06  loss 1.87954  ce 3.03744  kd 0.72164  train_acc 42.839  val_acc 79.50  (28.3s)
done. final val acc 79.50  best 80.17 @ epoch 89
