
===== 2026-10-04 03:48:03 gpu=0 /home/coder/aim-lab-stage12/.venv/bin/python -m stage0.train --mode maskedkd --mask-criterion random --keep 0.5 --dataset cub --seed 1 --lr 0.0001
run dir: /home/coder/stage0/outputs/cub/random_k0.5/seed1
state: new  device: cuda  micro_batch: 128  accum: 1  num_workers: 3
train 5394  val 600  steps/epoch 42
Warning: You are sending unauthenticated requests to the HF Hub. Please set a HF_TOKEN to enable higher rate limits and faster downloads.
teacher: /home/coder/stage0/outputs/cub/teacher/seed0/best.pt (epoch 25, val acc 86.33)
epoch 1/100  lr 1e-06  loss 4.17511  ce 5.39088  kd 2.95934  train_acc 0.539  val_acc 0.17  (26.3s)
epoch 2/100  lr 2.08e-05  loss 4.09491  ce 5.33398  kd 2.85583  train_acc 0.558  val_acc 1.00  (30.5s)
epoch 3/100  lr 4.06e-05  loss 4.04478  ce 5.25350  kd 2.83606  train_acc 1.190  val_acc 3.50  (30.1s)
epoch 4/100  lr 6.04e-05  loss 3.85839  ce 5.07099  kd 2.64578  train_acc 2.827  val_acc 13.00  (29.5s)
epoch 5/100  lr 8.02e-05  loss 3.52321  ce 4.82146  kd 2.22496  train_acc 5.692  val_acc 22.83  (29.7s)
epoch 6/100  lr 9.94e-05  loss 3.26506  ce 4.59795  kd 1.93218  train_acc 8.873  val_acc 33.67  (29.3s)
epoch 7/100  lr 9.91e-05  loss 3.07105  ce 4.41371  kd 1.72840  train_acc 13.858  val_acc 42.17  (30.0s)
epoch 8/100  lr 9.88e-05  loss 2.93839  ce 4.29030  kd 1.58648  train_acc 15.644  val_acc 46.83  (29.9s)
epoch 9/100  lr 9.84e-05  loss 2.81461  ce 4.20461  kd 1.42461  train_acc 17.336  val_acc 49.83  (30.4s)
epoch 10/100  lr 9.8e-05  loss 2.69600  ce 4.04795  kd 1.34405  train_acc 21.670  val_acc 51.83  (30.4s)
epoch 11/100  lr 9.76e-05  loss 2.62612  ce 3.98162  kd 1.27062  train_acc 21.615  val_acc 56.50  (30.6s)
epoch 12/100  lr 9.71e-05  loss 2.55264  ce 3.91322  kd 1.19205  train_acc 28.981  val_acc 57.83  (30.1s)
epoch 13/100  lr 9.65e-05  loss 2.46601  ce 3.80966  kd 1.12235  train_acc 24.833  val_acc 62.67  (30.1s)
epoch 14/100  lr 9.59e-05  loss 2.38858  ce 3.67597  kd 1.10120  train_acc 28.590  val_acc 63.17  (29.9s)
epoch 15/100  lr 9.53e-05  loss 2.39185  ce 3.75527  kd 1.02842  train_acc 31.566  val_acc 64.67  (30.4s)
epoch 16/100  lr 9.46e-05  loss 2.34680  ce 3.69986  kd 0.99373  train_acc 22.712  val_acc 64.50  (29.8s)
epoch 17/100  lr 9.39e-05  loss 2.26944  ce 3.58102  kd 0.95785  train_acc 31.585  val_acc 69.00  (31.0s)
epoch 18/100  lr 9.31e-05  loss 2.24261  ce 3.53734  kd 0.94789  train_acc 29.650  val_acc 68.50  (30.5s)
epoch 19/100  lr 9.23e-05  loss 2.18016  ce 3.46996  kd 0.89037  train_acc 32.701  val_acc 70.00  (30.4s)
epoch 20/100  lr 9.14e-05  loss 2.10984  ce 3.34842  kd 0.87126  train_acc 29.222  val_acc 70.83  (29.8s)
epoch 21/100  lr 9.05e-05  loss 2.21290  ce 3.56771  kd 0.85808  train_acc 31.603  val_acc 71.83  (30.1s)
epoch 22/100  lr 8.96e-05  loss 2.10297  ce 3.37372  kd 0.83221  train_acc 31.362  val_acc 72.50  (30.2s)
epoch 23/100  lr 8.86e-05  loss 2.20988  ce 3.58779  kd 0.83197  train_acc 34.022  val_acc 73.17  (29.7s)
epoch 24/100  lr 8.76e-05  loss 2.16817  ce 3.52156  kd 0.81478  train_acc 34.859  val_acc 72.67  (29.3s)
epoch 25/100  lr 8.66e-05  loss 2.11272  ce 3.43344  kd 0.79201  train_acc 35.175  val_acc 74.33  (30.0s)
epoch 26/100  lr 8.55e-05  loss 2.00588  ce 3.23020  kd 0.78156  train_acc 35.268  val_acc 73.83  (30.3s)
epoch 27/100  lr 8.44e-05  loss 2.09375  ce 3.40632  kd 0.78118  train_acc 35.751  val_acc 73.83  (30.1s)
epoch 28/100  lr 8.32e-05  loss 2.09234  ce 3.41915  kd 0.76554  train_acc 31.138  val_acc 76.33  (29.9s)
epoch 29/100  lr 8.21e-05  loss 2.04225  ce 3.33906  kd 0.74545  train_acc 40.569  val_acc 75.17  (30.2s)
epoch 30/100  lr 8.08e-05  loss 2.01058  ce 3.28740  kd 0.73376  train_acc 33.687  val_acc 77.83  (30.4s)
epoch 31/100  lr 7.96e-05  loss 1.96501  ce 3.21241  kd 0.71762  train_acc 38.914  val_acc 75.50  (30.3s)
epoch 32/100  lr 7.83e-05  loss 2.01798  ce 3.31280  kd 0.72316  train_acc 35.789  val_acc 77.67  (30.2s)
epoch 33/100  lr 7.7e-05  loss 1.96509  ce 3.21507  kd 0.71511  train_acc 41.741  val_acc 77.00  (30.3s)
epoch 34/100  lr 7.57e-05  loss 2.04873  ce 3.36895  kd 0.72851  train_acc 36.384  val_acc 77.67  (30.3s)
epoch 35/100  lr 7.43e-05  loss 2.00524  ce 3.30396  kd 0.70653  train_acc 36.105  val_acc 77.00  (30.9s)
epoch 36/100  lr 7.3e-05  loss 1.97471  ce 3.25739  kd 0.69204  train_acc 36.328  val_acc 78.33  (30.4s)
epoch 37/100  lr 7.16e-05  loss 2.00833  ce 3.31800  kd 0.69865  train_acc 40.904  val_acc 78.00  (31.3s)
epoch 38/100  lr 7.02e-05  loss 1.96527  ce 3.24491  kd 0.68562  train_acc 34.859  val_acc 78.00  (30.5s)
epoch 39/100  lr 6.87e-05  loss 1.99882  ce 3.29586  kd 0.70178  train_acc 31.548  val_acc 79.33  (30.7s)
epoch 40/100  lr 6.73e-05  loss 1.96324  ce 3.25234  kd 0.67413  train_acc 44.010  val_acc 77.67  (30.9s)
epoch 41/100  lr 6.58e-05  loss 1.93853  ce 3.19301  kd 0.68405  train_acc 40.606  val_acc 78.67  (31.0s)
epoch 42/100  lr 6.43e-05  loss 1.92615  ce 3.17827  kd 0.67403  train_acc 37.537  val_acc 79.33  (31.4s)
epoch 43/100  lr 6.28e-05  loss 2.00897  ce 3.32779  kd 0.69016  train_acc 40.830  val_acc 79.17  (30.9s)
epoch 44/100  lr 6.13e-05  loss 1.97570  ce 3.27878  kd 0.67263  train_acc 34.896  val_acc 79.00  (29.9s)
epoch 45/100  lr 5.98e-05  loss 2.00028  ce 3.32060  kd 0.67996  train_acc 35.249  val_acc 79.00  (31.0s)
epoch 46/100  lr 5.82e-05  loss 1.96718  ce 3.26379  kd 0.67056  train_acc 32.422  val_acc 79.67  (31.2s)
epoch 47/100  lr 5.67e-05  loss 2.02731  ce 3.36627  kd 0.68835  train_acc 27.251  val_acc 79.50  (31.2s)
epoch 48/100  lr 5.52e-05  loss 1.97615  ce 3.27457  kd 0.67773  train_acc 34.766  val_acc 80.00  (31.8s)
epoch 49/100  lr 5.36e-05  loss 1.88549  ce 3.12007  kd 0.65091  train_acc 39.453  val_acc 80.00  (31.6s)
epoch 50/100  lr 5.21e-05  loss 1.97734  ce 3.29361  kd 0.66107  train_acc 30.636  val_acc 80.83  (31.1s)
epoch 51/100  lr 5.05e-05  loss 1.91069  ce 3.19229  kd 0.62908  train_acc 38.597  val_acc 80.50  (30.8s)
epoch 52/100  lr 4.89e-05  loss 1.92033  ce 3.18458  kd 0.65608  train_acc 36.886  val_acc 80.00  (30.8s)
epoch 53/100  lr 4.74e-05  loss 1.94455  ce 3.23698  kd 0.65213  train_acc 35.603  val_acc 80.50  (30.5s)
epoch 54/100  lr 4.58e-05  loss 1.92921  ce 3.20320  kd 0.65522  train_acc 41.090  val_acc 80.17  (30.3s)
epoch 55/100  lr 4.43e-05  loss 1.91992  ce 3.18190  kd 0.65795  train_acc 35.584  val_acc 79.67  (30.7s)
epoch 56/100  lr 4.28e-05  loss 1.88094  ce 3.13089  kd 0.63099  train_acc 42.057  val_acc 80.33  (30.9s)
epoch 57/100  lr 4.12e-05  loss 1.83391  ce 3.04181  kd 0.62601  train_acc 43.973  val_acc 80.67  (30.4s)
epoch 58/100  lr 3.97e-05  loss 1.95776  ce 3.25486  kd 0.66066  train_acc 40.718  val_acc 81.00  (30.5s)
epoch 59/100  lr 3.82e-05  loss 1.90607  ce 3.17674  kd 0.63539  train_acc 33.240  val_acc 80.50  (30.2s)
epoch 60/100  lr 3.67e-05  loss 1.95577  ce 3.26175  kd 0.64980  train_acc 34.152  val_acc 81.50  (31.7s)
epoch 61/100  lr 3.52e-05  loss 1.78964  ce 2.96734  kd 0.61193  train_acc 46.354  val_acc 81.67  (30.5s)
epoch 62/100  lr 3.37e-05  loss 1.82070  ce 3.01893  kd 0.62247  train_acc 37.481  val_acc 82.17  (30.4s)
epoch 63/100  lr 3.23e-05  loss 1.97319  ce 3.28988  kd 0.65650  train_acc 39.900  val_acc 81.33  (31.2s)
epoch 64/100  lr 3.08e-05  loss 1.91225  ce 3.18247  kd 0.64203  train_acc 46.224  val_acc 81.67  (30.4s)
epoch 65/100  lr 2.94e-05  loss 1.84845  ce 3.07428  kd 0.62263  train_acc 37.407  val_acc 81.50  (29.7s)
epoch 66/100  lr 2.8e-05  loss 1.78626  ce 2.96993  kd 0.60258  train_acc 43.322  val_acc 82.17  (30.1s)
epoch 67/100  lr 2.67e-05  loss 1.87835  ce 3.12670  kd 0.63000  train_acc 38.356  val_acc 82.67  (30.7s)
epoch 68/100  lr 2.53e-05  loss 1.86191  ce 3.09841  kd 0.62540  train_acc 40.606  val_acc 82.50  (30.6s)
epoch 69/100  lr 2.4e-05  loss 1.87932  ce 3.12631  kd 0.63233  train_acc 42.541  val_acc 82.00  (30.7s)
epoch 70/100  lr 2.27e-05  loss 1.86122  ce 3.10332  kd 0.61913  train_acc 39.100  val_acc 82.50  (30.5s)
epoch 71/100  lr 2.14e-05  loss 1.90538  ce 3.18654  kd 0.62421  train_acc 40.216  val_acc 82.50  (30.6s)
epoch 72/100  lr 2.02e-05  loss 1.93466  ce 3.22479  kd 0.64452  train_acc 37.705  val_acc 82.67  (30.5s)
epoch 73/100  lr 1.89e-05  loss 1.94589  ce 3.24543  kd 0.64635  train_acc 37.667  val_acc 82.50  (31.1s)
epoch 74/100  lr 1.78e-05  loss 1.79594  ce 2.99274  kd 0.59913  train_acc 43.043  val_acc 82.17  (30.3s)
epoch 75/100  lr 1.66e-05  loss 1.88014  ce 3.12779  kd 0.63250  train_acc 50.428  val_acc 82.17  (30.8s)
epoch 76/100  lr 1.55e-05  loss 1.82814  ce 3.04858  kd 0.60770  train_acc 44.494  val_acc 82.50  (29.7s)
epoch 77/100  lr 1.44e-05  loss 1.86701  ce 3.09852  kd 0.63549  train_acc 48.177  val_acc 82.83  (30.8s)
epoch 78/100  lr 1.34e-05  loss 1.88942  ce 3.15512  kd 0.62373  train_acc 38.095  val_acc 82.50  (30.5s)
epoch 79/100  lr 1.24e-05  loss 1.82665  ce 3.04549  kd 0.60782  train_acc 46.298  val_acc 82.33  (30.2s)
epoch 80/100  lr 1.14e-05  loss 1.83891  ce 3.07618  kd 0.60163  train_acc 45.499  val_acc 82.33  (30.0s)
epoch 81/100  lr 1.05e-05  loss 1.92647  ce 3.21150  kd 0.64143  train_acc 38.095  val_acc 82.50  (30.5s)
epoch 82/100  lr 9.56e-06  loss 1.88536  ce 3.14917  kd 0.62155  train_acc 41.164  val_acc 82.00  (31.1s)
epoch 83/100  lr 8.71e-06  loss 1.82841  ce 3.05286  kd 0.60396  train_acc 45.778  val_acc 82.50  (30.8s)
epoch 84/100  lr 7.89e-06  loss 1.81826  ce 3.03471  kd 0.60181  train_acc 41.406  val_acc 82.67  (30.0s)
epoch 85/100  lr 7.12e-06  loss 1.84116  ce 3.06946  kd 0.61286  train_acc 44.792  val_acc 81.67  (30.0s)
epoch 86/100  lr 6.4e-06  loss 1.83675  ce 3.06663  kd 0.60687  train_acc 43.545  val_acc 82.33  (30.5s)
epoch 87/100  lr 5.71e-06  loss 1.80161  ce 3.00971  kd 0.59350  train_acc 39.193  val_acc 82.00  (30.3s)
epoch 88/100  lr 5.07e-06  loss 1.88427  ce 3.14432  kd 0.62423  train_acc 38.672  val_acc 82.00  (30.6s)
epoch 89/100  lr 4.48e-06  loss 1.87169  ce 3.11817  kd 0.62521  train_acc 37.946  val_acc 81.83  (30.5s)
epoch 90/100  lr 3.93e-06  loss 1.83368  ce 3.05994  kd 0.60741  train_acc 48.233  val_acc 81.83  (30.0s)
epoch 91/100  lr 3.42e-06  loss 1.80139  ce 3.00751  kd 0.59527  train_acc 45.182  val_acc 82.17  (29.8s)
epoch 92/100  lr 2.97e-06  loss 1.90025  ce 3.15911  kd 0.64140  train_acc 42.392  val_acc 82.17  (29.8s)
epoch 93/100  lr 2.56e-06  loss 1.76729  ce 2.94398  kd 0.59059  train_acc 44.513  val_acc 82.17  (29.8s)
epoch 94/100  lr 2.19e-06  loss 1.79856  ce 2.99768  kd 0.59944  train_acc 45.833  val_acc 82.33  (30.1s)
epoch 95/100  lr 1.88e-06  loss 1.89236  ce 3.16502  kd 0.61969  train_acc 39.472  val_acc 82.00  (30.3s)
epoch 96/100  lr 1.61e-06  loss 1.85950  ce 3.10782  kd 0.61118  train_acc 41.183  val_acc 82.17  (30.0s)
epoch 97/100  lr 1.39e-06  loss 1.83675  ce 3.05864  kd 0.61486  train_acc 43.843  val_acc 82.00  (29.7s)
epoch 98/100  lr 1.22e-06  loss 1.85947  ce 3.10434  kd 0.61460  train_acc 45.852  val_acc 82.00  (29.8s)
epoch 99/100  lr 1.1e-06  loss 1.86930  ce 3.11647  kd 0.62213  train_acc 39.788  val_acc 82.00  (30.1s)
epoch 100/100  lr 1.02e-06  loss 1.82278  ce 3.03256  kd 0.61299  train_acc 35.919  val_acc 82.00  (28.9s)
done. final val acc 82.00  best 82.83 @ epoch 77
