
===== 2026-10-04 02:58:14 gpu=0 /home/coder/aim-lab-stage12/.venv/bin/python -m stage0.train --mode maskedkd --mask-criterion maskedkd --keep 0.15 --dataset cub --seed 2 --lr 0.0001
run dir: /home/coder/stage0/outputs/cub/maskedkd_k0.15/seed2
state: new  device: cuda  micro_batch: 128  accum: 1  num_workers: 3
train 5394  val 600  steps/epoch 42
Warning: You are sending unauthenticated requests to the HF Hub. Please set a HF_TOKEN to enable higher rate limits and faster downloads.
teacher: /home/coder/stage0/outputs/cub/teacher/seed0/best.pt (epoch 25, val acc 86.33)
epoch 1/100  lr 1e-06  loss 3.58018  ce 5.39656  kd 1.76381  train_acc 0.484  val_acc 0.00  (30.0s)
epoch 2/100  lr 2.08e-05  loss 3.45214  ce 5.34540  kd 1.55889  train_acc 0.502  val_acc 0.17  (29.2s)
epoch 3/100  lr 4.06e-05  loss 3.31922  ce 5.30402  kd 1.33442  train_acc 0.670  val_acc 1.50  (28.9s)
epoch 4/100  lr 6.04e-05  loss 3.34692  ce 5.20457  kd 1.48927  train_acc 1.786  val_acc 6.83  (30.0s)
epoch 5/100  lr 8.02e-05  loss 3.15683  ce 4.94529  kd 1.36838  train_acc 4.650  val_acc 12.33  (29.6s)
epoch 6/100  lr 9.94e-05  loss 2.98062  ce 4.73639  kd 1.22486  train_acc 6.585  val_acc 22.67  (29.4s)
epoch 7/100  lr 9.91e-05  loss 2.82253  ce 4.47086  kd 1.17420  train_acc 9.356  val_acc 30.83  (29.3s)
epoch 8/100  lr 9.88e-05  loss 2.69571  ce 4.31711  kd 1.07431  train_acc 13.523  val_acc 35.17  (29.7s)
epoch 9/100  lr 9.84e-05  loss 2.61214  ce 4.20030  kd 1.02398  train_acc 14.528  val_acc 42.67  (29.2s)
epoch 10/100  lr 9.8e-05  loss 2.58285  ce 4.19980  kd 0.96591  train_acc 19.029  val_acc 44.33  (29.5s)
epoch 11/100  lr 9.76e-05  loss 2.48220  ce 4.01657  kd 0.94784  train_acc 18.341  val_acc 47.83  (29.6s)
epoch 12/100  lr 9.71e-05  loss 2.50487  ce 4.09642  kd 0.91332  train_acc 19.550  val_acc 53.00  (29.3s)
epoch 13/100  lr 9.65e-05  loss 2.45695  ce 4.03248  kd 0.88142  train_acc 22.879  val_acc 57.00  (29.7s)
epoch 14/100  lr 9.59e-05  loss 2.36587  ce 3.87927  kd 0.85248  train_acc 25.298  val_acc 56.50  (29.1s)
epoch 15/100  lr 9.53e-05  loss 2.37915  ce 3.90021  kd 0.85809  train_acc 23.717  val_acc 61.00  (29.8s)
epoch 16/100  lr 9.46e-05  loss 2.29983  ce 3.77174  kd 0.82792  train_acc 22.786  val_acc 64.00  (28.9s)
epoch 17/100  lr 9.39e-05  loss 2.27099  ce 3.71627  kd 0.82570  train_acc 30.208  val_acc 63.33  (29.2s)
epoch 18/100  lr 9.31e-05  loss 2.30492  ce 3.79936  kd 0.81047  train_acc 29.241  val_acc 67.00  (29.3s)
epoch 19/100  lr 9.23e-05  loss 2.28902  ce 3.77059  kd 0.80745  train_acc 27.660  val_acc 67.83  (29.5s)
epoch 20/100  lr 9.14e-05  loss 2.23125  ce 3.66681  kd 0.79569  train_acc 26.190  val_acc 68.00  (28.8s)
epoch 21/100  lr 9.05e-05  loss 2.20885  ce 3.61693  kd 0.80076  train_acc 27.697  val_acc 70.17  (29.2s)
epoch 22/100  lr 8.96e-05  loss 2.19359  ce 3.61603  kd 0.77116  train_acc 32.850  val_acc 68.33  (29.4s)
epoch 23/100  lr 8.86e-05  loss 2.22417  ce 3.65806  kd 0.79027  train_acc 31.213  val_acc 70.67  (29.6s)
epoch 24/100  lr 8.76e-05  loss 2.18697  ce 3.58616  kd 0.78777  train_acc 32.013  val_acc 72.00  (29.9s)
epoch 25/100  lr 8.66e-05  loss 2.18278  ce 3.58558  kd 0.77998  train_acc 30.562  val_acc 70.50  (29.6s)
epoch 26/100  lr 8.55e-05  loss 2.11945  ce 3.47204  kd 0.76686  train_acc 31.399  val_acc 73.17  (30.2s)
epoch 27/100  lr 8.44e-05  loss 2.23087  ce 3.67799  kd 0.78374  train_acc 34.356  val_acc 72.33  (30.1s)
epoch 28/100  lr 8.32e-05  loss 2.16700  ce 3.53724  kd 0.79677  train_acc 34.338  val_acc 74.17  (29.7s)
epoch 29/100  lr 8.21e-05  loss 2.13514  ce 3.49664  kd 0.77363  train_acc 28.330  val_acc 74.67  (30.1s)
epoch 30/100  lr 8.08e-05  loss 2.05974  ce 3.34620  kd 0.77327  train_acc 38.281  val_acc 74.17  (29.9s)
epoch 31/100  lr 7.96e-05  loss 2.12034  ce 3.46706  kd 0.77362  train_acc 27.697  val_acc 75.83  (29.8s)
epoch 32/100  lr 7.83e-05  loss 2.10125  ce 3.43835  kd 0.76414  train_acc 31.417  val_acc 74.83  (29.7s)
epoch 33/100  lr 7.7e-05  loss 2.12885  ce 3.49323  kd 0.76448  train_acc 33.966  val_acc 75.17  (29.3s)
epoch 34/100  lr 7.57e-05  loss 2.10336  ce 3.43317  kd 0.77355  train_acc 40.644  val_acc 74.67  (29.3s)
epoch 35/100  lr 7.43e-05  loss 2.03846  ce 3.32135  kd 0.75556  train_acc 40.941  val_acc 74.67  (29.1s)
epoch 36/100  lr 7.3e-05  loss 2.00196  ce 3.24191  kd 0.76202  train_acc 31.045  val_acc 75.50  (29.2s)
epoch 37/100  lr 7.16e-05  loss 2.08592  ce 3.38589  kd 0.78594  train_acc 34.245  val_acc 76.50  (29.3s)
epoch 38/100  lr 7.02e-05  loss 2.05861  ce 3.35217  kd 0.76505  train_acc 38.300  val_acc 77.33  (29.3s)
epoch 39/100  lr 6.87e-05  loss 2.10722  ce 3.44622  kd 0.76822  train_acc 41.797  val_acc 76.17  (30.0s)
epoch 40/100  lr 6.73e-05  loss 2.12431  ce 3.49015  kd 0.75848  train_acc 33.817  val_acc 77.17  (29.2s)
epoch 41/100  lr 6.58e-05  loss 2.09136  ce 3.40791  kd 0.77482  train_acc 35.938  val_acc 78.00  (29.9s)
epoch 42/100  lr 6.43e-05  loss 2.10499  ce 3.44843  kd 0.76155  train_acc 38.244  val_acc 76.83  (29.5s)
epoch 43/100  lr 6.28e-05  loss 2.04682  ce 3.32574  kd 0.76789  train_acc 33.966  val_acc 76.50  (29.2s)
epoch 44/100  lr 6.13e-05  loss 2.11756  ce 3.46571  kd 0.76941  train_acc 36.942  val_acc 76.33  (28.9s)
epoch 45/100  lr 5.98e-05  loss 2.07684  ce 3.39630  kd 0.75738  train_acc 31.715  val_acc 76.00  (29.4s)
epoch 46/100  lr 5.82e-05  loss 2.09543  ce 3.43169  kd 0.75917  train_acc 31.529  val_acc 77.67  (29.4s)
epoch 47/100  lr 5.67e-05  loss 2.05083  ce 3.34264  kd 0.75902  train_acc 39.249  val_acc 77.50  (29.1s)
epoch 48/100  lr 5.52e-05  loss 2.06858  ce 3.37144  kd 0.76572  train_acc 34.561  val_acc 78.00  (29.3s)
epoch 49/100  lr 5.36e-05  loss 2.05855  ce 3.35204  kd 0.76507  train_acc 37.147  val_acc 79.33  (29.1s)
epoch 50/100  lr 5.21e-05  loss 2.02085  ce 3.28746  kd 0.75425  train_acc 34.431  val_acc 77.50  (29.5s)
epoch 51/100  lr 5.05e-05  loss 2.08129  ce 3.39736  kd 0.76523  train_acc 41.090  val_acc 77.33  (29.0s)
epoch 52/100  lr 4.89e-05  loss 2.01464  ce 3.27138  kd 0.75790  train_acc 40.811  val_acc 77.83  (29.3s)
epoch 53/100  lr 4.74e-05  loss 2.08366  ce 3.40997  kd 0.75735  train_acc 31.752  val_acc 77.67  (29.4s)
epoch 54/100  lr 4.58e-05  loss 2.02865  ce 3.29327  kd 0.76404  train_acc 40.309  val_acc 77.00  (29.8s)
epoch 55/100  lr 4.43e-05  loss 2.02689  ce 3.26869  kd 0.78508  train_acc 38.058  val_acc 78.17  (29.7s)
epoch 56/100  lr 4.28e-05  loss 2.00956  ce 3.26490  kd 0.75421  train_acc 37.016  val_acc 77.83  (29.2s)
epoch 57/100  lr 4.12e-05  loss 2.04971  ce 3.33318  kd 0.76624  train_acc 40.718  val_acc 79.17  (29.0s)
epoch 58/100  lr 3.97e-05  loss 2.05793  ce 3.35238  kd 0.76349  train_acc 44.420  val_acc 78.67  (29.7s)
epoch 59/100  lr 3.82e-05  loss 1.98782  ce 3.20487  kd 0.77077  train_acc 40.588  val_acc 77.67  (28.9s)
epoch 60/100  lr 3.67e-05  loss 2.01577  ce 3.25174  kd 0.77981  train_acc 41.388  val_acc 78.50  (29.5s)
epoch 61/100  lr 3.52e-05  loss 2.00034  ce 3.21993  kd 0.78074  train_acc 41.332  val_acc 79.50  (29.1s)
epoch 62/100  lr 3.37e-05  loss 1.97736  ce 3.19039  kd 0.76432  train_acc 34.189  val_acc 78.83  (29.6s)
epoch 63/100  lr 3.23e-05  loss 1.99318  ce 3.21541  kd 0.77094  train_acc 36.458  val_acc 78.50  (29.8s)
epoch 64/100  lr 3.08e-05  loss 2.00792  ce 3.24993  kd 0.76591  train_acc 32.254  val_acc 78.83  (29.6s)
epoch 65/100  lr 2.94e-05  loss 1.95513  ce 3.14137  kd 0.76888  train_acc 35.547  val_acc 79.17  (29.1s)
epoch 66/100  lr 2.8e-05  loss 2.02305  ce 3.27671  kd 0.76940  train_acc 31.827  val_acc 80.17  (29.3s)
epoch 67/100  lr 2.67e-05  loss 1.95981  ce 3.16974  kd 0.74988  train_acc 39.435  val_acc 79.33  (28.9s)
epoch 68/100  lr 2.53e-05  loss 1.94290  ce 3.13050  kd 0.75530  train_acc 32.217  val_acc 79.50  (29.6s)
epoch 69/100  lr 2.4e-05  loss 1.91459  ce 3.06390  kd 0.76528  train_acc 44.717  val_acc 79.33  (29.4s)
epoch 70/100  lr 2.27e-05  loss 1.98792  ce 3.20632  kd 0.76952  train_acc 40.606  val_acc 79.17  (30.2s)
epoch 71/100  lr 2.14e-05  loss 1.98259  ce 3.20477  kd 0.76042  train_acc 45.015  val_acc 80.00  (29.7s)
epoch 72/100  lr 2.02e-05  loss 1.90122  ce 3.06249  kd 0.73995  train_acc 33.408  val_acc 79.50  (29.2s)
epoch 73/100  lr 1.89e-05  loss 1.96048  ce 3.17361  kd 0.74734  train_acc 38.170  val_acc 80.67  (29.1s)
epoch 74/100  lr 1.78e-05  loss 2.08177  ce 3.40575  kd 0.75779  train_acc 37.742  val_acc 79.83  (29.3s)
epoch 75/100  lr 1.66e-05  loss 1.99761  ce 3.24376  kd 0.75146  train_acc 37.537  val_acc 79.83  (29.5s)
epoch 76/100  lr 1.55e-05  loss 2.03670  ce 3.33165  kd 0.74175  train_acc 35.919  val_acc 80.50  (30.0s)
epoch 77/100  lr 1.44e-05  loss 2.01489  ce 3.28232  kd 0.74746  train_acc 38.467  val_acc 80.83  (30.0s)
epoch 78/100  lr 1.34e-05  loss 2.02293  ce 3.30030  kd 0.74557  train_acc 37.965  val_acc 79.50  (30.1s)
epoch 79/100  lr 1.24e-05  loss 2.04435  ce 3.33440  kd 0.75430  train_acc 39.993  val_acc 79.67  (29.8s)
epoch 80/100  lr 1.14e-05  loss 1.89105  ce 3.03675  kd 0.74536  train_acc 39.118  val_acc 79.83  (29.6s)
epoch 81/100  lr 1.05e-05  loss 2.03128  ce 3.31711  kd 0.74544  train_acc 30.766  val_acc 78.83  (29.0s)
epoch 82/100  lr 9.56e-06  loss 2.08659  ce 3.41108  kd 0.76210  train_acc 38.783  val_acc 79.83  (29.5s)
epoch 83/100  lr 8.71e-06  loss 2.06096  ce 3.36713  kd 0.75479  train_acc 34.319  val_acc 80.00  (29.0s)
epoch 84/100  lr 7.89e-06  loss 1.97120  ce 3.18745  kd 0.75496  train_acc 49.275  val_acc 80.17  (29.7s)
epoch 85/100  lr 7.12e-06  loss 2.01093  ce 3.25576  kd 0.76611  train_acc 38.988  val_acc 79.50  (29.3s)
epoch 86/100  lr 6.4e-06  loss 1.98558  ce 3.21978  kd 0.75139  train_acc 36.533  val_acc 80.17  (29.1s)
epoch 87/100  lr 5.71e-06  loss 1.96716  ce 3.17883  kd 0.75549  train_acc 42.392  val_acc 80.33  (29.6s)
epoch 88/100  lr 5.07e-06  loss 2.04169  ce 3.31551  kd 0.76787  train_acc 40.141  val_acc 80.00  (29.8s)
epoch 89/100  lr 4.48e-06  loss 1.91163  ce 3.07937  kd 0.74389  train_acc 38.300  val_acc 79.83  (29.4s)
epoch 90/100  lr 3.93e-06  loss 1.97552  ce 3.18747  kd 0.76356  train_acc 50.186  val_acc 79.67  (29.3s)
epoch 91/100  lr 3.42e-06  loss 1.86672  ce 2.98658  kd 0.74687  train_acc 35.156  val_acc 80.17  (29.6s)
epoch 92/100  lr 2.97e-06  loss 2.00498  ce 3.26388  kd 0.74609  train_acc 39.955  val_acc 79.33  (29.7s)
epoch 93/100  lr 2.56e-06  loss 2.04928  ce 3.34263  kd 0.75593  train_acc 36.254  val_acc 79.50  (29.3s)
epoch 94/100  lr 2.19e-06  loss 1.99936  ce 3.24850  kd 0.75022  train_acc 32.738  val_acc 80.33  (28.8s)
epoch 95/100  lr 1.88e-06  loss 2.02544  ce 3.28902  kd 0.76185  train_acc 36.068  val_acc 80.17  (29.1s)
epoch 96/100  lr 1.61e-06  loss 1.91026  ce 3.06828  kd 0.75225  train_acc 41.443  val_acc 80.00  (29.4s)
epoch 97/100  lr 1.39e-06  loss 1.98735  ce 3.20375  kd 0.77095  train_acc 38.244  val_acc 79.83  (29.1s)
epoch 98/100  lr 1.22e-06  loss 1.90171  ce 3.05396  kd 0.74945  train_acc 38.132  val_acc 79.83  (29.3s)
epoch 99/100  lr 1.1e-06  loss 2.03268  ce 3.29021  kd 0.77514  train_acc 39.528  val_acc 79.67  (28.5s)
epoch 100/100  lr 1.02e-06  loss 1.92441  ce 3.10371  kd 0.74511  train_acc 41.908  val_acc 79.50  (28.5s)
done. final val acc 79.50  best 80.83 @ epoch 77
