
===== 2026-10-04 02:58:14 gpu=0 /home/coder/aim-lab-stage12/.venv/bin/python -m stage0.train --mode maskedkd --mask-criterion random --keep 0.5 --dataset cub --seed 0 --lr 0.0001
run dir: /home/coder/stage0/outputs/cub/random_k0.5/seed0
state: new  device: cuda  micro_batch: 128  accum: 1  num_workers: 3
train 5394  val 600  steps/epoch 42
Warning: You are sending unauthenticated requests to the HF Hub. Please set a HF_TOKEN to enable higher rate limits and faster downloads.
teacher: /home/coder/stage0/outputs/cub/teacher/seed0/best.pt (epoch 25, val acc 86.33)
epoch 1/100  lr 1e-06  loss 4.08933  ce 5.39475  kd 2.78392  train_acc 0.391  val_acc 0.50  (30.5s)
epoch 2/100  lr 2.08e-05  loss 4.12290  ce 5.33842  kd 2.90738  train_acc 0.744  val_acc 1.67  (29.3s)
epoch 3/100  lr 4.06e-05  loss 4.05409  ce 5.24633  kd 2.86185  train_acc 1.376  val_acc 4.50  (29.6s)
epoch 4/100  lr 6.04e-05  loss 3.79220  ce 5.08563  kd 2.49877  train_acc 4.036  val_acc 13.50  (29.8s)
epoch 5/100  lr 8.02e-05  loss 3.52237  ce 4.80354  kd 2.24121  train_acc 7.775  val_acc 24.00  (29.8s)
epoch 6/100  lr 9.94e-05  loss 3.29183  ce 4.57065  kd 2.01300  train_acc 10.993  val_acc 31.50  (29.6s)
epoch 7/100  lr 9.91e-05  loss 3.08828  ce 4.34100  kd 1.83557  train_acc 15.718  val_acc 40.50  (29.9s)
epoch 8/100  lr 9.88e-05  loss 2.94596  ce 4.27880  kd 1.61313  train_acc 16.350  val_acc 45.00  (29.5s)
epoch 9/100  lr 9.84e-05  loss 2.82589  ce 4.15071  kd 1.50107  train_acc 19.643  val_acc 48.17  (29.6s)
epoch 10/100  lr 9.8e-05  loss 2.71965  ce 4.03210  kd 1.40720  train_acc 22.563  val_acc 53.00  (29.1s)
epoch 11/100  lr 9.76e-05  loss 2.61819  ce 3.91030  kd 1.32609  train_acc 21.745  val_acc 55.00  (29.9s)
epoch 12/100  lr 9.71e-05  loss 2.58256  ce 3.94700  kd 1.21811  train_acc 27.083  val_acc 58.50  (30.0s)
epoch 13/100  lr 9.65e-05  loss 2.53411  ce 3.91872  kd 1.14950  train_acc 24.740  val_acc 58.67  (29.5s)
epoch 14/100  lr 9.59e-05  loss 2.45734  ce 3.78326  kd 1.13143  train_acc 28.888  val_acc 60.67  (30.2s)
epoch 15/100  lr 9.53e-05  loss 2.40952  ce 3.74707  kd 1.07198  train_acc 30.915  val_acc 65.67  (29.2s)
epoch 16/100  lr 9.46e-05  loss 2.28898  ce 3.53615  kd 1.04181  train_acc 29.836  val_acc 67.00  (29.5s)
epoch 17/100  lr 9.39e-05  loss 2.33891  ce 3.68766  kd 0.99016  train_acc 32.961  val_acc 67.33  (30.1s)
epoch 18/100  lr 9.31e-05  loss 2.27885  ce 3.58628  kd 0.97142  train_acc 32.273  val_acc 68.83  (30.0s)
epoch 19/100  lr 9.23e-05  loss 2.26362  ce 3.60420  kd 0.92304  train_acc 29.762  val_acc 71.33  (29.1s)
epoch 20/100  lr 9.14e-05  loss 2.23459  ce 3.57237  kd 0.89682  train_acc 35.938  val_acc 69.33  (29.6s)
epoch 21/100  lr 9.05e-05  loss 2.23941  ce 3.59241  kd 0.88642  train_acc 36.719  val_acc 71.33  (29.2s)
epoch 22/100  lr 8.96e-05  loss 2.16222  ce 3.44761  kd 0.87683  train_acc 33.203  val_acc 72.00  (29.6s)
epoch 23/100  lr 8.86e-05  loss 2.20924  ce 3.56695  kd 0.85153  train_acc 28.478  val_acc 71.50  (30.7s)
epoch 24/100  lr 8.76e-05  loss 2.10907  ce 3.38886  kd 0.82927  train_acc 31.957  val_acc 73.67  (30.6s)
epoch 25/100  lr 8.66e-05  loss 2.16296  ce 3.49256  kd 0.83336  train_acc 35.882  val_acc 72.83  (30.2s)
epoch 26/100  lr 8.55e-05  loss 2.09918  ce 3.40099  kd 0.79737  train_acc 39.658  val_acc 74.67  (30.3s)
epoch 27/100  lr 8.44e-05  loss 2.07023  ce 3.38282  kd 0.75764  train_acc 34.859  val_acc 74.17  (30.3s)
epoch 28/100  lr 8.32e-05  loss 2.13468  ce 3.48338  kd 0.78598  train_acc 31.455  val_acc 72.67  (29.2s)
epoch 29/100  lr 8.21e-05  loss 2.09094  ce 3.41903  kd 0.76286  train_acc 35.844  val_acc 75.17  (29.8s)
epoch 30/100  lr 8.08e-05  loss 2.07946  ce 3.41281  kd 0.74612  train_acc 34.784  val_acc 73.50  (30.0s)
epoch 31/100  lr 7.96e-05  loss 2.01990  ce 3.28954  kd 0.75025  train_acc 25.744  val_acc 73.50  (30.0s)
epoch 32/100  lr 7.83e-05  loss 2.02360  ce 3.31015  kd 0.73705  train_acc 32.199  val_acc 74.83  (29.4s)
epoch 33/100  lr 7.7e-05  loss 1.97873  ce 3.24354  kd 0.71392  train_acc 36.607  val_acc 77.17  (29.6s)
epoch 34/100  lr 7.57e-05  loss 1.98953  ce 3.25938  kd 0.71967  train_acc 24.758  val_acc 75.50  (30.1s)
epoch 35/100  lr 7.43e-05  loss 1.98188  ce 3.25308  kd 0.71069  train_acc 34.821  val_acc 75.83  (30.0s)
epoch 36/100  lr 7.3e-05  loss 2.01906  ce 3.31971  kd 0.71841  train_acc 41.574  val_acc 75.67  (30.0s)
epoch 37/100  lr 7.16e-05  loss 2.00032  ce 3.29598  kd 0.70465  train_acc 38.542  val_acc 77.00  (30.2s)
epoch 38/100  lr 7.02e-05  loss 1.96417  ce 3.23096  kd 0.69738  train_acc 36.626  val_acc 76.50  (29.0s)
epoch 39/100  lr 6.87e-05  loss 1.98936  ce 3.27615  kd 0.70257  train_acc 39.137  val_acc 75.83  (29.1s)
epoch 40/100  lr 6.73e-05  loss 1.97039  ce 3.24073  kd 0.70004  train_acc 37.444  val_acc 77.50  (29.8s)
epoch 41/100  lr 6.58e-05  loss 2.00700  ce 3.31437  kd 0.69962  train_acc 40.978  val_acc 76.83  (29.9s)
epoch 42/100  lr 6.43e-05  loss 1.93887  ce 3.20702  kd 0.67071  train_acc 35.435  val_acc 78.00  (29.7s)
epoch 43/100  lr 6.28e-05  loss 1.89123  ce 3.11544  kd 0.66703  train_acc 36.105  val_acc 76.83  (30.3s)
epoch 44/100  lr 6.13e-05  loss 1.96061  ce 3.24498  kd 0.67624  train_acc 37.091  val_acc 78.17  (29.6s)
epoch 45/100  lr 5.98e-05  loss 1.94112  ce 3.20887  kd 0.67336  train_acc 40.179  val_acc 77.67  (29.5s)
epoch 46/100  lr 5.82e-05  loss 1.95841  ce 3.23979  kd 0.67704  train_acc 38.858  val_acc 78.83  (29.7s)
epoch 47/100  lr 5.67e-05  loss 2.03282  ce 3.37830  kd 0.68734  train_acc 33.631  val_acc 78.83  (29.8s)
epoch 48/100  lr 5.52e-05  loss 1.88456  ce 3.11185  kd 0.65727  train_acc 44.289  val_acc 78.33  (29.7s)
epoch 49/100  lr 5.36e-05  loss 1.94844  ce 3.23580  kd 0.66108  train_acc 42.746  val_acc 77.67  (29.3s)
epoch 50/100  lr 5.21e-05  loss 1.85484  ce 3.07321  kd 0.63646  train_acc 40.848  val_acc 79.17  (29.3s)
epoch 51/100  lr 5.05e-05  loss 1.84496  ce 3.05266  kd 0.63725  train_acc 44.122  val_acc 79.17  (29.1s)
epoch 52/100  lr 4.89e-05  loss 1.98917  ce 3.31678  kd 0.66155  train_acc 35.138  val_acc 78.83  (30.0s)
epoch 53/100  lr 4.74e-05  loss 1.95043  ce 3.24676  kd 0.65409  train_acc 31.920  val_acc 78.33  (29.9s)
epoch 54/100  lr 4.58e-05  loss 1.93538  ce 3.21798  kd 0.65277  train_acc 29.353  val_acc 79.83  (29.6s)
epoch 55/100  lr 4.43e-05  loss 1.91383  ce 3.18376  kd 0.64390  train_acc 37.277  val_acc 79.67  (29.4s)
epoch 56/100  lr 4.28e-05  loss 1.88622  ce 3.13363  kd 0.63881  train_acc 39.937  val_acc 79.17  (29.3s)
epoch 57/100  lr 4.12e-05  loss 1.90149  ce 3.16406  kd 0.63892  train_acc 41.834  val_acc 79.33  (29.4s)
epoch 58/100  lr 3.97e-05  loss 1.86140  ce 3.08889  kd 0.63391  train_acc 37.258  val_acc 80.50  (29.2s)
epoch 59/100  lr 3.82e-05  loss 1.88835  ce 3.13148  kd 0.64523  train_acc 40.830  val_acc 80.83  (29.5s)
epoch 60/100  lr 3.67e-05  loss 1.98571  ce 3.31047  kd 0.66095  train_acc 39.007  val_acc 80.67  (29.6s)
epoch 61/100  lr 3.52e-05  loss 1.94030  ce 3.22868  kd 0.65193  train_acc 45.833  val_acc 80.33  (29.4s)
epoch 62/100  lr 3.37e-05  loss 1.85097  ce 3.07669  kd 0.62524  train_acc 37.872  val_acc 80.83  (29.5s)
epoch 63/100  lr 3.23e-05  loss 1.91240  ce 3.19292  kd 0.63189  train_acc 41.741  val_acc 80.33  (29.3s)
epoch 64/100  lr 3.08e-05  loss 1.86178  ce 3.08882  kd 0.63473  train_acc 39.509  val_acc 80.17  (30.2s)
epoch 65/100  lr 2.94e-05  loss 1.69251  ce 2.79377  kd 0.59125  train_acc 40.867  val_acc 80.33  (29.1s)
epoch 66/100  lr 2.8e-05  loss 1.90301  ce 3.16473  kd 0.64129  train_acc 43.397  val_acc 80.50  (29.5s)
epoch 67/100  lr 2.67e-05  loss 1.87370  ce 3.11854  kd 0.62886  train_acc 46.503  val_acc 79.83  (30.2s)
epoch 68/100  lr 2.53e-05  loss 1.89603  ce 3.15293  kd 0.63912  train_acc 44.252  val_acc 80.17  (28.8s)
epoch 69/100  lr 2.4e-05  loss 1.84106  ce 3.06011  kd 0.62201  train_acc 38.579  val_acc 80.17  (29.6s)
epoch 70/100  lr 2.27e-05  loss 1.85424  ce 3.08972  kd 0.61876  train_acc 35.491  val_acc 79.83  (29.3s)
epoch 71/100  lr 2.14e-05  loss 1.89254  ce 3.14643  kd 0.63866  train_acc 37.593  val_acc 80.00  (29.9s)
epoch 72/100  lr 2.02e-05  loss 1.80303  ce 2.99604  kd 0.61002  train_acc 38.002  val_acc 80.83  (29.3s)
epoch 73/100  lr 1.89e-05  loss 1.87424  ce 3.12451  kd 0.62397  train_acc 41.369  val_acc 81.17  (29.6s)
epoch 74/100  lr 1.78e-05  loss 1.84974  ce 3.08120  kd 0.61828  train_acc 39.397  val_acc 80.83  (29.2s)
epoch 75/100  lr 1.66e-05  loss 1.83466  ce 3.05097  kd 0.61834  train_acc 33.352  val_acc 80.67  (29.4s)
epoch 76/100  lr 1.55e-05  loss 1.82038  ce 3.03447  kd 0.60628  train_acc 47.396  val_acc 80.33  (29.7s)
epoch 77/100  lr 1.44e-05  loss 1.79625  ce 2.99131  kd 0.60119  train_acc 41.871  val_acc 80.17  (29.5s)
epoch 78/100  lr 1.34e-05  loss 1.78474  ce 2.97165  kd 0.59782  train_acc 48.921  val_acc 80.83  (30.1s)
epoch 79/100  lr 1.24e-05  loss 1.90286  ce 3.18144  kd 0.62429  train_acc 34.022  val_acc 80.50  (29.4s)
epoch 80/100  lr 1.14e-05  loss 1.87530  ce 3.12894  kd 0.62166  train_acc 43.062  val_acc 80.33  (29.2s)
epoch 81/100  lr 1.05e-05  loss 1.85673  ce 3.09997  kd 0.61348  train_acc 44.048  val_acc 80.67  (29.1s)
epoch 82/100  lr 9.56e-06  loss 1.82006  ce 3.03488  kd 0.60525  train_acc 44.568  val_acc 80.83  (30.2s)
epoch 83/100  lr 8.71e-06  loss 1.85132  ce 3.07833  kd 0.62432  train_acc 36.570  val_acc 80.50  (29.5s)
epoch 84/100  lr 7.89e-06  loss 1.77107  ce 2.94329  kd 0.59885  train_acc 42.336  val_acc 80.17  (29.2s)
epoch 85/100  lr 7.12e-06  loss 1.84419  ce 3.07661  kd 0.61176  train_acc 38.746  val_acc 80.67  (29.2s)
epoch 86/100  lr 6.4e-06  loss 1.82456  ce 3.03813  kd 0.61100  train_acc 39.676  val_acc 80.67  (28.9s)
epoch 87/100  lr 5.71e-06  loss 1.86698  ce 3.11711  kd 0.61686  train_acc 43.397  val_acc 80.50  (29.1s)
epoch 88/100  lr 5.07e-06  loss 1.90183  ce 3.18513  kd 0.61852  train_acc 40.067  val_acc 80.67  (29.0s)
epoch 89/100  lr 4.48e-06  loss 1.85156  ce 3.08748  kd 0.61565  train_acc 43.824  val_acc 80.67  (29.7s)
epoch 90/100  lr 3.93e-06  loss 1.81554  ce 3.02621  kd 0.60487  train_acc 39.100  val_acc 80.50  (29.5s)
epoch 91/100  lr 3.42e-06  loss 1.79146  ce 2.98071  kd 0.60221  train_acc 40.588  val_acc 80.17  (29.1s)
epoch 92/100  lr 2.97e-06  loss 1.88734  ce 3.15104  kd 0.62364  train_acc 37.556  val_acc 80.00  (29.3s)
epoch 93/100  lr 2.56e-06  loss 1.78689  ce 2.98437  kd 0.58941  train_acc 48.772  val_acc 80.00  (29.4s)
epoch 94/100  lr 2.19e-06  loss 1.79403  ce 2.99231  kd 0.59576  train_acc 44.606  val_acc 80.50  (29.5s)
epoch 95/100  lr 1.88e-06  loss 1.84694  ce 3.08075  kd 0.61314  train_acc 39.639  val_acc 80.50  (29.6s)
epoch 96/100  lr 1.61e-06  loss 1.88729  ce 3.15571  kd 0.61887  train_acc 42.894  val_acc 80.33  (29.2s)
epoch 97/100  lr 1.39e-06  loss 1.83321  ce 3.05994  kd 0.60649  train_acc 38.467  val_acc 80.00  (29.6s)
epoch 98/100  lr 1.22e-06  loss 1.79971  ce 2.99579  kd 0.60364  train_acc 46.931  val_acc 80.00  (29.9s)
epoch 99/100  lr 1.1e-06  loss 1.83641  ce 3.06369  kd 0.60914  train_acc 44.550  val_acc 80.17  (29.2s)
epoch 100/100  lr 1.02e-06  loss 1.79761  ce 2.99472  kd 0.60051  train_acc 45.517  val_acc 80.17  (25.6s)
done. final val acc 80.17  best 81.17 @ epoch 73
