
===== 2026-10-04 02:58:04 gpu=0 /home/coder/aim-lab-stage12/.venv/bin/python -m stage0.train --mode maskedkd --mask-criterion maskedkd --keep 0.3 --dataset cub --seed 2 --lr 0.0001
run dir: /home/coder/stage0/outputs/cub/maskedkd_k0.3/seed2
state: new  device: cuda  micro_batch: 128  accum: 1  num_workers: 3
train 5394  val 600  steps/epoch 42
Warning: You are sending unauthenticated requests to the HF Hub. Please set a HF_TOKEN to enable higher rate limits and faster downloads.
teacher: /home/coder/stage0/outputs/cub/teacher/seed0/best.pt (epoch 25, val acc 86.33)
epoch 1/100  lr 1e-06  loss 4.07022  ce 5.39674  kd 2.74370  train_acc 0.484  val_acc 0.00  (29.0s)
epoch 2/100  lr 2.08e-05  loss 3.90595  ce 5.34354  kd 2.46836  train_acc 0.614  val_acc 0.00  (30.2s)
epoch 3/100  lr 4.06e-05  loss 3.81151  ce 5.27839  kd 2.34464  train_acc 1.097  val_acc 2.33  (30.1s)
epoch 4/100  lr 6.04e-05  loss 3.78201  ce 5.13721  kd 2.42681  train_acc 2.920  val_acc 10.33  (30.4s)
epoch 5/100  lr 8.02e-05  loss 3.49181  ce 4.85335  kd 2.13028  train_acc 6.380  val_acc 19.00  (29.6s)
epoch 6/100  lr 9.94e-05  loss 3.24462  ce 4.63114  kd 1.85810  train_acc 9.431  val_acc 28.33  (29.8s)
epoch 7/100  lr 9.91e-05  loss 3.03795  ce 4.35907  kd 1.71683  train_acc 12.946  val_acc 35.83  (31.0s)
epoch 8/100  lr 9.88e-05  loss 2.87472  ce 4.21501  kd 1.53443  train_acc 16.778  val_acc 43.50  (29.4s)
epoch 9/100  lr 9.84e-05  loss 2.75486  ce 4.09692  kd 1.41280  train_acc 16.927  val_acc 47.17  (29.3s)
epoch 10/100  lr 9.8e-05  loss 2.69781  ce 4.10186  kd 1.29376  train_acc 22.656  val_acc 51.67  (29.7s)
epoch 11/100  lr 9.76e-05  loss 2.57071  ce 3.90926  kd 1.23217  train_acc 20.461  val_acc 54.33  (30.0s)
epoch 12/100  lr 9.71e-05  loss 2.57385  ce 4.00247  kd 1.14522  train_acc 21.559  val_acc 58.33  (29.5s)
epoch 13/100  lr 9.65e-05  loss 2.51036  ce 3.93332  kd 1.08739  train_acc 24.981  val_acc 60.17  (30.1s)
epoch 14/100  lr 9.59e-05  loss 2.41297  ce 3.77972  kd 1.04622  train_acc 27.716  val_acc 62.50  (29.1s)
epoch 15/100  lr 9.53e-05  loss 2.40325  ce 3.79877  kd 1.00774  train_acc 25.688  val_acc 65.00  (29.9s)
epoch 16/100  lr 9.46e-05  loss 2.31666  ce 3.66095  kd 0.97237  train_acc 24.498  val_acc 67.00  (29.3s)
epoch 17/100  lr 9.39e-05  loss 2.27445  ce 3.60969  kd 0.93922  train_acc 31.920  val_acc 65.00  (29.9s)
epoch 18/100  lr 9.31e-05  loss 2.30705  ce 3.70219  kd 0.91191  train_acc 31.603  val_acc 68.33  (29.8s)
epoch 19/100  lr 9.23e-05  loss 2.27287  ce 3.66722  kd 0.87852  train_acc 29.911  val_acc 69.67  (30.3s)
epoch 20/100  lr 9.14e-05  loss 2.21244  ce 3.55831  kd 0.86656  train_acc 27.660  val_acc 71.50  (29.1s)
epoch 21/100  lr 9.05e-05  loss 2.17506  ce 3.50392  kd 0.84619  train_acc 29.781  val_acc 72.00  (29.9s)
epoch 22/100  lr 8.96e-05  loss 2.17805  ce 3.51383  kd 0.84227  train_acc 34.208  val_acc 71.67  (29.9s)
epoch 23/100  lr 8.86e-05  loss 2.18506  ce 3.55635  kd 0.81377  train_acc 33.073  val_acc 73.33  (29.8s)
epoch 24/100  lr 8.76e-05  loss 2.15180  ce 3.48700  kd 0.81660  train_acc 33.575  val_acc 74.67  (29.6s)
epoch 25/100  lr 8.66e-05  loss 2.13810  ce 3.47995  kd 0.79626  train_acc 32.664  val_acc 75.17  (29.9s)
epoch 26/100  lr 8.55e-05  loss 2.07524  ce 3.36618  kd 0.78431  train_acc 32.571  val_acc 74.50  (30.0s)
epoch 27/100  lr 8.44e-05  loss 2.19065  ce 3.59039  kd 0.79092  train_acc 35.751  val_acc 74.17  (30.0s)
epoch 28/100  lr 8.32e-05  loss 2.10574  ce 3.43421  kd 0.77727  train_acc 35.714  val_acc 75.00  (30.4s)
epoch 29/100  lr 8.21e-05  loss 2.07875  ce 3.39195  kd 0.76555  train_acc 30.357  val_acc 75.17  (30.3s)
epoch 30/100  lr 8.08e-05  loss 1.98304  ce 3.23244  kd 0.73364  train_acc 39.732  val_acc 77.00  (30.0s)
epoch 31/100  lr 7.96e-05  loss 2.06251  ce 3.36433  kd 0.76069  train_acc 29.632  val_acc 76.17  (30.1s)
epoch 32/100  lr 7.83e-05  loss 2.03871  ce 3.33636  kd 0.74106  train_acc 32.906  val_acc 77.17  (30.6s)
epoch 33/100  lr 7.7e-05  loss 2.06121  ce 3.39306  kd 0.72936  train_acc 36.179  val_acc 78.17  (29.3s)
epoch 34/100  lr 7.57e-05  loss 2.02973  ce 3.31874  kd 0.74073  train_acc 42.578  val_acc 76.67  (29.6s)
epoch 35/100  lr 7.43e-05  loss 1.95996  ce 3.20499  kd 0.71494  train_acc 42.411  val_acc 76.00  (29.4s)
epoch 36/100  lr 7.3e-05  loss 1.91155  ce 3.12329  kd 0.69981  train_acc 32.719  val_acc 77.67  (29.6s)
epoch 37/100  lr 7.16e-05  loss 2.00130  ce 3.27748  kd 0.72513  train_acc 36.551  val_acc 78.33  (29.6s)
epoch 38/100  lr 7.02e-05  loss 1.98337  ce 3.24891  kd 0.71784  train_acc 39.788  val_acc 78.33  (29.5s)
epoch 39/100  lr 6.87e-05  loss 2.03512  ce 3.34182  kd 0.72842  train_acc 43.676  val_acc 78.33  (29.4s)
epoch 40/100  lr 6.73e-05  loss 2.05331  ce 3.38707  kd 0.71956  train_acc 34.896  val_acc 78.83  (29.9s)
epoch 41/100  lr 6.58e-05  loss 2.01079  ce 3.30798  kd 0.71359  train_acc 37.723  val_acc 79.00  (29.7s)
epoch 42/100  lr 6.43e-05  loss 2.02638  ce 3.34639  kd 0.70637  train_acc 40.792  val_acc 78.50  (29.5s)
epoch 43/100  lr 6.28e-05  loss 1.95428  ce 3.21919  kd 0.68936  train_acc 35.324  val_acc 78.33  (29.3s)
epoch 44/100  lr 6.13e-05  loss 2.03564  ce 3.36077  kd 0.71052  train_acc 38.802  val_acc 80.17  (29.5s)
epoch 45/100  lr 5.98e-05  loss 1.99429  ce 3.29436  kd 0.69422  train_acc 32.329  val_acc 78.17  (29.3s)
epoch 46/100  lr 5.82e-05  loss 2.01646  ce 3.32613  kd 0.70679  train_acc 32.664  val_acc 79.67  (29.3s)
epoch 47/100  lr 5.67e-05  loss 1.96195  ce 3.23817  kd 0.68573  train_acc 40.718  val_acc 80.83  (29.0s)
epoch 48/100  lr 5.52e-05  loss 1.98150  ce 3.26443  kd 0.69857  train_acc 35.956  val_acc 79.50  (29.4s)
epoch 49/100  lr 5.36e-05  loss 1.96585  ce 3.24217  kd 0.68953  train_acc 38.523  val_acc 80.50  (29.5s)
epoch 50/100  lr 5.21e-05  loss 1.92821  ce 3.18040  kd 0.67603  train_acc 35.491  val_acc 79.83  (29.5s)
epoch 51/100  lr 5.05e-05  loss 1.99865  ce 3.30324  kd 0.69406  train_acc 42.969  val_acc 79.00  (29.2s)
epoch 52/100  lr 4.89e-05  loss 1.92226  ce 3.15534  kd 0.68918  train_acc 42.355  val_acc 80.17  (29.5s)
epoch 53/100  lr 4.74e-05  loss 1.99753  ce 3.30949  kd 0.68557  train_acc 33.166  val_acc 80.67  (29.4s)
epoch 54/100  lr 4.58e-05  loss 1.93164  ce 3.18876  kd 0.67453  train_acc 42.076  val_acc 79.83  (29.5s)
epoch 55/100  lr 4.43e-05  loss 1.92371  ce 3.15984  kd 0.68758  train_acc 38.876  val_acc 79.83  (29.6s)
epoch 56/100  lr 4.28e-05  loss 1.91477  ce 3.15872  kd 0.67083  train_acc 38.356  val_acc 81.00  (29.0s)
epoch 57/100  lr 4.12e-05  loss 1.95906  ce 3.22823  kd 0.68990  train_acc 41.518  val_acc 80.00  (28.9s)
epoch 58/100  lr 3.97e-05  loss 1.96231  ce 3.24419  kd 0.68043  train_acc 45.778  val_acc 80.17  (29.5s)
epoch 59/100  lr 3.82e-05  loss 1.87940  ce 3.08859  kd 0.67021  train_acc 42.243  val_acc 82.00  (29.7s)
epoch 60/100  lr 3.67e-05  loss 1.90773  ce 3.13574  kd 0.67973  train_acc 42.578  val_acc 81.33  (29.6s)
epoch 61/100  lr 3.52e-05  loss 1.89072  ce 3.10268  kd 0.67875  train_acc 43.415  val_acc 81.17  (28.8s)
epoch 62/100  lr 3.37e-05  loss 1.87019  ce 3.07913  kd 0.66126  train_acc 34.989  val_acc 81.00  (29.7s)
epoch 63/100  lr 3.23e-05  loss 1.88653  ce 3.10757  kd 0.66550  train_acc 37.686  val_acc 80.67  (29.4s)
epoch 64/100  lr 3.08e-05  loss 1.90734  ce 3.14139  kd 0.67329  train_acc 33.519  val_acc 81.67  (29.2s)
epoch 65/100  lr 2.94e-05  loss 1.83982  ce 3.03049  kd 0.64915  train_acc 36.830  val_acc 80.67  (28.9s)
epoch 66/100  lr 2.8e-05  loss 1.92053  ce 3.17161  kd 0.66944  train_acc 33.222  val_acc 82.00  (29.3s)
epoch 67/100  lr 2.67e-05  loss 1.85052  ce 3.05668  kd 0.64436  train_acc 40.923  val_acc 81.67  (29.1s)
epoch 68/100  lr 2.53e-05  loss 1.83133  ce 3.01382  kd 0.64884  train_acc 33.464  val_acc 82.17  (29.6s)
epoch 69/100  lr 2.4e-05  loss 1.79269  ce 2.94097  kd 0.64441  train_acc 46.317  val_acc 82.00  (29.2s)
epoch 70/100  lr 2.27e-05  loss 1.88181  ce 3.09974  kd 0.66389  train_acc 41.090  val_acc 81.67  (29.2s)
epoch 71/100  lr 2.14e-05  loss 1.87254  ce 3.09504  kd 0.65004  train_acc 46.875  val_acc 82.00  (30.0s)
epoch 72/100  lr 2.02e-05  loss 1.78528  ce 2.94825  kd 0.62231  train_acc 34.245  val_acc 81.67  (29.6s)
epoch 73/100  lr 1.89e-05  loss 1.85749  ce 3.06004  kd 0.65495  train_acc 38.542  val_acc 81.50  (29.3s)
epoch 74/100  lr 1.78e-05  loss 1.99325  ce 3.30936  kd 0.67714  train_acc 37.835  val_acc 81.50  (29.1s)
epoch 75/100  lr 1.66e-05  loss 1.89313  ce 3.13364  kd 0.65261  train_acc 39.100  val_acc 81.83  (29.5s)
epoch 76/100  lr 1.55e-05  loss 1.94359  ce 3.22695  kd 0.66024  train_acc 36.775  val_acc 81.17  (29.5s)
epoch 77/100  lr 1.44e-05  loss 1.91624  ce 3.18144  kd 0.65104  train_acc 39.360  val_acc 81.83  (29.4s)
epoch 78/100  lr 1.34e-05  loss 1.92536  ce 3.19700  kd 0.65372  train_acc 38.542  val_acc 81.33  (29.6s)
epoch 79/100  lr 1.24e-05  loss 1.94804  ce 3.23135  kd 0.66474  train_acc 41.202  val_acc 81.83  (29.5s)
epoch 80/100  lr 1.14e-05  loss 1.77128  ce 2.91875  kd 0.62381  train_acc 40.104  val_acc 81.50  (29.6s)
epoch 81/100  lr 1.05e-05  loss 1.92919  ce 3.21214  kd 0.64624  train_acc 31.548  val_acc 81.67  (29.6s)
epoch 82/100  lr 9.56e-06  loss 1.99280  ce 3.30725  kd 0.67836  train_acc 39.862  val_acc 81.67  (29.7s)
epoch 83/100  lr 8.71e-06  loss 1.97379  ce 3.26623  kd 0.68135  train_acc 35.658  val_acc 82.00  (29.6s)
epoch 84/100  lr 7.89e-06  loss 1.86623  ce 3.07969  kd 0.65277  train_acc 50.000  val_acc 81.67  (29.2s)
epoch 85/100  lr 7.12e-06  loss 1.90001  ce 3.15057  kd 0.64944  train_acc 39.583  val_acc 81.50  (29.7s)
epoch 86/100  lr 6.4e-06  loss 1.87495  ce 3.11254  kd 0.63737  train_acc 37.388  val_acc 82.17  (29.2s)
epoch 87/100  lr 5.71e-06  loss 1.86376  ce 3.07134  kd 0.65617  train_acc 43.378  val_acc 81.67  (29.6s)
epoch 88/100  lr 5.07e-06  loss 1.92537  ce 3.20308  kd 0.64766  train_acc 41.574  val_acc 82.17  (30.0s)
epoch 89/100  lr 4.48e-06  loss 1.78752  ce 2.96079  kd 0.61425  train_acc 38.988  val_acc 82.00  (29.5s)
epoch 90/100  lr 3.93e-06  loss 1.86399  ce 3.07699  kd 0.65099  train_acc 51.358  val_acc 82.00  (29.1s)
epoch 91/100  lr 3.42e-06  loss 1.73713  ce 2.86247  kd 0.61180  train_acc 35.751  val_acc 82.00  (29.3s)
epoch 92/100  lr 2.97e-06  loss 1.90364  ce 3.15916  kd 0.64812  train_acc 40.625  val_acc 82.00  (29.7s)
epoch 93/100  lr 2.56e-06  loss 1.95240  ce 3.24340  kd 0.66139  train_acc 37.519  val_acc 82.17  (29.5s)
epoch 94/100  lr 2.19e-06  loss 1.89343  ce 3.13878  kd 0.64807  train_acc 33.426  val_acc 82.00  (28.9s)
epoch 95/100  lr 1.88e-06  loss 1.92371  ce 3.18331  kd 0.66411  train_acc 37.109  val_acc 82.17  (29.8s)
epoch 96/100  lr 1.61e-06  loss 1.78642  ce 2.95370  kd 0.61915  train_acc 42.783  val_acc 82.17  (29.5s)
epoch 97/100  lr 1.39e-06  loss 1.87543  ce 3.09016  kd 0.66069  train_acc 39.583  val_acc 82.17  (29.1s)
epoch 98/100  lr 1.22e-06  loss 1.77881  ce 2.93209  kd 0.62553  train_acc 39.583  val_acc 82.17  (29.4s)
epoch 99/100  lr 1.1e-06  loss 1.92943  ce 3.18560  kd 0.67326  train_acc 39.974  val_acc 82.17  (29.3s)
epoch 100/100  lr 1.02e-06  loss 1.81339  ce 2.99267  kd 0.63410  train_acc 42.969  val_acc 82.17  (27.6s)
done. final val acc 82.17  best 82.17 @ epoch 68
