
===== 2026-10-04 02:58:04 gpu=0 /home/coder/aim-lab-stage12/.venv/bin/python -m stage0.train --mode maskedkd --mask-criterion maskedkd --keep 0.15 --dataset cub --seed 0 --lr 0.0001
run dir: /home/coder/stage0/outputs/cub/maskedkd_k0.15/seed0
state: new  device: cuda  micro_batch: 128  accum: 1  num_workers: 3
train 5394  val 600  steps/epoch 42
teacher: /home/coder/stage0/outputs/cub/teacher/seed0/best.pt (epoch 25, val acc 86.33)
epoch 1/100  lr 1e-06  loss 3.52723  ce 5.39456  kd 1.65990  train_acc 0.409  val_acc 0.50  (28.9s)
epoch 2/100  lr 2.08e-05  loss 3.45403  ce 5.34126  kd 1.56680  train_acc 0.632  val_acc 1.17  (29.8s)
epoch 3/100  lr 4.06e-05  loss 3.35467  ce 5.27847  kd 1.43086  train_acc 1.004  val_acc 2.33  (30.3s)
epoch 4/100  lr 6.04e-05  loss 3.31324  ce 5.17200  kd 1.45447  train_acc 2.400  val_acc 9.17  (29.4s)
epoch 5/100  lr 8.02e-05  loss 3.14465  ce 4.90050  kd 1.38881  train_acc 4.781  val_acc 15.17  (29.6s)
epoch 6/100  lr 9.94e-05  loss 2.95974  ce 4.66326  kd 1.25622  train_acc 8.185  val_acc 24.50  (30.0s)
epoch 7/100  lr 9.91e-05  loss 2.79871  ce 4.44171  kd 1.15570  train_acc 12.835  val_acc 33.00  (29.7s)
epoch 8/100  lr 9.88e-05  loss 2.72275  ce 4.38129  kd 1.06420  train_acc 13.188  val_acc 38.00  (29.7s)
epoch 9/100  lr 9.84e-05  loss 2.64218  ce 4.25908  kd 1.02528  train_acc 15.848  val_acc 42.17  (29.1s)
epoch 10/100  lr 9.8e-05  loss 2.56368  ce 4.14506  kd 0.98229  train_acc 18.694  val_acc 48.67  (29.6s)
epoch 11/100  lr 9.76e-05  loss 2.48888  ce 4.03032  kd 0.94744  train_acc 19.327  val_acc 50.83  (29.8s)
epoch 12/100  lr 9.71e-05  loss 2.48961  ce 4.05686  kd 0.92235  train_acc 23.568  val_acc 55.83  (29.8s)
epoch 13/100  lr 9.65e-05  loss 2.46853  ce 4.03355  kd 0.90350  train_acc 21.503  val_acc 56.33  (30.0s)
epoch 14/100  lr 9.59e-05  loss 2.38934  ce 3.90687  kd 0.87182  train_acc 25.260  val_acc 59.50  (29.4s)
epoch 15/100  lr 9.53e-05  loss 2.37324  ce 3.87324  kd 0.87325  train_acc 27.530  val_acc 62.67  (29.7s)
epoch 16/100  lr 9.46e-05  loss 2.26897  ce 3.67143  kd 0.86652  train_acc 27.381  val_acc 65.50  (30.1s)
epoch 17/100  lr 9.39e-05  loss 2.33390  ce 3.81387  kd 0.85393  train_acc 29.055  val_acc 67.00  (29.9s)
epoch 18/100  lr 9.31e-05  loss 2.27262  ce 3.71369  kd 0.83156  train_acc 29.688  val_acc 66.67  (29.9s)
epoch 19/100  lr 9.23e-05  loss 2.27915  ce 3.73322  kd 0.82509  train_acc 27.846  val_acc 69.67  (29.9s)
epoch 20/100  lr 9.14e-05  loss 2.25852  ce 3.70816  kd 0.80888  train_acc 32.571  val_acc 70.33  (29.1s)
epoch 21/100  lr 9.05e-05  loss 2.27001  ce 3.72662  kd 0.81340  train_acc 34.189  val_acc 70.33  (30.0s)
epoch 22/100  lr 8.96e-05  loss 2.19092  ce 3.57881  kd 0.80303  train_acc 30.115  val_acc 69.00  (29.7s)
epoch 23/100  lr 8.86e-05  loss 2.24354  ce 3.69059  kd 0.79649  train_acc 26.116  val_acc 68.67  (30.4s)
epoch 24/100  lr 8.76e-05  loss 2.15194  ce 3.51679  kd 0.78709  train_acc 28.999  val_acc 71.00  (30.5s)
epoch 25/100  lr 8.66e-05  loss 2.20684  ce 3.62235  kd 0.79133  train_acc 32.794  val_acc 71.00  (30.0s)
epoch 26/100  lr 8.55e-05  loss 2.15817  ce 3.53412  kd 0.78221  train_acc 37.091  val_acc 74.83  (29.6s)
epoch 27/100  lr 8.44e-05  loss 2.14066  ce 3.51096  kd 0.77035  train_acc 32.068  val_acc 72.67  (30.0s)
epoch 28/100  lr 8.32e-05  loss 2.19096  ce 3.61045  kd 0.77146  train_acc 29.427  val_acc 74.17  (30.2s)
epoch 29/100  lr 8.21e-05  loss 2.16417  ce 3.54726  kd 0.78107  train_acc 32.719  val_acc 74.83  (30.3s)
epoch 30/100  lr 8.08e-05  loss 2.16546  ce 3.54543  kd 0.78549  train_acc 32.310  val_acc 74.83  (30.5s)
epoch 31/100  lr 7.96e-05  loss 2.09997  ce 3.43033  kd 0.76962  train_acc 24.200  val_acc 73.17  (29.9s)
epoch 32/100  lr 7.83e-05  loss 2.09997  ce 3.44287  kd 0.75708  train_acc 30.618  val_acc 75.17  (28.7s)
epoch 33/100  lr 7.7e-05  loss 2.06718  ce 3.37229  kd 0.76208  train_acc 35.231  val_acc 74.33  (29.0s)
epoch 34/100  lr 7.57e-05  loss 2.07870  ce 3.39480  kd 0.76261  train_acc 22.526  val_acc 75.50  (29.5s)
epoch 35/100  lr 7.43e-05  loss 2.09071  ce 3.39395  kd 0.78747  train_acc 32.106  val_acc 77.00  (29.1s)
epoch 36/100  lr 7.3e-05  loss 2.11916  ce 3.45917  kd 0.77915  train_acc 38.188  val_acc 75.17  (30.0s)
epoch 37/100  lr 7.16e-05  loss 2.10144  ce 3.43920  kd 0.76368  train_acc 35.956  val_acc 77.33  (30.2s)
epoch 38/100  lr 7.02e-05  loss 2.08225  ce 3.37660  kd 0.78791  train_acc 34.542  val_acc 76.83  (29.9s)
epoch 39/100  lr 6.87e-05  loss 2.09819  ce 3.41227  kd 0.78411  train_acc 36.217  val_acc 77.00  (29.7s)
epoch 40/100  lr 6.73e-05  loss 2.06979  ce 3.37575  kd 0.76382  train_acc 35.231  val_acc 77.33  (29.9s)
epoch 41/100  lr 6.58e-05  loss 2.11703  ce 3.45249  kd 0.78157  train_acc 38.672  val_acc 78.50  (29.7s)
epoch 42/100  lr 6.43e-05  loss 2.06012  ce 3.35283  kd 0.76742  train_acc 33.389  val_acc 76.50  (28.9s)
epoch 43/100  lr 6.28e-05  loss 2.00571  ce 3.26133  kd 0.75010  train_acc 33.891  val_acc 77.83  (29.7s)
epoch 44/100  lr 6.13e-05  loss 2.07162  ce 3.37925  kd 0.76399  train_acc 35.026  val_acc 77.83  (29.4s)
epoch 45/100  lr 5.98e-05  loss 2.06650  ce 3.34822  kd 0.78477  train_acc 37.630  val_acc 78.50  (29.0s)
epoch 46/100  lr 5.82e-05  loss 2.07445  ce 3.38036  kd 0.76854  train_acc 36.272  val_acc 77.17  (29.6s)
epoch 47/100  lr 5.67e-05  loss 2.13641  ce 3.50482  kd 0.76801  train_acc 31.789  val_acc 77.67  (29.2s)
epoch 48/100  lr 5.52e-05  loss 2.01378  ce 3.26242  kd 0.76514  train_acc 41.443  val_acc 78.33  (29.3s)
epoch 49/100  lr 5.36e-05  loss 2.06998  ce 3.36622  kd 0.77373  train_acc 40.960  val_acc 78.67  (29.1s)
epoch 50/100  lr 5.21e-05  loss 1.99450  ce 3.22504  kd 0.76397  train_acc 38.895  val_acc 78.33  (29.3s)
epoch 51/100  lr 5.05e-05  loss 1.98011  ce 3.20516  kd 0.75506  train_acc 42.243  val_acc 78.00  (29.6s)
epoch 52/100  lr 4.89e-05  loss 2.10450  ce 3.44649  kd 0.76251  train_acc 33.333  val_acc 78.17  (29.4s)
epoch 53/100  lr 4.74e-05  loss 2.07062  ce 3.37682  kd 0.76442  train_acc 31.045  val_acc 78.50  (29.0s)
epoch 54/100  lr 4.58e-05  loss 2.05786  ce 3.34636  kd 0.76936  train_acc 28.106  val_acc 78.50  (29.6s)
epoch 55/100  lr 4.43e-05  loss 2.03669  ce 3.32570  kd 0.74769  train_acc 35.528  val_acc 78.83  (29.8s)
epoch 56/100  lr 4.28e-05  loss 2.00907  ce 3.26791  kd 0.75023  train_acc 38.486  val_acc 78.00  (29.3s)
epoch 57/100  lr 4.12e-05  loss 2.04291  ce 3.31089  kd 0.77492  train_acc 38.895  val_acc 78.33  (29.0s)
epoch 58/100  lr 3.97e-05  loss 1.99316  ce 3.22379  kd 0.76253  train_acc 34.859  val_acc 78.17  (29.7s)
epoch 59/100  lr 3.82e-05  loss 2.01277  ce 3.26650  kd 0.75904  train_acc 39.100  val_acc 79.83  (29.5s)
epoch 60/100  lr 3.67e-05  loss 2.10279  ce 3.44517  kd 0.76041  train_acc 37.314  val_acc 78.67  (29.2s)
epoch 61/100  lr 3.52e-05  loss 2.06937  ce 3.36685  kd 0.77188  train_acc 43.378  val_acc 79.17  (28.8s)
epoch 62/100  lr 3.37e-05  loss 1.98459  ce 3.21883  kd 0.75034  train_acc 35.975  val_acc 80.17  (29.3s)
epoch 63/100  lr 3.23e-05  loss 2.05286  ce 3.33963  kd 0.76608  train_acc 39.379  val_acc 81.00  (29.7s)
epoch 64/100  lr 3.08e-05  loss 1.98487  ce 3.22235  kd 0.74740  train_acc 37.184  val_acc 80.00  (29.6s)
epoch 65/100  lr 2.94e-05  loss 1.85291  ce 2.95709  kd 0.74873  train_acc 39.453  val_acc 80.33  (29.1s)
epoch 66/100  lr 2.8e-05  loss 2.03717  ce 3.30465  kd 0.76969  train_acc 41.332  val_acc 79.50  (29.3s)
epoch 67/100  lr 2.67e-05  loss 2.01523  ce 3.26605  kd 0.76442  train_acc 43.490  val_acc 79.00  (29.6s)
epoch 68/100  lr 2.53e-05  loss 2.02160  ce 3.28899  kd 0.75421  train_acc 42.560  val_acc 80.50  (29.4s)
epoch 69/100  lr 2.4e-05  loss 1.98534  ce 3.20613  kd 0.76454  train_acc 35.863  val_acc 79.00  (29.7s)
epoch 70/100  lr 2.27e-05  loss 1.99088  ce 3.22200  kd 0.75975  train_acc 33.464  val_acc 79.00  (29.8s)
epoch 71/100  lr 2.14e-05  loss 2.02507  ce 3.29267  kd 0.75748  train_acc 36.031  val_acc 80.17  (29.8s)
epoch 72/100  lr 2.02e-05  loss 1.95145  ce 3.14568  kd 0.75721  train_acc 36.458  val_acc 79.67  (29.1s)
epoch 73/100  lr 1.89e-05  loss 2.01450  ce 3.27123  kd 0.75776  train_acc 39.379  val_acc 79.67  (29.7s)
epoch 74/100  lr 1.78e-05  loss 1.98818  ce 3.22252  kd 0.75385  train_acc 37.407  val_acc 79.83  (29.3s)
epoch 75/100  lr 1.66e-05  loss 1.97944  ce 3.20218  kd 0.75670  train_acc 31.585  val_acc 80.67  (29.2s)
epoch 76/100  lr 1.55e-05  loss 1.96101  ce 3.17114  kd 0.75088  train_acc 45.778  val_acc 80.33  (29.8s)
epoch 77/100  lr 1.44e-05  loss 1.95032  ce 3.14426  kd 0.75638  train_acc 39.769  val_acc 79.50  (29.7s)
epoch 78/100  lr 1.34e-05  loss 1.94425  ce 3.12483  kd 0.76367  train_acc 46.243  val_acc 79.50  (30.0s)
epoch 79/100  lr 1.24e-05  loss 2.04261  ce 3.32486  kd 0.76036  train_acc 32.013  val_acc 80.00  (29.9s)
epoch 80/100  lr 1.14e-05  loss 2.01961  ce 3.27633  kd 0.76288  train_acc 40.551  val_acc 79.50  (29.8s)
epoch 81/100  lr 1.05e-05  loss 2.00392  ce 3.24797  kd 0.75987  train_acc 42.411  val_acc 80.17  (29.3s)
epoch 82/100  lr 9.56e-06  loss 1.97503  ce 3.18662  kd 0.76344  train_acc 41.927  val_acc 79.67  (29.8s)
epoch 83/100  lr 8.71e-06  loss 1.98329  ce 3.21719  kd 0.74939  train_acc 35.045  val_acc 79.50  (29.4s)
epoch 84/100  lr 7.89e-06  loss 1.92681  ce 3.09457  kd 0.75905  train_acc 40.030  val_acc 79.67  (29.8s)
epoch 85/100  lr 7.12e-06  loss 1.97829  ce 3.21212  kd 0.74445  train_acc 36.533  val_acc 80.00  (29.3s)
epoch 86/100  lr 6.4e-06  loss 1.96768  ce 3.17198  kd 0.76338  train_acc 37.946  val_acc 79.33  (29.6s)
epoch 87/100  lr 5.71e-06  loss 2.00524  ce 3.25332  kd 0.75716  train_acc 41.406  val_acc 79.83  (29.1s)
epoch 88/100  lr 5.07e-06  loss 2.04010  ce 3.31997  kd 0.76023  train_acc 38.635  val_acc 79.83  (29.4s)
epoch 89/100  lr 4.48e-06  loss 1.99927  ce 3.23505  kd 0.76349  train_acc 41.146  val_acc 79.83  (29.5s)
epoch 90/100  lr 3.93e-06  loss 1.96380  ce 3.16354  kd 0.76405  train_acc 36.626  val_acc 80.00  (29.0s)
epoch 91/100  lr 3.42e-06  loss 1.94125  ce 3.12768  kd 0.75482  train_acc 38.486  val_acc 79.67  (29.8s)
epoch 92/100  lr 2.97e-06  loss 2.02908  ce 3.29021  kd 0.76794  train_acc 34.952  val_acc 79.83  (29.5s)
epoch 93/100  lr 2.56e-06  loss 1.94389  ce 3.12858  kd 0.75920  train_acc 46.503  val_acc 79.83  (29.6s)
epoch 94/100  lr 2.19e-06  loss 1.94937  ce 3.14722  kd 0.75152  train_acc 42.150  val_acc 79.50  (29.2s)
epoch 95/100  lr 1.88e-06  loss 1.99232  ce 3.21971  kd 0.76494  train_acc 37.481  val_acc 79.67  (29.4s)
epoch 96/100  lr 1.61e-06  loss 2.02329  ce 3.29539  kd 0.75119  train_acc 41.164  val_acc 79.67  (29.5s)
epoch 97/100  lr 1.39e-06  loss 1.98331  ce 3.20553  kd 0.76110  train_acc 36.496  val_acc 79.67  (29.0s)
epoch 98/100  lr 1.22e-06  loss 1.95571  ce 3.14531  kd 0.76610  train_acc 45.145  val_acc 79.67  (29.8s)
epoch 99/100  lr 1.1e-06  loss 1.99123  ce 3.21189  kd 0.77057  train_acc 42.113  val_acc 79.67  (29.3s)
epoch 100/100  lr 1.02e-06  loss 1.95137  ce 3.14633  kd 0.75641  train_acc 43.769  val_acc 79.67  (27.8s)
done. final val acc 79.67  best 81.00 @ epoch 63
