
===== 2026-10-04 02:05:18 gpu=0 /home/coder/aim-lab-stage12/.venv/bin/python -m stage0.train --mode maskedkd --mask-criterion maskedkd --keep 0.5 --dataset cub --seed 1 --lr 0.0001
run dir: /home/coder/stage0/outputs/cub/maskedkd_k0.5/seed1
state: new  device: cuda  micro_batch: 128  accum: 1  num_workers: 3
train 5394  val 600  steps/epoch 42
Warning: You are sending unauthenticated requests to the HF Hub. Please set a HF_TOKEN to enable higher rate limits and faster downloads.
teacher: /home/coder/stage0/outputs/cub/teacher/seed0/best.pt (epoch 25, val acc 86.33)
epoch 1/100  lr 1e-06  loss 4.27993  ce 5.39101  kd 3.16886  train_acc 0.539  val_acc 0.17  (33.6s)
epoch 2/100  lr 2.08e-05  loss 4.17679  ce 5.33513  kd 3.01844  train_acc 0.484  val_acc 1.00  (32.0s)
epoch 3/100  lr 4.06e-05  loss 4.13173  ce 5.25466  kd 3.00880  train_acc 1.265  val_acc 3.00  (32.7s)
epoch 4/100  lr 6.04e-05  loss 3.99457  ce 5.07857  kd 2.91057  train_acc 2.641  val_acc 12.17  (31.8s)
epoch 5/100  lr 8.02e-05  loss 3.65678  ce 4.82923  kd 2.48432  train_acc 5.673  val_acc 24.00  (32.3s)
epoch 6/100  lr 9.94e-05  loss 3.38608  ce 4.60164  kd 2.17052  train_acc 8.519  val_acc 33.67  (32.9s)
epoch 7/100  lr 9.91e-05  loss 3.18572  ce 4.41934  kd 1.95209  train_acc 13.709  val_acc 39.33  (32.8s)
epoch 8/100  lr 9.88e-05  loss 3.03813  ce 4.28665  kd 1.78961  train_acc 16.090  val_acc 48.17  (32.9s)
epoch 9/100  lr 9.84e-05  loss 2.90930  ce 4.20602  kd 1.61258  train_acc 17.783  val_acc 49.17  (32.6s)
epoch 10/100  lr 9.8e-05  loss 2.77849  ce 4.04618  kd 1.51079  train_acc 21.336  val_acc 53.50  (32.3s)
epoch 11/100  lr 9.76e-05  loss 2.69406  ce 3.98148  kd 1.40665  train_acc 21.577  val_acc 57.50  (32.1s)
epoch 12/100  lr 9.71e-05  loss 2.61618  ce 3.90815  kd 1.32422  train_acc 28.962  val_acc 58.33  (32.2s)
epoch 13/100  lr 9.65e-05  loss 2.52914  ce 3.80915  kd 1.24914  train_acc 24.888  val_acc 61.83  (32.7s)
epoch 14/100  lr 9.59e-05  loss 2.43570  ce 3.66600  kd 1.20541  train_acc 29.129  val_acc 63.83  (32.8s)
epoch 15/100  lr 9.53e-05  loss 2.43537  ce 3.74849  kd 1.12226  train_acc 31.882  val_acc 64.00  (31.6s)
epoch 16/100  lr 9.46e-05  loss 2.39374  ce 3.69534  kd 1.09214  train_acc 23.382  val_acc 66.67  (32.1s)
epoch 17/100  lr 9.39e-05  loss 2.30399  ce 3.57291  kd 1.03506  train_acc 31.455  val_acc 69.67  (32.3s)
epoch 18/100  lr 9.31e-05  loss 2.26773  ce 3.52675  kd 1.00871  train_acc 30.394  val_acc 70.00  (32.0s)
epoch 19/100  lr 9.23e-05  loss 2.21389  ce 3.46304  kd 0.96475  train_acc 32.273  val_acc 70.33  (32.0s)
epoch 20/100  lr 9.14e-05  loss 2.13512  ce 3.33982  kd 0.93041  train_acc 29.706  val_acc 71.33  (32.2s)
epoch 21/100  lr 9.05e-05  loss 2.23408  ce 3.56291  kd 0.90525  train_acc 31.492  val_acc 72.67  (31.7s)
epoch 22/100  lr 8.96e-05  loss 2.12331  ce 3.36835  kd 0.87826  train_acc 30.673  val_acc 73.50  (31.6s)
epoch 23/100  lr 8.86e-05  loss 2.22261  ce 3.58308  kd 0.86213  train_acc 33.798  val_acc 73.50  (31.1s)
epoch 24/100  lr 8.76e-05  loss 2.17169  ce 3.51027  kd 0.83311  train_acc 34.580  val_acc 73.50  (30.9s)
epoch 25/100  lr 8.66e-05  loss 2.12272  ce 3.42600  kd 0.81943  train_acc 35.417  val_acc 74.83  (31.3s)
epoch 26/100  lr 8.55e-05  loss 2.01180  ce 3.22102  kd 0.80257  train_acc 35.472  val_acc 75.67  (31.8s)
epoch 27/100  lr 8.44e-05  loss 2.10056  ce 3.39953  kd 0.80159  train_acc 36.235  val_acc 75.83  (32.2s)
epoch 28/100  lr 8.32e-05  loss 2.09288  ce 3.40936  kd 0.77639  train_acc 31.324  val_acc 77.50  (32.6s)
epoch 29/100  lr 8.21e-05  loss 2.03995  ce 3.32984  kd 0.75006  train_acc 40.867  val_acc 77.83  (31.7s)
epoch 30/100  lr 8.08e-05  loss 2.00916  ce 3.27780  kd 0.74053  train_acc 33.854  val_acc 77.00  (31.2s)
epoch 31/100  lr 7.96e-05  loss 1.96970  ce 3.20685  kd 0.73254  train_acc 38.821  val_acc 75.00  (31.3s)
epoch 32/100  lr 7.83e-05  loss 2.01693  ce 3.30442  kd 0.72945  train_acc 36.217  val_acc 78.33  (31.5s)
epoch 33/100  lr 7.7e-05  loss 1.95931  ce 3.19851  kd 0.72011  train_acc 41.704  val_acc 77.83  (31.8s)
epoch 34/100  lr 7.57e-05  loss 2.03026  ce 3.35448  kd 0.70605  train_acc 36.328  val_acc 78.17  (31.7s)
epoch 35/100  lr 7.43e-05  loss 2.00578  ce 3.29763  kd 0.71393  train_acc 35.565  val_acc 78.83  (31.8s)
epoch 36/100  lr 7.3e-05  loss 1.96427  ce 3.25129  kd 0.67726  train_acc 36.161  val_acc 79.50  (31.5s)
epoch 37/100  lr 7.16e-05  loss 2.00625  ce 3.31362  kd 0.69888  train_acc 40.960  val_acc 79.33  (31.6s)
epoch 38/100  lr 7.02e-05  loss 1.95636  ce 3.23303  kd 0.67968  train_acc 35.138  val_acc 79.33  (30.8s)
epoch 39/100  lr 6.87e-05  loss 1.98697  ce 3.28620  kd 0.68774  train_acc 31.566  val_acc 78.17  (31.0s)
epoch 40/100  lr 6.73e-05  loss 1.96204  ce 3.24704  kd 0.67704  train_acc 43.304  val_acc 79.33  (31.6s)
epoch 41/100  lr 6.58e-05  loss 1.92177  ce 3.18454  kd 0.65900  train_acc 40.551  val_acc 79.83  (31.1s)
epoch 42/100  lr 6.43e-05  loss 1.91789  ce 3.17062  kd 0.66516  train_acc 36.756  val_acc 81.17  (31.3s)
epoch 43/100  lr 6.28e-05  loss 1.99881  ce 3.32497  kd 0.67265  train_acc 40.904  val_acc 81.00  (32.2s)
epoch 44/100  lr 6.13e-05  loss 1.96596  ce 3.27190  kd 0.66002  train_acc 35.156  val_acc 79.17  (32.4s)
epoch 45/100  lr 5.98e-05  loss 1.98888  ce 3.31636  kd 0.66140  train_acc 35.138  val_acc 80.67  (30.5s)
epoch 46/100  lr 5.82e-05  loss 1.95693  ce 3.25491  kd 0.65896  train_acc 32.180  val_acc 81.17  (30.7s)
epoch 47/100  lr 5.67e-05  loss 2.01235  ce 3.35770  kd 0.66701  train_acc 27.362  val_acc 81.83  (31.2s)
epoch 48/100  lr 5.52e-05  loss 1.96607  ce 3.26710  kd 0.66503  train_acc 35.138  val_acc 81.33  (31.2s)
epoch 49/100  lr 5.36e-05  loss 1.86851  ce 3.10715  kd 0.62988  train_acc 39.453  val_acc 81.50  (30.9s)
epoch 50/100  lr 5.21e-05  loss 1.96912  ce 3.29051  kd 0.64773  train_acc 30.711  val_acc 81.67  (30.9s)
epoch 51/100  lr 5.05e-05  loss 1.89954  ce 3.18468  kd 0.61440  train_acc 38.969  val_acc 81.17  (30.6s)
epoch 52/100  lr 4.89e-05  loss 1.90387  ce 3.17709  kd 0.63065  train_acc 36.849  val_acc 81.50  (30.8s)
epoch 53/100  lr 4.74e-05  loss 1.93026  ce 3.23342  kd 0.62710  train_acc 35.882  val_acc 81.67  (31.3s)
epoch 54/100  lr 4.58e-05  loss 1.90973  ce 3.19261  kd 0.62685  train_acc 41.313  val_acc 82.00  (30.6s)
epoch 55/100  lr 4.43e-05  loss 1.89974  ce 3.17030  kd 0.62918  train_acc 35.528  val_acc 81.83  (30.9s)
epoch 56/100  lr 4.28e-05  loss 1.86285  ce 3.12261  kd 0.60309  train_acc 42.448  val_acc 81.67  (31.3s)
epoch 57/100  lr 4.12e-05  loss 1.81256  ce 3.02899  kd 0.59613  train_acc 44.029  val_acc 81.33  (31.4s)
epoch 58/100  lr 3.97e-05  loss 1.93750  ce 3.25030  kd 0.62471  train_acc 40.941  val_acc 80.67  (30.5s)
epoch 59/100  lr 3.82e-05  loss 1.88855  ce 3.16659  kd 0.61051  train_acc 33.612  val_acc 81.83  (30.4s)
epoch 60/100  lr 3.67e-05  loss 1.93241  ce 3.25327  kd 0.61154  train_acc 34.673  val_acc 81.67  (30.8s)
epoch 61/100  lr 3.52e-05  loss 1.76214  ce 2.95374  kd 0.57054  train_acc 46.615  val_acc 81.83  (30.6s)
epoch 62/100  lr 3.37e-05  loss 1.79723  ce 3.00676  kd 0.58769  train_acc 37.649  val_acc 81.67  (30.6s)
epoch 63/100  lr 3.23e-05  loss 1.95783  ce 3.28331  kd 0.63235  train_acc 40.309  val_acc 82.17  (29.6s)
epoch 64/100  lr 3.08e-05  loss 1.89319  ce 3.17538  kd 0.61099  train_acc 46.131  val_acc 82.33  (30.5s)
epoch 65/100  lr 2.94e-05  loss 1.82989  ce 3.06093  kd 0.59886  train_acc 37.295  val_acc 82.83  (30.7s)
epoch 66/100  lr 2.8e-05  loss 1.76382  ce 2.95550  kd 0.57214  train_acc 43.452  val_acc 82.50  (30.8s)
epoch 67/100  lr 2.67e-05  loss 1.85821  ce 3.11558  kd 0.60083  train_acc 38.318  val_acc 82.33  (31.1s)
epoch 68/100  lr 2.53e-05  loss 1.83910  ce 3.08994  kd 0.58825  train_acc 40.551  val_acc 82.67  (32.2s)
epoch 69/100  lr 2.4e-05  loss 1.85217  ce 3.11213  kd 0.59222  train_acc 42.374  val_acc 82.17  (30.7s)
epoch 70/100  lr 2.27e-05  loss 1.83619  ce 3.09291  kd 0.57947  train_acc 39.211  val_acc 82.17  (30.1s)
epoch 71/100  lr 2.14e-05  loss 1.88595  ce 3.17916  kd 0.59275  train_acc 40.458  val_acc 83.33  (30.1s)
epoch 72/100  lr 2.02e-05  loss 1.91069  ce 3.21583  kd 0.60555  train_acc 37.798  val_acc 82.67  (30.8s)
epoch 73/100  lr 1.89e-05  loss 1.91934  ce 3.23605  kd 0.60262  train_acc 37.872  val_acc 82.83  (30.3s)
epoch 74/100  lr 1.78e-05  loss 1.76903  ce 2.98273  kd 0.55533  train_acc 42.950  val_acc 83.67  (30.3s)
epoch 75/100  lr 1.66e-05  loss 1.85391  ce 3.12106  kd 0.58677  train_acc 50.428  val_acc 82.83  (30.9s)
epoch 76/100  lr 1.55e-05  loss 1.80374  ce 3.04534  kd 0.56214  train_acc 44.196  val_acc 83.00  (30.2s)
epoch 77/100  lr 1.44e-05  loss 1.83741  ce 3.08855  kd 0.58627  train_acc 48.233  val_acc 83.50  (30.0s)
epoch 78/100  lr 1.34e-05  loss 1.86499  ce 3.14336  kd 0.58662  train_acc 38.002  val_acc 83.33  (30.8s)
epoch 79/100  lr 1.24e-05  loss 1.80194  ce 3.03002  kd 0.57386  train_acc 46.689  val_acc 83.50  (30.5s)
epoch 80/100  lr 1.14e-05  loss 1.82014  ce 3.06647  kd 0.57381  train_acc 45.554  val_acc 82.67  (30.2s)
epoch 81/100  lr 1.05e-05  loss 1.89792  ce 3.20520  kd 0.59065  train_acc 38.467  val_acc 82.83  (30.4s)
epoch 82/100  lr 9.56e-06  loss 1.86026  ce 3.13708  kd 0.58344  train_acc 41.127  val_acc 82.50  (30.9s)
epoch 83/100  lr 8.71e-06  loss 1.80453  ce 3.04627  kd 0.56279  train_acc 45.815  val_acc 82.50  (30.2s)
epoch 84/100  lr 7.89e-06  loss 1.79383  ce 3.02114  kd 0.56652  train_acc 41.629  val_acc 83.33  (30.6s)
epoch 85/100  lr 7.12e-06  loss 1.81642  ce 3.05882  kd 0.57403  train_acc 44.587  val_acc 82.83  (29.7s)
epoch 86/100  lr 6.4e-06  loss 1.81274  ce 3.05415  kd 0.57134  train_acc 43.545  val_acc 82.67  (30.5s)
epoch 87/100  lr 5.71e-06  loss 1.77892  ce 2.99930  kd 0.55854  train_acc 39.193  val_acc 82.50  (29.8s)
epoch 88/100  lr 5.07e-06  loss 1.85993  ce 3.13460  kd 0.58526  train_acc 38.746  val_acc 82.00  (31.3s)
epoch 89/100  lr 4.48e-06  loss 1.84962  ce 3.11229  kd 0.58696  train_acc 37.742  val_acc 82.00  (30.2s)
epoch 90/100  lr 3.93e-06  loss 1.81291  ce 3.05066  kd 0.57517  train_acc 47.824  val_acc 82.50  (30.3s)
epoch 91/100  lr 3.42e-06  loss 1.77628  ce 3.00129  kd 0.55126  train_acc 45.145  val_acc 82.33  (30.1s)
epoch 92/100  lr 2.97e-06  loss 1.86728  ce 3.14842  kd 0.58614  train_acc 42.132  val_acc 82.50  (29.9s)
epoch 93/100  lr 2.56e-06  loss 1.73505  ce 2.93189  kd 0.53822  train_acc 44.661  val_acc 83.17  (30.0s)
epoch 94/100  lr 2.19e-06  loss 1.77183  ce 2.98792  kd 0.55574  train_acc 45.312  val_acc 82.83  (30.4s)
epoch 95/100  lr 1.88e-06  loss 1.87240  ce 3.15770  kd 0.58709  train_acc 39.230  val_acc 82.33  (30.3s)
epoch 96/100  lr 1.61e-06  loss 1.83727  ce 3.09796  kd 0.57658  train_acc 41.481  val_acc 82.50  (29.6s)
epoch 97/100  lr 1.39e-06  loss 1.81361  ce 3.05073  kd 0.57650  train_acc 43.545  val_acc 82.50  (30.1s)
epoch 98/100  lr 1.22e-06  loss 1.83661  ce 3.09359  kd 0.57963  train_acc 45.796  val_acc 82.33  (30.4s)
epoch 99/100  lr 1.1e-06  loss 1.83446  ce 3.10707  kd 0.56186  train_acc 39.937  val_acc 82.00  (29.8s)
epoch 100/100  lr 1.02e-06  loss 1.79389  ce 3.02253  kd 0.56524  train_acc 35.844  val_acc 82.17  (29.0s)
done. final val acc 82.17  best 83.67 @ epoch 74
