
===== 2026-10-04 04:39:24 gpu=0 /home/coder/aim-lab-stage12/.venv/bin/python -m stage0.train --mode maskedkd --mask-criterion random --keep 0.15 --dataset cub --seed 0 --lr 0.0001
run dir: /home/coder/stage0/outputs/cub/random_k0.15/seed0
state: new  device: cuda  micro_batch: 128  accum: 1  num_workers: 3
train 5394  val 600  steps/epoch 42
Warning: You are sending unauthenticated requests to the HF Hub. Please set a HF_TOKEN to enable higher rate limits and faster downloads.
teacher: /home/coder/stage0/outputs/cub/teacher/seed0/best.pt (epoch 25, val acc 86.33)
epoch 1/100  lr 1e-06  loss 3.36925  ce 5.39442  kd 1.34408  train_acc 0.409  val_acc 0.50  (29.8s)
epoch 2/100  lr 2.08e-05  loss 3.30334  ce 5.34435  kd 1.26233  train_acc 0.670  val_acc 0.67  (31.1s)
epoch 3/100  lr 4.06e-05  loss 3.21711  ce 5.29058  kd 1.14364  train_acc 0.911  val_acc 1.17  (32.1s)
epoch 4/100  lr 6.04e-05  loss 3.09441  ce 5.19737  kd 0.99145  train_acc 1.730  val_acc 6.67  (33.0s)
epoch 5/100  lr 8.02e-05  loss 2.92942  ce 4.96144  kd 0.89741  train_acc 3.609  val_acc 11.83  (33.8s)
epoch 6/100  lr 9.94e-05  loss 2.79712  ce 4.75052  kd 0.84373  train_acc 6.138  val_acc 21.17  (32.8s)
epoch 7/100  lr 9.91e-05  loss 2.67218  ce 4.54750  kd 0.79687  train_acc 9.524  val_acc 26.17  (31.3s)
epoch 8/100  lr 9.88e-05  loss 2.62288  ce 4.48788  kd 0.75788  train_acc 10.826  val_acc 32.17  (27.5s)
epoch 9/100  lr 9.84e-05  loss 2.56280  ce 4.36763  kd 0.75796  train_acc 13.114  val_acc 38.00  (30.5s)
epoch 10/100  lr 9.8e-05  loss 2.50651  ce 4.26759  kd 0.74543  train_acc 15.774  val_acc 41.50  (32.9s)
epoch 11/100  lr 9.76e-05  loss 2.44602  ce 4.15697  kd 0.73507  train_acc 16.220  val_acc 47.33  (32.8s)
epoch 12/100  lr 9.71e-05  loss 2.45896  ce 4.17517  kd 0.74274  train_acc 20.722  val_acc 49.83  (33.3s)
epoch 13/100  lr 9.65e-05  loss 2.44431  ce 4.14787  kd 0.74076  train_acc 19.345  val_acc 49.67  (33.0s)
epoch 14/100  lr 9.59e-05  loss 2.38759  ce 4.04078  kd 0.73441  train_acc 22.879  val_acc 55.67  (31.9s)
epoch 15/100  lr 9.53e-05  loss 2.37053  ce 3.99511  kd 0.74595  train_acc 25.074  val_acc 56.50  (26.1s)
epoch 16/100  lr 9.46e-05  loss 2.27795  ce 3.81271  kd 0.74320  train_acc 24.591  val_acc 60.00  (30.3s)
epoch 17/100  lr 9.39e-05  loss 2.33726  ce 3.93340  kd 0.74112  train_acc 26.525  val_acc 58.50  (32.4s)
epoch 18/100  lr 9.31e-05  loss 2.28807  ce 3.83808  kd 0.73807  train_acc 27.455  val_acc 59.33  (32.7s)
epoch 19/100  lr 9.23e-05  loss 2.29580  ce 3.84635  kd 0.74526  train_acc 25.521  val_acc 63.00  (32.8s)
epoch 20/100  lr 9.14e-05  loss 2.28026  ce 3.81746  kd 0.74305  train_acc 30.580  val_acc 62.83  (33.7s)
epoch 21/100  lr 9.05e-05  loss 2.28481  ce 3.83305  kd 0.73657  train_acc 32.087  val_acc 63.33  (32.2s)
epoch 22/100  lr 8.96e-05  loss 2.22417  ce 3.69828  kd 0.75005  train_acc 29.241  val_acc 63.67  (26.8s)
epoch 23/100  lr 8.86e-05  loss 2.27142  ce 3.80335  kd 0.73950  train_acc 24.888  val_acc 65.33  (30.3s)
epoch 24/100  lr 8.76e-05  loss 2.19202  ce 3.63419  kd 0.74984  train_acc 27.902  val_acc 67.17  (31.7s)
epoch 25/100  lr 8.66e-05  loss 2.24111  ce 3.72943  kd 0.75279  train_acc 31.287  val_acc 65.67  (33.2s)
epoch 26/100  lr 8.55e-05  loss 2.20059  ce 3.65389  kd 0.74730  train_acc 35.714  val_acc 70.00  (32.4s)
epoch 27/100  lr 8.44e-05  loss 2.18907  ce 3.62253  kd 0.75561  train_acc 30.543  val_acc 68.33  (33.4s)
epoch 28/100  lr 8.32e-05  loss 2.23228  ce 3.71413  kd 0.75044  train_acc 28.962  val_acc 70.83  (33.1s)
epoch 29/100  lr 8.21e-05  loss 2.20284  ce 3.64983  kd 0.75584  train_acc 32.050  val_acc 71.17  (28.8s)
epoch 30/100  lr 8.08e-05  loss 2.19894  ce 3.63705  kd 0.76084  train_acc 32.217  val_acc 70.83  (30.1s)
epoch 31/100  lr 7.96e-05  loss 2.14566  ce 3.53140  kd 0.75992  train_acc 23.698  val_acc 70.00  (31.1s)
epoch 32/100  lr 7.83e-05  loss 2.15268  ce 3.55540  kd 0.74996  train_acc 29.613  val_acc 72.67  (31.9s)
epoch 33/100  lr 7.7e-05  loss 2.11952  ce 3.47901  kd 0.76003  train_acc 34.505  val_acc 72.00  (33.3s)
epoch 34/100  lr 7.57e-05  loss 2.12565  ce 3.49556  kd 0.75573  train_acc 22.824  val_acc 72.00  (33.6s)
epoch 35/100  lr 7.43e-05  loss 2.12773  ce 3.48569  kd 0.76976  train_acc 31.975  val_acc 71.17  (32.8s)
epoch 36/100  lr 7.3e-05  loss 2.15422  ce 3.54892  kd 0.75952  train_acc 37.742  val_acc 70.83  (30.0s)
epoch 37/100  lr 7.16e-05  loss 2.14244  ce 3.52804  kd 0.75684  train_acc 35.417  val_acc 73.33  (28.9s)
epoch 38/100  lr 7.02e-05  loss 2.12437  ce 3.46984  kd 0.77891  train_acc 34.468  val_acc 73.67  (30.7s)
epoch 39/100  lr 6.87e-05  loss 2.12666  ce 3.49760  kd 0.75573  train_acc 36.012  val_acc 72.17  (33.0s)
epoch 40/100  lr 6.73e-05  loss 2.11284  ce 3.46806  kd 0.75761  train_acc 34.208  val_acc 73.17  (33.0s)
epoch 41/100  lr 6.58e-05  loss 2.14720  ce 3.52843  kd 0.76596  train_acc 38.430  val_acc 72.83  (33.0s)
epoch 42/100  lr 6.43e-05  loss 2.10615  ce 3.43983  kd 0.77248  train_acc 33.185  val_acc 74.00  (32.8s)
epoch 43/100  lr 6.28e-05  loss 2.05853  ce 3.35005  kd 0.76702  train_acc 33.891  val_acc 72.50  (30.8s)
epoch 44/100  lr 6.13e-05  loss 2.11373  ce 3.46069  kd 0.76678  train_acc 34.710  val_acc 73.17  (27.4s)
epoch 45/100  lr 5.98e-05  loss 2.10459  ce 3.43363  kd 0.77555  train_acc 37.463  val_acc 74.17  (29.5s)
epoch 46/100  lr 5.82e-05  loss 2.11006  ce 3.45456  kd 0.76556  train_acc 36.365  val_acc 74.83  (31.7s)
epoch 47/100  lr 5.67e-05  loss 2.16796  ce 3.57969  kd 0.75624  train_acc 31.808  val_acc 74.00  (33.1s)
epoch 48/100  lr 5.52e-05  loss 2.05799  ce 3.34238  kd 0.77360  train_acc 42.001  val_acc 74.67  (33.1s)
epoch 49/100  lr 5.36e-05  loss 2.10593  ce 3.44559  kd 0.76628  train_acc 40.476  val_acc 74.67  (33.8s)
epoch 50/100  lr 5.21e-05  loss 2.04241  ce 3.30626  kd 0.77856  train_acc 39.230  val_acc 74.67  (31.3s)
epoch 51/100  lr 5.05e-05  loss 2.02768  ce 3.28702  kd 0.76834  train_acc 41.704  val_acc 73.33  (25.8s)
epoch 52/100  lr 4.89e-05  loss 2.13824  ce 3.52055  kd 0.75592  train_acc 33.519  val_acc 75.50  (25.1s)
epoch 53/100  lr 4.74e-05  loss 2.10710  ce 3.45007  kd 0.76412  train_acc 30.655  val_acc 76.33  (25.6s)
epoch 54/100  lr 4.58e-05  loss 2.09886  ce 3.43030  kd 0.76741  train_acc 28.292  val_acc 76.50  (25.9s)
epoch 55/100  lr 4.43e-05  loss 2.08094  ce 3.39515  kd 0.76672  train_acc 36.254  val_acc 76.00  (25.6s)
epoch 56/100  lr 4.28e-05  loss 2.06109  ce 3.34840  kd 0.77378  train_acc 37.984  val_acc 75.83  (25.8s)
epoch 57/100  lr 4.12e-05  loss 2.07649  ce 3.38240  kd 0.77059  train_acc 39.993  val_acc 75.83  (25.5s)
epoch 58/100  lr 3.97e-05  loss 2.04159  ce 3.30795  kd 0.77523  train_acc 34.766  val_acc 76.33  (24.7s)
epoch 59/100  lr 3.82e-05  loss 2.05775  ce 3.33611  kd 0.77939  train_acc 39.862  val_acc 78.00  (24.3s)
epoch 60/100  lr 3.67e-05  loss 2.13730  ce 3.51953  kd 0.75507  train_acc 36.291  val_acc 78.17  (24.3s)
epoch 61/100  lr 3.52e-05  loss 2.10715  ce 3.43290  kd 0.78139  train_acc 44.401  val_acc 77.83  (23.9s)
epoch 62/100  lr 3.37e-05  loss 2.03621  ce 3.29126  kd 0.78116  train_acc 36.235  val_acc 77.17  (24.2s)
epoch 63/100  lr 3.23e-05  loss 2.09145  ce 3.40887  kd 0.77403  train_acc 39.918  val_acc 77.33  (24.5s)
epoch 64/100  lr 3.08e-05  loss 2.03773  ce 3.29992  kd 0.77555  train_acc 38.653  val_acc 77.00  (24.1s)
epoch 65/100  lr 2.94e-05  loss 1.91541  ce 3.04639  kd 0.78442  train_acc 39.565  val_acc 77.67  (24.0s)
epoch 66/100  lr 2.8e-05  loss 2.07165  ce 3.37055  kd 0.77276  train_acc 41.834  val_acc 78.33  (24.2s)
epoch 67/100  lr 2.67e-05  loss 2.05356  ce 3.33365  kd 0.77348  train_acc 44.513  val_acc 78.17  (24.1s)
epoch 68/100  lr 2.53e-05  loss 2.06872  ce 3.35687  kd 0.78056  train_acc 42.653  val_acc 76.83  (24.3s)
epoch 69/100  lr 2.4e-05  loss 2.02298  ce 3.27563  kd 0.77034  train_acc 36.998  val_acc 76.83  (24.0s)
epoch 70/100  lr 2.27e-05  loss 2.02930  ce 3.28933  kd 0.76927  train_acc 33.780  val_acc 76.67  (23.8s)
epoch 71/100  lr 2.14e-05  loss 2.05991  ce 3.35362  kd 0.76621  train_acc 36.365  val_acc 76.83  (24.3s)
epoch 72/100  lr 2.02e-05  loss 1.99418  ce 3.21114  kd 0.77721  train_acc 37.128  val_acc 77.83  (24.2s)
epoch 73/100  lr 1.89e-05  loss 2.05763  ce 3.33655  kd 0.77871  train_acc 39.658  val_acc 77.17  (23.8s)
epoch 74/100  lr 1.78e-05  loss 2.03125  ce 3.29378  kd 0.76873  train_acc 38.095  val_acc 77.17  (23.7s)
epoch 75/100  lr 1.66e-05  loss 2.02298  ce 3.26493  kd 0.78102  train_acc 31.771  val_acc 77.17  (24.2s)
epoch 76/100  lr 1.55e-05  loss 2.01631  ce 3.24381  kd 0.78880  train_acc 46.317  val_acc 77.00  (24.3s)
epoch 77/100  lr 1.44e-05  loss 1.99865  ce 3.21670  kd 0.78061  train_acc 40.755  val_acc 76.83  (24.1s)
epoch 78/100  lr 1.34e-05  loss 1.98844  ce 3.18978  kd 0.78709  train_acc 47.656  val_acc 77.83  (23.8s)
epoch 79/100  lr 1.24e-05  loss 2.07763  ce 3.37951  kd 0.77575  train_acc 33.333  val_acc 77.00  (24.1s)
epoch 80/100  lr 1.14e-05  loss 2.06307  ce 3.34293  kd 0.78321  train_acc 41.090  val_acc 77.50  (24.3s)
epoch 81/100  lr 1.05e-05  loss 2.04711  ce 3.31211  kd 0.78211  train_acc 42.746  val_acc 77.83  (24.7s)
epoch 82/100  lr 9.56e-06  loss 2.01530  ce 3.24443  kd 0.78617  train_acc 43.583  val_acc 77.33  (24.4s)
epoch 83/100  lr 8.71e-06  loss 2.02786  ce 3.28556  kd 0.77015  train_acc 35.491  val_acc 77.67  (24.3s)
epoch 84/100  lr 7.89e-06  loss 1.97963  ce 3.16814  kd 0.79112  train_acc 41.183  val_acc 77.50  (24.2s)
epoch 85/100  lr 7.12e-06  loss 2.02780  ce 3.28729  kd 0.76831  train_acc 36.998  val_acc 78.00  (24.2s)
epoch 86/100  lr 6.4e-06  loss 2.01383  ce 3.24570  kd 0.78196  train_acc 39.081  val_acc 77.50  (24.5s)
epoch 87/100  lr 5.71e-06  loss 2.04959  ce 3.31297  kd 0.78620  train_acc 42.206  val_acc 77.67  (24.0s)
epoch 88/100  lr 5.07e-06  loss 2.07335  ce 3.38448  kd 0.76221  train_acc 38.542  val_acc 78.17  (24.2s)
epoch 89/100  lr 4.48e-06  loss 2.03890  ce 3.29140  kd 0.78640  train_acc 42.541  val_acc 78.00  (24.5s)
epoch 90/100  lr 3.93e-06  loss 2.00362  ce 3.22963  kd 0.77762  train_acc 37.351  val_acc 78.00  (24.0s)
epoch 91/100  lr 3.42e-06  loss 1.99323  ce 3.20294  kd 0.78351  train_acc 39.583  val_acc 78.17  (24.0s)
epoch 92/100  lr 2.97e-06  loss 2.06451  ce 3.34805  kd 0.78097  train_acc 36.923  val_acc 77.83  (24.3s)
epoch 93/100  lr 2.56e-06  loss 1.98841  ce 3.19772  kd 0.77911  train_acc 47.173  val_acc 77.67  (23.9s)
epoch 94/100  lr 2.19e-06  loss 1.99550  ce 3.20855  kd 0.78245  train_acc 43.322  val_acc 78.17  (24.1s)
epoch 95/100  lr 1.88e-06  loss 2.02837  ce 3.28376  kd 0.77299  train_acc 38.653  val_acc 77.33  (24.0s)
epoch 96/100  lr 1.61e-06  loss 2.06385  ce 3.35748  kd 0.77023  train_acc 41.964  val_acc 77.67  (24.1s)
epoch 97/100  lr 1.39e-06  loss 2.01926  ce 3.26882  kd 0.76970  train_acc 37.667  val_acc 77.83  (24.3s)
epoch 98/100  lr 1.22e-06  loss 2.00124  ce 3.21081  kd 0.79168  train_acc 45.778  val_acc 77.67  (24.1s)
epoch 99/100  lr 1.1e-06  loss 2.02605  ce 3.27000  kd 0.78209  train_acc 42.727  val_acc 77.67  (24.3s)
epoch 100/100  lr 1.02e-06  loss 1.99345  ce 3.21389  kd 0.77302  train_acc 44.048  val_acc 77.83  (24.0s)
done. final val acc 77.83  best 78.33 @ epoch 66
