
===== 2026-10-04 02:58:09 gpu=0 /home/coder/aim-lab-stage12/.venv/bin/python -m stage0.train --mode maskedkd --mask-criterion maskedkd --keep 0.15 --dataset cub --seed 1 --lr 0.0001
run dir: /home/coder/stage0/outputs/cub/maskedkd_k0.15/seed1
state: new  device: cuda  micro_batch: 128  accum: 1  num_workers: 3
train 5394  val 600  steps/epoch 42
teacher: /home/coder/stage0/outputs/cub/teacher/seed0/best.pt (epoch 25, val acc 86.33)
epoch 1/100  lr 1e-06  loss 3.56180  ce 5.39054  kd 1.73307  train_acc 0.539  val_acc 0.33  (28.7s)
epoch 2/100  lr 2.08e-05  loss 3.44791  ce 5.33458  kd 1.56125  train_acc 0.484  val_acc 0.33  (29.4s)
epoch 3/100  lr 4.06e-05  loss 3.28767  ce 5.28622  kd 1.28912  train_acc 0.818  val_acc 1.33  (29.1s)
epoch 4/100  lr 6.04e-05  loss 3.29778  ce 5.14969  kd 1.44587  train_acc 1.879  val_acc 7.17  (29.1s)
epoch 5/100  lr 8.02e-05  loss 3.12087  ce 4.91849  kd 1.32324  train_acc 3.739  val_acc 15.67  (29.3s)
epoch 6/100  lr 9.94e-05  loss 2.95469  ce 4.69611  kd 1.21327  train_acc 5.990  val_acc 22.83  (29.5s)
epoch 7/100  lr 9.91e-05  loss 2.82276  ce 4.52296  kd 1.12256  train_acc 10.584  val_acc 29.83  (29.6s)
epoch 8/100  lr 9.88e-05  loss 2.72715  ce 4.40177  kd 1.05253  train_acc 11.830  val_acc 36.17  (29.5s)
epoch 9/100  lr 9.84e-05  loss 2.65901  ce 4.31849  kd 0.99954  train_acc 13.058  val_acc 38.33  (29.3s)
epoch 10/100  lr 9.8e-05  loss 2.56731  ce 4.17342  kd 0.96120  train_acc 17.522  val_acc 44.50  (30.0s)
epoch 11/100  lr 9.76e-05  loss 2.52208  ce 4.10958  kd 0.93457  train_acc 17.987  val_acc 51.17  (29.2s)
epoch 12/100  lr 9.71e-05  loss 2.48195  ce 4.04067  kd 0.92322  train_acc 24.535  val_acc 51.50  (29.3s)
epoch 13/100  lr 9.65e-05  loss 2.41141  ce 3.94282  kd 0.87999  train_acc 21.150  val_acc 55.33  (29.4s)
epoch 14/100  lr 9.59e-05  loss 2.34236  ce 3.81434  kd 0.87038  train_acc 26.023  val_acc 61.00  (29.2s)
epoch 15/100  lr 9.53e-05  loss 2.37201  ce 3.88601  kd 0.85802  train_acc 27.548  val_acc 61.67  (29.4s)
epoch 16/100  lr 9.46e-05  loss 2.32446  ce 3.81679  kd 0.83213  train_acc 20.685  val_acc 62.83  (29.6s)
epoch 17/100  lr 9.39e-05  loss 2.27635  ce 3.71417  kd 0.83852  train_acc 28.534  val_acc 64.50  (29.5s)
epoch 18/100  lr 9.31e-05  loss 2.23838  ce 3.66574  kd 0.81101  train_acc 27.716  val_acc 66.00  (30.0s)
epoch 19/100  lr 9.23e-05  loss 2.20688  ce 3.60406  kd 0.80971  train_acc 30.153  val_acc 68.67  (29.6s)
epoch 20/100  lr 9.14e-05  loss 2.14791  ce 3.48705  kd 0.80878  train_acc 27.009  val_acc 68.50  (29.2s)
epoch 21/100  lr 9.05e-05  loss 2.25188  ce 3.69273  kd 0.81103  train_acc 29.371  val_acc 70.33  (29.6s)
epoch 22/100  lr 8.96e-05  loss 2.15300  ce 3.51048  kd 0.79552  train_acc 28.683  val_acc 70.50  (29.6s)
epoch 23/100  lr 8.86e-05  loss 2.24366  ce 3.70469  kd 0.78263  train_acc 31.920  val_acc 70.00  (29.8s)
epoch 24/100  lr 8.76e-05  loss 2.20717  ce 3.64351  kd 0.77083  train_acc 32.719  val_acc 69.17  (29.8s)
epoch 25/100  lr 8.66e-05  loss 2.17624  ce 3.57500  kd 0.77749  train_acc 32.980  val_acc 71.17  (30.2s)
epoch 26/100  lr 8.55e-05  loss 2.06923  ce 3.36836  kd 0.77010  train_acc 33.222  val_acc 71.67  (30.2s)
epoch 27/100  lr 8.44e-05  loss 2.14885  ce 3.53682  kd 0.76087  train_acc 33.203  val_acc 72.00  (29.6s)
epoch 28/100  lr 8.32e-05  loss 2.16214  ce 3.54460  kd 0.77967  train_acc 28.590  val_acc 73.83  (30.3s)
epoch 29/100  lr 8.21e-05  loss 2.12976  ce 3.47680  kd 0.78272  train_acc 37.928  val_acc 73.50  (30.4s)
epoch 30/100  lr 8.08e-05  loss 2.09597  ce 3.42649  kd 0.76545  train_acc 31.622  val_acc 74.33  (30.3s)
epoch 31/100  lr 7.96e-05  loss 2.06216  ce 3.35764  kd 0.76668  train_acc 35.063  val_acc 73.67  (29.0s)
epoch 32/100  lr 7.83e-05  loss 2.10353  ce 3.44849  kd 0.75857  train_acc 34.263  val_acc 74.83  (29.4s)
epoch 33/100  lr 7.7e-05  loss 2.06132  ce 3.35337  kd 0.76927  train_acc 39.546  val_acc 74.50  (29.2s)
epoch 34/100  lr 7.57e-05  loss 2.12732  ce 3.48701  kd 0.76762  train_acc 33.557  val_acc 74.17  (29.3s)
epoch 35/100  lr 7.43e-05  loss 2.09783  ce 3.44190  kd 0.75376  train_acc 32.961  val_acc 76.33  (28.7s)
epoch 36/100  lr 7.3e-05  loss 2.07020  ce 3.38900  kd 0.75139  train_acc 34.077  val_acc 76.83  (29.7s)
epoch 37/100  lr 7.16e-05  loss 2.10862  ce 3.45370  kd 0.76354  train_acc 38.579  val_acc 77.00  (30.3s)
epoch 38/100  lr 7.02e-05  loss 2.06218  ce 3.36920  kd 0.75517  train_acc 32.831  val_acc 76.83  (29.7s)
epoch 39/100  lr 6.87e-05  loss 2.08709  ce 3.42783  kd 0.74635  train_acc 29.781  val_acc 77.17  (29.3s)
epoch 40/100  lr 6.73e-05  loss 2.08043  ce 3.38919  kd 0.77168  train_acc 41.220  val_acc 76.17  (29.3s)
epoch 41/100  lr 6.58e-05  loss 2.06458  ce 3.34756  kd 0.78160  train_acc 37.426  val_acc 77.83  (29.4s)
epoch 42/100  lr 6.43e-05  loss 2.03639  ce 3.31618  kd 0.75660  train_acc 34.301  val_acc 77.33  (29.6s)
epoch 43/100  lr 6.28e-05  loss 2.10814  ce 3.45479  kd 0.76149  train_acc 38.914  val_acc 78.00  (29.0s)
epoch 44/100  lr 6.13e-05  loss 2.08600  ce 3.40914  kd 0.76287  train_acc 33.147  val_acc 77.50  (29.5s)
epoch 45/100  lr 5.98e-05  loss 2.10835  ce 3.45735  kd 0.75934  train_acc 32.794  val_acc 78.67  (29.0s)
epoch 46/100  lr 5.82e-05  loss 2.08939  ce 3.40680  kd 0.77199  train_acc 29.632  val_acc 79.83  (29.0s)
epoch 47/100  lr 5.67e-05  loss 2.12484  ce 3.49239  kd 0.75729  train_acc 25.558  val_acc 79.33  (29.5s)
epoch 48/100  lr 5.52e-05  loss 2.07871  ce 3.40423  kd 0.75320  train_acc 33.240  val_acc 78.50  (29.5s)
epoch 49/100  lr 5.36e-05  loss 2.01279  ce 3.26206  kd 0.76353  train_acc 37.407  val_acc 79.50  (29.5s)
epoch 50/100  lr 5.21e-05  loss 2.09468  ce 3.42367  kd 0.76569  train_acc 29.297  val_acc 80.00  (29.4s)
epoch 51/100  lr 5.05e-05  loss 2.04209  ce 3.32627  kd 0.75791  train_acc 36.756  val_acc 78.67  (29.3s)
epoch 52/100  lr 4.89e-05  loss 2.04353  ce 3.32813  kd 0.75893  train_acc 34.431  val_acc 79.67  (29.5s)
epoch 53/100  lr 4.74e-05  loss 2.06477  ce 3.37751  kd 0.75204  train_acc 33.780  val_acc 79.67  (29.4s)
epoch 54/100  lr 4.58e-05  loss 2.04428  ce 3.34003  kd 0.74854  train_acc 39.174  val_acc 80.00  (29.4s)
epoch 55/100  lr 4.43e-05  loss 2.03853  ce 3.31977  kd 0.75728  train_acc 33.445  val_acc 79.00  (29.8s)
epoch 56/100  lr 4.28e-05  loss 2.01591  ce 3.27690  kd 0.75492  train_acc 40.179  val_acc 80.33  (28.9s)
epoch 57/100  lr 4.12e-05  loss 1.97004  ce 3.18893  kd 0.75115  train_acc 41.146  val_acc 79.33  (29.1s)
epoch 58/100  lr 3.97e-05  loss 2.07746  ce 3.38827  kd 0.76666  train_acc 39.156  val_acc 79.17  (29.4s)
epoch 59/100  lr 3.82e-05  loss 2.03292  ce 3.31292  kd 0.75291  train_acc 31.213  val_acc 78.83  (29.4s)
epoch 60/100  lr 3.67e-05  loss 2.07971  ce 3.39916  kd 0.76026  train_acc 33.110  val_acc 78.67  (28.8s)
epoch 61/100  lr 3.52e-05  loss 1.93852  ce 3.11603  kd 0.76100  train_acc 44.345  val_acc 79.33  (28.8s)
epoch 62/100  lr 3.37e-05  loss 1.95933  ce 3.16659  kd 0.75207  train_acc 35.658  val_acc 80.50  (28.9s)
epoch 63/100  lr 3.23e-05  loss 2.09886  ce 3.43070  kd 0.76701  train_acc 37.798  val_acc 80.17  (30.0s)
epoch 64/100  lr 3.08e-05  loss 2.04266  ce 3.32014  kd 0.76517  train_acc 43.992  val_acc 80.67  (29.5s)
epoch 65/100  lr 2.94e-05  loss 1.98964  ce 3.22133  kd 0.75794  train_acc 35.751  val_acc 80.50  (29.0s)
epoch 66/100  lr 2.8e-05  loss 1.93381  ce 3.11669  kd 0.75094  train_acc 41.146  val_acc 80.50  (29.1s)
epoch 67/100  lr 2.67e-05  loss 2.02038  ce 3.26817  kd 0.77258  train_acc 37.072  val_acc 80.67  (29.6s)
epoch 68/100  lr 2.53e-05  loss 1.99452  ce 3.23509  kd 0.75396  train_acc 38.783  val_acc 80.00  (29.4s)
epoch 69/100  lr 2.4e-05  loss 2.01474  ce 3.26155  kd 0.76792  train_acc 40.625  val_acc 80.33  (28.9s)
epoch 70/100  lr 2.27e-05  loss 2.00173  ce 3.24402  kd 0.75943  train_acc 37.760  val_acc 80.83  (29.4s)
epoch 71/100  lr 2.14e-05  loss 2.04445  ce 3.32837  kd 0.76053  train_acc 38.467  val_acc 80.33  (29.4s)
epoch 72/100  lr 2.02e-05  loss 2.05066  ce 3.35608  kd 0.74524  train_acc 35.733  val_acc 81.00  (30.0s)
epoch 73/100  lr 1.89e-05  loss 2.07225  ce 3.38826  kd 0.75623  train_acc 36.049  val_acc 81.33  (29.1s)
epoch 74/100  lr 1.78e-05  loss 1.95053  ce 3.14071  kd 0.76034  train_acc 40.495  val_acc 81.17  (29.4s)
epoch 75/100  lr 1.66e-05  loss 2.01137  ce 3.26170  kd 0.76105  train_acc 47.879  val_acc 80.67  (29.3s)
epoch 76/100  lr 1.55e-05  loss 1.97250  ce 3.19107  kd 0.75393  train_acc 42.188  val_acc 80.83  (29.0s)
epoch 77/100  lr 1.44e-05  loss 2.00377  ce 3.24130  kd 0.76625  train_acc 46.112  val_acc 82.17  (29.7s)
epoch 78/100  lr 1.34e-05  loss 2.02391  ce 3.29262  kd 0.75519  train_acc 36.403  val_acc 81.00  (29.1s)
epoch 79/100  lr 1.24e-05  loss 1.97842  ce 3.19241  kd 0.76444  train_acc 44.271  val_acc 81.50  (29.7s)
epoch 80/100  lr 1.14e-05  loss 1.98661  ce 3.22269  kd 0.75053  train_acc 43.006  val_acc 80.83  (29.9s)
epoch 81/100  lr 1.05e-05  loss 2.05063  ce 3.34383  kd 0.75744  train_acc 36.961  val_acc 80.50  (29.5s)
epoch 82/100  lr 9.56e-06  loss 2.01699  ce 3.28694  kd 0.74704  train_acc 39.025  val_acc 80.50  (28.7s)
epoch 83/100  lr 8.71e-06  loss 1.98094  ce 3.19751  kd 0.76436  train_acc 43.601  val_acc 80.83  (29.8s)
epoch 84/100  lr 7.89e-06  loss 1.96567  ce 3.17796  kd 0.75338  train_acc 39.379  val_acc 81.00  (28.7s)
epoch 85/100  lr 7.12e-06  loss 1.98728  ce 3.20929  kd 0.76527  train_acc 43.043  val_acc 80.67  (29.3s)
epoch 86/100  lr 6.4e-06  loss 1.99109  ce 3.20997  kd 0.77222  train_acc 41.016  val_acc 81.00  (29.5s)
epoch 87/100  lr 5.71e-06  loss 1.95042  ce 3.15680  kd 0.74404  train_acc 37.202  val_acc 81.50  (29.0s)
epoch 88/100  lr 5.07e-06  loss 2.02277  ce 3.28493  kd 0.76060  train_acc 36.979  val_acc 81.50  (29.1s)
epoch 89/100  lr 4.48e-06  loss 2.01027  ce 3.25749  kd 0.76305  train_acc 36.756  val_acc 81.00  (29.1s)
epoch 90/100  lr 3.93e-06  loss 1.98676  ce 3.20372  kd 0.76981  train_acc 45.908  val_acc 81.17  (29.2s)
epoch 91/100  lr 3.42e-06  loss 1.94940  ce 3.15053  kd 0.74827  train_acc 43.397  val_acc 81.33  (29.1s)
epoch 92/100  lr 2.97e-06  loss 2.02889  ce 3.29738  kd 0.76040  train_acc 40.420  val_acc 81.17  (29.1s)
epoch 93/100  lr 2.56e-06  loss 1.92287  ce 3.09408  kd 0.75167  train_acc 42.429  val_acc 81.50  (29.1s)
epoch 94/100  lr 2.19e-06  loss 1.95130  ce 3.15431  kd 0.74829  train_acc 43.415  val_acc 81.17  (29.4s)
epoch 95/100  lr 1.88e-06  loss 2.03019  ce 3.30096  kd 0.75941  train_acc 37.593  val_acc 81.33  (29.3s)
epoch 96/100  lr 1.61e-06  loss 2.00496  ce 3.25277  kd 0.75714  train_acc 38.858  val_acc 81.33  (29.6s)
epoch 97/100  lr 1.39e-06  loss 1.98365  ce 3.20771  kd 0.75958  train_acc 41.946  val_acc 81.83  (29.8s)
epoch 98/100  lr 1.22e-06  loss 2.00943  ce 3.25027  kd 0.76859  train_acc 43.304  val_acc 81.50  (29.3s)
epoch 99/100  lr 1.1e-06  loss 2.01676  ce 3.26651  kd 0.76701  train_acc 38.039  val_acc 81.17  (29.3s)
epoch 100/100  lr 1.02e-06  loss 1.96760  ce 3.17495  kd 0.76025  train_acc 34.189  val_acc 81.17  (29.2s)
done. final val acc 81.17  best 82.17 @ epoch 77
