
===== 2026-10-04 04:39:30 gpu=0 /home/coder/aim-lab-stage12/.venv/bin/python -m stage0.train --mode maskedkd --mask-criterion random --keep 0.15 --dataset cub --seed 2 --lr 0.0001
run dir: /home/coder/stage0/outputs/cub/random_k0.15/seed2
state: new  device: cuda  micro_batch: 128  accum: 1  num_workers: 3
train 5394  val 600  steps/epoch 42
teacher: /home/coder/stage0/outputs/cub/teacher/seed0/best.pt (epoch 25, val acc 86.33)
epoch 1/100  lr 1e-06  loss 3.38621  ce 5.39651  kd 1.37590  train_acc 0.465  val_acc 0.00  (29.2s)
epoch 2/100  lr 2.08e-05  loss 3.27777  ce 5.34796  kd 1.20758  train_acc 0.577  val_acc 0.67  (31.8s)
epoch 3/100  lr 4.06e-05  loss 3.19872  ce 5.31932  kd 1.07812  train_acc 0.800  val_acc 1.17  (31.7s)
epoch 4/100  lr 6.04e-05  loss 3.13761  ce 5.23268  kd 1.04253  train_acc 1.302  val_acc 5.83  (33.1s)
epoch 5/100  lr 8.02e-05  loss 2.96209  ce 4.99448  kd 0.92971  train_acc 3.534  val_acc 10.67  (33.1s)
epoch 6/100  lr 9.94e-05  loss 2.81326  ce 4.80153  kd 0.82499  train_acc 4.743  val_acc 14.67  (33.2s)
epoch 7/100  lr 9.91e-05  loss 2.67890  ce 4.54788  kd 0.80992  train_acc 7.999  val_acc 25.33  (30.6s)
epoch 8/100  lr 9.88e-05  loss 2.59498  ce 4.40795  kd 0.78201  train_acc 11.347  val_acc 29.50  (28.1s)
epoch 9/100  lr 9.84e-05  loss 2.53233  ce 4.30373  kd 0.76092  train_acc 12.184  val_acc 36.67  (30.3s)
epoch 10/100  lr 9.8e-05  loss 2.52463  ce 4.30496  kd 0.74431  train_acc 16.388  val_acc 40.00  (32.3s)
epoch 11/100  lr 9.76e-05  loss 2.43773  ce 4.13056  kd 0.74491  train_acc 16.369  val_acc 43.50  (33.1s)
epoch 12/100  lr 9.71e-05  loss 2.46182  ce 4.20030  kd 0.72334  train_acc 17.113  val_acc 47.00  (32.7s)
epoch 13/100  lr 9.65e-05  loss 2.43701  ce 4.14310  kd 0.73092  train_acc 20.647  val_acc 51.17  (32.9s)
epoch 14/100  lr 9.59e-05  loss 2.36436  ce 4.00174  kd 0.72698  train_acc 23.344  val_acc 52.00  (31.6s)
epoch 15/100  lr 9.53e-05  loss 2.37622  ce 4.01785  kd 0.73459  train_acc 21.931  val_acc 56.50  (26.5s)
epoch 16/100  lr 9.46e-05  loss 2.31714  ce 3.90473  kd 0.72955  train_acc 20.368  val_acc 60.17  (30.6s)
epoch 17/100  lr 9.39e-05  loss 2.28918  ce 3.83998  kd 0.73838  train_acc 28.144  val_acc 59.50  (31.9s)
epoch 18/100  lr 9.31e-05  loss 2.31727  ce 3.91212  kd 0.72242  train_acc 27.511  val_acc 61.00  (32.7s)
epoch 19/100  lr 9.23e-05  loss 2.31334  ce 3.89200  kd 0.73468  train_acc 25.949  val_acc 63.83  (32.9s)
epoch 20/100  lr 9.14e-05  loss 2.25769  ce 3.78430  kd 0.73109  train_acc 25.056  val_acc 62.67  (32.7s)
epoch 21/100  lr 9.05e-05  loss 2.23867  ce 3.73105  kd 0.74630  train_acc 26.674  val_acc 63.83  (33.6s)
epoch 22/100  lr 8.96e-05  loss 2.23750  ce 3.73795  kd 0.73704  train_acc 30.525  val_acc 67.17  (27.1s)
epoch 23/100  lr 8.86e-05  loss 2.25352  ce 3.76809  kd 0.73896  train_acc 30.134  val_acc 68.67  (29.8s)
epoch 24/100  lr 8.76e-05  loss 2.22318  ce 3.69592  kd 0.75044  train_acc 30.562  val_acc 66.83  (31.9s)
epoch 25/100  lr 8.66e-05  loss 2.21989  ce 3.69203  kd 0.74775  train_acc 30.618  val_acc 67.83  (32.9s)
epoch 26/100  lr 8.55e-05  loss 2.17477  ce 3.59189  kd 0.75765  train_acc 30.673  val_acc 68.33  (33.0s)
epoch 27/100  lr 8.44e-05  loss 2.26653  ce 3.78520  kd 0.74786  train_acc 32.589  val_acc 69.17  (33.9s)
epoch 28/100  lr 8.32e-05  loss 2.19909  ce 3.64345  kd 0.75474  train_acc 33.203  val_acc 68.67  (32.0s)
epoch 29/100  lr 8.21e-05  loss 2.18144  ce 3.60828  kd 0.75460  train_acc 27.530  val_acc 70.50  (28.5s)
epoch 30/100  lr 8.08e-05  loss 2.11174  ce 3.46208  kd 0.76139  train_acc 37.035  val_acc 71.67  (30.5s)
epoch 31/100  lr 7.96e-05  loss 2.16228  ce 3.57224  kd 0.75233  train_acc 27.269  val_acc 74.17  (30.9s)
epoch 32/100  lr 7.83e-05  loss 2.14949  ce 3.54639  kd 0.75259  train_acc 30.990  val_acc 72.50  (31.6s)
epoch 33/100  lr 7.7e-05  loss 2.17808  ce 3.59170  kd 0.76446  train_acc 34.059  val_acc 72.33  (33.0s)
epoch 34/100  lr 7.57e-05  loss 2.14207  ce 3.53261  kd 0.75153  train_acc 40.346  val_acc 71.83  (33.7s)
epoch 35/100  lr 7.43e-05  loss 2.09790  ce 3.42770  kd 0.76809  train_acc 40.309  val_acc 71.83  (33.0s)
epoch 36/100  lr 7.3e-05  loss 2.05814  ce 3.35019  kd 0.76608  train_acc 31.455  val_acc 73.00  (29.3s)
epoch 37/100  lr 7.16e-05  loss 2.12147  ce 3.48013  kd 0.76281  train_acc 34.598  val_acc 72.67  (29.2s)
epoch 38/100  lr 7.02e-05  loss 2.10327  ce 3.44821  kd 0.75834  train_acc 38.188  val_acc 72.17  (30.9s)
epoch 39/100  lr 6.87e-05  loss 2.14766  ce 3.53826  kd 0.75706  train_acc 41.946  val_acc 74.67  (32.4s)
epoch 40/100  lr 6.73e-05  loss 2.16767  ce 3.57615  kd 0.75919  train_acc 32.961  val_acc 73.50  (32.8s)
epoch 41/100  lr 6.58e-05  loss 2.13217  ce 3.49920  kd 0.76513  train_acc 36.347  val_acc 74.00  (33.4s)
epoch 42/100  lr 6.43e-05  loss 2.14435  ce 3.53174  kd 0.75696  train_acc 38.542  val_acc 74.33  (33.8s)
epoch 43/100  lr 6.28e-05  loss 2.09339  ce 3.41360  kd 0.77318  train_acc 34.208  val_acc 75.33  (30.2s)
epoch 44/100  lr 6.13e-05  loss 2.15195  ce 3.54236  kd 0.76154  train_acc 38.021  val_acc 75.50  (28.0s)
epoch 45/100  lr 5.98e-05  loss 2.12140  ce 3.49137  kd 0.75143  train_acc 31.083  val_acc 74.00  (29.5s)
epoch 46/100  lr 5.82e-05  loss 2.14134  ce 3.51931  kd 0.76337  train_acc 31.250  val_acc 75.67  (31.7s)
epoch 47/100  lr 5.67e-05  loss 2.09889  ce 3.42866  kd 0.76911  train_acc 39.621  val_acc 76.17  (32.7s)
epoch 48/100  lr 5.52e-05  loss 2.10690  ce 3.45251  kd 0.76130  train_acc 34.635  val_acc 76.00  (33.5s)
epoch 49/100  lr 5.36e-05  loss 2.09759  ce 3.42944  kd 0.76574  train_acc 37.742  val_acc 75.67  (33.0s)
epoch 50/100  lr 5.21e-05  loss 2.06816  ce 3.37773  kd 0.75858  train_acc 33.873  val_acc 75.67  (31.4s)
epoch 51/100  lr 5.05e-05  loss 2.12459  ce 3.47549  kd 0.77369  train_acc 41.797  val_acc 74.67  (25.1s)
epoch 52/100  lr 4.89e-05  loss 2.06242  ce 3.35941  kd 0.76544  train_acc 41.183  val_acc 74.50  (25.2s)
epoch 53/100  lr 4.74e-05  loss 2.12653  ce 3.48929  kd 0.76378  train_acc 31.603  val_acc 76.17  (25.5s)
epoch 54/100  lr 4.58e-05  loss 2.06878  ce 3.37394  kd 0.76362  train_acc 40.997  val_acc 75.50  (25.3s)
epoch 55/100  lr 4.43e-05  loss 2.06089  ce 3.34011  kd 0.78168  train_acc 38.821  val_acc 77.67  (25.9s)
epoch 56/100  lr 4.28e-05  loss 2.05783  ce 3.34816  kd 0.76750  train_acc 37.463  val_acc 77.33  (25.6s)
epoch 57/100  lr 4.12e-05  loss 2.09148  ce 3.40570  kd 0.77727  train_acc 41.016  val_acc 77.17  (25.9s)
epoch 58/100  lr 3.97e-05  loss 2.10099  ce 3.43148  kd 0.77050  train_acc 45.089  val_acc 77.67  (24.5s)
epoch 59/100  lr 3.82e-05  loss 2.03084  ce 3.28886  kd 0.77282  train_acc 41.034  val_acc 77.50  (24.2s)
epoch 60/100  lr 3.67e-05  loss 2.05112  ce 3.32067  kd 0.78156  train_acc 41.741  val_acc 75.83  (24.5s)
epoch 61/100  lr 3.52e-05  loss 2.03720  ce 3.29558  kd 0.77883  train_acc 43.173  val_acc 77.33  (24.4s)
epoch 62/100  lr 3.37e-05  loss 2.02193  ce 3.26843  kd 0.77543  train_acc 34.319  val_acc 76.83  (24.2s)
epoch 63/100  lr 3.23e-05  loss 2.03245  ce 3.28625  kd 0.77864  train_acc 37.035  val_acc 77.17  (24.1s)
epoch 64/100  lr 3.08e-05  loss 2.05472  ce 3.33321  kd 0.77623  train_acc 32.608  val_acc 77.50  (24.3s)
epoch 65/100  lr 2.94e-05  loss 2.00142  ce 3.21698  kd 0.78585  train_acc 35.677  val_acc 76.33  (24.2s)
epoch 66/100  lr 2.8e-05  loss 2.06488  ce 3.35261  kd 0.77716  train_acc 32.422  val_acc 76.83  (24.1s)
epoch 67/100  lr 2.67e-05  loss 2.01665  ce 3.25353  kd 0.77977  train_acc 39.732  val_acc 77.33  (24.1s)
epoch 68/100  lr 2.53e-05  loss 1.99159  ce 3.20537  kd 0.77781  train_acc 32.719  val_acc 76.67  (24.1s)
epoch 69/100  lr 2.4e-05  loss 1.96157  ce 3.13268  kd 0.79047  train_acc 46.094  val_acc 77.33  (23.9s)
epoch 70/100  lr 2.27e-05  loss 2.02735  ce 3.27970  kd 0.77499  train_acc 41.164  val_acc 76.50  (24.0s)
epoch 71/100  lr 2.14e-05  loss 2.02771  ce 3.27561  kd 0.77980  train_acc 45.722  val_acc 77.00  (24.4s)
epoch 72/100  lr 2.02e-05  loss 1.96278  ce 3.14848  kd 0.77709  train_acc 33.371  val_acc 76.83  (24.2s)
epoch 73/100  lr 1.89e-05  loss 2.01374  ce 3.24059  kd 0.78689  train_acc 38.839  val_acc 76.83  (24.0s)
epoch 74/100  lr 1.78e-05  loss 2.11820  ce 3.47186  kd 0.76454  train_acc 37.481  val_acc 77.17  (24.1s)
epoch 75/100  lr 1.66e-05  loss 2.04679  ce 3.31534  kd 0.77825  train_acc 38.709  val_acc 78.67  (23.9s)
epoch 76/100  lr 1.55e-05  loss 2.08727  ce 3.40378  kd 0.77076  train_acc 36.179  val_acc 77.17  (24.4s)
epoch 77/100  lr 1.44e-05  loss 2.05694  ce 3.35070  kd 0.76318  train_acc 38.765  val_acc 77.00  (24.3s)
epoch 78/100  lr 1.34e-05  loss 2.06822  ce 3.36147  kd 0.77497  train_acc 39.081  val_acc 75.67  (24.7s)
epoch 79/100  lr 1.24e-05  loss 2.08777  ce 3.40433  kd 0.77121  train_acc 40.197  val_acc 76.67  (24.1s)
epoch 80/100  lr 1.14e-05  loss 1.94504  ce 3.11001  kd 0.78007  train_acc 39.565  val_acc 77.17  (24.2s)
epoch 81/100  lr 1.05e-05  loss 2.07700  ce 3.38415  kd 0.76984  train_acc 30.655  val_acc 77.33  (23.8s)
epoch 82/100  lr 9.56e-06  loss 2.12239  ce 3.48063  kd 0.76415  train_acc 39.583  val_acc 78.00  (24.4s)
epoch 83/100  lr 8.71e-06  loss 2.10345  ce 3.42903  kd 0.77786  train_acc 35.696  val_acc 77.67  (24.1s)
epoch 84/100  lr 7.89e-06  loss 2.02128  ce 3.26294  kd 0.77963  train_acc 50.707  val_acc 77.33  (24.0s)
epoch 85/100  lr 7.12e-06  loss 2.04676  ce 3.31980  kd 0.77372  train_acc 39.509  val_acc 77.83  (24.0s)
epoch 86/100  lr 6.4e-06  loss 2.03295  ce 3.29006  kd 0.77584  train_acc 36.923  val_acc 77.50  (24.2s)
epoch 87/100  lr 5.71e-06  loss 2.02089  ce 3.25199  kd 0.78980  train_acc 42.969  val_acc 77.83  (24.0s)
epoch 88/100  lr 5.07e-06  loss 2.07244  ce 3.38047  kd 0.76441  train_acc 40.811  val_acc 77.67  (24.2s)
epoch 89/100  lr 4.48e-06  loss 1.96232  ce 3.15495  kd 0.76968  train_acc 38.597  val_acc 77.83  (24.1s)
epoch 90/100  lr 3.93e-06  loss 2.02003  ce 3.25258  kd 0.78747  train_acc 51.228  val_acc 77.33  (24.2s)
epoch 91/100  lr 3.42e-06  loss 1.92459  ce 3.06343  kd 0.78575  train_acc 35.584  val_acc 77.83  (24.4s)
epoch 92/100  lr 2.97e-06  loss 2.05243  ce 3.32974  kd 0.77513  train_acc 40.941  val_acc 77.67  (24.0s)
epoch 93/100  lr 2.56e-06  loss 2.08480  ce 3.40869  kd 0.76091  train_acc 37.351  val_acc 77.33  (24.2s)
epoch 94/100  lr 2.19e-06  loss 2.04773  ce 3.31910  kd 0.77636  train_acc 33.631  val_acc 77.17  (24.2s)
epoch 95/100  lr 1.88e-06  loss 2.05793  ce 3.34833  kd 0.76752  train_acc 36.886  val_acc 77.33  (24.1s)
epoch 96/100  lr 1.61e-06  loss 1.96232  ce 3.14221  kd 0.78243  train_acc 42.336  val_acc 77.33  (24.3s)
epoch 97/100  lr 1.39e-06  loss 2.02311  ce 3.26441  kd 0.78180  train_acc 39.546  val_acc 77.33  (24.0s)
epoch 98/100  lr 1.22e-06  loss 1.95407  ce 3.12665  kd 0.78149  train_acc 39.676  val_acc 77.17  (24.0s)
epoch 99/100  lr 1.1e-06  loss 2.06523  ce 3.34598  kd 0.78448  train_acc 40.997  val_acc 77.17  (24.0s)
epoch 100/100  lr 1.02e-06  loss 1.97784  ce 3.17749  kd 0.77819  train_acc 42.392  val_acc 77.17  (23.9s)
done. final val acc 77.17  best 78.67 @ epoch 75
