
===== 2026-10-04 09:06:53 gpu=0 /home/coder/aim-lab-stage3/.venv/bin/python -m stage0.train --mode maskedkd --mask-criterion tam --keep 0.3 --dataset waterbirds --seed 0 --lr 5e-05
run dir: /home/coder/stage0/outputs/waterbirds/tam_k0.3/seed0
state: new  device: cuda  micro_batch: 128  accum: 1  num_workers: 3
train 4795  val 1199  steps/epoch 37
Warning: You are sending unauthenticated requests to the HF Hub. Please set a HF_TOKEN to enable higher rate limits and faster downloads.
teacher: /home/coder/stage0/outputs/waterbirds/teacher/seed0/best.pt (epoch 21, val acc 93.99)
TAM: kind attn_last, gap [0.1, 0.5], budget fixed, k per bucket (59, 59, 59), teacher GFLOPs {59: 5.2780416}
epoch 1/100  lr 1e-06  loss 0.69585  ce 0.75091  kd 0.64079  train_acc 48.332  val_acc 53.88  (28.1s)
epoch 2/100  lr 1.08e-05  loss 0.46702  ce 0.56096  kd 0.37309  train_acc 75.655  val_acc 73.89  (29.1s)
epoch 3/100  lr 2.06e-05  loss 0.35073  ce 0.45528  kd 0.24618  train_acc 84.692  val_acc 65.64  (28.2s)
epoch 4/100  lr 3.04e-05  loss 0.32899  ce 0.45087  kd 0.20710  train_acc 84.797  val_acc 67.31  (28.4s)
epoch 5/100  lr 4.02e-05  loss 0.31128  ce 0.43621  kd 0.18635  train_acc 84.417  val_acc 73.14  (27.9s)
epoch 6/100  lr 4.97e-05  loss 0.29672  ce 0.41896  kd 0.17449  train_acc 84.734  val_acc 79.07  (27.7s)
epoch 7/100  lr 4.96e-05  loss 0.29335  ce 0.41763  kd 0.16907  train_acc 84.122  val_acc 80.65  (27.2s)
epoch 8/100  lr 4.94e-05  loss 0.29152  ce 0.42495  kd 0.15808  train_acc 83.129  val_acc 80.73  (27.6s)
epoch 9/100  lr 4.92e-05  loss 0.29209  ce 0.42597  kd 0.15821  train_acc 84.945  val_acc 82.90  (28.0s)
epoch 10/100  lr 4.9e-05  loss 0.28678  ce 0.41508  kd 0.15847  train_acc 84.269  val_acc 83.15  (27.9s)
epoch 11/100  lr 4.88e-05  loss 0.28160  ce 0.40794  kd 0.15527  train_acc 83.340  val_acc 86.91  (27.9s)
epoch 12/100  lr 4.85e-05  loss 0.27987  ce 0.41092  kd 0.14882  train_acc 87.057  val_acc 86.82  (27.5s)
epoch 13/100  lr 4.83e-05  loss 0.28607  ce 0.42049  kd 0.15165  train_acc 83.889  val_acc 85.74  (26.9s)
epoch 14/100  lr 4.8e-05  loss 0.27903  ce 0.41096  kd 0.14710  train_acc 86.085  val_acc 87.07  (26.9s)
epoch 15/100  lr 4.76e-05  loss 0.27909  ce 0.40275  kd 0.15543  train_acc 85.747  val_acc 87.66  (26.9s)
epoch 16/100  lr 4.73e-05  loss 0.26648  ce 0.38914  kd 0.14381  train_acc 87.078  val_acc 86.91  (27.1s)
epoch 17/100  lr 4.69e-05  loss 0.27669  ce 0.40814  kd 0.14523  train_acc 85.832  val_acc 88.49  (27.1s)
epoch 18/100  lr 4.66e-05  loss 0.27672  ce 0.40404  kd 0.14941  train_acc 85.938  val_acc 88.49  (27.2s)
epoch 19/100  lr 4.61e-05  loss 0.27650  ce 0.40595  kd 0.14705  train_acc 83.340  val_acc 89.16  (27.9s)
epoch 20/100  lr 4.57e-05  loss 0.27207  ce 0.40538  kd 0.13877  train_acc 86.360  val_acc 88.99  (26.6s)
epoch 21/100  lr 4.53e-05  loss 0.27735  ce 0.40993  kd 0.14477  train_acc 87.437  val_acc 89.49  (26.7s)
epoch 22/100  lr 4.48e-05  loss 0.26657  ce 0.39419  kd 0.13895  train_acc 85.642  val_acc 89.99  (27.3s)
epoch 23/100  lr 4.43e-05  loss 0.27983  ce 0.42336  kd 0.13630  train_acc 81.630  val_acc 89.41  (26.4s)
epoch 24/100  lr 4.38e-05  loss 0.25478  ce 0.38848  kd 0.12108  train_acc 82.432  val_acc 90.74  (26.2s)
epoch 25/100  lr 4.33e-05  loss 0.27079  ce 0.39868  kd 0.14290  train_acc 86.043  val_acc 87.49  (25.8s)
epoch 26/100  lr 4.28e-05  loss 0.27100  ce 0.40219  kd 0.13981  train_acc 85.938  val_acc 86.99  (26.0s)
epoch 27/100  lr 4.22e-05  loss 0.27059  ce 0.40056  kd 0.14062  train_acc 84.734  val_acc 87.57  (26.8s)
epoch 28/100  lr 4.16e-05  loss 0.27164  ce 0.40718  kd 0.13609  train_acc 84.502  val_acc 88.82  (27.1s)
epoch 29/100  lr 4.1e-05  loss 0.27207  ce 0.40606  kd 0.13807  train_acc 83.319  val_acc 89.07  (27.7s)
epoch 30/100  lr 4.04e-05  loss 0.27805  ce 0.41639  kd 0.13972  train_acc 83.763  val_acc 90.41  (26.4s)
epoch 31/100  lr 3.98e-05  loss 0.25983  ce 0.38973  kd 0.12993  train_acc 79.519  val_acc 90.08  (27.2s)
epoch 32/100  lr 3.92e-05  loss 0.25886  ce 0.38799  kd 0.12972  train_acc 83.235  val_acc 87.91  (26.8s)
epoch 33/100  lr 3.85e-05  loss 0.25584  ce 0.38495  kd 0.12672  train_acc 84.248  val_acc 87.99  (27.1s)
epoch 34/100  lr 3.78e-05  loss 0.26609  ce 0.39914  kd 0.13304  train_acc 78.421  val_acc 87.66  (26.6s)
epoch 35/100  lr 3.72e-05  loss 0.26963  ce 0.40525  kd 0.13400  train_acc 83.193  val_acc 88.66  (26.6s)
epoch 36/100  lr 3.65e-05  loss 0.26459  ce 0.39776  kd 0.13142  train_acc 87.901  val_acc 89.49  (27.1s)
epoch 37/100  lr 3.58e-05  loss 0.27000  ce 0.39913  kd 0.14087  train_acc 84.354  val_acc 87.41  (27.9s)
epoch 38/100  lr 3.51e-05  loss 0.25947  ce 0.39245  kd 0.12649  train_acc 83.805  val_acc 89.66  (27.9s)
epoch 39/100  lr 3.44e-05  loss 0.26555  ce 0.40000  kd 0.13109  train_acc 86.106  val_acc 89.32  (27.6s)
epoch 40/100  lr 3.36e-05  loss 0.26022  ce 0.39912  kd 0.12131  train_acc 84.206  val_acc 88.74  (27.2s)
epoch 41/100  lr 3.29e-05  loss 0.27227  ce 0.40545  kd 0.13909  train_acc 85.156  val_acc 90.83  (27.0s)
epoch 42/100  lr 3.22e-05  loss 0.26428  ce 0.39325  kd 0.13532  train_acc 83.361  val_acc 90.58  (27.1s)
epoch 43/100  lr 3.14e-05  loss 0.25422  ce 0.38443  kd 0.12402  train_acc 84.143  val_acc 89.49  (26.9s)
epoch 44/100  lr 3.06e-05  loss 0.26376  ce 0.39964  kd 0.12788  train_acc 83.615  val_acc 89.57  (26.8s)
epoch 45/100  lr 2.99e-05  loss 0.26024  ce 0.38558  kd 0.13490  train_acc 84.882  val_acc 90.41  (26.7s)
epoch 46/100  lr 2.91e-05  loss 0.26993  ce 0.40612  kd 0.13375  train_acc 84.882  val_acc 90.41  (26.2s)
epoch 47/100  lr 2.84e-05  loss 0.27226  ce 0.41318  kd 0.13135  train_acc 82.855  val_acc 88.74  (26.7s)
epoch 48/100  lr 2.76e-05  loss 0.25485  ce 0.38444  kd 0.12526  train_acc 86.677  val_acc 89.66  (26.7s)
epoch 49/100  lr 2.68e-05  loss 0.25896  ce 0.39573  kd 0.12219  train_acc 87.373  val_acc 90.91  (27.3s)
epoch 50/100  lr 2.6e-05  loss 0.24913  ce 0.37698  kd 0.12129  train_acc 85.241  val_acc 90.83  (26.4s)
epoch 51/100  lr 2.53e-05  loss 0.24518  ce 0.37359  kd 0.11677  train_acc 86.550  val_acc 88.74  (28.0s)
epoch 52/100  lr 2.45e-05  loss 0.26607  ce 0.40316  kd 0.12898  train_acc 82.538  val_acc 89.57  (27.7s)
epoch 53/100  lr 2.37e-05  loss 0.26799  ce 0.40957  kd 0.12641  train_acc 81.123  val_acc 89.99  (27.6s)
epoch 54/100  lr 2.29e-05  loss 0.26458  ce 0.39729  kd 0.13187  train_acc 81.693  val_acc 89.49  (28.1s)
epoch 55/100  lr 2.21e-05  loss 0.26586  ce 0.40261  kd 0.12912  train_acc 83.552  val_acc 89.91  (27.5s)
epoch 56/100  lr 2.14e-05  loss 0.25383  ce 0.38329  kd 0.12436  train_acc 84.269  val_acc 90.33  (27.0s)
epoch 57/100  lr 2.06e-05  loss 0.25812  ce 0.39239  kd 0.12385  train_acc 86.170  val_acc 90.74  (26.6s)
epoch 58/100  lr 1.99e-05  loss 0.24764  ce 0.37728  kd 0.11799  train_acc 83.530  val_acc 90.41  (27.2s)
epoch 59/100  lr 1.91e-05  loss 0.25941  ce 0.39328  kd 0.12554  train_acc 84.143  val_acc 90.33  (27.2s)
epoch 60/100  lr 1.83e-05  loss 0.26664  ce 0.40710  kd 0.12619  train_acc 84.945  val_acc 90.83  (26.1s)
epoch 61/100  lr 1.76e-05  loss 0.26035  ce 0.39437  kd 0.12633  train_acc 88.112  val_acc 90.08  (26.7s)
epoch 62/100  lr 1.69e-05  loss 0.25733  ce 0.39088  kd 0.12379  train_acc 83.805  val_acc 91.24  (27.6s)
epoch 63/100  lr 1.61e-05  loss 0.26300  ce 0.39965  kd 0.12634  train_acc 84.776  val_acc 90.66  (27.3s)
epoch 64/100  lr 1.54e-05  loss 0.24890  ce 0.37945  kd 0.11834  train_acc 85.874  val_acc 90.58  (26.8s)
epoch 65/100  lr 1.47e-05  loss 0.23179  ce 0.35681  kd 0.10678  train_acc 83.953  val_acc 90.33  (27.2s)
epoch 66/100  lr 1.4e-05  loss 0.26085  ce 0.39527  kd 0.12642  train_acc 85.473  val_acc 90.24  (27.6s)
epoch 67/100  lr 1.33e-05  loss 0.25669  ce 0.39061  kd 0.12278  train_acc 87.437  val_acc 90.74  (26.8s)
epoch 68/100  lr 1.27e-05  loss 0.26065  ce 0.39772  kd 0.12357  train_acc 85.684  val_acc 90.49  (27.5s)
epoch 69/100  lr 1.2e-05  loss 0.25149  ce 0.38218  kd 0.12079  train_acc 82.010  val_acc 90.41  (27.4s)
epoch 70/100  lr 1.13e-05  loss 0.25634  ce 0.39368  kd 0.11901  train_acc 83.467  val_acc 90.16  (26.6s)
epoch 71/100  lr 1.07e-05  loss 0.25729  ce 0.39186  kd 0.12272  train_acc 83.383  val_acc 90.49  (27.0s)
epoch 72/100  lr 1.01e-05  loss 0.24901  ce 0.38392  kd 0.11411  train_acc 83.720  val_acc 90.24  (27.0s)
epoch 73/100  lr 9.47e-06  loss 0.25391  ce 0.38559  kd 0.12223  train_acc 84.333  val_acc 89.99  (26.3s)
epoch 74/100  lr 8.88e-06  loss 0.25019  ce 0.38115  kd 0.11922  train_acc 84.438  val_acc 90.24  (27.2s)
epoch 75/100  lr 8.31e-06  loss 0.24880  ce 0.37999  kd 0.11761  train_acc 82.834  val_acc 90.24  (27.0s)
epoch 76/100  lr 7.75e-06  loss 0.25061  ce 0.38284  kd 0.11837  train_acc 88.387  val_acc 90.33  (27.3s)
epoch 77/100  lr 7.21e-06  loss 0.24508  ce 0.37089  kd 0.11926  train_acc 85.959  val_acc 90.16  (27.0s)
epoch 78/100  lr 6.68e-06  loss 0.24281  ce 0.37264  kd 0.11298  train_acc 88.218  val_acc 90.49  (26.9s)
epoch 79/100  lr 6.18e-06  loss 0.25797  ce 0.38928  kd 0.12666  train_acc 81.609  val_acc 90.58  (27.3s)
epoch 80/100  lr 5.69e-06  loss 0.25944  ce 0.39333  kd 0.12555  train_acc 86.677  val_acc 90.33  (27.1s)
epoch 81/100  lr 5.23e-06  loss 0.25020  ce 0.37823  kd 0.12216  train_acc 86.698  val_acc 89.74  (26.6s)
epoch 82/100  lr 4.78e-06  loss 0.25092  ce 0.38172  kd 0.12011  train_acc 86.296  val_acc 89.99  (27.7s)
epoch 83/100  lr 4.35e-06  loss 0.25197  ce 0.38713  kd 0.11681  train_acc 82.580  val_acc 90.16  (27.3s)
epoch 84/100  lr 3.95e-06  loss 0.24406  ce 0.37193  kd 0.11619  train_acc 85.747  val_acc 90.08  (27.4s)
epoch 85/100  lr 3.56e-06  loss 0.25460  ce 0.39013  kd 0.11907  train_acc 82.644  val_acc 90.16  (27.8s)
epoch 86/100  lr 3.2e-06  loss 0.25509  ce 0.39351  kd 0.11667  train_acc 83.087  val_acc 90.08  (28.0s)
epoch 87/100  lr 2.86e-06  loss 0.26107  ce 0.39185  kd 0.13029  train_acc 85.177  val_acc 89.99  (27.2s)
epoch 88/100  lr 2.54e-06  loss 0.27284  ce 0.41600  kd 0.12969  train_acc 83.847  val_acc 90.08  (27.1s)
epoch 89/100  lr 2.24e-06  loss 0.26120  ce 0.39429  kd 0.12811  train_acc 85.410  val_acc 89.82  (27.9s)
epoch 90/100  lr 1.96e-06  loss 0.24918  ce 0.37094  kd 0.12743  train_acc 84.248  val_acc 89.82  (27.5s)
epoch 91/100  lr 1.71e-06  loss 0.24933  ce 0.37997  kd 0.11868  train_acc 83.657  val_acc 89.82  (27.1s)
epoch 92/100  lr 1.48e-06  loss 0.25561  ce 0.38785  kd 0.12336  train_acc 84.058  val_acc 89.99  (27.5s)
epoch 93/100  lr 1.28e-06  loss 0.25422  ce 0.38842  kd 0.12001  train_acc 87.331  val_acc 89.99  (27.0s)
epoch 94/100  lr 1.1e-06  loss 0.24408  ce 0.36965  kd 0.11851  train_acc 87.162  val_acc 90.16  (27.3s)
epoch 95/100  lr 9.38e-07  loss 0.25581  ce 0.38726  kd 0.12435  train_acc 84.248  val_acc 90.16  (27.2s)
epoch 96/100  lr 8.05e-07  loss 0.26236  ce 0.40029  kd 0.12444  train_acc 85.220  val_acc 90.16  (26.7s)
epoch 97/100  lr 6.95e-07  loss 0.25167  ce 0.38250  kd 0.12084  train_acc 84.101  val_acc 90.24  (27.7s)
epoch 98/100  lr 6.1e-07  loss 0.24719  ce 0.37848  kd 0.11590  train_acc 87.141  val_acc 90.16  (26.6s)
epoch 99/100  lr 5.49e-07  loss 0.25983  ce 0.39625  kd 0.12341  train_acc 86.275  val_acc 90.16  (26.6s)
epoch 100/100  lr 5.12e-07  loss 0.24758  ce 0.37919  kd 0.11597  train_acc 87.690  val_acc 90.24  (26.8s)
done. final val acc 90.24  best 91.24 @ epoch 62
