
===== 2026-10-04 08:19:18 gpu=0 /home/coder/aim-lab-stage3/.venv/bin/python -m stage0.train --mode maskedkd --mask-criterion maskedkd --keep 0.15 --dataset waterbirds --seed 0 --lr 5e-05
run dir: /home/coder/stage0/outputs/waterbirds/maskedkd_k0.15/seed0
state: new  device: cuda  micro_batch: 128  accum: 1  num_workers: 3
train 4795  val 1199  steps/epoch 37
teacher: /home/coder/stage0/outputs/waterbirds/teacher/seed0/best.pt (epoch 21, val acc 93.99)
epoch 1/100  lr 1e-06  loss 0.64231  ce 0.75021  kd 0.53441  train_acc 48.438  val_acc 54.05  (29.6s)
epoch 2/100  lr 1.08e-05  loss 0.42116  ce 0.57047  kd 0.27185  train_acc 75.591  val_acc 75.31  (28.4s)
epoch 3/100  lr 2.06e-05  loss 0.33549  ce 0.46291  kd 0.20807  train_acc 83.298  val_acc 70.98  (29.0s)
epoch 4/100  lr 3.04e-05  loss 0.31741  ce 0.45285  kd 0.18198  train_acc 83.615  val_acc 71.98  (28.9s)
epoch 5/100  lr 4.02e-05  loss 0.30666  ce 0.43644  kd 0.17688  train_acc 84.037  val_acc 76.40  (28.7s)
epoch 6/100  lr 4.97e-05  loss 0.29553  ce 0.42137  kd 0.16969  train_acc 84.016  val_acc 76.90  (28.7s)
epoch 7/100  lr 4.96e-05  loss 0.29325  ce 0.42024  kd 0.16625  train_acc 83.425  val_acc 79.40  (28.5s)
epoch 8/100  lr 4.94e-05  loss 0.29064  ce 0.42580  kd 0.15547  train_acc 82.812  val_acc 79.65  (28.5s)
epoch 9/100  lr 4.92e-05  loss 0.29305  ce 0.42784  kd 0.15825  train_acc 84.079  val_acc 81.57  (28.5s)
epoch 10/100  lr 4.9e-05  loss 0.28838  ce 0.42328  kd 0.15348  train_acc 83.425  val_acc 81.65  (28.2s)
epoch 11/100  lr 4.88e-05  loss 0.28723  ce 0.41360  kd 0.16086  train_acc 82.981  val_acc 85.82  (28.7s)
epoch 12/100  lr 4.85e-05  loss 0.28164  ce 0.42004  kd 0.14323  train_acc 85.938  val_acc 85.49  (28.9s)
epoch 13/100  lr 4.83e-05  loss 0.29185  ce 0.42565  kd 0.15804  train_acc 82.580  val_acc 84.57  (28.4s)
epoch 14/100  lr 4.8e-05  loss 0.28401  ce 0.41742  kd 0.15061  train_acc 84.692  val_acc 86.57  (28.3s)
epoch 15/100  lr 4.76e-05  loss 0.28959  ce 0.41221  kd 0.16698  train_acc 84.079  val_acc 87.16  (28.1s)
epoch 16/100  lr 4.73e-05  loss 0.27696  ce 0.39950  kd 0.15443  train_acc 85.177  val_acc 84.90  (28.6s)
epoch 17/100  lr 4.69e-05  loss 0.28043  ce 0.41733  kd 0.14353  train_acc 84.417  val_acc 87.41  (28.4s)
epoch 18/100  lr 4.66e-05  loss 0.28571  ce 0.41546  kd 0.15596  train_acc 84.481  val_acc 85.99  (28.1s)
epoch 19/100  lr 4.61e-05  loss 0.27780  ce 0.41132  kd 0.14428  train_acc 82.601  val_acc 87.74  (27.9s)
epoch 20/100  lr 4.57e-05  loss 0.28000  ce 0.41520  kd 0.14480  train_acc 84.945  val_acc 87.41  (28.0s)
epoch 21/100  lr 4.53e-05  loss 0.28168  ce 0.42193  kd 0.14143  train_acc 85.642  val_acc 87.74  (28.4s)
epoch 22/100  lr 4.48e-05  loss 0.27591  ce 0.40243  kd 0.14940  train_acc 84.375  val_acc 88.16  (27.9s)
epoch 23/100  lr 4.43e-05  loss 0.28594  ce 0.42946  kd 0.14242  train_acc 80.638  val_acc 88.41  (28.8s)
epoch 24/100  lr 4.38e-05  loss 0.27252  ce 0.39868  kd 0.14636  train_acc 81.503  val_acc 90.66  (28.2s)
epoch 25/100  lr 4.33e-05  loss 0.27801  ce 0.40799  kd 0.14804  train_acc 85.853  val_acc 88.24  (27.8s)
epoch 26/100  lr 4.28e-05  loss 0.27768  ce 0.41344  kd 0.14191  train_acc 84.502  val_acc 85.82  (27.9s)
epoch 27/100  lr 4.22e-05  loss 0.27515  ce 0.40938  kd 0.14092  train_acc 83.889  val_acc 88.99  (28.4s)
epoch 28/100  lr 4.16e-05  loss 0.27461  ce 0.41650  kd 0.13272  train_acc 83.045  val_acc 88.74  (27.9s)
epoch 29/100  lr 4.1e-05  loss 0.28133  ce 0.41501  kd 0.14764  train_acc 82.770  val_acc 88.82  (27.8s)
epoch 30/100  lr 4.04e-05  loss 0.28734  ce 0.42765  kd 0.14703  train_acc 81.883  val_acc 88.74  (28.5s)
epoch 31/100  lr 3.98e-05  loss 0.27096  ce 0.40209  kd 0.13984  train_acc 79.307  val_acc 90.41  (28.3s)
epoch 32/100  lr 3.92e-05  loss 0.26447  ce 0.39755  kd 0.13139  train_acc 82.454  val_acc 89.32  (27.6s)
epoch 33/100  lr 3.85e-05  loss 0.26573  ce 0.39742  kd 0.13403  train_acc 83.552  val_acc 87.57  (28.3s)
epoch 34/100  lr 3.78e-05  loss 0.26914  ce 0.41077  kd 0.12751  train_acc 78.547  val_acc 87.74  (27.9s)
epoch 35/100  lr 3.72e-05  loss 0.27676  ce 0.41394  kd 0.13958  train_acc 82.327  val_acc 88.32  (28.2s)
epoch 36/100  lr 3.65e-05  loss 0.27454  ce 0.40983  kd 0.13924  train_acc 85.726  val_acc 88.49  (27.3s)
epoch 37/100  lr 3.58e-05  loss 0.27662  ce 0.41415  kd 0.13908  train_acc 83.594  val_acc 88.07  (27.6s)
epoch 38/100  lr 3.51e-05  loss 0.27173  ce 0.40551  kd 0.13795  train_acc 83.024  val_acc 86.99  (27.9s)
epoch 39/100  lr 3.44e-05  loss 0.27303  ce 0.41646  kd 0.12961  train_acc 84.417  val_acc 87.32  (27.0s)
epoch 40/100  lr 3.36e-05  loss 0.26702  ce 0.41274  kd 0.12129  train_acc 83.361  val_acc 87.49  (27.0s)
epoch 41/100  lr 3.29e-05  loss 0.27694  ce 0.41811  kd 0.13578  train_acc 83.889  val_acc 88.32  (26.7s)
epoch 42/100  lr 3.22e-05  loss 0.27155  ce 0.40765  kd 0.13544  train_acc 82.897  val_acc 88.16  (26.9s)
epoch 43/100  lr 3.14e-05  loss 0.26519  ce 0.39674  kd 0.13364  train_acc 82.770  val_acc 88.91  (27.4s)
epoch 44/100  lr 3.06e-05  loss 0.27148  ce 0.41351  kd 0.12945  train_acc 82.475  val_acc 88.66  (27.5s)
epoch 45/100  lr 2.99e-05  loss 0.26942  ce 0.39898  kd 0.13985  train_acc 84.840  val_acc 89.66  (26.8s)
epoch 46/100  lr 2.91e-05  loss 0.27733  ce 0.41803  kd 0.13664  train_acc 83.003  val_acc 89.32  (27.3s)
epoch 47/100  lr 2.84e-05  loss 0.27671  ce 0.42548  kd 0.12795  train_acc 82.580  val_acc 88.32  (27.5s)
epoch 48/100  lr 2.76e-05  loss 0.26969  ce 0.40377  kd 0.13561  train_acc 84.164  val_acc 87.32  (27.4s)
epoch 49/100  lr 2.68e-05  loss 0.27033  ce 0.40961  kd 0.13105  train_acc 85.473  val_acc 90.08  (28.0s)
epoch 50/100  lr 2.6e-05  loss 0.26713  ce 0.39639  kd 0.13787  train_acc 82.327  val_acc 88.99  (27.6s)
epoch 51/100  lr 2.53e-05  loss 0.25995  ce 0.38972  kd 0.13017  train_acc 85.515  val_acc 87.49  (27.3s)
epoch 52/100  lr 2.45e-05  loss 0.27462  ce 0.41820  kd 0.13104  train_acc 81.482  val_acc 88.91  (27.4s)
epoch 53/100  lr 2.37e-05  loss 0.27880  ce 0.42174  kd 0.13586  train_acc 80.807  val_acc 88.57  (27.8s)
epoch 54/100  lr 2.29e-05  loss 0.27502  ce 0.41573  kd 0.13430  train_acc 81.482  val_acc 88.66  (27.7s)
epoch 55/100  lr 2.21e-05  loss 0.27283  ce 0.41644  kd 0.12921  train_acc 82.095  val_acc 88.32  (28.5s)
epoch 56/100  lr 2.14e-05  loss 0.26617  ce 0.40228  kd 0.13007  train_acc 83.361  val_acc 89.74  (28.4s)
epoch 57/100  lr 2.06e-05  loss 0.27119  ce 0.40945  kd 0.13292  train_acc 84.776  val_acc 89.57  (28.3s)
epoch 58/100  lr 1.99e-05  loss 0.26277  ce 0.39175  kd 0.13379  train_acc 83.383  val_acc 87.57  (28.3s)
epoch 59/100  lr 1.91e-05  loss 0.27189  ce 0.41320  kd 0.13058  train_acc 82.095  val_acc 88.41  (28.6s)
epoch 60/100  lr 1.83e-05  loss 0.27295  ce 0.41776  kd 0.12813  train_acc 84.101  val_acc 89.16  (28.8s)
epoch 61/100  lr 1.76e-05  loss 0.26952  ce 0.40820  kd 0.13084  train_acc 86.550  val_acc 88.66  (27.8s)
epoch 62/100  lr 1.69e-05  loss 0.26705  ce 0.40754  kd 0.12656  train_acc 82.960  val_acc 89.91  (28.7s)
epoch 63/100  lr 1.61e-05  loss 0.26961  ce 0.41386  kd 0.12536  train_acc 83.530  val_acc 89.32  (27.2s)
epoch 64/100  lr 1.54e-05  loss 0.26462  ce 0.39966  kd 0.12958  train_acc 84.248  val_acc 89.57  (28.2s)
epoch 65/100  lr 1.47e-05  loss 0.25364  ce 0.37667  kd 0.13062  train_acc 82.432  val_acc 88.41  (27.4s)
epoch 66/100  lr 1.4e-05  loss 0.27218  ce 0.41444  kd 0.12992  train_acc 84.058  val_acc 88.49  (28.4s)
epoch 67/100  lr 1.33e-05  loss 0.26938  ce 0.40801  kd 0.13075  train_acc 85.684  val_acc 88.91  (28.2s)
epoch 68/100  lr 1.27e-05  loss 0.27018  ce 0.41249  kd 0.12788  train_acc 83.889  val_acc 88.82  (28.8s)
epoch 69/100  lr 1.2e-05  loss 0.26447  ce 0.40026  kd 0.12869  train_acc 81.440  val_acc 89.07  (27.8s)
epoch 70/100  lr 1.13e-05  loss 0.26681  ce 0.40857  kd 0.12506  train_acc 82.031  val_acc 88.66  (27.9s)
epoch 71/100  lr 1.07e-05  loss 0.27193  ce 0.40790  kd 0.13595  train_acc 82.432  val_acc 88.99  (28.5s)
epoch 72/100  lr 1.01e-05  loss 0.26151  ce 0.40081  kd 0.12221  train_acc 82.264  val_acc 88.99  (28.3s)
epoch 73/100  lr 9.47e-06  loss 0.26361  ce 0.40047  kd 0.12676  train_acc 83.383  val_acc 88.74  (27.9s)
epoch 74/100  lr 8.88e-06  loss 0.26147  ce 0.39778  kd 0.12515  train_acc 82.791  val_acc 89.57  (27.2s)
epoch 75/100  lr 8.31e-06  loss 0.26147  ce 0.40002  kd 0.12292  train_acc 81.905  val_acc 88.57  (27.5s)
epoch 76/100  lr 7.75e-06  loss 0.26489  ce 0.40049  kd 0.12929  train_acc 85.790  val_acc 88.91  (28.0s)
epoch 77/100  lr 7.21e-06  loss 0.25712  ce 0.38937  kd 0.12487  train_acc 83.615  val_acc 88.99  (27.7s)
epoch 78/100  lr 6.68e-06  loss 0.25797  ce 0.39170  kd 0.12424  train_acc 85.389  val_acc 89.16  (27.5s)
epoch 79/100  lr 6.18e-06  loss 0.26693  ce 0.40321  kd 0.13065  train_acc 81.630  val_acc 89.32  (27.5s)
epoch 80/100  lr 5.69e-06  loss 0.26815  ce 0.41101  kd 0.12530  train_acc 84.544  val_acc 88.91  (27.5s)
epoch 81/100  lr 5.23e-06  loss 0.26435  ce 0.39524  kd 0.13345  train_acc 85.473  val_acc 88.49  (27.2s)
epoch 82/100  lr 4.78e-06  loss 0.26581  ce 0.40013  kd 0.13149  train_acc 84.312  val_acc 88.74  (27.8s)
epoch 83/100  lr 4.35e-06  loss 0.26324  ce 0.40277  kd 0.12372  train_acc 81.229  val_acc 89.16  (27.7s)
epoch 84/100  lr 3.95e-06  loss 0.25719  ce 0.38982  kd 0.12456  train_acc 84.818  val_acc 88.99  (27.2s)
epoch 85/100  lr 3.56e-06  loss 0.26730  ce 0.40571  kd 0.12890  train_acc 82.010  val_acc 89.16  (27.5s)
epoch 86/100  lr 3.2e-06  loss 0.26451  ce 0.40866  kd 0.12037  train_acc 81.672  val_acc 88.91  (27.9s)
epoch 87/100  lr 2.86e-06  loss 0.26773  ce 0.40954  kd 0.12592  train_acc 83.847  val_acc 89.24  (28.0s)
epoch 88/100  lr 2.54e-06  loss 0.27790  ce 0.42772  kd 0.12809  train_acc 82.369  val_acc 88.91  (27.4s)
epoch 89/100  lr 2.24e-06  loss 0.27223  ce 0.41279  kd 0.13168  train_acc 83.467  val_acc 88.99  (28.2s)
epoch 90/100  lr 1.96e-06  loss 0.26022  ce 0.38892  kd 0.13153  train_acc 82.665  val_acc 88.99  (27.8s)
epoch 91/100  lr 1.71e-06  loss 0.26163  ce 0.39485  kd 0.12841  train_acc 81.693  val_acc 89.07  (28.4s)
epoch 92/100  lr 1.48e-06  loss 0.26750  ce 0.40462  kd 0.13038  train_acc 82.707  val_acc 89.16  (27.6s)
epoch 93/100  lr 1.28e-06  loss 0.26769  ce 0.40440  kd 0.13098  train_acc 85.663  val_acc 89.16  (27.6s)
epoch 94/100  lr 1.1e-06  loss 0.25584  ce 0.38901  kd 0.12267  train_acc 85.452  val_acc 89.07  (28.3s)
epoch 95/100  lr 9.38e-07  loss 0.26526  ce 0.40292  kd 0.12759  train_acc 82.517  val_acc 89.16  (27.7s)
epoch 96/100  lr 8.05e-07  loss 0.27320  ce 0.41478  kd 0.13163  train_acc 82.855  val_acc 89.16  (28.0s)
epoch 97/100  lr 6.95e-07  loss 0.26275  ce 0.40143  kd 0.12407  train_acc 82.855  val_acc 89.16  (28.0s)
epoch 98/100  lr 6.1e-07  loss 0.26084  ce 0.39792  kd 0.12376  train_acc 85.114  val_acc 89.16  (28.4s)
epoch 99/100  lr 5.49e-07  loss 0.27033  ce 0.41089  kd 0.12978  train_acc 83.742  val_acc 89.24  (28.2s)
epoch 100/100  lr 5.12e-07  loss 0.26212  ce 0.39472  kd 0.12952  train_acc 85.494  val_acc 89.24  (25.3s)
done. final val acc 89.24  best 90.66 @ epoch 24
