
===== 2026-10-04 12:11:43 gpu=0 /home/coder/aim-lab-stage3/.venv/bin/python -m stage0.train --mode maskedkd --mask-criterion random --keep 0.15 --dataset waterbirds --seed 1 --lr 5e-05
run dir: /home/coder/stage0/outputs/waterbirds/random_k0.15/seed1
state: new  device: cuda  micro_batch: 128  accum: 1  num_workers: 3
train 4795  val 1199  steps/epoch 37
Warning: You are sending unauthenticated requests to the HF Hub. Please set a HF_TOKEN to enable higher rate limits and faster downloads.
teacher: /home/coder/stage0/outputs/waterbirds/teacher/seed0/best.pt (epoch 21, val acc 93.99)
epoch 1/100  lr 1e-06  loss 0.53154  ce 0.67236  kd 0.39072  train_acc 60.726  val_acc 58.13  (26.7s)
epoch 2/100  lr 1.08e-05  loss 0.36596  ce 0.55582  kd 0.17611  train_acc 77.365  val_acc 69.97  (24.5s)
epoch 3/100  lr 2.06e-05  loss 0.29171  ce 0.46372  kd 0.11969  train_acc 81.123  val_acc 63.64  (26.4s)
epoch 4/100  lr 3.04e-05  loss 0.27027  ce 0.43606  kd 0.10447  train_acc 81.166  val_acc 69.39  (27.3s)
epoch 5/100  lr 4.02e-05  loss 0.26792  ce 0.44000  kd 0.09585  train_acc 81.060  val_acc 71.39  (27.3s)
epoch 6/100  lr 4.97e-05  loss 0.26598  ce 0.43413  kd 0.09784  train_acc 81.102  val_acc 72.73  (28.1s)
epoch 7/100  lr 4.96e-05  loss 0.26298  ce 0.43074  kd 0.09522  train_acc 84.502  val_acc 76.15  (27.8s)
epoch 8/100  lr 4.94e-05  loss 0.25945  ce 0.42559  kd 0.09331  train_acc 81.440  val_acc 77.56  (27.9s)
epoch 9/100  lr 4.92e-05  loss 0.25966  ce 0.42690  kd 0.09242  train_acc 82.158  val_acc 79.23  (27.4s)
epoch 10/100  lr 4.9e-05  loss 0.25865  ce 0.42545  kd 0.09185  train_acc 84.523  val_acc 79.15  (25.4s)
epoch 11/100  lr 4.88e-05  loss 0.26020  ce 0.42548  kd 0.09493  train_acc 83.066  val_acc 76.81  (27.3s)
epoch 12/100  lr 4.85e-05  loss 0.25940  ce 0.42435  kd 0.09445  train_acc 85.811  val_acc 80.73  (27.4s)
epoch 13/100  lr 4.83e-05  loss 0.25267  ce 0.41495  kd 0.09039  train_acc 82.622  val_acc 80.98  (28.4s)
epoch 14/100  lr 4.8e-05  loss 0.24748  ce 0.40260  kd 0.09237  train_acc 83.573  val_acc 78.90  (27.9s)
epoch 15/100  lr 4.76e-05  loss 0.25490  ce 0.41705  kd 0.09275  train_acc 84.966  val_acc 77.31  (28.3s)
epoch 16/100  lr 4.73e-05  loss 0.25864  ce 0.42392  kd 0.09335  train_acc 81.292  val_acc 81.40  (28.4s)
epoch 17/100  lr 4.69e-05  loss 0.24747  ce 0.40550  kd 0.08944  train_acc 85.515  val_acc 81.57  (28.0s)
epoch 18/100  lr 4.66e-05  loss 0.25137  ce 0.41074  kd 0.09200  train_acc 82.686  val_acc 78.48  (25.9s)
epoch 19/100  lr 4.61e-05  loss 0.24747  ce 0.40452  kd 0.09043  train_acc 84.776  val_acc 83.65  (28.0s)
epoch 20/100  lr 4.57e-05  loss 0.24134  ce 0.39086  kd 0.09181  train_acc 83.805  val_acc 81.90  (28.2s)
epoch 21/100  lr 4.53e-05  loss 0.26391  ce 0.42745  kd 0.10037  train_acc 84.417  val_acc 82.24  (28.0s)
epoch 22/100  lr 4.48e-05  loss 0.24601  ce 0.39894  kd 0.09308  train_acc 84.312  val_acc 80.57  (27.6s)
epoch 23/100  lr 4.43e-05  loss 0.25231  ce 0.41604  kd 0.08859  train_acc 85.959  val_acc 79.57  (28.2s)
epoch 24/100  lr 4.38e-05  loss 0.25096  ce 0.41487  kd 0.08705  train_acc 84.333  val_acc 83.07  (28.9s)
epoch 25/100  lr 4.33e-05  loss 0.25159  ce 0.41429  kd 0.08890  train_acc 84.586  val_acc 81.65  (27.6s)
epoch 26/100  lr 4.28e-05  loss 0.24051  ce 0.38784  kd 0.09319  train_acc 84.840  val_acc 81.07  (26.4s)
epoch 27/100  lr 4.22e-05  loss 0.25056  ce 0.41364  kd 0.08748  train_acc 85.262  val_acc 81.98  (27.1s)
epoch 28/100  lr 4.16e-05  loss 0.24928  ce 0.40539  kd 0.09318  train_acc 83.509  val_acc 82.82  (27.6s)
epoch 29/100  lr 4.1e-05  loss 0.25165  ce 0.41321  kd 0.09008  train_acc 87.437  val_acc 81.23  (28.3s)
epoch 30/100  lr 4.04e-05  loss 0.24851  ce 0.40485  kd 0.09218  train_acc 81.419  val_acc 83.15  (28.5s)
epoch 31/100  lr 3.98e-05  loss 0.24163  ce 0.39537  kd 0.08789  train_acc 84.481  val_acc 83.65  (27.9s)
epoch 32/100  lr 3.92e-05  loss 0.24545  ce 0.40017  kd 0.09073  train_acc 85.262  val_acc 82.32  (27.8s)
epoch 33/100  lr 3.85e-05  loss 0.24958  ce 0.40707  kd 0.09209  train_acc 85.853  val_acc 80.48  (27.1s)
epoch 34/100  lr 3.78e-05  loss 0.25238  ce 0.41615  kd 0.08862  train_acc 83.193  val_acc 82.15  (27.2s)
epoch 35/100  lr 3.72e-05  loss 0.25022  ce 0.40608  kd 0.09435  train_acc 84.037  val_acc 84.15  (27.7s)
epoch 36/100  lr 3.65e-05  loss 0.24580  ce 0.40369  kd 0.08791  train_acc 83.193  val_acc 80.90  (28.5s)
epoch 37/100  lr 3.58e-05  loss 0.24798  ce 0.40515  kd 0.09080  train_acc 85.663  val_acc 83.99  (28.3s)
epoch 38/100  lr 3.51e-05  loss 0.24731  ce 0.40352  kd 0.09110  train_acc 82.454  val_acc 82.49  (28.6s)
epoch 39/100  lr 3.44e-05  loss 0.25062  ce 0.41074  kd 0.09050  train_acc 80.785  val_acc 82.74  (28.7s)
epoch 40/100  lr 3.36e-05  loss 0.25103  ce 0.40829  kd 0.09378  train_acc 87.774  val_acc 85.90  (27.8s)
epoch 41/100  lr 3.29e-05  loss 0.24227  ce 0.39455  kd 0.08998  train_acc 85.832  val_acc 83.40  (25.5s)
epoch 42/100  lr 3.22e-05  loss 0.24049  ce 0.39263  kd 0.08835  train_acc 84.227  val_acc 84.82  (28.0s)
epoch 43/100  lr 3.14e-05  loss 0.24901  ce 0.40931  kd 0.08871  train_acc 85.705  val_acc 85.32  (27.5s)
epoch 44/100  lr 3.06e-05  loss 0.24770  ce 0.40212  kd 0.09327  train_acc 84.776  val_acc 83.40  (28.5s)
epoch 45/100  lr 2.99e-05  loss 0.25476  ce 0.41664  kd 0.09288  train_acc 82.496  val_acc 81.48  (28.5s)
epoch 46/100  lr 2.91e-05  loss 0.24692  ce 0.40407  kd 0.08978  train_acc 81.018  val_acc 81.98  (28.1s)
epoch 47/100  lr 2.84e-05  loss 0.25494  ce 0.42215  kd 0.08773  train_acc 79.476  val_acc 83.90  (28.5s)
epoch 48/100  lr 2.76e-05  loss 0.25415  ce 0.41672  kd 0.09159  train_acc 82.939  val_acc 84.49  (27.7s)
epoch 49/100  lr 2.68e-05  loss 0.24158  ce 0.39564  kd 0.08752  train_acc 84.291  val_acc 84.57  (24.9s)
epoch 50/100  lr 2.6e-05  loss 0.25732  ce 0.42175  kd 0.09289  train_acc 80.764  val_acc 82.90  (27.1s)
epoch 51/100  lr 2.53e-05  loss 0.24182  ce 0.39442  kd 0.08922  train_acc 85.093  val_acc 84.82  (27.6s)
epoch 52/100  lr 2.45e-05  loss 0.25148  ce 0.41220  kd 0.09076  train_acc 82.454  val_acc 82.82  (28.3s)
epoch 53/100  lr 2.37e-05  loss 0.24957  ce 0.40581  kd 0.09334  train_acc 82.855  val_acc 85.82  (27.9s)
epoch 54/100  lr 2.29e-05  loss 0.24599  ce 0.40237  kd 0.08961  train_acc 85.705  val_acc 85.32  (28.4s)
epoch 55/100  lr 2.21e-05  loss 0.24883  ce 0.40672  kd 0.09094  train_acc 81.524  val_acc 85.49  (28.0s)
epoch 56/100  lr 2.14e-05  loss 0.24663  ce 0.39958  kd 0.09368  train_acc 84.565  val_acc 84.40  (27.5s)
epoch 57/100  lr 2.06e-05  loss 0.24092  ce 0.39459  kd 0.08725  train_acc 85.874  val_acc 85.57  (26.1s)
epoch 58/100  lr 1.99e-05  loss 0.25300  ce 0.41425  kd 0.09175  train_acc 84.143  val_acc 85.57  (27.2s)
epoch 59/100  lr 1.91e-05  loss 0.24582  ce 0.40547  kd 0.08618  train_acc 82.834  val_acc 85.40  (27.2s)
epoch 60/100  lr 1.83e-05  loss 0.24970  ce 0.40928  kd 0.09012  train_acc 83.066  val_acc 85.15  (27.9s)
epoch 61/100  lr 1.76e-05  loss 0.24316  ce 0.39428  kd 0.09205  train_acc 87.289  val_acc 85.32  (27.0s)
epoch 62/100  lr 1.69e-05  loss 0.24263  ce 0.39313  kd 0.09212  train_acc 82.791  val_acc 83.65  (28.5s)
epoch 63/100  lr 1.61e-05  loss 0.25288  ce 0.41740  kd 0.08836  train_acc 85.705  val_acc 85.15  (28.3s)
epoch 64/100  lr 1.54e-05  loss 0.25218  ce 0.41291  kd 0.09145  train_acc 85.473  val_acc 85.15  (26.9s)
epoch 65/100  lr 1.47e-05  loss 0.24517  ce 0.39963  kd 0.09072  train_acc 81.693  val_acc 82.82  (26.3s)
epoch 66/100  lr 1.4e-05  loss 0.23746  ce 0.38511  kd 0.08981  train_acc 86.444  val_acc 85.57  (27.5s)
epoch 67/100  lr 1.33e-05  loss 0.24559  ce 0.39847  kd 0.09270  train_acc 86.613  val_acc 84.90  (27.6s)
epoch 68/100  lr 1.27e-05  loss 0.24911  ce 0.40762  kd 0.09059  train_acc 84.565  val_acc 85.15  (27.6s)
epoch 69/100  lr 1.2e-05  loss 0.24594  ce 0.39943  kd 0.09246  train_acc 86.022  val_acc 84.15  (28.7s)
epoch 70/100  lr 1.13e-05  loss 0.24363  ce 0.39991  kd 0.08736  train_acc 84.101  val_acc 84.82  (28.9s)
epoch 71/100  lr 1.07e-05  loss 0.25141  ce 0.41368  kd 0.08914  train_acc 83.319  val_acc 84.82  (28.6s)
epoch 72/100  lr 1.01e-05  loss 0.24902  ce 0.40727  kd 0.09077  train_acc 83.552  val_acc 84.82  (25.3s)
epoch 73/100  lr 9.47e-06  loss 0.25199  ce 0.41499  kd 0.08900  train_acc 84.565  val_acc 85.24  (27.0s)
epoch 74/100  lr 8.88e-06  loss 0.23994  ce 0.38841  kd 0.09147  train_acc 84.565  val_acc 84.49  (27.7s)
epoch 75/100  lr 8.31e-06  loss 0.24633  ce 0.40240  kd 0.09025  train_acc 88.809  val_acc 84.07  (28.4s)
epoch 76/100  lr 7.75e-06  loss 0.24217  ce 0.39931  kd 0.08502  train_acc 85.410  val_acc 84.40  (28.4s)
epoch 77/100  lr 7.21e-06  loss 0.24543  ce 0.39847  kd 0.09238  train_acc 87.500  val_acc 85.07  (28.2s)
epoch 78/100  lr 6.68e-06  loss 0.24269  ce 0.39508  kd 0.09029  train_acc 84.248  val_acc 84.65  (28.3s)
epoch 79/100  lr 6.18e-06  loss 0.24657  ce 0.39988  kd 0.09327  train_acc 86.149  val_acc 85.15  (27.6s)
epoch 80/100  lr 5.69e-06  loss 0.24522  ce 0.39481  kd 0.09563  train_acc 86.909  val_acc 84.82  (24.5s)
epoch 81/100  lr 5.23e-06  loss 0.24898  ce 0.40685  kd 0.09112  train_acc 85.494  val_acc 85.24  (23.3s)
epoch 82/100  lr 4.78e-06  loss 0.24758  ce 0.40589  kd 0.08927  train_acc 84.396  val_acc 85.57  (23.1s)
epoch 83/100  lr 4.35e-06  loss 0.24635  ce 0.39967  kd 0.09303  train_acc 85.367  val_acc 86.16  (23.4s)
epoch 84/100  lr 3.95e-06  loss 0.23847  ce 0.39105  kd 0.08589  train_acc 85.832  val_acc 86.07  (23.2s)
epoch 85/100  lr 3.56e-06  loss 0.24429  ce 0.39665  kd 0.09192  train_acc 85.747  val_acc 85.24  (23.4s)
epoch 86/100  lr 3.2e-06  loss 0.24577  ce 0.40029  kd 0.09125  train_acc 85.600  val_acc 85.82  (23.4s)
epoch 87/100  lr 2.86e-06  loss 0.24625  ce 0.39906  kd 0.09345  train_acc 84.649  val_acc 85.40  (22.8s)
epoch 88/100  lr 2.54e-06  loss 0.25184  ce 0.41364  kd 0.09003  train_acc 83.066  val_acc 85.15  (23.4s)
epoch 89/100  lr 2.24e-06  loss 0.24904  ce 0.40742  kd 0.09066  train_acc 84.058  val_acc 85.07  (23.3s)
epoch 90/100  lr 1.96e-06  loss 0.24859  ce 0.40309  kd 0.09408  train_acc 87.352  val_acc 85.15  (23.4s)
epoch 91/100  lr 1.71e-06  loss 0.24516  ce 0.39992  kd 0.09041  train_acc 85.642  val_acc 85.15  (23.4s)
epoch 92/100  lr 1.48e-06  loss 0.25183  ce 0.41108  kd 0.09257  train_acc 84.312  val_acc 84.99  (23.5s)
epoch 93/100  lr 1.28e-06  loss 0.23664  ce 0.38546  kd 0.08781  train_acc 85.410  val_acc 84.90  (22.6s)
epoch 94/100  lr 1.1e-06  loss 0.24023  ce 0.39340  kd 0.08707  train_acc 86.613  val_acc 85.32  (22.8s)
epoch 95/100  lr 9.38e-07  loss 0.25132  ce 0.41321  kd 0.08943  train_acc 83.383  val_acc 85.07  (23.4s)
epoch 96/100  lr 8.05e-07  loss 0.24897  ce 0.40852  kd 0.08942  train_acc 83.636  val_acc 85.15  (23.6s)
epoch 97/100  lr 6.95e-07  loss 0.24352  ce 0.39925  kd 0.08780  train_acc 85.220  val_acc 85.07  (23.5s)
epoch 98/100  lr 6.1e-07  loss 0.24721  ce 0.40509  kd 0.08932  train_acc 85.262  val_acc 85.15  (23.2s)
epoch 99/100  lr 5.49e-07  loss 0.25221  ce 0.41453  kd 0.08990  train_acc 82.475  val_acc 85.24  (23.2s)
epoch 100/100  lr 5.12e-07  loss 0.24566  ce 0.40209  kd 0.08924  train_acc 81.778  val_acc 85.24  (22.5s)
done. final val acc 85.24  best 86.16 @ epoch 83
