
===== 2026-10-04 13:26:25 gpu=0 /home/coder/aim-lab-stage3/.venv/bin/python -m stage0.train --mode maskedkd --mask-criterion tam --keep 0.15 --dataset waterbirds --seed 2 --lr 5e-05
run dir: /home/coder/stage0/outputs/waterbirds/tam_k0.15/seed2
state: new  device: cuda  micro_batch: 128  accum: 1  num_workers: 3
train 4795  val 1199  steps/epoch 37
Warning: You are sending unauthenticated requests to the HF Hub. Please set a HF_TOKEN to enable higher rate limits and faster downloads.
teacher: /home/coder/stage0/outputs/waterbirds/teacher/seed0/best.pt (epoch 21, val acc 93.99)
TAM: kind attn_last, gap [0.1, 0.5], budget fixed, k per bucket (29, 29, 29), teacher GFLOPs {29: 2.68023552}
epoch 1/100  lr 1e-06  loss 0.52070  ce 0.63077  kd 0.41063  train_acc 66.512  val_acc 67.22  (30.8s)
epoch 2/100  lr 1.08e-05  loss 0.39619  ce 0.53367  kd 0.25871  train_acc 77.808  val_acc 72.56  (29.1s)
epoch 3/100  lr 2.06e-05  loss 0.33303  ce 0.46756  kd 0.19850  train_acc 80.785  val_acc 69.31  (28.8s)
epoch 4/100  lr 3.04e-05  loss 0.29794  ce 0.41860  kd 0.17728  train_acc 85.769  val_acc 77.40  (28.7s)
epoch 5/100  lr 4.02e-05  loss 0.29415  ce 0.42358  kd 0.16472  train_acc 83.425  val_acc 78.90  (28.0s)
epoch 6/100  lr 4.97e-05  loss 0.29261  ce 0.42875  kd 0.15647  train_acc 81.820  val_acc 80.73  (27.9s)
epoch 7/100  lr 4.96e-05  loss 0.28279  ce 0.40615  kd 0.15943  train_acc 82.644  val_acc 83.57  (27.5s)
epoch 8/100  lr 4.94e-05  loss 0.27808  ce 0.40109  kd 0.15507  train_acc 84.058  val_acc 84.74  (26.9s)
epoch 9/100  lr 4.92e-05  loss 0.28318  ce 0.40891  kd 0.15744  train_acc 82.348  val_acc 82.65  (27.4s)
epoch 10/100  lr 4.9e-05  loss 0.29357  ce 0.42425  kd 0.16288  train_acc 84.861  val_acc 86.41  (27.3s)
epoch 11/100  lr 4.88e-05  loss 0.27989  ce 0.40343  kd 0.15635  train_acc 82.580  val_acc 87.16  (27.2s)
epoch 12/100  lr 4.85e-05  loss 0.28483  ce 0.41267  kd 0.15699  train_acc 83.193  val_acc 85.90  (27.1s)
epoch 13/100  lr 4.83e-05  loss 0.28761  ce 0.42154  kd 0.15367  train_acc 83.509  val_acc 87.24  (26.9s)
epoch 14/100  lr 4.8e-05  loss 0.27379  ce 0.40066  kd 0.14691  train_acc 86.170  val_acc 85.90  (25.9s)
epoch 15/100  lr 4.76e-05  loss 0.28043  ce 0.40984  kd 0.15101  train_acc 83.678  val_acc 85.99  (26.5s)
epoch 16/100  lr 4.73e-05  loss 0.27841  ce 0.40990  kd 0.14692  train_acc 82.264  val_acc 83.99  (26.5s)
epoch 17/100  lr 4.69e-05  loss 0.27362  ce 0.39865  kd 0.14858  train_acc 85.832  val_acc 86.74  (26.3s)
epoch 18/100  lr 4.66e-05  loss 0.28439  ce 0.41840  kd 0.15038  train_acc 85.410  val_acc 87.57  (25.9s)
epoch 19/100  lr 4.61e-05  loss 0.28195  ce 0.41292  kd 0.15098  train_acc 83.319  val_acc 88.82  (26.7s)
epoch 20/100  lr 4.57e-05  loss 0.27590  ce 0.40552  kd 0.14627  train_acc 84.016  val_acc 86.82  (26.1s)
epoch 21/100  lr 4.53e-05  loss 0.27463  ce 0.39957  kd 0.14970  train_acc 83.974  val_acc 87.16  (26.5s)
epoch 22/100  lr 4.48e-05  loss 0.27895  ce 0.40975  kd 0.14816  train_acc 84.607  val_acc 87.16  (26.7s)
epoch 23/100  lr 4.43e-05  loss 0.27565  ce 0.41101  kd 0.14030  train_acc 84.544  val_acc 88.66  (26.2s)
epoch 24/100  lr 4.38e-05  loss 0.28110  ce 0.40378  kd 0.15842  train_acc 84.481  val_acc 88.49  (26.5s)
epoch 25/100  lr 4.33e-05  loss 0.27641  ce 0.40253  kd 0.15029  train_acc 84.586  val_acc 88.16  (26.9s)
epoch 26/100  lr 4.28e-05  loss 0.26681  ce 0.39347  kd 0.14014  train_acc 83.552  val_acc 87.41  (27.0s)
epoch 27/100  lr 4.22e-05  loss 0.28110  ce 0.41383  kd 0.14837  train_acc 85.389  val_acc 86.99  (27.3s)
epoch 28/100  lr 4.16e-05  loss 0.27896  ce 0.40447  kd 0.15344  train_acc 84.818  val_acc 86.74  (26.6s)
epoch 29/100  lr 4.1e-05  loss 0.27147  ce 0.40043  kd 0.14251  train_acc 82.538  val_acc 88.91  (26.5s)
epoch 30/100  lr 4.04e-05  loss 0.26981  ce 0.39096  kd 0.14866  train_acc 85.769  val_acc 87.99  (26.6s)
epoch 31/100  lr 3.98e-05  loss 0.26620  ce 0.39187  kd 0.14054  train_acc 84.143  val_acc 87.91  (26.7s)
epoch 32/100  lr 3.92e-05  loss 0.26479  ce 0.38715  kd 0.14244  train_acc 82.559  val_acc 88.07  (26.7s)
epoch 33/100  lr 3.85e-05  loss 0.27220  ce 0.39587  kd 0.14854  train_acc 85.916  val_acc 89.41  (26.7s)
epoch 34/100  lr 3.78e-05  loss 0.26616  ce 0.38741  kd 0.14491  train_acc 88.323  val_acc 88.57  (27.0s)
epoch 35/100  lr 3.72e-05  loss 0.26239  ce 0.38894  kd 0.13583  train_acc 85.832  val_acc 88.57  (26.6s)
epoch 36/100  lr 3.65e-05  loss 0.25974  ce 0.37788  kd 0.14160  train_acc 82.369  val_acc 88.99  (25.9s)
epoch 37/100  lr 3.58e-05  loss 0.27366  ce 0.40372  kd 0.14360  train_acc 82.960  val_acc 89.74  (25.9s)
epoch 38/100  lr 3.51e-05  loss 0.26391  ce 0.38702  kd 0.14079  train_acc 86.867  val_acc 88.57  (26.4s)
epoch 39/100  lr 3.44e-05  loss 0.26890  ce 0.39896  kd 0.13885  train_acc 87.479  val_acc 89.24  (26.5s)
epoch 40/100  lr 3.36e-05  loss 0.27448  ce 0.40307  kd 0.14589  train_acc 84.354  val_acc 89.99  (26.7s)
epoch 41/100  lr 3.29e-05  loss 0.27290  ce 0.39729  kd 0.14851  train_acc 84.924  val_acc 88.57  (27.4s)
epoch 42/100  lr 3.22e-05  loss 0.27315  ce 0.40672  kd 0.13958  train_acc 86.360  val_acc 89.49  (27.7s)
epoch 43/100  lr 3.14e-05  loss 0.26837  ce 0.39518  kd 0.14155  train_acc 84.966  val_acc 88.24  (28.1s)
epoch 44/100  lr 3.06e-05  loss 0.27214  ce 0.40365  kd 0.14064  train_acc 85.832  val_acc 88.24  (27.2s)
epoch 45/100  lr 2.99e-05  loss 0.26272  ce 0.39400  kd 0.13143  train_acc 82.644  val_acc 90.49  (27.0s)
epoch 46/100  lr 2.91e-05  loss 0.27414  ce 0.40495  kd 0.14332  train_acc 81.905  val_acc 89.49  (27.1s)
epoch 47/100  lr 2.84e-05  loss 0.26749  ce 0.39518  kd 0.13980  train_acc 86.043  val_acc 89.99  (27.2s)
epoch 48/100  lr 2.76e-05  loss 0.27039  ce 0.40069  kd 0.14009  train_acc 83.383  val_acc 90.24  (26.7s)
epoch 49/100  lr 2.68e-05  loss 0.26692  ce 0.39564  kd 0.13819  train_acc 84.101  val_acc 89.66  (27.2s)
epoch 50/100  lr 2.6e-05  loss 0.26811  ce 0.39346  kd 0.14276  train_acc 84.333  val_acc 89.49  (27.7s)
epoch 51/100  lr 2.53e-05  loss 0.27657  ce 0.40925  kd 0.14388  train_acc 86.149  val_acc 89.16  (26.9s)
epoch 52/100  lr 2.45e-05  loss 0.26822  ce 0.39396  kd 0.14248  train_acc 87.711  val_acc 88.66  (26.9s)
epoch 53/100  lr 2.37e-05  loss 0.27160  ce 0.40717  kd 0.13602  train_acc 81.947  val_acc 89.82  (26.3s)
epoch 54/100  lr 2.29e-05  loss 0.27090  ce 0.40297  kd 0.13883  train_acc 84.291  val_acc 88.91  (27.3s)
epoch 55/100  lr 2.21e-05  loss 0.26573  ce 0.38584  kd 0.14561  train_acc 84.945  val_acc 89.91  (26.4s)
epoch 56/100  lr 2.14e-05  loss 0.26921  ce 0.39362  kd 0.14480  train_acc 83.805  val_acc 91.49  (26.0s)
epoch 57/100  lr 2.06e-05  loss 0.26926  ce 0.39563  kd 0.14289  train_acc 86.465  val_acc 90.41  (26.8s)
epoch 58/100  lr 1.99e-05  loss 0.27120  ce 0.39999  kd 0.14241  train_acc 88.049  val_acc 90.24  (26.9s)
epoch 59/100  lr 1.91e-05  loss 0.26923  ce 0.39145  kd 0.14702  train_acc 84.607  val_acc 89.32  (27.1s)
epoch 60/100  lr 1.83e-05  loss 0.25696  ce 0.38026  kd 0.13365  train_acc 87.521  val_acc 88.99  (26.9s)
epoch 61/100  lr 1.76e-05  loss 0.26646  ce 0.38811  kd 0.14481  train_acc 85.621  val_acc 90.91  (26.5s)
epoch 62/100  lr 1.69e-05  loss 0.26805  ce 0.38836  kd 0.14774  train_acc 81.166  val_acc 90.91  (26.6s)
epoch 63/100  lr 1.61e-05  loss 0.25947  ce 0.38011  kd 0.13883  train_acc 86.106  val_acc 90.16  (26.1s)
epoch 64/100  lr 1.54e-05  loss 0.26561  ce 0.39239  kd 0.13883  train_acc 81.778  val_acc 90.16  (27.8s)
epoch 65/100  lr 1.47e-05  loss 0.25559  ce 0.37368  kd 0.13751  train_acc 83.003  val_acc 90.58  (27.3s)
epoch 66/100  lr 1.4e-05  loss 0.26793  ce 0.39432  kd 0.14154  train_acc 80.511  val_acc 89.74  (26.5s)
epoch 67/100  lr 1.33e-05  loss 0.25455  ce 0.37729  kd 0.13181  train_acc 85.008  val_acc 90.16  (26.8s)
epoch 68/100  lr 1.27e-05  loss 0.25739  ce 0.37290  kd 0.14188  train_acc 83.530  val_acc 90.41  (27.4s)
epoch 69/100  lr 1.2e-05  loss 0.25513  ce 0.37404  kd 0.13622  train_acc 85.853  val_acc 90.66  (27.2s)
epoch 70/100  lr 1.13e-05  loss 0.26385  ce 0.38462  kd 0.14307  train_acc 84.502  val_acc 89.57  (27.9s)
epoch 71/100  lr 1.07e-05  loss 0.26735  ce 0.38802  kd 0.14668  train_acc 86.867  val_acc 90.41  (26.7s)
epoch 72/100  lr 1.01e-05  loss 0.25382  ce 0.37145  kd 0.13618  train_acc 81.672  val_acc 89.66  (27.6s)
epoch 73/100  lr 9.47e-06  loss 0.26616  ce 0.38712  kd 0.14519  train_acc 83.974  val_acc 89.74  (27.3s)
epoch 74/100  lr 8.88e-06  loss 0.27946  ce 0.41434  kd 0.14457  train_acc 84.037  val_acc 89.74  (26.7s)
epoch 75/100  lr 8.31e-06  loss 0.26565  ce 0.39860  kd 0.13271  train_acc 83.615  val_acc 89.82  (26.6s)
epoch 76/100  lr 7.75e-06  loss 0.27503  ce 0.41031  kd 0.13974  train_acc 82.749  val_acc 90.33  (27.0s)
epoch 77/100  lr 7.21e-06  loss 0.26724  ce 0.39349  kd 0.14099  train_acc 84.987  val_acc 90.16  (27.1s)
epoch 78/100  lr 6.68e-06  loss 0.27659  ce 0.40778  kd 0.14540  train_acc 83.467  val_acc 90.41  (27.4s)
epoch 79/100  lr 6.18e-06  loss 0.27159  ce 0.40131  kd 0.14187  train_acc 84.776  val_acc 90.08  (27.6s)
epoch 80/100  lr 5.69e-06  loss 0.25092  ce 0.36277  kd 0.13908  train_acc 84.227  val_acc 89.99  (27.7s)
epoch 81/100  lr 5.23e-06  loss 0.26723  ce 0.39890  kd 0.13556  train_acc 81.989  val_acc 89.99  (27.5s)
epoch 82/100  lr 4.78e-06  loss 0.27473  ce 0.41242  kd 0.13703  train_acc 84.776  val_acc 90.66  (27.0s)
epoch 83/100  lr 4.35e-06  loss 0.27921  ce 0.41366  kd 0.14476  train_acc 82.791  val_acc 90.49  (27.4s)
epoch 84/100  lr 3.95e-06  loss 0.27327  ce 0.39556  kd 0.15098  train_acc 88.302  val_acc 90.49  (27.3s)
epoch 85/100  lr 3.56e-06  loss 0.27035  ce 0.39944  kd 0.14127  train_acc 83.024  val_acc 90.41  (26.5s)
epoch 86/100  lr 3.2e-06  loss 0.26595  ce 0.39501  kd 0.13689  train_acc 82.749  val_acc 90.83  (26.4s)
epoch 87/100  lr 2.86e-06  loss 0.26428  ce 0.38824  kd 0.14031  train_acc 86.845  val_acc 90.74  (26.8s)
epoch 88/100  lr 2.54e-06  loss 0.26795  ce 0.40694  kd 0.12896  train_acc 85.262  val_acc 90.24  (26.9s)
epoch 89/100  lr 2.24e-06  loss 0.25780  ce 0.38218  kd 0.13343  train_acc 83.995  val_acc 90.33  (26.9s)
epoch 90/100  lr 1.96e-06  loss 0.26476  ce 0.39194  kd 0.13757  train_acc 89.041  val_acc 90.24  (26.5s)
epoch 91/100  lr 1.71e-06  loss 0.24541  ce 0.35951  kd 0.13131  train_acc 80.574  val_acc 90.16  (27.0s)
epoch 92/100  lr 1.48e-06  loss 0.26089  ce 0.38893  kd 0.13285  train_acc 86.275  val_acc 90.24  (26.8s)
epoch 93/100  lr 1.28e-06  loss 0.27046  ce 0.40221  kd 0.13872  train_acc 84.671  val_acc 90.24  (27.0s)
epoch 94/100  lr 1.1e-06  loss 0.26856  ce 0.39783  kd 0.13929  train_acc 80.427  val_acc 90.24  (27.2s)
epoch 95/100  lr 9.38e-07  loss 0.27242  ce 0.39636  kd 0.14847  train_acc 82.707  val_acc 90.33  (26.7s)
epoch 96/100  lr 8.05e-07  loss 0.26539  ce 0.38646  kd 0.14432  train_acc 83.404  val_acc 90.33  (27.3s)
epoch 97/100  lr 6.95e-07  loss 0.26686  ce 0.39230  kd 0.14143  train_acc 84.164  val_acc 90.33  (26.8s)
epoch 98/100  lr 6.1e-07  loss 0.25000  ce 0.36577  kd 0.13423  train_acc 86.212  val_acc 90.24  (27.2s)
epoch 99/100  lr 5.49e-07  loss 0.27086  ce 0.39804  kd 0.14367  train_acc 85.030  val_acc 90.24  (26.6s)
epoch 100/100  lr 5.12e-07  loss 0.25955  ce 0.38163  kd 0.13747  train_acc 85.030  val_acc 90.33  (26.5s)
done. final val acc 90.33  best 91.49 @ epoch 56
