
===== 2026-10-04 13:26:25 gpu=0 /home/coder/aim-lab-stage3/.venv/bin/python -m stage0.train --mode maskedkd --mask-criterion rollout --keep 0.3 --dataset waterbirds --seed 2 --lr 5e-05
run dir: /home/coder/stage0/outputs/waterbirds/rollout_k0.3/seed2
state: new  device: cuda  micro_batch: 128  accum: 1  num_workers: 3
train 4795  val 1199  steps/epoch 37
Warning: You are sending unauthenticated requests to the HF Hub. Please set a HF_TOKEN to enable higher rate limits and faster downloads.
teacher: /home/coder/stage0/outputs/waterbirds/teacher/seed0/best.pt (epoch 21, val acc 93.99)
epoch 1/100  lr 1e-06  loss 0.57278  ce 0.63098  kd 0.51458  train_acc 66.427  val_acc 67.06  (31.9s)
epoch 2/100  lr 1.08e-05  loss 0.43090  ce 0.52639  kd 0.33541  train_acc 78.083  val_acc 71.23  (29.8s)
epoch 3/100  lr 2.06e-05  loss 0.34659  ce 0.46489  kd 0.22830  train_acc 81.187  val_acc 65.89  (30.4s)
epoch 4/100  lr 3.04e-05  loss 0.29859  ce 0.41914  kd 0.17803  train_acc 86.529  val_acc 74.31  (30.0s)
epoch 5/100  lr 4.02e-05  loss 0.29642  ce 0.42438  kd 0.16846  train_acc 83.826  val_acc 76.48  (28.4s)
epoch 6/100  lr 4.97e-05  loss 0.29128  ce 0.43067  kd 0.15189  train_acc 82.390  val_acc 81.32  (28.5s)
epoch 7/100  lr 4.96e-05  loss 0.27915  ce 0.40753  kd 0.15077  train_acc 83.319  val_acc 82.15  (30.0s)
epoch 8/100  lr 4.94e-05  loss 0.27548  ce 0.40414  kd 0.14682  train_acc 84.671  val_acc 84.40  (28.6s)
epoch 9/100  lr 4.92e-05  loss 0.28396  ce 0.41386  kd 0.15406  train_acc 82.686  val_acc 82.32  (27.9s)
epoch 10/100  lr 4.9e-05  loss 0.29154  ce 0.43114  kd 0.15195  train_acc 85.114  val_acc 84.90  (27.4s)
epoch 11/100  lr 4.88e-05  loss 0.27540  ce 0.40911  kd 0.14168  train_acc 82.221  val_acc 87.57  (27.5s)
epoch 12/100  lr 4.85e-05  loss 0.28129  ce 0.41676  kd 0.14583  train_acc 83.699  val_acc 87.07  (27.7s)
epoch 13/100  lr 4.83e-05  loss 0.28542  ce 0.42367  kd 0.14716  train_acc 83.995  val_acc 86.41  (29.3s)
epoch 14/100  lr 4.8e-05  loss 0.26865  ce 0.40302  kd 0.13428  train_acc 86.824  val_acc 87.41  (27.2s)
epoch 15/100  lr 4.76e-05  loss 0.27719  ce 0.41049  kd 0.14389  train_acc 84.248  val_acc 83.99  (27.8s)
epoch 16/100  lr 4.73e-05  loss 0.27155  ce 0.40994  kd 0.13317  train_acc 82.475  val_acc 84.15  (27.5s)
epoch 17/100  lr 4.69e-05  loss 0.26325  ce 0.40084  kd 0.12566  train_acc 85.832  val_acc 86.32  (27.3s)
epoch 18/100  lr 4.66e-05  loss 0.28012  ce 0.42286  kd 0.13738  train_acc 85.769  val_acc 87.24  (27.9s)
epoch 19/100  lr 4.61e-05  loss 0.27267  ce 0.41262  kd 0.13271  train_acc 83.868  val_acc 89.66  (26.9s)
epoch 20/100  lr 4.57e-05  loss 0.27101  ce 0.40807  kd 0.13396  train_acc 83.699  val_acc 87.91  (28.6s)
epoch 21/100  lr 4.53e-05  loss 0.26463  ce 0.40258  kd 0.12667  train_acc 84.058  val_acc 86.24  (27.4s)
epoch 22/100  lr 4.48e-05  loss 0.27153  ce 0.41162  kd 0.13143  train_acc 85.536  val_acc 86.41  (26.8s)
epoch 23/100  lr 4.43e-05  loss 0.26902  ce 0.41569  kd 0.12234  train_acc 84.649  val_acc 89.07  (27.2s)
epoch 24/100  lr 4.38e-05  loss 0.26614  ce 0.40594  kd 0.12634  train_acc 85.473  val_acc 88.91  (28.1s)
epoch 25/100  lr 4.33e-05  loss 0.26816  ce 0.40385  kd 0.13246  train_acc 85.410  val_acc 89.24  (27.3s)
epoch 26/100  lr 4.28e-05  loss 0.25434  ce 0.39165  kd 0.11704  train_acc 84.544  val_acc 88.57  (28.1s)
epoch 27/100  lr 4.22e-05  loss 0.27440  ce 0.41577  kd 0.13303  train_acc 86.296  val_acc 89.41  (28.1s)
epoch 28/100  lr 4.16e-05  loss 0.26901  ce 0.40771  kd 0.13031  train_acc 85.959  val_acc 86.07  (27.4s)
epoch 29/100  lr 4.1e-05  loss 0.26394  ce 0.40287  kd 0.12501  train_acc 82.369  val_acc 89.49  (27.8s)
epoch 30/100  lr 4.04e-05  loss 0.25527  ce 0.39017  kd 0.12038  train_acc 86.888  val_acc 88.41  (28.1s)
epoch 31/100  lr 3.98e-05  loss 0.25823  ce 0.39569  kd 0.12077  train_acc 84.396  val_acc 89.32  (28.7s)
epoch 32/100  lr 3.92e-05  loss 0.25058  ce 0.38705  kd 0.11411  train_acc 82.876  val_acc 90.41  (27.5s)
epoch 33/100  lr 3.85e-05  loss 0.25941  ce 0.39731  kd 0.12150  train_acc 86.128  val_acc 89.82  (27.8s)
epoch 34/100  lr 3.78e-05  loss 0.25468  ce 0.39028  kd 0.11908  train_acc 88.957  val_acc 89.24  (27.5s)
epoch 35/100  lr 3.72e-05  loss 0.25165  ce 0.38638  kd 0.11693  train_acc 86.719  val_acc 89.32  (26.9s)
epoch 36/100  lr 3.65e-05  loss 0.24670  ce 0.37895  kd 0.11445  train_acc 82.095  val_acc 89.74  (27.8s)
epoch 37/100  lr 3.58e-05  loss 0.26622  ce 0.40414  kd 0.12830  train_acc 83.193  val_acc 89.57  (27.9s)
epoch 38/100  lr 3.51e-05  loss 0.24952  ce 0.38522  kd 0.11382  train_acc 87.268  val_acc 88.99  (27.8s)
epoch 39/100  lr 3.44e-05  loss 0.25836  ce 0.40207  kd 0.11466  train_acc 88.091  val_acc 90.83  (28.1s)
epoch 40/100  lr 3.36e-05  loss 0.26427  ce 0.40674  kd 0.12179  train_acc 84.797  val_acc 90.41  (28.4s)
epoch 41/100  lr 3.29e-05  loss 0.26057  ce 0.39939  kd 0.12175  train_acc 86.254  val_acc 88.91  (29.1s)
epoch 42/100  lr 3.22e-05  loss 0.26259  ce 0.40808  kd 0.11709  train_acc 87.078  val_acc 88.49  (29.2s)
epoch 43/100  lr 3.14e-05  loss 0.25908  ce 0.39741  kd 0.12076  train_acc 84.797  val_acc 89.57  (28.8s)
epoch 44/100  lr 3.06e-05  loss 0.26234  ce 0.40557  kd 0.11910  train_acc 86.360  val_acc 88.82  (28.1s)
epoch 45/100  lr 2.99e-05  loss 0.25301  ce 0.39182  kd 0.11419  train_acc 82.559  val_acc 90.08  (27.9s)
epoch 46/100  lr 2.91e-05  loss 0.26357  ce 0.40846  kd 0.11868  train_acc 82.580  val_acc 88.32  (27.8s)
epoch 47/100  lr 2.84e-05  loss 0.25815  ce 0.39582  kd 0.12049  train_acc 86.001  val_acc 89.82  (27.7s)
epoch 48/100  lr 2.76e-05  loss 0.26209  ce 0.40091  kd 0.12328  train_acc 83.763  val_acc 90.49  (29.7s)
epoch 49/100  lr 2.68e-05  loss 0.25591  ce 0.39623  kd 0.11559  train_acc 84.840  val_acc 89.57  (29.0s)
epoch 50/100  lr 2.6e-05  loss 0.25566  ce 0.39487  kd 0.11645  train_acc 84.734  val_acc 90.58  (28.6s)
epoch 51/100  lr 2.53e-05  loss 0.26622  ce 0.41010  kd 0.12233  train_acc 87.078  val_acc 89.24  (27.7s)
epoch 52/100  lr 2.45e-05  loss 0.25501  ce 0.39541  kd 0.11460  train_acc 88.007  val_acc 89.32  (27.4s)
epoch 53/100  lr 2.37e-05  loss 0.26266  ce 0.40829  kd 0.11704  train_acc 81.841  val_acc 89.16  (28.2s)
epoch 54/100  lr 2.29e-05  loss 0.26189  ce 0.40062  kd 0.12315  train_acc 84.523  val_acc 90.58  (28.3s)
epoch 55/100  lr 2.21e-05  loss 0.25097  ce 0.38610  kd 0.11584  train_acc 85.114  val_acc 88.82  (29.3s)
epoch 56/100  lr 2.14e-05  loss 0.25447  ce 0.39440  kd 0.11455  train_acc 84.354  val_acc 90.99  (28.6s)
epoch 57/100  lr 2.06e-05  loss 0.25510  ce 0.39552  kd 0.11467  train_acc 87.141  val_acc 90.91  (28.4s)
epoch 58/100  lr 1.99e-05  loss 0.25955  ce 0.40090  kd 0.11819  train_acc 88.619  val_acc 90.99  (27.9s)
epoch 59/100  lr 1.91e-05  loss 0.25299  ce 0.39412  kd 0.11186  train_acc 85.114  val_acc 89.91  (27.7s)
epoch 60/100  lr 1.83e-05  loss 0.24685  ce 0.38011  kd 0.11359  train_acc 87.753  val_acc 89.74  (28.0s)
epoch 61/100  lr 1.76e-05  loss 0.25229  ce 0.39204  kd 0.11253  train_acc 85.684  val_acc 90.66  (28.3s)
epoch 62/100  lr 1.69e-05  loss 0.25214  ce 0.38822  kd 0.11607  train_acc 81.166  val_acc 90.74  (29.5s)
epoch 63/100  lr 1.61e-05  loss 0.24470  ce 0.38090  kd 0.10850  train_acc 87.099  val_acc 91.58  (28.1s)
epoch 64/100  lr 1.54e-05  loss 0.25521  ce 0.39434  kd 0.11608  train_acc 82.221  val_acc 91.24  (28.8s)
epoch 65/100  lr 1.47e-05  loss 0.23825  ce 0.37073  kd 0.10576  train_acc 83.488  val_acc 90.24  (28.0s)
epoch 66/100  lr 1.4e-05  loss 0.25424  ce 0.39371  kd 0.11477  train_acc 81.250  val_acc 90.08  (28.2s)
epoch 67/100  lr 1.33e-05  loss 0.24083  ce 0.37692  kd 0.10474  train_acc 85.367  val_acc 91.08  (28.7s)
epoch 68/100  lr 1.27e-05  loss 0.24082  ce 0.37166  kd 0.10999  train_acc 83.657  val_acc 91.08  (27.5s)
epoch 69/100  lr 1.2e-05  loss 0.23842  ce 0.37191  kd 0.10493  train_acc 86.128  val_acc 91.91  (28.6s)
epoch 70/100  lr 1.13e-05  loss 0.24951  ce 0.38415  kd 0.11486  train_acc 84.861  val_acc 89.74  (28.1s)
epoch 71/100  lr 1.07e-05  loss 0.25034  ce 0.38807  kd 0.11260  train_acc 87.437  val_acc 90.91  (27.3s)
epoch 72/100  lr 1.01e-05  loss 0.23694  ce 0.36612  kd 0.10777  train_acc 82.158  val_acc 90.33  (27.9s)
epoch 73/100  lr 9.47e-06  loss 0.24882  ce 0.38736  kd 0.11029  train_acc 85.346  val_acc 90.49  (27.1s)
epoch 74/100  lr 8.88e-06  loss 0.26902  ce 0.41555  kd 0.12249  train_acc 84.797  val_acc 90.74  (27.4s)
epoch 75/100  lr 8.31e-06  loss 0.25478  ce 0.39903  kd 0.11054  train_acc 82.918  val_acc 91.16  (28.9s)
epoch 76/100  lr 7.75e-06  loss 0.26254  ce 0.41103  kd 0.11404  train_acc 83.235  val_acc 90.91  (27.5s)
epoch 77/100  lr 7.21e-06  loss 0.25049  ce 0.39297  kd 0.10801  train_acc 85.410  val_acc 91.16  (27.9s)
epoch 78/100  lr 6.68e-06  loss 0.26310  ce 0.41157  kd 0.11463  train_acc 84.058  val_acc 91.33  (28.6s)
epoch 79/100  lr 6.18e-06  loss 0.26121  ce 0.40054  kd 0.12188  train_acc 85.959  val_acc 90.91  (27.9s)
epoch 80/100  lr 5.69e-06  loss 0.23036  ce 0.35886  kd 0.10187  train_acc 84.797  val_acc 90.83  (28.2s)
epoch 81/100  lr 5.23e-06  loss 0.25581  ce 0.40212  kd 0.10950  train_acc 82.264  val_acc 91.16  (28.1s)
epoch 82/100  lr 4.78e-06  loss 0.26713  ce 0.41517  kd 0.11909  train_acc 85.536  val_acc 91.08  (27.6s)
epoch 83/100  lr 4.35e-06  loss 0.26882  ce 0.41613  kd 0.12151  train_acc 83.277  val_acc 91.16  (27.5s)
epoch 84/100  lr 3.95e-06  loss 0.25459  ce 0.39749  kd 0.11169  train_acc 88.682  val_acc 91.24  (27.8s)
epoch 85/100  lr 3.56e-06  loss 0.25621  ce 0.39853  kd 0.11389  train_acc 84.269  val_acc 90.91  (27.6s)
epoch 86/100  lr 3.2e-06  loss 0.25220  ce 0.39280  kd 0.11161  train_acc 83.615  val_acc 91.08  (27.6s)
epoch 87/100  lr 2.86e-06  loss 0.24762  ce 0.38803  kd 0.10722  train_acc 87.416  val_acc 91.08  (27.4s)
epoch 88/100  lr 2.54e-06  loss 0.26283  ce 0.40755  kd 0.11810  train_acc 86.022  val_acc 90.91  (27.6s)
epoch 89/100  lr 2.24e-06  loss 0.24291  ce 0.37932  kd 0.10649  train_acc 84.122  val_acc 91.08  (27.3s)
epoch 90/100  lr 1.96e-06  loss 0.25042  ce 0.39351  kd 0.10732  train_acc 89.738  val_acc 91.16  (27.4s)
epoch 91/100  lr 1.71e-06  loss 0.22827  ce 0.35714  kd 0.09940  train_acc 80.532  val_acc 91.08  (28.1s)
epoch 92/100  lr 1.48e-06  loss 0.25009  ce 0.38952  kd 0.11066  train_acc 86.106  val_acc 90.91  (27.6s)
epoch 93/100  lr 1.28e-06  loss 0.25983  ce 0.40351  kd 0.11615  train_acc 85.642  val_acc 90.91  (28.2s)
epoch 94/100  lr 1.1e-06  loss 0.25778  ce 0.40163  kd 0.11393  train_acc 80.680  val_acc 90.83  (27.2s)
epoch 95/100  lr 9.38e-07  loss 0.25409  ce 0.39785  kd 0.11034  train_acc 82.791  val_acc 90.99  (27.9s)
epoch 96/100  lr 8.05e-07  loss 0.24811  ce 0.38735  kd 0.10888  train_acc 83.636  val_acc 90.91  (28.3s)
epoch 97/100  lr 6.95e-07  loss 0.25298  ce 0.39236  kd 0.11360  train_acc 84.755  val_acc 90.99  (26.5s)
epoch 98/100  lr 6.1e-07  loss 0.23296  ce 0.36376  kd 0.10215  train_acc 86.486  val_acc 90.99  (26.2s)
epoch 99/100  lr 5.49e-07  loss 0.25864  ce 0.40224  kd 0.11505  train_acc 85.304  val_acc 90.99  (27.5s)
epoch 100/100  lr 5.12e-07  loss 0.24612  ce 0.38052  kd 0.11172  train_acc 85.726  val_acc 90.91  (28.0s)
done. final val acc 90.91  best 91.91 @ epoch 69
