
===== 2026-10-04 10:36:17 gpu=0 /home/coder/aim-lab-stage3/.venv/bin/python -m stage0.train --mode maskedkd --mask-criterion maskedkd --keep 0.15 --dataset waterbirds --seed 2 --lr 5e-05
run dir: /home/coder/stage0/outputs/waterbirds/maskedkd_k0.15/seed2
state: new  device: cuda  micro_batch: 128  accum: 1  num_workers: 3
train 4795  val 1199  steps/epoch 37
Warning: You are sending unauthenticated requests to the HF Hub. Please set a HF_TOKEN to enable higher rate limits and faster downloads.
teacher: /home/coder/stage0/outputs/waterbirds/teacher/seed0/best.pt (epoch 21, val acc 93.99)
epoch 1/100  lr 1e-06  loss 0.50837  ce 0.63076  kd 0.38598  train_acc 66.364  val_acc 67.39  (30.3s)
epoch 2/100  lr 1.08e-05  loss 0.38808  ce 0.53700  kd 0.23917  train_acc 77.808  val_acc 72.89  (27.8s)
epoch 3/100  lr 2.06e-05  loss 0.32886  ce 0.46803  kd 0.18968  train_acc 80.574  val_acc 69.72  (28.3s)
epoch 4/100  lr 3.04e-05  loss 0.29690  ce 0.42041  kd 0.17340  train_acc 85.389  val_acc 77.98  (28.1s)
epoch 5/100  lr 4.02e-05  loss 0.29340  ce 0.42290  kd 0.16390  train_acc 83.742  val_acc 79.48  (28.2s)
epoch 6/100  lr 4.97e-05  loss 0.29160  ce 0.42763  kd 0.15557  train_acc 81.651  val_acc 80.73  (28.0s)
epoch 7/100  lr 4.96e-05  loss 0.28304  ce 0.40855  kd 0.15753  train_acc 82.454  val_acc 82.15  (27.1s)
epoch 8/100  lr 4.94e-05  loss 0.27789  ce 0.40292  kd 0.15286  train_acc 84.037  val_acc 83.74  (27.6s)
epoch 9/100  lr 4.92e-05  loss 0.28127  ce 0.40855  kd 0.15399  train_acc 82.137  val_acc 84.40  (27.4s)
epoch 10/100  lr 4.9e-05  loss 0.29547  ce 0.42814  kd 0.16280  train_acc 84.459  val_acc 84.49  (26.8s)
epoch 11/100  lr 4.88e-05  loss 0.27919  ce 0.40618  kd 0.15221  train_acc 82.158  val_acc 86.99  (26.9s)
epoch 12/100  lr 4.85e-05  loss 0.28135  ce 0.41626  kd 0.14645  train_acc 83.763  val_acc 85.49  (26.7s)
epoch 13/100  lr 4.83e-05  loss 0.28793  ce 0.42386  kd 0.15200  train_acc 83.763  val_acc 85.90  (26.3s)
epoch 14/100  lr 4.8e-05  loss 0.27709  ce 0.40619  kd 0.14799  train_acc 85.684  val_acc 84.90  (26.5s)
epoch 15/100  lr 4.76e-05  loss 0.28060  ce 0.41393  kd 0.14728  train_acc 84.058  val_acc 83.40  (26.3s)
epoch 16/100  lr 4.73e-05  loss 0.27287  ce 0.41076  kd 0.13498  train_acc 83.277  val_acc 85.40  (26.0s)
epoch 17/100  lr 4.69e-05  loss 0.27164  ce 0.40231  kd 0.14096  train_acc 84.945  val_acc 85.82  (26.5s)
epoch 18/100  lr 4.66e-05  loss 0.28482  ce 0.42538  kd 0.14426  train_acc 84.375  val_acc 86.57  (26.6s)
epoch 19/100  lr 4.61e-05  loss 0.27893  ce 0.41607  kd 0.14179  train_acc 83.171  val_acc 86.91  (28.2s)
epoch 20/100  lr 4.57e-05  loss 0.27373  ce 0.41091  kd 0.13656  train_acc 83.150  val_acc 86.49  (28.0s)
epoch 21/100  lr 4.53e-05  loss 0.27002  ce 0.40422  kd 0.13582  train_acc 83.805  val_acc 85.57  (27.7s)
epoch 22/100  lr 4.48e-05  loss 0.27515  ce 0.41436  kd 0.13594  train_acc 84.291  val_acc 84.24  (27.5s)
epoch 23/100  lr 4.43e-05  loss 0.27408  ce 0.41700  kd 0.13116  train_acc 84.206  val_acc 87.32  (28.6s)
epoch 24/100  lr 4.38e-05  loss 0.27992  ce 0.41396  kd 0.14588  train_acc 84.206  val_acc 87.82  (27.9s)
epoch 25/100  lr 4.33e-05  loss 0.28014  ce 0.40801  kd 0.15227  train_acc 84.797  val_acc 88.24  (28.0s)
epoch 26/100  lr 4.28e-05  loss 0.26378  ce 0.40084  kd 0.12671  train_acc 82.622  val_acc 85.65  (27.4s)
epoch 27/100  lr 4.22e-05  loss 0.27833  ce 0.42152  kd 0.13513  train_acc 84.797  val_acc 85.74  (27.9s)
epoch 28/100  lr 4.16e-05  loss 0.27505  ce 0.41099  kd 0.13912  train_acc 85.642  val_acc 84.40  (28.0s)
epoch 29/100  lr 4.1e-05  loss 0.27032  ce 0.40740  kd 0.13323  train_acc 82.073  val_acc 86.16  (28.2s)
epoch 30/100  lr 4.04e-05  loss 0.26637  ce 0.39942  kd 0.13332  train_acc 85.030  val_acc 87.49  (28.1s)
epoch 31/100  lr 3.98e-05  loss 0.26635  ce 0.39684  kd 0.13586  train_acc 83.657  val_acc 87.99  (28.3s)
epoch 32/100  lr 3.92e-05  loss 0.26441  ce 0.39423  kd 0.13459  train_acc 81.926  val_acc 88.16  (27.8s)
epoch 33/100  lr 3.85e-05  loss 0.26783  ce 0.40554  kd 0.13011  train_acc 84.333  val_acc 88.49  (27.4s)
epoch 34/100  lr 3.78e-05  loss 0.26604  ce 0.39530  kd 0.13677  train_acc 87.458  val_acc 86.24  (27.0s)
epoch 35/100  lr 3.72e-05  loss 0.26400  ce 0.39597  kd 0.13203  train_acc 84.882  val_acc 86.49  (27.2s)
epoch 36/100  lr 3.65e-05  loss 0.25807  ce 0.38601  kd 0.13014  train_acc 81.736  val_acc 87.49  (26.7s)
epoch 37/100  lr 3.58e-05  loss 0.27519  ce 0.41037  kd 0.14001  train_acc 82.686  val_acc 89.16  (27.2s)
epoch 38/100  lr 3.51e-05  loss 0.26392  ce 0.39664  kd 0.13120  train_acc 85.410  val_acc 88.41  (26.7s)
epoch 39/100  lr 3.44e-05  loss 0.27050  ce 0.40666  kd 0.13434  train_acc 86.402  val_acc 88.24  (26.7s)
epoch 40/100  lr 3.36e-05  loss 0.27146  ce 0.41509  kd 0.12782  train_acc 83.552  val_acc 88.74  (25.6s)
epoch 41/100  lr 3.29e-05  loss 0.27077  ce 0.40540  kd 0.13614  train_acc 84.291  val_acc 88.91  (27.2s)
epoch 42/100  lr 3.22e-05  loss 0.27355  ce 0.41520  kd 0.13190  train_acc 85.579  val_acc 88.66  (27.6s)
epoch 43/100  lr 3.14e-05  loss 0.27181  ce 0.40534  kd 0.13828  train_acc 83.826  val_acc 87.49  (26.0s)
epoch 44/100  lr 3.06e-05  loss 0.27359  ce 0.41242  kd 0.13475  train_acc 84.565  val_acc 87.49  (27.3s)
epoch 45/100  lr 2.99e-05  loss 0.26688  ce 0.40439  kd 0.12937  train_acc 82.601  val_acc 87.99  (27.3s)
epoch 46/100  lr 2.91e-05  loss 0.27214  ce 0.41410  kd 0.13018  train_acc 81.271  val_acc 89.41  (27.1s)
epoch 47/100  lr 2.84e-05  loss 0.26663  ce 0.40299  kd 0.13026  train_acc 85.093  val_acc 87.99  (27.9s)
epoch 48/100  lr 2.76e-05  loss 0.26735  ce 0.40559  kd 0.12911  train_acc 82.918  val_acc 89.16  (27.7s)
epoch 49/100  lr 2.68e-05  loss 0.26696  ce 0.40532  kd 0.12860  train_acc 84.058  val_acc 89.16  (26.2s)
epoch 50/100  lr 2.6e-05  loss 0.26424  ce 0.40126  kd 0.12721  train_acc 84.375  val_acc 88.82  (27.2s)
epoch 51/100  lr 2.53e-05  loss 0.27473  ce 0.41592  kd 0.13353  train_acc 84.861  val_acc 87.41  (27.5s)
epoch 52/100  lr 2.45e-05  loss 0.26934  ce 0.40821  kd 0.13048  train_acc 85.895  val_acc 88.66  (26.9s)
epoch 53/100  lr 2.37e-05  loss 0.27348  ce 0.41668  kd 0.13028  train_acc 81.715  val_acc 88.24  (28.3s)
epoch 54/100  lr 2.29e-05  loss 0.27229  ce 0.41159  kd 0.13300  train_acc 83.108  val_acc 88.41  (28.4s)
epoch 55/100  lr 2.21e-05  loss 0.26686  ce 0.39632  kd 0.13740  train_acc 84.818  val_acc 88.32  (27.4s)
epoch 56/100  lr 2.14e-05  loss 0.26972  ce 0.40595  kd 0.13350  train_acc 83.467  val_acc 89.49  (27.8s)
epoch 57/100  lr 2.06e-05  loss 0.27071  ce 0.40729  kd 0.13413  train_acc 84.079  val_acc 89.32  (27.3s)
epoch 58/100  lr 1.99e-05  loss 0.26921  ce 0.40981  kd 0.12861  train_acc 86.613  val_acc 88.74  (27.2s)
epoch 59/100  lr 1.91e-05  loss 0.26936  ce 0.40335  kd 0.13536  train_acc 83.404  val_acc 88.82  (27.7s)
epoch 60/100  lr 1.83e-05  loss 0.26311  ce 0.39014  kd 0.13607  train_acc 87.162  val_acc 88.41  (26.7s)
epoch 61/100  lr 1.76e-05  loss 0.26659  ce 0.39880  kd 0.13438  train_acc 84.502  val_acc 89.16  (27.0s)
epoch 62/100  lr 1.69e-05  loss 0.26696  ce 0.39846  kd 0.13546  train_acc 80.722  val_acc 88.57  (27.1s)
epoch 63/100  lr 1.61e-05  loss 0.26364  ce 0.39320  kd 0.13407  train_acc 85.283  val_acc 89.41  (27.6s)
epoch 64/100  lr 1.54e-05  loss 0.26320  ce 0.40255  kd 0.12385  train_acc 81.778  val_acc 89.82  (27.2s)
epoch 65/100  lr 1.47e-05  loss 0.25500  ce 0.38110  kd 0.12890  train_acc 82.137  val_acc 89.49  (26.7s)
epoch 66/100  lr 1.4e-05  loss 0.26891  ce 0.40010  kd 0.13771  train_acc 80.743  val_acc 88.99  (26.6s)
epoch 67/100  lr 1.33e-05  loss 0.25643  ce 0.38845  kd 0.12442  train_acc 84.058  val_acc 89.49  (26.3s)
epoch 68/100  lr 1.27e-05  loss 0.25624  ce 0.38066  kd 0.13181  train_acc 83.847  val_acc 89.32  (26.8s)
epoch 69/100  lr 1.2e-05  loss 0.25656  ce 0.38373  kd 0.12938  train_acc 84.649  val_acc 89.57  (26.6s)
epoch 70/100  lr 1.13e-05  loss 0.26278  ce 0.39483  kd 0.13073  train_acc 84.206  val_acc 89.07  (25.9s)
epoch 71/100  lr 1.07e-05  loss 0.26459  ce 0.40159  kd 0.12759  train_acc 85.325  val_acc 88.66  (26.8s)
epoch 72/100  lr 1.01e-05  loss 0.25290  ce 0.37945  kd 0.12635  train_acc 81.778  val_acc 88.57  (26.8s)
epoch 73/100  lr 9.47e-06  loss 0.26487  ce 0.39654  kd 0.13319  train_acc 82.686  val_acc 89.41  (27.0s)
epoch 74/100  lr 8.88e-06  loss 0.27870  ce 0.42334  kd 0.13407  train_acc 83.910  val_acc 89.16  (28.3s)
epoch 75/100  lr 8.31e-06  loss 0.26756  ce 0.40583  kd 0.12928  train_acc 82.812  val_acc 89.41  (27.0s)
epoch 76/100  lr 7.75e-06  loss 0.27011  ce 0.41686  kd 0.12337  train_acc 82.496  val_acc 89.57  (27.8s)
epoch 77/100  lr 7.21e-06  loss 0.26446  ce 0.39971  kd 0.12920  train_acc 84.333  val_acc 89.57  (27.5s)
epoch 78/100  lr 6.68e-06  loss 0.27225  ce 0.41470  kd 0.12979  train_acc 82.960  val_acc 89.66  (27.8s)
epoch 79/100  lr 6.18e-06  loss 0.26744  ce 0.40918  kd 0.12570  train_acc 84.755  val_acc 89.74  (28.4s)
epoch 80/100  lr 5.69e-06  loss 0.25085  ce 0.37415  kd 0.12754  train_acc 84.079  val_acc 89.41  (29.6s)
epoch 81/100  lr 5.23e-06  loss 0.26614  ce 0.40832  kd 0.12396  train_acc 81.588  val_acc 89.32  (28.3s)
epoch 82/100  lr 4.78e-06  loss 0.27173  ce 0.42006  kd 0.12340  train_acc 84.396  val_acc 89.49  (28.2s)
epoch 83/100  lr 4.35e-06  loss 0.27535  ce 0.42043  kd 0.13026  train_acc 82.981  val_acc 89.41  (28.5s)
epoch 84/100  lr 3.95e-06  loss 0.27098  ce 0.40599  kd 0.13598  train_acc 87.247  val_acc 89.57  (29.0s)
epoch 85/100  lr 3.56e-06  loss 0.26946  ce 0.40974  kd 0.12918  train_acc 83.193  val_acc 89.49  (28.3s)
epoch 86/100  lr 3.2e-06  loss 0.26579  ce 0.40172  kd 0.12986  train_acc 82.052  val_acc 89.74  (28.6s)
epoch 87/100  lr 2.86e-06  loss 0.26615  ce 0.39864  kd 0.13365  train_acc 85.769  val_acc 89.74  (28.5s)
epoch 88/100  lr 2.54e-06  loss 0.26837  ce 0.41513  kd 0.12160  train_acc 84.649  val_acc 89.66  (28.2s)
epoch 89/100  lr 2.24e-06  loss 0.25473  ce 0.39089  kd 0.11857  train_acc 83.425  val_acc 89.49  (27.9s)
epoch 90/100  lr 1.96e-06  loss 0.26864  ce 0.40139  kd 0.13589  train_acc 87.563  val_acc 89.16  (28.4s)
epoch 91/100  lr 1.71e-06  loss 0.24682  ce 0.37055  kd 0.12309  train_acc 79.603  val_acc 89.24  (28.1s)
epoch 92/100  lr 1.48e-06  loss 0.26221  ce 0.39566  kd 0.12875  train_acc 85.726  val_acc 89.32  (27.8s)
epoch 93/100  lr 1.28e-06  loss 0.26686  ce 0.41226  kd 0.12146  train_acc 83.678  val_acc 89.32  (28.3s)
epoch 94/100  lr 1.1e-06  loss 0.26800  ce 0.40594  kd 0.13005  train_acc 80.215  val_acc 89.24  (28.1s)
epoch 95/100  lr 9.38e-07  loss 0.26830  ce 0.40607  kd 0.13053  train_acc 82.264  val_acc 89.41  (28.0s)
epoch 96/100  lr 8.05e-07  loss 0.26424  ce 0.39655  kd 0.13193  train_acc 82.791  val_acc 89.49  (27.4s)
epoch 97/100  lr 6.95e-07  loss 0.26515  ce 0.40197  kd 0.12833  train_acc 83.235  val_acc 89.41  (27.7s)
epoch 98/100  lr 6.1e-07  loss 0.25080  ce 0.37671  kd 0.12488  train_acc 84.818  val_acc 89.32  (28.1s)
epoch 99/100  lr 5.49e-07  loss 0.27126  ce 0.40855  kd 0.13398  train_acc 83.615  val_acc 89.41  (27.7s)
epoch 100/100  lr 5.12e-07  loss 0.25887  ce 0.39074  kd 0.12701  train_acc 83.932  val_acc 89.32  (27.1s)
done. final val acc 89.32  best 89.82 @ epoch 64
