
===== 2026-10-04 12:11:53 gpu=0 /home/coder/aim-lab-stage3/.venv/bin/python -m stage0.train --mode maskedkd --mask-criterion random --keep 0.15 --dataset waterbirds --seed 2 --lr 5e-05
run dir: /home/coder/stage0/outputs/waterbirds/random_k0.15/seed2
state: new  device: cuda  micro_batch: 128  accum: 1  num_workers: 3
train 4795  val 1199  steps/epoch 37
Warning: You are sending unauthenticated requests to the HF Hub. Please set a HF_TOKEN to enable higher rate limits and faster downloads.
teacher: /home/coder/stage0/outputs/waterbirds/teacher/seed0/best.pt (epoch 21, val acc 93.99)
epoch 1/100  lr 1e-06  loss 0.48813  ce 0.63031  kd 0.34596  train_acc 66.406  val_acc 67.81  (27.2s)
epoch 2/100  lr 1.08e-05  loss 0.35530  ce 0.54212  kd 0.16847  train_acc 77.682  val_acc 71.98  (24.7s)
epoch 3/100  lr 2.06e-05  loss 0.29964  ce 0.47459  kd 0.12470  train_acc 80.321  val_acc 66.81  (26.5s)
epoch 4/100  lr 3.04e-05  loss 0.26753  ce 0.43165  kd 0.10342  train_acc 84.797  val_acc 71.39  (26.9s)
epoch 5/100  lr 4.02e-05  loss 0.26450  ce 0.43308  kd 0.09592  train_acc 83.214  val_acc 68.47  (27.8s)
epoch 6/100  lr 4.97e-05  loss 0.26528  ce 0.43535  kd 0.09521  train_acc 81.989  val_acc 72.48  (27.9s)
epoch 7/100  lr 4.96e-05  loss 0.25752  ce 0.41589  kd 0.09915  train_acc 82.475  val_acc 74.81  (27.7s)
epoch 8/100  lr 4.94e-05  loss 0.25321  ce 0.41160  kd 0.09482  train_acc 84.122  val_acc 76.81  (28.2s)
epoch 9/100  lr 4.92e-05  loss 0.25666  ce 0.41774  kd 0.09559  train_acc 82.728  val_acc 75.90  (26.9s)
epoch 10/100  lr 4.9e-05  loss 0.26402  ce 0.43416  kd 0.09387  train_acc 84.248  val_acc 78.90  (24.5s)
epoch 11/100  lr 4.88e-05  loss 0.25301  ce 0.41394  kd 0.09208  train_acc 82.411  val_acc 81.32  (27.8s)
epoch 12/100  lr 4.85e-05  loss 0.25744  ce 0.42336  kd 0.09153  train_acc 83.784  val_acc 79.15  (27.5s)
epoch 13/100  lr 4.83e-05  loss 0.26110  ce 0.43088  kd 0.09132  train_acc 82.918  val_acc 80.40  (27.8s)
epoch 14/100  lr 4.8e-05  loss 0.25009  ce 0.40882  kd 0.09136  train_acc 86.212  val_acc 80.98  (27.7s)
epoch 15/100  lr 4.76e-05  loss 0.25566  ce 0.41740  kd 0.09393  train_acc 84.037  val_acc 78.73  (28.3s)
epoch 16/100  lr 4.73e-05  loss 0.25350  ce 0.41733  kd 0.08967  train_acc 82.348  val_acc 75.73  (27.7s)
epoch 17/100  lr 4.69e-05  loss 0.24878  ce 0.40778  kd 0.08977  train_acc 84.882  val_acc 77.73  (26.9s)
epoch 18/100  lr 4.66e-05  loss 0.26003  ce 0.42608  kd 0.09398  train_acc 84.903  val_acc 81.07  (26.7s)
epoch 19/100  lr 4.61e-05  loss 0.25608  ce 0.42026  kd 0.09189  train_acc 83.446  val_acc 81.15  (27.3s)
epoch 20/100  lr 4.57e-05  loss 0.25109  ce 0.41346  kd 0.08872  train_acc 83.594  val_acc 79.48  (27.8s)
epoch 21/100  lr 4.53e-05  loss 0.24923  ce 0.40766  kd 0.09081  train_acc 83.826  val_acc 79.82  (28.5s)
epoch 22/100  lr 4.48e-05  loss 0.25396  ce 0.41822  kd 0.08970  train_acc 84.396  val_acc 79.65  (28.7s)
epoch 23/100  lr 4.43e-05  loss 0.25472  ce 0.41931  kd 0.09013  train_acc 84.840  val_acc 81.07  (28.3s)
epoch 24/100  lr 4.38e-05  loss 0.25315  ce 0.41296  kd 0.09335  train_acc 84.544  val_acc 80.65  (27.5s)
epoch 25/100  lr 4.33e-05  loss 0.25301  ce 0.41001  kd 0.09601  train_acc 84.713  val_acc 82.24  (26.7s)
epoch 26/100  lr 4.28e-05  loss 0.24316  ce 0.39934  kd 0.08698  train_acc 83.340  val_acc 81.48  (27.2s)
epoch 27/100  lr 4.22e-05  loss 0.25545  ce 0.42224  kd 0.08866  train_acc 85.156  val_acc 82.32  (27.4s)
epoch 28/100  lr 4.16e-05  loss 0.25236  ce 0.41020  kd 0.09453  train_acc 85.389  val_acc 81.57  (27.3s)
epoch 29/100  lr 4.1e-05  loss 0.25018  ce 0.40867  kd 0.09169  train_acc 82.052  val_acc 82.40  (28.9s)
epoch 30/100  lr 4.04e-05  loss 0.24544  ce 0.39988  kd 0.09100  train_acc 85.177  val_acc 79.32  (28.9s)
epoch 31/100  lr 3.98e-05  loss 0.24695  ce 0.40052  kd 0.09338  train_acc 84.037  val_acc 83.15  (28.1s)
epoch 32/100  lr 3.92e-05  loss 0.24310  ce 0.39610  kd 0.09010  train_acc 82.580  val_acc 83.65  (27.9s)
epoch 33/100  lr 3.85e-05  loss 0.24787  ce 0.40369  kd 0.09204  train_acc 85.346  val_acc 83.99  (25.8s)
epoch 34/100  lr 3.78e-05  loss 0.24465  ce 0.39644  kd 0.09286  train_acc 87.521  val_acc 82.32  (27.6s)
epoch 35/100  lr 3.72e-05  loss 0.24425  ce 0.39910  kd 0.08939  train_acc 85.156  val_acc 81.82  (28.5s)
epoch 36/100  lr 3.65e-05  loss 0.23980  ce 0.38752  kd 0.09208  train_acc 82.285  val_acc 84.07  (28.4s)
epoch 37/100  lr 3.58e-05  loss 0.25048  ce 0.41064  kd 0.09033  train_acc 83.277  val_acc 85.49  (28.4s)
epoch 38/100  lr 3.51e-05  loss 0.24132  ce 0.39515  kd 0.08749  train_acc 85.895  val_acc 83.40  (28.0s)
epoch 39/100  lr 3.44e-05  loss 0.24754  ce 0.40651  kd 0.08857  train_acc 86.888  val_acc 84.49  (28.2s)
epoch 40/100  lr 3.36e-05  loss 0.25196  ce 0.41206  kd 0.09186  train_acc 84.227  val_acc 85.24  (27.9s)
epoch 41/100  lr 3.29e-05  loss 0.25080  ce 0.40647  kd 0.09513  train_acc 85.177  val_acc 82.07  (25.9s)
epoch 42/100  lr 3.22e-05  loss 0.25388  ce 0.41292  kd 0.09485  train_acc 86.001  val_acc 81.15  (28.0s)
epoch 43/100  lr 3.14e-05  loss 0.24746  ce 0.40521  kd 0.08972  train_acc 84.776  val_acc 83.99  (27.4s)
epoch 44/100  lr 3.06e-05  loss 0.25164  ce 0.41157  kd 0.09172  train_acc 85.515  val_acc 81.98  (28.4s)
epoch 45/100  lr 2.99e-05  loss 0.24499  ce 0.40368  kd 0.08630  train_acc 82.517  val_acc 83.74  (28.3s)
epoch 46/100  lr 2.91e-05  loss 0.25311  ce 0.41624  kd 0.08998  train_acc 81.271  val_acc 81.98  (28.3s)
epoch 47/100  lr 2.84e-05  loss 0.24700  ce 0.40523  kd 0.08877  train_acc 85.283  val_acc 84.82  (28.6s)
epoch 48/100  lr 2.76e-05  loss 0.24969  ce 0.40826  kd 0.09113  train_acc 82.686  val_acc 84.07  (27.2s)
epoch 49/100  lr 2.68e-05  loss 0.24721  ce 0.40312  kd 0.09130  train_acc 83.678  val_acc 84.40  (25.4s)
epoch 50/100  lr 2.6e-05  loss 0.24779  ce 0.40153  kd 0.09404  train_acc 84.037  val_acc 84.49  (26.4s)
epoch 51/100  lr 2.53e-05  loss 0.25473  ce 0.41543  kd 0.09403  train_acc 85.705  val_acc 84.57  (27.6s)
epoch 52/100  lr 2.45e-05  loss 0.24493  ce 0.40165  kd 0.08821  train_acc 87.648  val_acc 84.90  (28.4s)
epoch 53/100  lr 2.37e-05  loss 0.25081  ce 0.41408  kd 0.08754  train_acc 81.926  val_acc 85.15  (28.3s)
epoch 54/100  lr 2.29e-05  loss 0.25014  ce 0.41065  kd 0.08963  train_acc 84.417  val_acc 82.07  (28.4s)
epoch 55/100  lr 2.21e-05  loss 0.24349  ce 0.39335  kd 0.09363  train_acc 85.156  val_acc 83.49  (28.0s)
epoch 56/100  lr 2.14e-05  loss 0.24726  ce 0.40350  kd 0.09103  train_acc 83.910  val_acc 84.15  (26.6s)
epoch 57/100  lr 2.06e-05  loss 0.24422  ce 0.40419  kd 0.08424  train_acc 86.106  val_acc 84.99  (26.9s)
epoch 58/100  lr 1.99e-05  loss 0.24949  ce 0.40882  kd 0.09017  train_acc 87.542  val_acc 84.40  (27.5s)
epoch 59/100  lr 1.91e-05  loss 0.24623  ce 0.39866  kd 0.09380  train_acc 84.776  val_acc 84.49  (27.6s)
epoch 60/100  lr 1.83e-05  loss 0.24118  ce 0.39107  kd 0.09129  train_acc 87.394  val_acc 83.15  (28.5s)
epoch 61/100  lr 1.76e-05  loss 0.24530  ce 0.39614  kd 0.09445  train_acc 85.663  val_acc 85.90  (27.8s)
epoch 62/100  lr 1.69e-05  loss 0.24468  ce 0.39760  kd 0.09175  train_acc 82.095  val_acc 83.74  (27.9s)
epoch 63/100  lr 1.61e-05  loss 0.24051  ce 0.38823  kd 0.09280  train_acc 86.191  val_acc 84.82  (27.8s)
epoch 64/100  lr 1.54e-05  loss 0.24425  ce 0.40083  kd 0.08766  train_acc 81.693  val_acc 85.99  (26.7s)
epoch 65/100  lr 1.47e-05  loss 0.23574  ce 0.38259  kd 0.08888  train_acc 82.517  val_acc 84.57  (26.9s)
epoch 66/100  lr 1.4e-05  loss 0.24594  ce 0.39939  kd 0.09250  train_acc 81.250  val_acc 84.57  (27.0s)
epoch 67/100  lr 1.33e-05  loss 0.23792  ce 0.38601  kd 0.08982  train_acc 84.713  val_acc 85.24  (27.9s)
epoch 68/100  lr 1.27e-05  loss 0.23616  ce 0.38107  kd 0.09126  train_acc 84.079  val_acc 85.57  (27.6s)
epoch 69/100  lr 1.2e-05  loss 0.23384  ce 0.38208  kd 0.08559  train_acc 85.600  val_acc 84.82  (28.1s)
epoch 70/100  lr 1.13e-05  loss 0.24337  ce 0.39315  kd 0.09359  train_acc 84.840  val_acc 84.32  (27.8s)
epoch 71/100  lr 1.07e-05  loss 0.24259  ce 0.39605  kd 0.08913  train_acc 86.465  val_acc 84.74  (28.4s)
epoch 72/100  lr 1.01e-05  loss 0.23544  ce 0.37854  kd 0.09234  train_acc 82.200  val_acc 84.15  (25.4s)
epoch 73/100  lr 9.47e-06  loss 0.24365  ce 0.39442  kd 0.09289  train_acc 84.058  val_acc 84.99  (26.9s)
epoch 74/100  lr 8.88e-06  loss 0.25482  ce 0.41935  kd 0.09028  train_acc 84.122  val_acc 84.40  (27.9s)
epoch 75/100  lr 8.31e-06  loss 0.24815  ce 0.40610  kd 0.09019  train_acc 83.045  val_acc 84.90  (28.0s)
epoch 76/100  lr 7.75e-06  loss 0.25489  ce 0.41851  kd 0.09126  train_acc 83.003  val_acc 85.24  (28.1s)
epoch 77/100  lr 7.21e-06  loss 0.24595  ce 0.40104  kd 0.09086  train_acc 84.797  val_acc 85.24  (28.7s)
epoch 78/100  lr 6.68e-06  loss 0.25106  ce 0.41299  kd 0.08913  train_acc 83.404  val_acc 84.65  (28.1s)
epoch 79/100  lr 6.18e-06  loss 0.25032  ce 0.40824  kd 0.09240  train_acc 84.649  val_acc 84.49  (27.4s)
epoch 80/100  lr 5.69e-06  loss 0.22975  ce 0.37239  kd 0.08711  train_acc 84.269  val_acc 83.57  (23.9s)
epoch 81/100  lr 5.23e-06  loss 0.24893  ce 0.40763  kd 0.09023  train_acc 82.475  val_acc 83.40  (23.4s)
epoch 82/100  lr 4.78e-06  loss 0.25347  ce 0.42045  kd 0.08649  train_acc 84.502  val_acc 84.57  (22.9s)
epoch 83/100  lr 4.35e-06  loss 0.25733  ce 0.41848  kd 0.09619  train_acc 83.214  val_acc 84.49  (22.9s)
epoch 84/100  lr 3.95e-06  loss 0.24882  ce 0.40548  kd 0.09217  train_acc 87.690  val_acc 84.65  (23.3s)
epoch 85/100  lr 3.56e-06  loss 0.24816  ce 0.40582  kd 0.09050  train_acc 83.340  val_acc 84.07  (23.1s)
epoch 86/100  lr 3.2e-06  loss 0.24676  ce 0.40307  kd 0.09045  train_acc 82.644  val_acc 84.65  (23.2s)
epoch 87/100  lr 2.86e-06  loss 0.24103  ce 0.39546  kd 0.08661  train_acc 87.437  val_acc 84.40  (23.2s)
epoch 88/100  lr 2.54e-06  loss 0.25148  ce 0.41566  kd 0.08729  train_acc 84.544  val_acc 84.57  (23.2s)
epoch 89/100  lr 2.24e-06  loss 0.23991  ce 0.39288  kd 0.08694  train_acc 83.404  val_acc 84.82  (22.9s)
epoch 90/100  lr 1.96e-06  loss 0.24425  ce 0.39733  kd 0.09117  train_acc 88.936  val_acc 84.74  (23.2s)
epoch 91/100  lr 1.71e-06  loss 0.22909  ce 0.37093  kd 0.08726  train_acc 80.617  val_acc 84.32  (22.7s)
epoch 92/100  lr 1.48e-06  loss 0.24489  ce 0.39715  kd 0.09263  train_acc 85.916  val_acc 84.82  (22.9s)
epoch 93/100  lr 1.28e-06  loss 0.24936  ce 0.40978  kd 0.08895  train_acc 84.227  val_acc 84.32  (23.4s)
epoch 94/100  lr 1.1e-06  loss 0.24936  ce 0.40738  kd 0.09134  train_acc 80.828  val_acc 84.65  (23.4s)
epoch 95/100  lr 9.38e-07  loss 0.24804  ce 0.40391  kd 0.09218  train_acc 82.749  val_acc 84.65  (22.8s)
epoch 96/100  lr 8.05e-07  loss 0.24526  ce 0.39510  kd 0.09542  train_acc 83.066  val_acc 84.99  (22.9s)
epoch 97/100  lr 6.95e-07  loss 0.24568  ce 0.40075  kd 0.09062  train_acc 84.079  val_acc 84.90  (23.0s)
epoch 98/100  lr 6.1e-07  loss 0.23062  ce 0.37437  kd 0.08688  train_acc 85.895  val_acc 84.65  (23.2s)
epoch 99/100  lr 5.49e-07  loss 0.24994  ce 0.40563  kd 0.09426  train_acc 85.030  val_acc 84.65  (23.0s)
epoch 100/100  lr 5.12e-07  loss 0.24100  ce 0.38981  kd 0.09219  train_acc 85.283  val_acc 84.49  (21.8s)
done. final val acc 84.49  best 85.99 @ epoch 64
