
===== 2026-10-04 11:23:08 gpu=0 /home/coder/aim-lab-stage3/.venv/bin/python -m stage0.train --mode maskedkd --mask-criterion random --keep 0.5 --dataset waterbirds --seed 0 --lr 5e-05
run dir: /home/coder/stage0/outputs/waterbirds/random_k0.5/seed0
state: new  device: cuda  micro_batch: 128  accum: 1  num_workers: 3
train 4795  val 1199  steps/epoch 37
teacher: /home/coder/stage0/outputs/waterbirds/teacher/seed0/best.pt (epoch 21, val acc 93.99)
epoch 1/100  lr 1e-06  loss 0.70457  ce 0.75080  kd 0.65834  train_acc 48.269  val_acc 53.63  (27.5s)
epoch 2/100  lr 1.08e-05  loss 0.46328  ce 0.56454  kd 0.36202  train_acc 75.697  val_acc 74.81  (28.3s)
epoch 3/100  lr 2.06e-05  loss 0.34272  ce 0.45750  kd 0.22795  train_acc 84.502  val_acc 65.05  (26.6s)
epoch 4/100  lr 3.04e-05  loss 0.31952  ce 0.45603  kd 0.18301  train_acc 84.966  val_acc 65.14  (28.1s)
epoch 5/100  lr 4.02e-05  loss 0.30027  ce 0.44188  kd 0.15867  train_acc 84.649  val_acc 73.48  (30.0s)
epoch 6/100  lr 4.97e-05  loss 0.28443  ce 0.42210  kd 0.14675  train_acc 84.818  val_acc 76.56  (30.1s)
epoch 7/100  lr 4.96e-05  loss 0.28395  ce 0.42363  kd 0.14428  train_acc 84.312  val_acc 76.31  (29.5s)
epoch 8/100  lr 4.94e-05  loss 0.28201  ce 0.42738  kd 0.13665  train_acc 83.594  val_acc 79.73  (30.1s)
epoch 9/100  lr 4.92e-05  loss 0.28144  ce 0.43009  kd 0.13279  train_acc 85.241  val_acc 81.23  (31.0s)
epoch 10/100  lr 4.9e-05  loss 0.27735  ce 0.42009  kd 0.13461  train_acc 84.016  val_acc 81.48  (30.9s)
epoch 11/100  lr 4.88e-05  loss 0.26976  ce 0.41101  kd 0.12851  train_acc 83.383  val_acc 84.65  (30.5s)
epoch 12/100  lr 4.85e-05  loss 0.26993  ce 0.41613  kd 0.12374  train_acc 87.416  val_acc 85.15  (29.2s)
epoch 13/100  lr 4.83e-05  loss 0.27383  ce 0.42246  kd 0.12520  train_acc 84.312  val_acc 84.90  (30.3s)
epoch 14/100  lr 4.8e-05  loss 0.26966  ce 0.41515  kd 0.12417  train_acc 86.360  val_acc 86.74  (28.9s)
epoch 15/100  lr 4.76e-05  loss 0.26398  ce 0.40556  kd 0.12240  train_acc 86.106  val_acc 85.15  (30.8s)
epoch 16/100  lr 4.73e-05  loss 0.25292  ce 0.39166  kd 0.11417  train_acc 87.542  val_acc 86.57  (30.0s)
epoch 17/100  lr 4.69e-05  loss 0.26478  ce 0.41144  kd 0.11812  train_acc 86.296  val_acc 87.24  (29.4s)
epoch 18/100  lr 4.66e-05  loss 0.26389  ce 0.40787  kd 0.11990  train_acc 86.677  val_acc 86.82  (29.0s)
epoch 19/100  lr 4.61e-05  loss 0.26166  ce 0.40979  kd 0.11353  train_acc 83.509  val_acc 88.66  (27.9s)
epoch 20/100  lr 4.57e-05  loss 0.26299  ce 0.40919  kd 0.11679  train_acc 86.740  val_acc 88.32  (30.2s)
epoch 21/100  lr 4.53e-05  loss 0.26731  ce 0.41401  kd 0.12061  train_acc 88.028  val_acc 87.41  (28.7s)
epoch 22/100  lr 4.48e-05  loss 0.25262  ce 0.39563  kd 0.10961  train_acc 86.128  val_acc 89.24  (28.9s)
epoch 23/100  lr 4.43e-05  loss 0.26952  ce 0.42802  kd 0.11101  train_acc 82.496  val_acc 88.07  (29.5s)
epoch 24/100  lr 4.38e-05  loss 0.24657  ce 0.39059  kd 0.10255  train_acc 82.897  val_acc 90.08  (29.1s)
epoch 25/100  lr 4.33e-05  loss 0.25604  ce 0.40049  kd 0.11159  train_acc 86.698  val_acc 86.41  (28.8s)
epoch 26/100  lr 4.28e-05  loss 0.25766  ce 0.40638  kd 0.10893  train_acc 87.057  val_acc 88.07  (28.2s)
epoch 27/100  lr 4.22e-05  loss 0.25655  ce 0.40392  kd 0.10917  train_acc 85.283  val_acc 86.82  (29.3s)
epoch 28/100  lr 4.16e-05  loss 0.25947  ce 0.41224  kd 0.10670  train_acc 85.072  val_acc 87.91  (30.1s)
epoch 29/100  lr 4.1e-05  loss 0.26104  ce 0.41147  kd 0.11061  train_acc 83.974  val_acc 88.49  (30.4s)
epoch 30/100  lr 4.04e-05  loss 0.26511  ce 0.41879  kd 0.11143  train_acc 84.692  val_acc 89.91  (30.5s)
epoch 31/100  lr 3.98e-05  loss 0.24877  ce 0.39425  kd 0.10328  train_acc 79.983  val_acc 89.66  (29.0s)
epoch 32/100  lr 3.92e-05  loss 0.24640  ce 0.39228  kd 0.10052  train_acc 83.742  val_acc 88.41  (30.2s)
epoch 33/100  lr 3.85e-05  loss 0.24385  ce 0.38900  kd 0.09869  train_acc 84.882  val_acc 86.24  (28.8s)
epoch 34/100  lr 3.78e-05  loss 0.25334  ce 0.40339  kd 0.10328  train_acc 78.695  val_acc 86.99  (29.0s)
epoch 35/100  lr 3.72e-05  loss 0.25792  ce 0.40973  kd 0.10612  train_acc 83.974  val_acc 87.82  (30.0s)
epoch 36/100  lr 3.65e-05  loss 0.25200  ce 0.40273  kd 0.10128  train_acc 88.281  val_acc 88.24  (28.3s)
epoch 37/100  lr 3.58e-05  loss 0.25309  ce 0.40337  kd 0.10281  train_acc 84.692  val_acc 87.57  (29.6s)
epoch 38/100  lr 3.51e-05  loss 0.24956  ce 0.39484  kd 0.10428  train_acc 84.291  val_acc 87.66  (28.7s)
epoch 39/100  lr 3.44e-05  loss 0.25323  ce 0.40385  kd 0.10262  train_acc 86.381  val_acc 89.99  (28.3s)
epoch 40/100  lr 3.36e-05  loss 0.25117  ce 0.40414  kd 0.09821  train_acc 84.143  val_acc 87.99  (29.0s)
epoch 41/100  lr 3.29e-05  loss 0.25743  ce 0.40863  kd 0.10623  train_acc 86.149  val_acc 89.66  (29.9s)
epoch 42/100  lr 3.22e-05  loss 0.25046  ce 0.39817  kd 0.10276  train_acc 84.206  val_acc 89.99  (28.5s)
epoch 43/100  lr 3.14e-05  loss 0.24488  ce 0.38593  kd 0.10382  train_acc 84.523  val_acc 89.41  (27.9s)
epoch 44/100  lr 3.06e-05  loss 0.25267  ce 0.40477  kd 0.10056  train_acc 83.847  val_acc 88.74  (28.3s)
epoch 45/100  lr 2.99e-05  loss 0.24622  ce 0.38963  kd 0.10280  train_acc 85.177  val_acc 89.91  (27.9s)
epoch 46/100  lr 2.91e-05  loss 0.25595  ce 0.41041  kd 0.10149  train_acc 85.663  val_acc 89.41  (27.7s)
epoch 47/100  lr 2.84e-05  loss 0.26146  ce 0.41818  kd 0.10475  train_acc 83.383  val_acc 88.32  (27.7s)
epoch 48/100  lr 2.76e-05  loss 0.24247  ce 0.38656  kd 0.09839  train_acc 87.331  val_acc 87.82  (28.4s)
epoch 49/100  lr 2.68e-05  loss 0.24796  ce 0.39907  kd 0.09686  train_acc 87.584  val_acc 89.16  (28.7s)
epoch 50/100  lr 2.6e-05  loss 0.23626  ce 0.37760  kd 0.09491  train_acc 86.106  val_acc 89.16  (27.8s)
epoch 51/100  lr 2.53e-05  loss 0.23830  ce 0.37693  kd 0.09967  train_acc 87.310  val_acc 88.16  (27.9s)
epoch 52/100  lr 2.45e-05  loss 0.25549  ce 0.40937  kd 0.10161  train_acc 83.235  val_acc 88.24  (28.5s)
epoch 53/100  lr 2.37e-05  loss 0.25715  ce 0.41208  kd 0.10222  train_acc 81.356  val_acc 89.32  (27.4s)
epoch 54/100  lr 2.29e-05  loss 0.25062  ce 0.40283  kd 0.09841  train_acc 82.264  val_acc 88.74  (27.5s)
epoch 55/100  lr 2.21e-05  loss 0.25472  ce 0.40817  kd 0.10126  train_acc 84.164  val_acc 88.32  (28.7s)
epoch 56/100  lr 2.14e-05  loss 0.24300  ce 0.38685  kd 0.09916  train_acc 84.586  val_acc 89.07  (28.1s)
epoch 57/100  lr 2.06e-05  loss 0.24802  ce 0.39458  kd 0.10146  train_acc 86.782  val_acc 89.41  (29.3s)
epoch 58/100  lr 1.99e-05  loss 0.23868  ce 0.38061  kd 0.09675  train_acc 83.826  val_acc 88.91  (28.0s)
epoch 59/100  lr 1.91e-05  loss 0.24810  ce 0.39741  kd 0.09879  train_acc 84.375  val_acc 89.32  (28.5s)
epoch 60/100  lr 1.83e-05  loss 0.25566  ce 0.41098  kd 0.10034  train_acc 84.987  val_acc 89.57  (28.0s)
epoch 61/100  lr 1.76e-05  loss 0.24824  ce 0.39768  kd 0.09879  train_acc 88.851  val_acc 88.57  (28.0s)
epoch 62/100  lr 1.69e-05  loss 0.24494  ce 0.39547  kd 0.09440  train_acc 83.826  val_acc 89.41  (28.1s)
epoch 63/100  lr 1.61e-05  loss 0.25062  ce 0.40436  kd 0.09688  train_acc 85.621  val_acc 89.32  (27.0s)
epoch 64/100  lr 1.54e-05  loss 0.23882  ce 0.38425  kd 0.09338  train_acc 86.170  val_acc 88.99  (28.4s)
epoch 65/100  lr 1.47e-05  loss 0.22068  ce 0.35788  kd 0.08348  train_acc 84.058  val_acc 89.41  (28.1s)
epoch 66/100  lr 1.4e-05  loss 0.24894  ce 0.39859  kd 0.09929  train_acc 85.980  val_acc 89.32  (26.7s)
epoch 67/100  lr 1.33e-05  loss 0.24365  ce 0.39325  kd 0.09405  train_acc 87.711  val_acc 89.99  (27.9s)
epoch 68/100  lr 1.27e-05  loss 0.24893  ce 0.40083  kd 0.09704  train_acc 86.318  val_acc 89.32  (27.2s)
epoch 69/100  lr 1.2e-05  loss 0.23769  ce 0.38355  kd 0.09182  train_acc 82.496  val_acc 89.57  (28.6s)
epoch 70/100  lr 1.13e-05  loss 0.24661  ce 0.39677  kd 0.09645  train_acc 83.932  val_acc 89.24  (29.0s)
epoch 71/100  lr 1.07e-05  loss 0.24584  ce 0.39546  kd 0.09621  train_acc 83.784  val_acc 89.74  (28.1s)
epoch 72/100  lr 1.01e-05  loss 0.24042  ce 0.38678  kd 0.09406  train_acc 84.164  val_acc 89.49  (27.3s)
epoch 73/100  lr 9.47e-06  loss 0.24246  ce 0.38866  kd 0.09625  train_acc 84.713  val_acc 89.41  (27.7s)
epoch 74/100  lr 8.88e-06  loss 0.23745  ce 0.38316  kd 0.09173  train_acc 84.797  val_acc 89.49  (28.8s)
epoch 75/100  lr 8.31e-06  loss 0.23863  ce 0.38288  kd 0.09437  train_acc 82.960  val_acc 89.32  (29.5s)
epoch 76/100  lr 7.75e-06  loss 0.23937  ce 0.38515  kd 0.09359  train_acc 88.598  val_acc 88.82  (28.4s)
epoch 77/100  lr 7.21e-06  loss 0.23430  ce 0.37355  kd 0.09504  train_acc 86.275  val_acc 88.91  (27.9s)
epoch 78/100  lr 6.68e-06  loss 0.23201  ce 0.37391  kd 0.09012  train_acc 88.619  val_acc 89.57  (27.0s)
epoch 79/100  lr 6.18e-06  loss 0.24635  ce 0.39318  kd 0.09952  train_acc 82.242  val_acc 89.99  (27.4s)
epoch 80/100  lr 5.69e-06  loss 0.24979  ce 0.39692  kd 0.10266  train_acc 86.465  val_acc 89.32  (27.9s)
epoch 81/100  lr 5.23e-06  loss 0.23849  ce 0.38036  kd 0.09663  train_acc 87.352  val_acc 88.82  (27.9s)
epoch 82/100  lr 4.78e-06  loss 0.23873  ce 0.38499  kd 0.09246  train_acc 86.550  val_acc 89.24  (28.5s)
epoch 83/100  lr 4.35e-06  loss 0.24334  ce 0.39022  kd 0.09646  train_acc 82.770  val_acc 89.66  (27.7s)
epoch 84/100  lr 3.95e-06  loss 0.23280  ce 0.37444  kd 0.09117  train_acc 86.001  val_acc 89.24  (28.4s)
epoch 85/100  lr 3.56e-06  loss 0.24603  ce 0.39410  kd 0.09797  train_acc 83.594  val_acc 88.99  (27.4s)
epoch 86/100  lr 3.2e-06  loss 0.24549  ce 0.39652  kd 0.09446  train_acc 83.488  val_acc 89.32  (27.5s)
epoch 87/100  lr 2.86e-06  loss 0.24629  ce 0.39640  kd 0.09618  train_acc 85.769  val_acc 89.41  (27.7s)
epoch 88/100  lr 2.54e-06  loss 0.26151  ce 0.42069  kd 0.10234  train_acc 84.016  val_acc 89.16  (28.4s)
epoch 89/100  lr 2.24e-06  loss 0.24719  ce 0.39819  kd 0.09620  train_acc 85.916  val_acc 89.32  (28.8s)
epoch 90/100  lr 1.96e-06  loss 0.23094  ce 0.37362  kd 0.08826  train_acc 84.628  val_acc 88.99  (28.7s)
epoch 91/100  lr 1.71e-06  loss 0.23797  ce 0.38265  kd 0.09329  train_acc 84.101  val_acc 89.24  (28.2s)
epoch 92/100  lr 1.48e-06  loss 0.24242  ce 0.39112  kd 0.09371  train_acc 84.523  val_acc 89.24  (29.1s)
epoch 93/100  lr 1.28e-06  loss 0.24315  ce 0.39177  kd 0.09454  train_acc 87.774  val_acc 89.24  (28.6s)
epoch 94/100  lr 1.1e-06  loss 0.23023  ce 0.37233  kd 0.08813  train_acc 87.563  val_acc 89.24  (29.0s)
epoch 95/100  lr 9.38e-07  loss 0.24316  ce 0.39010  kd 0.09622  train_acc 84.649  val_acc 89.24  (27.9s)
epoch 96/100  lr 8.05e-07  loss 0.25014  ce 0.40446  kd 0.09583  train_acc 85.198  val_acc 89.24  (28.4s)
epoch 97/100  lr 6.95e-07  loss 0.24011  ce 0.38681  kd 0.09342  train_acc 84.354  val_acc 89.32  (28.3s)
epoch 98/100  lr 6.1e-07  loss 0.23611  ce 0.38195  kd 0.09027  train_acc 87.542  val_acc 89.24  (29.1s)
epoch 99/100  lr 5.49e-07  loss 0.24746  ce 0.39872  kd 0.09619  train_acc 86.634  val_acc 89.32  (28.0s)
epoch 100/100  lr 5.12e-07  loss 0.23852  ce 0.38140  kd 0.09565  train_acc 87.859  val_acc 89.32  (25.1s)
done. final val acc 89.32  best 90.08 @ epoch 24
