
===== 2026-10-04 11:24:38 gpu=0 /home/coder/aim-lab-stage3/.venv/bin/python -m stage0.train --mode maskedkd --mask-criterion random --keep 0.3 --dataset waterbirds --seed 1 --lr 5e-05
run dir: /home/coder/stage0/outputs/waterbirds/random_k0.3/seed1
state: new  device: cuda  micro_batch: 128  accum: 1  num_workers: 3
train 4795  val 1199  steps/epoch 37
teacher: /home/coder/stage0/outputs/waterbirds/teacher/seed0/best.pt (epoch 21, val acc 93.99)
epoch 1/100  lr 1e-06  loss 0.58833  ce 0.67270  kd 0.50396  train_acc 60.705  val_acc 57.80  (29.0s)
epoch 2/100  lr 1.08e-05  loss 0.41209  ce 0.54971  kd 0.27448  train_acc 77.576  val_acc 68.06  (28.2s)
epoch 3/100  lr 2.06e-05  loss 0.31867  ce 0.46007  kd 0.17726  train_acc 81.356  val_acc 63.89  (28.8s)
epoch 4/100  lr 3.04e-05  loss 0.28904  ce 0.43391  kd 0.14416  train_acc 81.292  val_acc 72.48  (29.4s)
epoch 5/100  lr 4.02e-05  loss 0.28486  ce 0.43921  kd 0.13051  train_acc 81.440  val_acc 75.90  (29.1s)
epoch 6/100  lr 4.97e-05  loss 0.28179  ce 0.43116  kd 0.13241  train_acc 80.933  val_acc 75.73  (30.2s)
epoch 7/100  lr 4.96e-05  loss 0.27792  ce 0.42548  kd 0.13037  train_acc 85.135  val_acc 82.32  (29.7s)
epoch 8/100  lr 4.94e-05  loss 0.27070  ce 0.42016  kd 0.12124  train_acc 81.841  val_acc 83.40  (29.4s)
epoch 9/100  lr 4.92e-05  loss 0.27204  ce 0.42570  kd 0.11838  train_acc 82.601  val_acc 82.40  (29.1s)
epoch 10/100  lr 4.9e-05  loss 0.26957  ce 0.41979  kd 0.11934  train_acc 84.903  val_acc 83.99  (28.9s)
epoch 11/100  lr 4.88e-05  loss 0.27058  ce 0.42241  kd 0.11875  train_acc 83.889  val_acc 82.40  (27.9s)
epoch 12/100  lr 4.85e-05  loss 0.26941  ce 0.41892  kd 0.11990  train_acc 86.254  val_acc 85.49  (28.9s)
epoch 13/100  lr 4.83e-05  loss 0.26259  ce 0.41063  kd 0.11455  train_acc 82.749  val_acc 84.32  (28.8s)
epoch 14/100  lr 4.8e-05  loss 0.25052  ce 0.39559  kd 0.10546  train_acc 84.164  val_acc 82.49  (28.2s)
epoch 15/100  lr 4.76e-05  loss 0.26469  ce 0.41188  kd 0.11751  train_acc 85.874  val_acc 82.82  (27.5s)
epoch 16/100  lr 4.73e-05  loss 0.26707  ce 0.41994  kd 0.11420  train_acc 81.715  val_acc 83.49  (27.1s)
epoch 17/100  lr 4.69e-05  loss 0.25178  ce 0.39635  kd 0.10721  train_acc 86.613  val_acc 86.32  (26.8s)
epoch 18/100  lr 4.66e-05  loss 0.25643  ce 0.40228  kd 0.11059  train_acc 83.742  val_acc 83.40  (26.6s)
epoch 19/100  lr 4.61e-05  loss 0.25240  ce 0.39678  kd 0.10802  train_acc 85.220  val_acc 89.24  (26.9s)
epoch 20/100  lr 4.57e-05  loss 0.24357  ce 0.38167  kd 0.10547  train_acc 83.720  val_acc 87.99  (27.6s)
epoch 21/100  lr 4.53e-05  loss 0.27047  ce 0.42452  kd 0.11642  train_acc 85.051  val_acc 87.16  (27.1s)
epoch 22/100  lr 4.48e-05  loss 0.24573  ce 0.38776  kd 0.10371  train_acc 84.776  val_acc 85.65  (26.6s)
epoch 23/100  lr 4.43e-05  loss 0.25941  ce 0.41044  kd 0.10839  train_acc 87.078  val_acc 81.98  (27.2s)
epoch 24/100  lr 4.38e-05  loss 0.25816  ce 0.40934  kd 0.10698  train_acc 84.628  val_acc 88.07  (28.3s)
epoch 25/100  lr 4.33e-05  loss 0.25882  ce 0.40869  kd 0.10895  train_acc 85.389  val_acc 85.74  (27.4s)
epoch 26/100  lr 4.28e-05  loss 0.23888  ce 0.37905  kd 0.09871  train_acc 85.557  val_acc 86.82  (28.7s)
epoch 27/100  lr 4.22e-05  loss 0.25641  ce 0.40737  kd 0.10544  train_acc 85.916  val_acc 86.41  (29.2s)
epoch 28/100  lr 4.16e-05  loss 0.25415  ce 0.39859  kd 0.10970  train_acc 83.509  val_acc 87.66  (28.7s)
epoch 29/100  lr 4.1e-05  loss 0.25737  ce 0.40431  kd 0.11043  train_acc 88.682  val_acc 84.82  (29.2s)
epoch 30/100  lr 4.04e-05  loss 0.25490  ce 0.40207  kd 0.10774  train_acc 81.567  val_acc 87.74  (30.2s)
epoch 31/100  lr 3.98e-05  loss 0.24393  ce 0.38578  kd 0.10208  train_acc 84.945  val_acc 88.66  (29.0s)
epoch 32/100  lr 3.92e-05  loss 0.24784  ce 0.39339  kd 0.10228  train_acc 85.959  val_acc 87.66  (28.9s)
epoch 33/100  lr 3.85e-05  loss 0.25040  ce 0.39976  kd 0.10104  train_acc 87.394  val_acc 86.07  (28.6s)
epoch 34/100  lr 3.78e-05  loss 0.25968  ce 0.40971  kd 0.10965  train_acc 84.016  val_acc 84.90  (28.9s)
epoch 35/100  lr 3.72e-05  loss 0.25320  ce 0.39911  kd 0.10730  train_acc 84.734  val_acc 88.16  (28.5s)
epoch 36/100  lr 3.65e-05  loss 0.24980  ce 0.39581  kd 0.10378  train_acc 83.530  val_acc 84.15  (28.4s)
epoch 37/100  lr 3.58e-05  loss 0.25199  ce 0.39793  kd 0.10605  train_acc 86.339  val_acc 86.07  (28.2s)
epoch 38/100  lr 3.51e-05  loss 0.24839  ce 0.39709  kd 0.09969  train_acc 82.897  val_acc 87.74  (28.0s)
epoch 39/100  lr 3.44e-05  loss 0.25555  ce 0.40560  kd 0.10549  train_acc 80.743  val_acc 85.65  (27.7s)
epoch 40/100  lr 3.36e-05  loss 0.25419  ce 0.40072  kd 0.10765  train_acc 88.830  val_acc 88.07  (27.5s)
epoch 41/100  lr 3.29e-05  loss 0.24679  ce 0.38866  kd 0.10492  train_acc 85.895  val_acc 86.24  (26.8s)
epoch 42/100  lr 3.22e-05  loss 0.24275  ce 0.38364  kd 0.10187  train_acc 84.797  val_acc 87.41  (27.2s)
epoch 43/100  lr 3.14e-05  loss 0.25706  ce 0.40440  kd 0.10972  train_acc 86.740  val_acc 87.99  (26.9s)
epoch 44/100  lr 3.06e-05  loss 0.24937  ce 0.39490  kd 0.10383  train_acc 84.966  val_acc 87.49  (27.1s)
epoch 45/100  lr 2.99e-05  loss 0.26034  ce 0.41032  kd 0.11036  train_acc 83.214  val_acc 86.91  (27.5s)
epoch 46/100  lr 2.91e-05  loss 0.24927  ce 0.39638  kd 0.10216  train_acc 81.524  val_acc 87.41  (26.9s)
epoch 47/100  lr 2.84e-05  loss 0.26475  ce 0.41748  kd 0.11202  train_acc 79.772  val_acc 87.91  (27.3s)
epoch 48/100  lr 2.76e-05  loss 0.26127  ce 0.41107  kd 0.11147  train_acc 83.488  val_acc 88.49  (26.7s)
epoch 49/100  lr 2.68e-05  loss 0.24422  ce 0.38741  kd 0.10103  train_acc 84.840  val_acc 87.82  (26.2s)
epoch 50/100  lr 2.6e-05  loss 0.26431  ce 0.41788  kd 0.11074  train_acc 80.490  val_acc 87.99  (26.4s)
epoch 51/100  lr 2.53e-05  loss 0.24344  ce 0.38647  kd 0.10042  train_acc 85.515  val_acc 88.16  (25.8s)
epoch 52/100  lr 2.45e-05  loss 0.25647  ce 0.40620  kd 0.10673  train_acc 82.496  val_acc 87.74  (26.0s)
epoch 53/100  lr 2.37e-05  loss 0.25499  ce 0.40089  kd 0.10909  train_acc 82.707  val_acc 88.82  (26.1s)
epoch 54/100  lr 2.29e-05  loss 0.24819  ce 0.39682  kd 0.09957  train_acc 86.550  val_acc 87.99  (26.9s)
epoch 55/100  lr 2.21e-05  loss 0.25085  ce 0.40082  kd 0.10087  train_acc 82.200  val_acc 88.66  (27.5s)
epoch 56/100  lr 2.14e-05  loss 0.24494  ce 0.39098  kd 0.09889  train_acc 85.198  val_acc 88.74  (27.8s)
epoch 57/100  lr 2.06e-05  loss 0.24310  ce 0.38774  kd 0.09846  train_acc 86.085  val_acc 87.16  (27.8s)
epoch 58/100  lr 1.99e-05  loss 0.25848  ce 0.40721  kd 0.10975  train_acc 84.607  val_acc 88.57  (28.0s)
epoch 59/100  lr 1.91e-05  loss 0.25077  ce 0.39965  kd 0.10189  train_acc 82.707  val_acc 88.66  (28.1s)
epoch 60/100  lr 1.83e-05  loss 0.25641  ce 0.40565  kd 0.10716  train_acc 82.686  val_acc 87.66  (27.2s)
epoch 61/100  lr 1.76e-05  loss 0.24576  ce 0.38848  kd 0.10304  train_acc 88.197  val_acc 88.16  (27.3s)
epoch 62/100  lr 1.69e-05  loss 0.24655  ce 0.38452  kd 0.10858  train_acc 83.108  val_acc 87.82  (27.6s)
epoch 63/100  lr 1.61e-05  loss 0.26071  ce 0.41086  kd 0.11056  train_acc 86.212  val_acc 88.41  (28.0s)
epoch 64/100  lr 1.54e-05  loss 0.25873  ce 0.41053  kd 0.10693  train_acc 86.339  val_acc 87.32  (27.9s)
epoch 65/100  lr 1.47e-05  loss 0.24656  ce 0.39099  kd 0.10213  train_acc 82.834  val_acc 87.32  (27.1s)
epoch 66/100  lr 1.4e-05  loss 0.23508  ce 0.37469  kd 0.09548  train_acc 87.247  val_acc 88.24  (27.7s)
epoch 67/100  lr 1.33e-05  loss 0.24993  ce 0.39261  kd 0.10726  train_acc 87.204  val_acc 88.74  (27.7s)
epoch 68/100  lr 1.27e-05  loss 0.25426  ce 0.40103  kd 0.10749  train_acc 84.987  val_acc 88.74  (26.7s)
epoch 69/100  lr 1.2e-05  loss 0.24793  ce 0.39186  kd 0.10399  train_acc 86.867  val_acc 88.49  (27.5s)
epoch 70/100  lr 1.13e-05  loss 0.24698  ce 0.39371  kd 0.10025  train_acc 84.607  val_acc 88.82  (27.2s)
epoch 71/100  lr 1.07e-05  loss 0.25624  ce 0.40788  kd 0.10460  train_acc 84.649  val_acc 87.91  (27.0s)
epoch 72/100  lr 1.01e-05  loss 0.25052  ce 0.40132  kd 0.09972  train_acc 83.552  val_acc 89.49  (26.6s)
epoch 73/100  lr 9.47e-06  loss 0.25650  ce 0.40915  kd 0.10384  train_acc 85.008  val_acc 88.32  (26.7s)
epoch 74/100  lr 8.88e-06  loss 0.24160  ce 0.38041  kd 0.10279  train_acc 85.579  val_acc 88.91  (26.5s)
epoch 75/100  lr 8.31e-06  loss 0.25269  ce 0.39554  kd 0.10984  train_acc 89.802  val_acc 88.99  (26.1s)
epoch 76/100  lr 7.75e-06  loss 0.24503  ce 0.39109  kd 0.09898  train_acc 86.191  val_acc 88.66  (26.3s)
epoch 77/100  lr 7.21e-06  loss 0.24875  ce 0.39299  kd 0.10451  train_acc 87.859  val_acc 88.41  (26.5s)
epoch 78/100  lr 6.68e-06  loss 0.24619  ce 0.38921  kd 0.10317  train_acc 84.713  val_acc 88.49  (26.1s)
epoch 79/100  lr 6.18e-06  loss 0.24608  ce 0.39191  kd 0.10024  train_acc 87.162  val_acc 88.66  (27.1s)
epoch 80/100  lr 5.69e-06  loss 0.24982  ce 0.38833  kd 0.11131  train_acc 87.479  val_acc 88.66  (27.5s)
epoch 81/100  lr 5.23e-06  loss 0.25371  ce 0.40077  kd 0.10666  train_acc 85.389  val_acc 89.24  (26.7s)
epoch 82/100  lr 4.78e-06  loss 0.25158  ce 0.39974  kd 0.10342  train_acc 85.072  val_acc 89.24  (27.2s)
epoch 83/100  lr 4.35e-06  loss 0.24654  ce 0.39078  kd 0.10230  train_acc 86.085  val_acc 89.57  (27.9s)
epoch 84/100  lr 3.95e-06  loss 0.24198  ce 0.38347  kd 0.10049  train_acc 86.318  val_acc 89.16  (27.9s)
epoch 85/100  lr 3.56e-06  loss 0.24439  ce 0.38898  kd 0.09981  train_acc 86.655  val_acc 88.41  (26.9s)
epoch 86/100  lr 3.2e-06  loss 0.24768  ce 0.39324  kd 0.10211  train_acc 86.254  val_acc 89.07  (27.6s)
epoch 87/100  lr 2.86e-06  loss 0.24810  ce 0.38981  kd 0.10638  train_acc 85.452  val_acc 88.99  (26.5s)
epoch 88/100  lr 2.54e-06  loss 0.25643  ce 0.41008  kd 0.10278  train_acc 83.742  val_acc 89.16  (27.0s)
epoch 89/100  lr 2.24e-06  loss 0.25461  ce 0.40352  kd 0.10570  train_acc 84.079  val_acc 89.32  (27.4s)
epoch 90/100  lr 1.96e-06  loss 0.25270  ce 0.39753  kd 0.10787  train_acc 87.817  val_acc 89.07  (27.4s)
epoch 91/100  lr 1.71e-06  loss 0.24683  ce 0.39131  kd 0.10234  train_acc 86.275  val_acc 89.07  (27.5s)
epoch 92/100  lr 1.48e-06  loss 0.25492  ce 0.40653  kd 0.10331  train_acc 85.177  val_acc 88.91  (27.5s)
epoch 93/100  lr 1.28e-06  loss 0.23800  ce 0.37619  kd 0.09981  train_acc 85.874  val_acc 89.07  (26.8s)
epoch 94/100  lr 1.1e-06  loss 0.24100  ce 0.38433  kd 0.09767  train_acc 87.627  val_acc 89.07  (26.9s)
epoch 95/100  lr 9.38e-07  loss 0.25556  ce 0.40727  kd 0.10384  train_acc 84.058  val_acc 88.99  (27.5s)
epoch 96/100  lr 8.05e-07  loss 0.25143  ce 0.40328  kd 0.09957  train_acc 84.037  val_acc 88.74  (27.9s)
epoch 97/100  lr 6.95e-07  loss 0.24728  ce 0.39198  kd 0.10258  train_acc 85.726  val_acc 88.74  (27.4s)
epoch 98/100  lr 6.1e-07  loss 0.25161  ce 0.39931  kd 0.10390  train_acc 86.360  val_acc 88.74  (27.7s)
epoch 99/100  lr 5.49e-07  loss 0.25558  ce 0.40933  kd 0.10184  train_acc 82.770  val_acc 88.82  (27.0s)
epoch 100/100  lr 5.12e-07  loss 0.25075  ce 0.39546  kd 0.10603  train_acc 82.200  val_acc 88.82  (24.8s)
done. final val acc 88.82  best 89.57 @ epoch 83
