
===== 2026-10-04 14:15:05 gpu=0 /home/coder/aim-lab-stage3/.venv/bin/python -m stage0.train --mode maskedkd --mask-criterion tam_r --keep 0.15 --dataset waterbirds --seed 2 --lr 5e-05
run dir: /home/coder/stage0/outputs/waterbirds/tam_r_k0.15/seed2
state: new  device: cuda  micro_batch: 128  accum: 1  num_workers: 3
train 4795  val 1199  steps/epoch 37
teacher: /home/coder/stage0/outputs/waterbirds/teacher/seed0/best.pt (epoch 21, val acc 93.99)
TAM: kind attn_last, gap [0.1, 0.5], budget fixed, k per bucket (29, 29, 29), teacher GFLOPs {29: 2.68023552}
epoch 1/100  lr 1e-06  loss 0.52794  ce 0.63076  kd 0.42511  train_acc 66.491  val_acc 67.22  (29.4s)
epoch 2/100  lr 1.08e-05  loss 0.40077  ce 0.53037  kd 0.27117  train_acc 77.872  val_acc 71.48  (27.8s)
epoch 3/100  lr 2.06e-05  loss 0.33647  ce 0.46616  kd 0.20679  train_acc 80.891  val_acc 69.47  (28.6s)
epoch 4/100  lr 3.04e-05  loss 0.30086  ce 0.41854  kd 0.18319  train_acc 85.853  val_acc 77.65  (28.8s)
epoch 5/100  lr 4.02e-05  loss 0.29699  ce 0.42184  kd 0.17214  train_acc 83.404  val_acc 77.90  (27.9s)
epoch 6/100  lr 4.97e-05  loss 0.29209  ce 0.42764  kd 0.15654  train_acc 82.137  val_acc 80.65  (27.1s)
epoch 7/100  lr 4.96e-05  loss 0.28515  ce 0.40648  kd 0.16382  train_acc 82.665  val_acc 81.82  (26.8s)
epoch 8/100  lr 4.94e-05  loss 0.27866  ce 0.40073  kd 0.15659  train_acc 84.481  val_acc 84.15  (27.7s)
epoch 9/100  lr 4.92e-05  loss 0.28298  ce 0.40859  kd 0.15736  train_acc 82.369  val_acc 83.40  (26.8s)
epoch 10/100  lr 4.9e-05  loss 0.29179  ce 0.42479  kd 0.15879  train_acc 84.861  val_acc 85.65  (27.3s)
epoch 11/100  lr 4.88e-05  loss 0.27932  ce 0.40309  kd 0.15554  train_acc 82.200  val_acc 88.07  (27.0s)
epoch 12/100  lr 4.85e-05  loss 0.28604  ce 0.41224  kd 0.15984  train_acc 83.488  val_acc 86.82  (27.0s)
epoch 13/100  lr 4.83e-05  loss 0.28807  ce 0.42128  kd 0.15486  train_acc 83.404  val_acc 87.16  (27.0s)
epoch 14/100  lr 4.8e-05  loss 0.27385  ce 0.40110  kd 0.14659  train_acc 86.360  val_acc 86.91  (28.4s)
epoch 15/100  lr 4.76e-05  loss 0.28211  ce 0.40954  kd 0.15467  train_acc 83.720  val_acc 86.57  (27.7s)
epoch 16/100  lr 4.73e-05  loss 0.28007  ce 0.40941  kd 0.15072  train_acc 82.390  val_acc 83.40  (28.2s)
epoch 17/100  lr 4.69e-05  loss 0.27327  ce 0.39834  kd 0.14820  train_acc 85.980  val_acc 86.49  (27.0s)
epoch 18/100  lr 4.66e-05  loss 0.28493  ce 0.41992  kd 0.14995  train_acc 85.325  val_acc 88.07  (27.3s)
epoch 19/100  lr 4.61e-05  loss 0.27853  ce 0.41310  kd 0.14397  train_acc 83.446  val_acc 88.57  (27.8s)
epoch 20/100  lr 4.57e-05  loss 0.27420  ce 0.40531  kd 0.14308  train_acc 83.699  val_acc 86.32  (28.7s)
epoch 21/100  lr 4.53e-05  loss 0.27357  ce 0.39792  kd 0.14922  train_acc 84.037  val_acc 86.57  (27.5s)
epoch 22/100  lr 4.48e-05  loss 0.27916  ce 0.40931  kd 0.14902  train_acc 84.966  val_acc 86.74  (27.2s)
epoch 23/100  lr 4.43e-05  loss 0.27399  ce 0.41228  kd 0.13569  train_acc 84.459  val_acc 89.32  (28.9s)
epoch 24/100  lr 4.38e-05  loss 0.27875  ce 0.40276  kd 0.15474  train_acc 84.523  val_acc 88.91  (27.1s)
epoch 25/100  lr 4.33e-05  loss 0.27596  ce 0.40132  kd 0.15060  train_acc 84.671  val_acc 87.99  (27.1s)
epoch 26/100  lr 4.28e-05  loss 0.26481  ce 0.39160  kd 0.13803  train_acc 83.932  val_acc 88.24  (27.5s)
epoch 27/100  lr 4.22e-05  loss 0.27772  ce 0.41416  kd 0.14128  train_acc 85.705  val_acc 87.57  (27.7s)
epoch 28/100  lr 4.16e-05  loss 0.27724  ce 0.40327  kd 0.15121  train_acc 85.156  val_acc 87.49  (27.8s)
epoch 29/100  lr 4.1e-05  loss 0.27026  ce 0.39965  kd 0.14087  train_acc 82.264  val_acc 89.82  (27.8s)
epoch 30/100  lr 4.04e-05  loss 0.26640  ce 0.38951  kd 0.14330  train_acc 85.916  val_acc 88.49  (28.4s)
epoch 31/100  lr 3.98e-05  loss 0.26555  ce 0.39260  kd 0.13851  train_acc 84.269  val_acc 88.49  (27.1s)
epoch 32/100  lr 3.92e-05  loss 0.26062  ce 0.38765  kd 0.13360  train_acc 82.538  val_acc 87.91  (27.0s)
epoch 33/100  lr 3.85e-05  loss 0.27088  ce 0.39523  kd 0.14652  train_acc 85.916  val_acc 89.24  (27.2s)
epoch 34/100  lr 3.78e-05  loss 0.26679  ce 0.38821  kd 0.14536  train_acc 88.535  val_acc 89.24  (27.4s)
epoch 35/100  lr 3.72e-05  loss 0.26104  ce 0.38846  kd 0.13362  train_acc 85.811  val_acc 89.07  (27.7s)
epoch 36/100  lr 3.65e-05  loss 0.26127  ce 0.37906  kd 0.14348  train_acc 82.264  val_acc 89.07  (27.4s)
epoch 37/100  lr 3.58e-05  loss 0.27227  ce 0.40298  kd 0.14156  train_acc 82.834  val_acc 88.82  (27.5s)
epoch 38/100  lr 3.51e-05  loss 0.26278  ce 0.38611  kd 0.13944  train_acc 86.867  val_acc 89.41  (27.7s)
epoch 39/100  lr 3.44e-05  loss 0.26680  ce 0.39962  kd 0.13397  train_acc 87.711  val_acc 89.49  (27.8s)
epoch 40/100  lr 3.36e-05  loss 0.27310  ce 0.40363  kd 0.14257  train_acc 84.692  val_acc 89.99  (26.8s)
epoch 41/100  lr 3.29e-05  loss 0.27320  ce 0.39692  kd 0.14948  train_acc 85.473  val_acc 88.74  (27.3s)
epoch 42/100  lr 3.22e-05  loss 0.27027  ce 0.40502  kd 0.13553  train_acc 86.655  val_acc 89.07  (26.9s)
epoch 43/100  lr 3.14e-05  loss 0.26632  ce 0.39415  kd 0.13850  train_acc 84.882  val_acc 88.99  (28.2s)
epoch 44/100  lr 3.06e-05  loss 0.27250  ce 0.40479  kd 0.14021  train_acc 85.747  val_acc 88.07  (27.5s)
epoch 45/100  lr 2.99e-05  loss 0.26373  ce 0.39352  kd 0.13393  train_acc 82.432  val_acc 90.16  (27.5s)
epoch 46/100  lr 2.91e-05  loss 0.27200  ce 0.40440  kd 0.13959  train_acc 81.546  val_acc 89.66  (27.5s)
epoch 47/100  lr 2.84e-05  loss 0.26619  ce 0.39499  kd 0.13739  train_acc 85.938  val_acc 90.58  (27.1s)
epoch 48/100  lr 2.76e-05  loss 0.27028  ce 0.39912  kd 0.14143  train_acc 83.594  val_acc 90.49  (28.1s)
epoch 49/100  lr 2.68e-05  loss 0.26825  ce 0.39526  kd 0.14124  train_acc 84.248  val_acc 89.57  (28.2s)
epoch 50/100  lr 2.6e-05  loss 0.26470  ce 0.39367  kd 0.13573  train_acc 84.291  val_acc 89.91  (27.9s)
epoch 51/100  lr 2.53e-05  loss 0.27451  ce 0.40816  kd 0.14087  train_acc 86.043  val_acc 89.41  (26.8s)
epoch 52/100  lr 2.45e-05  loss 0.26511  ce 0.39363  kd 0.13659  train_acc 87.922  val_acc 88.99  (28.0s)
epoch 53/100  lr 2.37e-05  loss 0.27201  ce 0.40561  kd 0.13840  train_acc 81.736  val_acc 90.49  (27.2s)
epoch 54/100  lr 2.29e-05  loss 0.27334  ce 0.40097  kd 0.14570  train_acc 84.649  val_acc 89.74  (27.7s)
epoch 55/100  lr 2.21e-05  loss 0.26209  ce 0.38463  kd 0.13955  train_acc 85.093  val_acc 89.91  (28.0s)
epoch 56/100  lr 2.14e-05  loss 0.26743  ce 0.39253  kd 0.14233  train_acc 83.720  val_acc 91.41  (27.3s)
epoch 57/100  lr 2.06e-05  loss 0.26611  ce 0.39422  kd 0.13801  train_acc 86.634  val_acc 90.91  (28.4s)
epoch 58/100  lr 1.99e-05  loss 0.27053  ce 0.39975  kd 0.14132  train_acc 87.859  val_acc 90.74  (29.6s)
epoch 59/100  lr 1.91e-05  loss 0.26722  ce 0.39101  kd 0.14342  train_acc 84.882  val_acc 90.74  (27.8s)
epoch 60/100  lr 1.83e-05  loss 0.25812  ce 0.38041  kd 0.13583  train_acc 87.437  val_acc 89.99  (27.7s)
epoch 61/100  lr 1.76e-05  loss 0.26476  ce 0.38874  kd 0.14078  train_acc 85.410  val_acc 90.74  (27.9s)
epoch 62/100  lr 1.69e-05  loss 0.26554  ce 0.38788  kd 0.14320  train_acc 80.997  val_acc 90.91  (27.2s)
epoch 63/100  lr 1.61e-05  loss 0.25690  ce 0.37901  kd 0.13480  train_acc 86.381  val_acc 91.16  (27.1s)
epoch 64/100  lr 1.54e-05  loss 0.26417  ce 0.39184  kd 0.13651  train_acc 81.693  val_acc 90.16  (26.7s)
epoch 65/100  lr 1.47e-05  loss 0.25336  ce 0.37268  kd 0.13404  train_acc 83.129  val_acc 90.58  (27.1s)
epoch 66/100  lr 1.4e-05  loss 0.26807  ce 0.39391  kd 0.14223  train_acc 80.680  val_acc 89.99  (28.5s)
epoch 67/100  lr 1.33e-05  loss 0.25297  ce 0.37702  kd 0.12892  train_acc 84.903  val_acc 90.33  (28.4s)
epoch 68/100  lr 1.27e-05  loss 0.25758  ce 0.37192  kd 0.14323  train_acc 83.678  val_acc 91.16  (27.7s)
epoch 69/100  lr 1.2e-05  loss 0.25079  ce 0.37355  kd 0.12803  train_acc 86.149  val_acc 91.49  (27.1s)
epoch 70/100  lr 1.13e-05  loss 0.26432  ce 0.38458  kd 0.14407  train_acc 84.502  val_acc 90.91  (27.1s)
epoch 71/100  lr 1.07e-05  loss 0.26167  ce 0.38759  kd 0.13574  train_acc 87.014  val_acc 90.91  (28.1s)
epoch 72/100  lr 1.01e-05  loss 0.25416  ce 0.36926  kd 0.13906  train_acc 81.757  val_acc 90.49  (28.3s)
epoch 73/100  lr 9.47e-06  loss 0.26428  ce 0.38628  kd 0.14227  train_acc 84.438  val_acc 90.66  (28.0s)
epoch 74/100  lr 8.88e-06  loss 0.27619  ce 0.41270  kd 0.13968  train_acc 84.291  val_acc 90.33  (27.3s)
epoch 75/100  lr 8.31e-06  loss 0.26484  ce 0.39723  kd 0.13244  train_acc 83.171  val_acc 90.41  (28.4s)
epoch 76/100  lr 7.75e-06  loss 0.27430  ce 0.41050  kd 0.13811  train_acc 83.108  val_acc 90.49  (27.2s)
epoch 77/100  lr 7.21e-06  loss 0.26489  ce 0.39194  kd 0.13785  train_acc 85.030  val_acc 90.91  (26.7s)
epoch 78/100  lr 6.68e-06  loss 0.27393  ce 0.40680  kd 0.14106  train_acc 83.742  val_acc 91.08  (27.5s)
epoch 79/100  lr 6.18e-06  loss 0.27147  ce 0.40082  kd 0.14213  train_acc 85.220  val_acc 90.74  (27.3s)
epoch 80/100  lr 5.69e-06  loss 0.24469  ce 0.36060  kd 0.12879  train_acc 84.523  val_acc 90.41  (27.6s)
epoch 81/100  lr 5.23e-06  loss 0.26721  ce 0.39825  kd 0.13616  train_acc 82.221  val_acc 90.83  (27.9s)
epoch 82/100  lr 4.78e-06  loss 0.27253  ce 0.41195  kd 0.13312  train_acc 85.030  val_acc 91.16  (27.8s)
epoch 83/100  lr 4.35e-06  loss 0.27796  ce 0.41281  kd 0.14312  train_acc 82.918  val_acc 91.08  (27.9s)
epoch 84/100  lr 3.95e-06  loss 0.27047  ce 0.39513  kd 0.14581  train_acc 88.471  val_acc 91.16  (27.8s)
epoch 85/100  lr 3.56e-06  loss 0.26719  ce 0.39757  kd 0.13681  train_acc 83.171  val_acc 90.99  (26.5s)
epoch 86/100  lr 3.2e-06  loss 0.26610  ce 0.39394  kd 0.13826  train_acc 83.045  val_acc 90.58  (27.3s)
epoch 87/100  lr 2.86e-06  loss 0.26059  ce 0.38648  kd 0.13471  train_acc 87.289  val_acc 90.91  (28.0s)
epoch 88/100  lr 2.54e-06  loss 0.26730  ce 0.40643  kd 0.12817  train_acc 85.494  val_acc 90.99  (27.2s)
epoch 89/100  lr 2.24e-06  loss 0.25701  ce 0.38086  kd 0.13317  train_acc 84.016  val_acc 91.16  (27.5s)
epoch 90/100  lr 1.96e-06  loss 0.26272  ce 0.39139  kd 0.13405  train_acc 89.126  val_acc 90.91  (28.0s)
epoch 91/100  lr 1.71e-06  loss 0.24412  ce 0.35865  kd 0.12960  train_acc 80.659  val_acc 90.99  (27.2s)
epoch 92/100  lr 1.48e-06  loss 0.26141  ce 0.38879  kd 0.13402  train_acc 85.980  val_acc 91.08  (26.8s)
epoch 93/100  lr 1.28e-06  loss 0.26829  ce 0.40199  kd 0.13459  train_acc 84.671  val_acc 90.83  (27.1s)
epoch 94/100  lr 1.1e-06  loss 0.26751  ce 0.39823  kd 0.13679  train_acc 80.300  val_acc 90.74  (26.0s)
epoch 95/100  lr 9.38e-07  loss 0.26792  ce 0.39610  kd 0.13975  train_acc 82.855  val_acc 90.83  (25.5s)
epoch 96/100  lr 8.05e-07  loss 0.26376  ce 0.38579  kd 0.14173  train_acc 83.509  val_acc 90.91  (26.1s)
epoch 97/100  lr 6.95e-07  loss 0.26450  ce 0.39142  kd 0.13758  train_acc 84.164  val_acc 90.99  (27.6s)
epoch 98/100  lr 6.1e-07  loss 0.24780  ce 0.36419  kd 0.13140  train_acc 86.550  val_acc 90.91  (27.4s)
epoch 99/100  lr 5.49e-07  loss 0.26824  ce 0.39728  kd 0.13921  train_acc 84.945  val_acc 91.08  (26.5s)
epoch 100/100  lr 5.12e-07  loss 0.26098  ce 0.38092  kd 0.14104  train_acc 85.346  val_acc 90.99  (24.7s)
done. final val acc 90.99  best 91.49 @ epoch 69
