
===== 2026-10-04 09:07:34 gpu=0 /home/coder/aim-lab-stage3/.venv/bin/python -m stage0.train --mode maskedkd --mask-criterion tam --keep 0.3 --dataset waterbirds --seed 1 --lr 5e-05
run dir: /home/coder/stage0/outputs/waterbirds/tam_k0.3/seed1
state: new  device: cuda  micro_batch: 128  accum: 1  num_workers: 3
train 4795  val 1199  steps/epoch 37
teacher: /home/coder/stage0/outputs/waterbirds/teacher/seed0/best.pt (epoch 21, val acc 93.99)
TAM: kind attn_last, gap [0.1, 0.5], budget fixed, k per bucket (59, 59, 59), teacher GFLOPs {59: 5.2780416}
epoch 1/100  lr 1e-06  loss 0.60667  ce 0.67331  kd 0.54003  train_acc 60.557  val_acc 57.55  (30.0s)
epoch 2/100  lr 1.08e-05  loss 0.44075  ce 0.54268  kd 0.33882  train_acc 77.914  val_acc 67.64  (28.1s)
epoch 3/100  lr 2.06e-05  loss 0.33564  ce 0.45608  kd 0.21520  train_acc 81.440  val_acc 64.39  (28.9s)
epoch 4/100  lr 3.04e-05  loss 0.30972  ce 0.42894  kd 0.19050  train_acc 80.574  val_acc 76.40  (27.6s)
epoch 5/100  lr 4.02e-05  loss 0.30145  ce 0.43670  kd 0.16620  train_acc 81.377  val_acc 79.07  (28.7s)
epoch 6/100  lr 4.97e-05  loss 0.29504  ce 0.42784  kd 0.16225  train_acc 80.785  val_acc 82.74  (28.2s)
epoch 7/100  lr 4.96e-05  loss 0.29245  ce 0.42335  kd 0.16156  train_acc 84.776  val_acc 84.49  (27.3s)
epoch 8/100  lr 4.94e-05  loss 0.28452  ce 0.41818  kd 0.15087  train_acc 82.390  val_acc 85.82  (27.5s)
epoch 9/100  lr 4.92e-05  loss 0.28659  ce 0.42240  kd 0.15079  train_acc 82.179  val_acc 86.32  (27.5s)
epoch 10/100  lr 4.9e-05  loss 0.28091  ce 0.41589  kd 0.14593  train_acc 84.607  val_acc 85.65  (28.4s)
epoch 11/100  lr 4.88e-05  loss 0.28339  ce 0.41954  kd 0.14723  train_acc 83.720  val_acc 86.82  (28.1s)
epoch 12/100  lr 4.85e-05  loss 0.28307  ce 0.41763  kd 0.14850  train_acc 86.191  val_acc 88.66  (26.9s)
epoch 13/100  lr 4.83e-05  loss 0.27311  ce 0.40779  kd 0.13844  train_acc 82.390  val_acc 88.57  (27.4s)
epoch 14/100  lr 4.8e-05  loss 0.25972  ce 0.39073  kd 0.12870  train_acc 84.016  val_acc 86.74  (27.5s)
epoch 15/100  lr 4.76e-05  loss 0.27402  ce 0.40832  kd 0.13972  train_acc 85.684  val_acc 86.57  (26.7s)
epoch 16/100  lr 4.73e-05  loss 0.27831  ce 0.41427  kd 0.14235  train_acc 81.630  val_acc 84.74  (26.9s)
epoch 17/100  lr 4.69e-05  loss 0.26823  ce 0.39432  kd 0.14214  train_acc 86.254  val_acc 88.99  (27.7s)
epoch 18/100  lr 4.66e-05  loss 0.26913  ce 0.40150  kd 0.13677  train_acc 83.446  val_acc 87.16  (27.2s)
epoch 19/100  lr 4.61e-05  loss 0.26307  ce 0.39337  kd 0.13278  train_acc 85.241  val_acc 90.99  (26.5s)
epoch 20/100  lr 4.57e-05  loss 0.25162  ce 0.37877  kd 0.12447  train_acc 83.784  val_acc 89.32  (27.1s)
epoch 21/100  lr 4.53e-05  loss 0.27976  ce 0.42085  kd 0.13866  train_acc 84.312  val_acc 89.57  (27.4s)
epoch 22/100  lr 4.48e-05  loss 0.25888  ce 0.38567  kd 0.13210  train_acc 84.755  val_acc 86.41  (25.9s)
epoch 23/100  lr 4.43e-05  loss 0.26784  ce 0.40792  kd 0.12776  train_acc 87.162  val_acc 87.91  (26.7s)
epoch 24/100  lr 4.38e-05  loss 0.26955  ce 0.40614  kd 0.13296  train_acc 84.607  val_acc 90.58  (26.3s)
epoch 25/100  lr 4.33e-05  loss 0.26726  ce 0.40486  kd 0.12965  train_acc 85.515  val_acc 89.82  (26.4s)
epoch 26/100  lr 4.28e-05  loss 0.24828  ce 0.37507  kd 0.12150  train_acc 85.790  val_acc 90.08  (25.9s)
epoch 27/100  lr 4.22e-05  loss 0.26896  ce 0.40427  kd 0.13365  train_acc 85.832  val_acc 89.07  (26.1s)
epoch 28/100  lr 4.16e-05  loss 0.26256  ce 0.39514  kd 0.12999  train_acc 83.467  val_acc 90.49  (27.3s)
epoch 29/100  lr 4.1e-05  loss 0.26400  ce 0.39936  kd 0.12863  train_acc 88.387  val_acc 87.41  (27.1s)
epoch 30/100  lr 4.04e-05  loss 0.26493  ce 0.40046  kd 0.12940  train_acc 81.947  val_acc 89.24  (26.8s)
epoch 31/100  lr 3.98e-05  loss 0.25223  ce 0.38252  kd 0.12194  train_acc 85.030  val_acc 91.41  (26.8s)
epoch 32/100  lr 3.92e-05  loss 0.25778  ce 0.38890  kd 0.12666  train_acc 86.339  val_acc 89.24  (27.3s)
epoch 33/100  lr 3.85e-05  loss 0.26182  ce 0.39615  kd 0.12748  train_acc 87.120  val_acc 88.91  (27.1s)
epoch 34/100  lr 3.78e-05  loss 0.26739  ce 0.40649  kd 0.12830  train_acc 83.953  val_acc 87.57  (27.6s)
epoch 35/100  lr 3.72e-05  loss 0.26588  ce 0.39504  kd 0.13672  train_acc 83.995  val_acc 90.74  (27.0s)
epoch 36/100  lr 3.65e-05  loss 0.25964  ce 0.39441  kd 0.12488  train_acc 82.707  val_acc 88.66  (27.4s)
epoch 37/100  lr 3.58e-05  loss 0.26026  ce 0.39538  kd 0.12513  train_acc 85.959  val_acc 90.24  (28.2s)
epoch 38/100  lr 3.51e-05  loss 0.25982  ce 0.39481  kd 0.12483  train_acc 82.665  val_acc 90.33  (27.8s)
epoch 39/100  lr 3.44e-05  loss 0.26641  ce 0.40142  kd 0.13139  train_acc 80.321  val_acc 89.66  (27.8s)
epoch 40/100  lr 3.36e-05  loss 0.26600  ce 0.39944  kd 0.13256  train_acc 88.894  val_acc 91.08  (27.4s)
epoch 41/100  lr 3.29e-05  loss 0.25471  ce 0.38406  kd 0.12536  train_acc 85.431  val_acc 88.24  (28.0s)
epoch 42/100  lr 3.22e-05  loss 0.25026  ce 0.37992  kd 0.12060  train_acc 84.523  val_acc 89.32  (28.3s)
epoch 43/100  lr 3.14e-05  loss 0.26365  ce 0.40374  kd 0.12355  train_acc 86.508  val_acc 90.66  (27.8s)
epoch 44/100  lr 3.06e-05  loss 0.25990  ce 0.39147  kd 0.12834  train_acc 84.840  val_acc 89.82  (27.4s)
epoch 45/100  lr 2.99e-05  loss 0.26975  ce 0.40860  kd 0.13089  train_acc 82.411  val_acc 89.07  (26.5s)
epoch 46/100  lr 2.91e-05  loss 0.26025  ce 0.39305  kd 0.12745  train_acc 80.722  val_acc 90.16  (27.4s)
epoch 47/100  lr 2.84e-05  loss 0.27141  ce 0.41373  kd 0.12908  train_acc 79.413  val_acc 90.24  (26.4s)
epoch 48/100  lr 2.76e-05  loss 0.26799  ce 0.40645  kd 0.12953  train_acc 83.699  val_acc 91.83  (26.9s)
epoch 49/100  lr 2.68e-05  loss 0.25325  ce 0.38394  kd 0.12256  train_acc 84.481  val_acc 91.08  (26.9s)
epoch 50/100  lr 2.6e-05  loss 0.27632  ce 0.41306  kd 0.13958  train_acc 79.645  val_acc 90.16  (26.7s)
epoch 51/100  lr 2.53e-05  loss 0.25171  ce 0.38299  kd 0.12042  train_acc 85.473  val_acc 90.33  (27.4s)
epoch 52/100  lr 2.45e-05  loss 0.26606  ce 0.40339  kd 0.12874  train_acc 82.306  val_acc 90.66  (27.2s)
epoch 53/100  lr 2.37e-05  loss 0.26327  ce 0.39665  kd 0.12990  train_acc 82.390  val_acc 91.08  (27.1s)
epoch 54/100  lr 2.29e-05  loss 0.25845  ce 0.39265  kd 0.12425  train_acc 86.254  val_acc 90.49  (27.5s)
epoch 55/100  lr 2.21e-05  loss 0.25923  ce 0.39842  kd 0.12004  train_acc 82.369  val_acc 91.16  (26.5s)
epoch 56/100  lr 2.14e-05  loss 0.25364  ce 0.38560  kd 0.12168  train_acc 85.536  val_acc 91.16  (26.4s)
epoch 57/100  lr 2.06e-05  loss 0.25046  ce 0.38274  kd 0.11818  train_acc 86.592  val_acc 90.66  (26.7s)
epoch 58/100  lr 1.99e-05  loss 0.26972  ce 0.40455  kd 0.13490  train_acc 84.206  val_acc 91.16  (26.8s)
epoch 59/100  lr 1.91e-05  loss 0.25799  ce 0.39487  kd 0.12111  train_acc 82.095  val_acc 89.49  (27.0s)
epoch 60/100  lr 1.83e-05  loss 0.26706  ce 0.40301  kd 0.13111  train_acc 82.475  val_acc 91.24  (26.8s)
epoch 61/100  lr 1.76e-05  loss 0.25396  ce 0.38325  kd 0.12467  train_acc 88.197  val_acc 91.41  (27.5s)
epoch 62/100  lr 1.69e-05  loss 0.25338  ce 0.38248  kd 0.12429  train_acc 83.256  val_acc 90.83  (26.7s)
epoch 63/100  lr 1.61e-05  loss 0.26870  ce 0.40753  kd 0.12987  train_acc 85.853  val_acc 90.66  (27.4s)
epoch 64/100  lr 1.54e-05  loss 0.26850  ce 0.40596  kd 0.13104  train_acc 86.571  val_acc 90.74  (27.1s)
epoch 65/100  lr 1.47e-05  loss 0.25415  ce 0.38456  kd 0.12374  train_acc 82.855  val_acc 90.58  (27.4s)
epoch 66/100  lr 1.4e-05  loss 0.24501  ce 0.37050  kd 0.11953  train_acc 87.289  val_acc 90.66  (27.4s)
epoch 67/100  lr 1.33e-05  loss 0.25526  ce 0.38807  kd 0.12244  train_acc 86.930  val_acc 90.91  (26.8s)
epoch 68/100  lr 1.27e-05  loss 0.26336  ce 0.39645  kd 0.13027  train_acc 84.818  val_acc 90.66  (26.8s)
epoch 69/100  lr 1.2e-05  loss 0.25606  ce 0.38830  kd 0.12381  train_acc 86.698  val_acc 90.24  (26.0s)
epoch 70/100  lr 1.13e-05  loss 0.25585  ce 0.39007  kd 0.12163  train_acc 84.649  val_acc 91.49  (26.9s)
epoch 71/100  lr 1.07e-05  loss 0.26518  ce 0.40291  kd 0.12745  train_acc 84.164  val_acc 91.16  (27.5s)
epoch 72/100  lr 1.01e-05  loss 0.25843  ce 0.39806  kd 0.11879  train_acc 82.960  val_acc 92.33  (27.0s)
epoch 73/100  lr 9.47e-06  loss 0.26542  ce 0.40758  kd 0.12326  train_acc 84.417  val_acc 91.49  (26.9s)
epoch 74/100  lr 8.88e-06  loss 0.24848  ce 0.37491  kd 0.12205  train_acc 85.367  val_acc 91.58  (27.3s)
epoch 75/100  lr 8.31e-06  loss 0.25818  ce 0.39204  kd 0.12432  train_acc 89.907  val_acc 91.58  (27.6s)
epoch 76/100  lr 7.75e-06  loss 0.25353  ce 0.38665  kd 0.12040  train_acc 85.959  val_acc 91.74  (27.2s)
epoch 77/100  lr 7.21e-06  loss 0.25600  ce 0.38832  kd 0.12367  train_acc 88.028  val_acc 91.66  (26.4s)
epoch 78/100  lr 6.68e-06  loss 0.25365  ce 0.38553  kd 0.12176  train_acc 83.953  val_acc 91.16  (27.6s)
epoch 79/100  lr 6.18e-06  loss 0.25565  ce 0.38743  kd 0.12386  train_acc 87.458  val_acc 91.16  (27.1s)
epoch 80/100  lr 5.69e-06  loss 0.25370  ce 0.38633  kd 0.12108  train_acc 87.310  val_acc 91.24  (27.2s)
epoch 81/100  lr 5.23e-06  loss 0.25925  ce 0.39627  kd 0.12224  train_acc 85.114  val_acc 91.24  (26.8s)
epoch 82/100  lr 4.78e-06  loss 0.25779  ce 0.39547  kd 0.12012  train_acc 84.882  val_acc 90.99  (27.0s)
epoch 83/100  lr 4.35e-06  loss 0.25395  ce 0.38728  kd 0.12063  train_acc 85.705  val_acc 91.49  (28.1s)
epoch 84/100  lr 3.95e-06  loss 0.25012  ce 0.38096  kd 0.11929  train_acc 86.128  val_acc 91.58  (29.0s)
epoch 85/100  lr 3.56e-06  loss 0.25248  ce 0.38686  kd 0.11810  train_acc 86.486  val_acc 91.08  (26.9s)
epoch 86/100  lr 3.2e-06  loss 0.25476  ce 0.38805  kd 0.12148  train_acc 86.508  val_acc 91.33  (26.8s)
epoch 87/100  lr 2.86e-06  loss 0.25517  ce 0.38772  kd 0.12263  train_acc 85.008  val_acc 91.58  (27.1s)
epoch 88/100  lr 2.54e-06  loss 0.26574  ce 0.40664  kd 0.12484  train_acc 83.319  val_acc 91.74  (27.5s)
epoch 89/100  lr 2.24e-06  loss 0.26301  ce 0.39839  kd 0.12763  train_acc 83.552  val_acc 91.66  (26.7s)
epoch 90/100  lr 1.96e-06  loss 0.26014  ce 0.39403  kd 0.12626  train_acc 87.711  val_acc 91.66  (27.3s)
epoch 91/100  lr 1.71e-06  loss 0.25590  ce 0.38827  kd 0.12352  train_acc 85.895  val_acc 91.49  (27.4s)
epoch 92/100  lr 1.48e-06  loss 0.26473  ce 0.40271  kd 0.12674  train_acc 84.903  val_acc 91.49  (26.9s)
epoch 93/100  lr 1.28e-06  loss 0.24382  ce 0.37282  kd 0.11483  train_acc 85.811  val_acc 91.41  (27.2s)
epoch 94/100  lr 1.1e-06  loss 0.24788  ce 0.37924  kd 0.11651  train_acc 87.627  val_acc 91.41  (28.5s)
epoch 95/100  lr 9.38e-07  loss 0.26612  ce 0.40433  kd 0.12790  train_acc 83.425  val_acc 91.41  (27.9s)
epoch 96/100  lr 8.05e-07  loss 0.26317  ce 0.39984  kd 0.12650  train_acc 83.742  val_acc 91.49  (26.3s)
epoch 97/100  lr 6.95e-07  loss 0.25522  ce 0.38755  kd 0.12289  train_acc 85.494  val_acc 91.49  (26.9s)
epoch 98/100  lr 6.1e-07  loss 0.26189  ce 0.39655  kd 0.12722  train_acc 85.705  val_acc 91.49  (26.3s)
epoch 99/100  lr 5.49e-07  loss 0.26495  ce 0.40529  kd 0.12461  train_acc 82.517  val_acc 91.49  (26.0s)
epoch 100/100  lr 5.12e-07  loss 0.25474  ce 0.39079  kd 0.11869  train_acc 82.264  val_acc 91.49  (23.9s)
done. final val acc 91.49  best 92.33 @ epoch 72
