
===== 2026-10-04 10:36:17 gpu=0 /home/coder/aim-lab-stage3/.venv/bin/python -m stage0.train --mode maskedkd --mask-criterion maskedkd --keep 0.5 --dataset waterbirds --seed 0 --lr 5e-05
run dir: /home/coder/stage0/outputs/waterbirds/maskedkd_k0.5/seed0
state: new  device: cuda  micro_batch: 128  accum: 1  num_workers: 3
train 4795  val 1199  steps/epoch 37
Warning: You are sending unauthenticated requests to the HF Hub. Please set a HF_TOKEN to enable higher rate limits and faster downloads.
teacher: /home/coder/stage0/outputs/waterbirds/teacher/seed0/best.pt (epoch 21, val acc 93.99)
epoch 1/100  lr 1e-06  loss 0.70900  ce 0.75099  kd 0.66702  train_acc 48.353  val_acc 53.71  (31.4s)
epoch 2/100  lr 1.08e-05  loss 0.47439  ce 0.56083  kd 0.38796  train_acc 75.655  val_acc 73.81  (30.2s)
epoch 3/100  lr 2.06e-05  loss 0.35240  ce 0.45506  kd 0.24973  train_acc 84.776  val_acc 65.30  (29.3s)
epoch 4/100  lr 3.04e-05  loss 0.32872  ce 0.45338  kd 0.20406  train_acc 84.924  val_acc 66.06  (29.6s)
epoch 5/100  lr 4.02e-05  loss 0.31126  ce 0.43857  kd 0.18395  train_acc 84.565  val_acc 74.56  (28.9s)
epoch 6/100  lr 4.97e-05  loss 0.29381  ce 0.42049  kd 0.16712  train_acc 84.797  val_acc 78.07  (29.3s)
epoch 7/100  lr 4.96e-05  loss 0.29114  ce 0.42067  kd 0.16160  train_acc 84.396  val_acc 81.07  (28.2s)
epoch 8/100  lr 4.94e-05  loss 0.29000  ce 0.42637  kd 0.15364  train_acc 83.340  val_acc 80.57  (28.0s)
epoch 9/100  lr 4.92e-05  loss 0.28859  ce 0.42737  kd 0.14981  train_acc 85.304  val_acc 82.90  (29.1s)
epoch 10/100  lr 4.9e-05  loss 0.28175  ce 0.41716  kd 0.14635  train_acc 84.312  val_acc 81.65  (29.1s)
epoch 11/100  lr 4.88e-05  loss 0.27823  ce 0.41035  kd 0.14612  train_acc 83.171  val_acc 86.24  (29.0s)
epoch 12/100  lr 4.85e-05  loss 0.27506  ce 0.41416  kd 0.13596  train_acc 87.500  val_acc 86.32  (28.0s)
epoch 13/100  lr 4.83e-05  loss 0.28202  ce 0.42272  kd 0.14133  train_acc 83.889  val_acc 84.74  (27.9s)
epoch 14/100  lr 4.8e-05  loss 0.27385  ce 0.41309  kd 0.13462  train_acc 86.719  val_acc 87.49  (27.8s)
epoch 15/100  lr 4.76e-05  loss 0.27228  ce 0.40460  kd 0.13995  train_acc 85.769  val_acc 86.82  (28.2s)
epoch 16/100  lr 4.73e-05  loss 0.25888  ce 0.39218  kd 0.12558  train_acc 87.711  val_acc 86.57  (28.3s)
epoch 17/100  lr 4.69e-05  loss 0.27131  ce 0.41057  kd 0.13206  train_acc 86.550  val_acc 87.49  (29.3s)
epoch 18/100  lr 4.66e-05  loss 0.27061  ce 0.40836  kd 0.13286  train_acc 86.339  val_acc 86.74  (28.1s)
epoch 19/100  lr 4.61e-05  loss 0.26918  ce 0.40875  kd 0.12962  train_acc 83.425  val_acc 88.32  (29.7s)
epoch 20/100  lr 4.57e-05  loss 0.26973  ce 0.40845  kd 0.13100  train_acc 86.761  val_acc 88.32  (29.1s)
epoch 21/100  lr 4.53e-05  loss 0.27531  ce 0.41248  kd 0.13815  train_acc 87.901  val_acc 88.24  (28.6s)
epoch 22/100  lr 4.48e-05  loss 0.25918  ce 0.39599  kd 0.12237  train_acc 86.106  val_acc 88.91  (28.1s)
epoch 23/100  lr 4.43e-05  loss 0.27514  ce 0.42552  kd 0.12475  train_acc 81.968  val_acc 88.57  (28.5s)
epoch 24/100  lr 4.38e-05  loss 0.25186  ce 0.39059  kd 0.11312  train_acc 82.517  val_acc 90.33  (28.3s)
epoch 25/100  lr 4.33e-05  loss 0.25795  ce 0.39982  kd 0.11607  train_acc 86.402  val_acc 86.99  (28.4s)
epoch 26/100  lr 4.28e-05  loss 0.26497  ce 0.40600  kd 0.12394  train_acc 86.634  val_acc 87.41  (28.1s)
epoch 27/100  lr 4.22e-05  loss 0.26323  ce 0.40414  kd 0.12233  train_acc 84.987  val_acc 86.66  (28.3s)
epoch 28/100  lr 4.16e-05  loss 0.26456  ce 0.41085  kd 0.11826  train_acc 84.438  val_acc 87.91  (28.9s)
epoch 29/100  lr 4.1e-05  loss 0.26699  ce 0.41009  kd 0.12389  train_acc 83.509  val_acc 87.99  (29.3s)
epoch 30/100  lr 4.04e-05  loss 0.27132  ce 0.41815  kd 0.12449  train_acc 84.016  val_acc 90.33  (28.0s)
epoch 31/100  lr 3.98e-05  loss 0.25450  ce 0.39402  kd 0.11498  train_acc 79.476  val_acc 89.57  (28.2s)
epoch 32/100  lr 3.92e-05  loss 0.25108  ce 0.39187  kd 0.11029  train_acc 83.171  val_acc 88.82  (28.0s)
epoch 33/100  lr 3.85e-05  loss 0.24870  ce 0.38776  kd 0.10964  train_acc 84.396  val_acc 86.57  (28.6s)
epoch 34/100  lr 3.78e-05  loss 0.25817  ce 0.40265  kd 0.11369  train_acc 78.062  val_acc 86.57  (27.5s)
epoch 35/100  lr 3.72e-05  loss 0.26222  ce 0.40763  kd 0.11680  train_acc 83.425  val_acc 87.82  (27.5s)
epoch 36/100  lr 3.65e-05  loss 0.25838  ce 0.40176  kd 0.11501  train_acc 87.880  val_acc 87.24  (28.5s)
epoch 37/100  lr 3.58e-05  loss 0.25873  ce 0.40204  kd 0.11543  train_acc 84.797  val_acc 87.91  (27.9s)
epoch 38/100  lr 3.51e-05  loss 0.25330  ce 0.39362  kd 0.11298  train_acc 83.974  val_acc 88.57  (28.0s)
epoch 39/100  lr 3.44e-05  loss 0.25573  ce 0.40309  kd 0.10837  train_acc 86.592  val_acc 89.41  (27.3s)
epoch 40/100  lr 3.36e-05  loss 0.25285  ce 0.39979  kd 0.10591  train_acc 84.375  val_acc 88.41  (28.1s)
epoch 41/100  lr 3.29e-05  loss 0.26004  ce 0.40788  kd 0.11220  train_acc 85.938  val_acc 90.16  (28.9s)
epoch 42/100  lr 3.22e-05  loss 0.25381  ce 0.39513  kd 0.11249  train_acc 84.101  val_acc 90.16  (27.9s)
epoch 43/100  lr 3.14e-05  loss 0.24798  ce 0.38426  kd 0.11169  train_acc 84.248  val_acc 88.32  (27.8s)
epoch 44/100  lr 3.06e-05  loss 0.25423  ce 0.40106  kd 0.10740  train_acc 83.847  val_acc 89.32  (28.6s)
epoch 45/100  lr 2.99e-05  loss 0.25079  ce 0.38762  kd 0.11396  train_acc 85.304  val_acc 89.99  (27.9s)
epoch 46/100  lr 2.91e-05  loss 0.25938  ce 0.40911  kd 0.10965  train_acc 85.536  val_acc 89.99  (27.5s)
epoch 47/100  lr 2.84e-05  loss 0.26549  ce 0.41607  kd 0.11491  train_acc 83.087  val_acc 88.66  (28.1s)
epoch 48/100  lr 2.76e-05  loss 0.24696  ce 0.38668  kd 0.10725  train_acc 87.014  val_acc 88.49  (28.3s)
epoch 49/100  lr 2.68e-05  loss 0.25045  ce 0.39813  kd 0.10277  train_acc 87.690  val_acc 89.99  (28.1s)
epoch 50/100  lr 2.6e-05  loss 0.23785  ce 0.37873  kd 0.09696  train_acc 85.663  val_acc 90.66  (27.9s)
epoch 51/100  lr 2.53e-05  loss 0.23772  ce 0.37360  kd 0.10185  train_acc 86.972  val_acc 89.07  (29.0s)
epoch 52/100  lr 2.45e-05  loss 0.25910  ce 0.40594  kd 0.11226  train_acc 82.918  val_acc 89.32  (28.1s)
epoch 53/100  lr 2.37e-05  loss 0.26204  ce 0.41105  kd 0.11303  train_acc 81.292  val_acc 89.49  (28.1s)
epoch 54/100  lr 2.29e-05  loss 0.25664  ce 0.39992  kd 0.11337  train_acc 82.137  val_acc 88.82  (28.5s)
epoch 55/100  lr 2.21e-05  loss 0.25949  ce 0.40597  kd 0.11302  train_acc 83.910  val_acc 88.99  (27.6s)
epoch 56/100  lr 2.14e-05  loss 0.24632  ce 0.38512  kd 0.10753  train_acc 84.206  val_acc 88.66  (27.6s)
epoch 57/100  lr 2.06e-05  loss 0.24964  ce 0.39410  kd 0.10519  train_acc 86.339  val_acc 89.74  (27.3s)
epoch 58/100  lr 1.99e-05  loss 0.24061  ce 0.38092  kd 0.10030  train_acc 83.383  val_acc 88.82  (28.4s)
epoch 59/100  lr 1.91e-05  loss 0.25239  ce 0.39676  kd 0.10803  train_acc 83.953  val_acc 89.41  (28.7s)
epoch 60/100  lr 1.83e-05  loss 0.25954  ce 0.40980  kd 0.10928  train_acc 85.030  val_acc 90.41  (28.1s)
epoch 61/100  lr 1.76e-05  loss 0.25233  ce 0.39606  kd 0.10859  train_acc 88.323  val_acc 88.99  (27.8s)
epoch 62/100  lr 1.69e-05  loss 0.24916  ce 0.39335  kd 0.10498  train_acc 83.742  val_acc 90.49  (27.5s)
epoch 63/100  lr 1.61e-05  loss 0.25456  ce 0.40354  kd 0.10559  train_acc 84.966  val_acc 90.58  (27.9s)
epoch 64/100  lr 1.54e-05  loss 0.24303  ce 0.38239  kd 0.10366  train_acc 86.360  val_acc 89.91  (27.9s)
epoch 65/100  lr 1.47e-05  loss 0.22196  ce 0.35691  kd 0.08701  train_acc 84.248  val_acc 89.91  (28.8s)
epoch 66/100  lr 1.4e-05  loss 0.25324  ce 0.39776  kd 0.10872  train_acc 85.747  val_acc 89.82  (27.7s)
epoch 67/100  lr 1.33e-05  loss 0.24866  ce 0.39248  kd 0.10485  train_acc 87.648  val_acc 90.24  (27.8s)
epoch 68/100  lr 1.27e-05  loss 0.25355  ce 0.40064  kd 0.10645  train_acc 85.790  val_acc 89.99  (28.5s)
epoch 69/100  lr 1.2e-05  loss 0.24290  ce 0.38290  kd 0.10290  train_acc 82.242  val_acc 90.24  (29.4s)
epoch 70/100  lr 1.13e-05  loss 0.24846  ce 0.39594  kd 0.10097  train_acc 83.552  val_acc 89.74  (29.3s)
epoch 71/100  lr 1.07e-05  loss 0.24923  ce 0.39410  kd 0.10436  train_acc 83.530  val_acc 89.91  (29.1s)
epoch 72/100  lr 1.01e-05  loss 0.24347  ce 0.38569  kd 0.10126  train_acc 83.847  val_acc 90.24  (28.7s)
epoch 73/100  lr 9.47e-06  loss 0.24382  ce 0.38740  kd 0.10025  train_acc 84.840  val_acc 89.07  (28.4s)
epoch 74/100  lr 8.88e-06  loss 0.24271  ce 0.38298  kd 0.10244  train_acc 84.987  val_acc 89.82  (29.0s)
epoch 75/100  lr 8.31e-06  loss 0.24191  ce 0.38140  kd 0.10242  train_acc 82.770  val_acc 90.24  (29.3s)
epoch 76/100  lr 7.75e-06  loss 0.24246  ce 0.38430  kd 0.10062  train_acc 88.514  val_acc 89.91  (29.4s)
epoch 77/100  lr 7.21e-06  loss 0.23381  ce 0.37193  kd 0.09570  train_acc 86.191  val_acc 89.24  (28.7s)
epoch 78/100  lr 6.68e-06  loss 0.23320  ce 0.37402  kd 0.09238  train_acc 88.492  val_acc 89.82  (29.2s)
epoch 79/100  lr 6.18e-06  loss 0.24850  ce 0.39289  kd 0.10412  train_acc 81.968  val_acc 90.08  (29.4s)
epoch 80/100  lr 5.69e-06  loss 0.25146  ce 0.39540  kd 0.10752  train_acc 87.014  val_acc 89.74  (29.2s)
epoch 81/100  lr 5.23e-06  loss 0.24130  ce 0.37961  kd 0.10300  train_acc 87.352  val_acc 89.66  (28.3s)
epoch 82/100  lr 4.78e-06  loss 0.24111  ce 0.38459  kd 0.09764  train_acc 86.592  val_acc 89.57  (28.6s)
epoch 83/100  lr 4.35e-06  loss 0.24476  ce 0.38992  kd 0.09959  train_acc 82.749  val_acc 90.24  (28.7s)
epoch 84/100  lr 3.95e-06  loss 0.23491  ce 0.37294  kd 0.09689  train_acc 86.128  val_acc 90.24  (29.4s)
epoch 85/100  lr 3.56e-06  loss 0.24540  ce 0.39291  kd 0.09788  train_acc 83.214  val_acc 90.08  (28.5s)
epoch 86/100  lr 3.2e-06  loss 0.24895  ce 0.39672  kd 0.10117  train_acc 83.193  val_acc 90.33  (28.4s)
epoch 87/100  lr 2.86e-06  loss 0.24874  ce 0.39408  kd 0.10340  train_acc 85.198  val_acc 90.16  (28.3s)
epoch 88/100  lr 2.54e-06  loss 0.26448  ce 0.42087  kd 0.10808  train_acc 83.573  val_acc 90.24  (28.5s)
epoch 89/100  lr 2.24e-06  loss 0.25080  ce 0.39638  kd 0.10521  train_acc 85.642  val_acc 90.16  (28.9s)
epoch 90/100  lr 1.96e-06  loss 0.23374  ce 0.37321  kd 0.09427  train_acc 84.438  val_acc 90.16  (28.3s)
epoch 91/100  lr 1.71e-06  loss 0.23901  ce 0.38120  kd 0.09681  train_acc 83.953  val_acc 89.74  (28.3s)
epoch 92/100  lr 1.48e-06  loss 0.24337  ce 0.38911  kd 0.09762  train_acc 84.544  val_acc 89.91  (30.5s)
epoch 93/100  lr 1.28e-06  loss 0.24558  ce 0.39117  kd 0.09998  train_acc 87.521  val_acc 90.08  (28.4s)
epoch 94/100  lr 1.1e-06  loss 0.23307  ce 0.37097  kd 0.09518  train_acc 87.437  val_acc 89.99  (28.0s)
epoch 95/100  lr 9.38e-07  loss 0.24593  ce 0.38979  kd 0.10207  train_acc 84.227  val_acc 90.08  (27.6s)
epoch 96/100  lr 8.05e-07  loss 0.25358  ce 0.40211  kd 0.10504  train_acc 85.346  val_acc 90.24  (29.1s)
epoch 97/100  lr 6.95e-07  loss 0.24196  ce 0.38413  kd 0.09978  train_acc 84.143  val_acc 90.33  (27.1s)
epoch 98/100  lr 6.1e-07  loss 0.23818  ce 0.38046  kd 0.09590  train_acc 87.479  val_acc 90.49  (27.2s)
epoch 99/100  lr 5.49e-07  loss 0.25180  ce 0.39795  kd 0.10564  train_acc 86.402  val_acc 90.41  (27.3s)
epoch 100/100  lr 5.12e-07  loss 0.24132  ce 0.38097  kd 0.10167  train_acc 87.922  val_acc 90.41  (27.8s)
done. final val acc 90.41  best 90.66 @ epoch 50
