
===== 2026-10-04 13:26:25 gpu=0 /home/coder/aim-lab-stage3/.venv/bin/python -m stage0.train --mode maskedkd --mask-criterion rollout --keep 0.15 --dataset waterbirds --seed 2 --lr 5e-05
run dir: /home/coder/stage0/outputs/waterbirds/rollout_k0.15/seed2
state: new  device: cuda  micro_batch: 128  accum: 1  num_workers: 3
train 4795  val 1199  steps/epoch 37
Warning: You are sending unauthenticated requests to the HF Hub. Please set a HF_TOKEN to enable higher rate limits and faster downloads.
teacher: /home/coder/stage0/outputs/waterbirds/teacher/seed0/best.pt (epoch 21, val acc 93.99)
epoch 1/100  lr 1e-06  loss 0.52953  ce 0.63072  kd 0.42835  train_acc 66.533  val_acc 67.39  (31.3s)
epoch 2/100  lr 1.08e-05  loss 0.40006  ce 0.52782  kd 0.27230  train_acc 78.083  val_acc 71.48  (29.5s)
epoch 3/100  lr 2.06e-05  loss 0.33406  ce 0.46405  kd 0.20407  train_acc 80.933  val_acc 67.89  (30.3s)
epoch 4/100  lr 3.04e-05  loss 0.30172  ce 0.41476  kd 0.18869  train_acc 86.318  val_acc 75.31  (29.6s)
epoch 5/100  lr 4.02e-05  loss 0.29941  ce 0.41845  kd 0.18037  train_acc 83.847  val_acc 75.23  (28.6s)
epoch 6/100  lr 4.97e-05  loss 0.29306  ce 0.42504  kd 0.16107  train_acc 82.242  val_acc 80.57  (28.6s)
epoch 7/100  lr 4.96e-05  loss 0.28508  ce 0.40494  kd 0.16521  train_acc 83.573  val_acc 80.32  (28.4s)
epoch 8/100  lr 4.94e-05  loss 0.27945  ce 0.40028  kd 0.15861  train_acc 84.586  val_acc 82.07  (27.9s)
epoch 9/100  lr 4.92e-05  loss 0.28398  ce 0.40843  kd 0.15952  train_acc 82.876  val_acc 82.32  (27.8s)
epoch 10/100  lr 4.9e-05  loss 0.29600  ce 0.42540  kd 0.16660  train_acc 85.241  val_acc 85.07  (27.8s)
epoch 11/100  lr 4.88e-05  loss 0.28233  ce 0.40433  kd 0.16034  train_acc 82.855  val_acc 87.32  (28.1s)
epoch 12/100  lr 4.85e-05  loss 0.28828  ce 0.41496  kd 0.16160  train_acc 83.953  val_acc 85.99  (27.7s)
epoch 13/100  lr 4.83e-05  loss 0.29039  ce 0.42200  kd 0.15877  train_acc 84.544  val_acc 87.49  (27.3s)
epoch 14/100  lr 4.8e-05  loss 0.27389  ce 0.40233  kd 0.14545  train_acc 86.508  val_acc 86.32  (27.0s)
epoch 15/100  lr 4.76e-05  loss 0.28389  ce 0.41101  kd 0.15678  train_acc 84.164  val_acc 85.99  (26.9s)
epoch 16/100  lr 4.73e-05  loss 0.27657  ce 0.41000  kd 0.14314  train_acc 82.538  val_acc 83.24  (27.1s)
epoch 17/100  lr 4.69e-05  loss 0.27070  ce 0.39761  kd 0.14379  train_acc 85.916  val_acc 87.32  (27.0s)
epoch 18/100  lr 4.66e-05  loss 0.28627  ce 0.42009  kd 0.15246  train_acc 85.135  val_acc 88.66  (27.2s)
epoch 19/100  lr 4.61e-05  loss 0.28036  ce 0.41175  kd 0.14898  train_acc 84.016  val_acc 88.57  (26.7s)
epoch 20/100  lr 4.57e-05  loss 0.27754  ce 0.40653  kd 0.14854  train_acc 83.742  val_acc 86.57  (26.5s)
epoch 21/100  lr 4.53e-05  loss 0.27310  ce 0.40097  kd 0.14523  train_acc 83.805  val_acc 86.16  (26.6s)
epoch 22/100  lr 4.48e-05  loss 0.27596  ce 0.40940  kd 0.14253  train_acc 85.198  val_acc 85.82  (27.0s)
epoch 23/100  lr 4.43e-05  loss 0.27727  ce 0.41499  kd 0.13955  train_acc 84.818  val_acc 89.41  (26.5s)
epoch 24/100  lr 4.38e-05  loss 0.27608  ce 0.40474  kd 0.14742  train_acc 84.861  val_acc 89.49  (26.4s)
epoch 25/100  lr 4.33e-05  loss 0.27797  ce 0.40240  kd 0.15354  train_acc 85.515  val_acc 89.82  (27.5s)
epoch 26/100  lr 4.28e-05  loss 0.26394  ce 0.39188  kd 0.13600  train_acc 84.016  val_acc 86.24  (27.8s)
epoch 27/100  lr 4.22e-05  loss 0.28249  ce 0.41414  kd 0.15084  train_acc 85.600  val_acc 88.49  (26.8s)
epoch 28/100  lr 4.16e-05  loss 0.27751  ce 0.40668  kd 0.14835  train_acc 85.959  val_acc 87.16  (27.6s)
epoch 29/100  lr 4.1e-05  loss 0.27463  ce 0.40268  kd 0.14657  train_acc 82.158  val_acc 89.57  (26.9s)
epoch 30/100  lr 4.04e-05  loss 0.26417  ce 0.39023  kd 0.13810  train_acc 86.296  val_acc 88.41  (27.8s)
epoch 31/100  lr 3.98e-05  loss 0.26631  ce 0.39466  kd 0.13796  train_acc 84.396  val_acc 89.49  (27.6s)
epoch 32/100  lr 3.92e-05  loss 0.26174  ce 0.39074  kd 0.13274  train_acc 83.024  val_acc 87.74  (27.9s)
epoch 33/100  lr 3.85e-05  loss 0.26904  ce 0.39600  kd 0.14208  train_acc 86.149  val_acc 89.91  (27.3s)
epoch 34/100  lr 3.78e-05  loss 0.26379  ce 0.39017  kd 0.13741  train_acc 88.640  val_acc 88.99  (27.7s)
epoch 35/100  lr 3.72e-05  loss 0.26400  ce 0.38939  kd 0.13861  train_acc 86.106  val_acc 88.41  (26.9s)
epoch 36/100  lr 3.65e-05  loss 0.25893  ce 0.38155  kd 0.13631  train_acc 81.968  val_acc 89.07  (26.2s)
epoch 37/100  lr 3.58e-05  loss 0.27565  ce 0.40708  kd 0.14422  train_acc 82.960  val_acc 89.91  (26.9s)
epoch 38/100  lr 3.51e-05  loss 0.26024  ce 0.38623  kd 0.13425  train_acc 86.972  val_acc 89.57  (26.8s)
epoch 39/100  lr 3.44e-05  loss 0.26944  ce 0.40416  kd 0.13473  train_acc 87.437  val_acc 89.49  (27.7s)
epoch 40/100  lr 3.36e-05  loss 0.27234  ce 0.40636  kd 0.13832  train_acc 84.734  val_acc 89.57  (28.5s)
epoch 41/100  lr 3.29e-05  loss 0.27177  ce 0.40091  kd 0.14263  train_acc 85.536  val_acc 88.82  (28.2s)
epoch 42/100  lr 3.22e-05  loss 0.27621  ce 0.40795  kd 0.14447  train_acc 86.486  val_acc 88.24  (28.4s)
epoch 43/100  lr 3.14e-05  loss 0.26854  ce 0.39893  kd 0.13816  train_acc 84.882  val_acc 88.74  (27.5s)
epoch 44/100  lr 3.06e-05  loss 0.27241  ce 0.40493  kd 0.13990  train_acc 86.381  val_acc 88.07  (28.7s)
epoch 45/100  lr 2.99e-05  loss 0.26153  ce 0.39586  kd 0.12720  train_acc 82.897  val_acc 89.24  (27.7s)
epoch 46/100  lr 2.91e-05  loss 0.27232  ce 0.40689  kd 0.13775  train_acc 82.306  val_acc 88.66  (28.2s)
epoch 47/100  lr 2.84e-05  loss 0.26887  ce 0.39777  kd 0.13998  train_acc 85.705  val_acc 89.74  (27.8s)
epoch 48/100  lr 2.76e-05  loss 0.26764  ce 0.40223  kd 0.13306  train_acc 83.530  val_acc 89.99  (27.8s)
epoch 49/100  lr 2.68e-05  loss 0.26946  ce 0.39843  kd 0.14050  train_acc 84.227  val_acc 90.08  (28.0s)
epoch 50/100  lr 2.6e-05  loss 0.26461  ce 0.39516  kd 0.13407  train_acc 84.797  val_acc 90.24  (27.8s)
epoch 51/100  lr 2.53e-05  loss 0.27512  ce 0.41215  kd 0.13809  train_acc 86.613  val_acc 89.66  (27.0s)
epoch 52/100  lr 2.45e-05  loss 0.26682  ce 0.39788  kd 0.13575  train_acc 88.091  val_acc 90.16  (27.2s)
epoch 53/100  lr 2.37e-05  loss 0.27193  ce 0.40897  kd 0.13488  train_acc 82.137  val_acc 90.74  (27.0s)
epoch 54/100  lr 2.29e-05  loss 0.27265  ce 0.40359  kd 0.14171  train_acc 84.713  val_acc 90.08  (27.9s)
epoch 55/100  lr 2.21e-05  loss 0.26320  ce 0.38892  kd 0.13748  train_acc 85.072  val_acc 88.57  (27.6s)
epoch 56/100  lr 2.14e-05  loss 0.26730  ce 0.39698  kd 0.13762  train_acc 84.692  val_acc 90.33  (27.7s)
epoch 57/100  lr 2.06e-05  loss 0.26582  ce 0.39753  kd 0.13411  train_acc 86.254  val_acc 91.16  (28.2s)
epoch 58/100  lr 1.99e-05  loss 0.26894  ce 0.40356  kd 0.13433  train_acc 88.239  val_acc 89.49  (28.3s)
epoch 59/100  lr 1.91e-05  loss 0.26544  ce 0.39508  kd 0.13579  train_acc 85.156  val_acc 89.99  (27.9s)
epoch 60/100  lr 1.83e-05  loss 0.25806  ce 0.38258  kd 0.13354  train_acc 87.943  val_acc 89.57  (27.7s)
epoch 61/100  lr 1.76e-05  loss 0.26480  ce 0.39376  kd 0.13583  train_acc 85.790  val_acc 89.99  (27.2s)
epoch 62/100  lr 1.69e-05  loss 0.26411  ce 0.39196  kd 0.13626  train_acc 81.461  val_acc 90.08  (27.5s)
epoch 63/100  lr 1.61e-05  loss 0.25777  ce 0.38346  kd 0.13208  train_acc 86.951  val_acc 90.83  (27.9s)
epoch 64/100  lr 1.54e-05  loss 0.26477  ce 0.39598  kd 0.13357  train_acc 82.644  val_acc 90.83  (28.3s)
epoch 65/100  lr 1.47e-05  loss 0.25326  ce 0.37480  kd 0.13172  train_acc 82.876  val_acc 90.66  (27.7s)
epoch 66/100  lr 1.4e-05  loss 0.26597  ce 0.39744  kd 0.13450  train_acc 81.609  val_acc 88.91  (28.0s)
epoch 67/100  lr 1.33e-05  loss 0.25506  ce 0.38015  kd 0.12997  train_acc 85.008  val_acc 90.91  (28.0s)
epoch 68/100  lr 1.27e-05  loss 0.25295  ce 0.37528  kd 0.13062  train_acc 84.333  val_acc 90.08  (28.1s)
epoch 69/100  lr 1.2e-05  loss 0.25226  ce 0.37614  kd 0.12838  train_acc 85.663  val_acc 91.41  (27.8s)
epoch 70/100  lr 1.13e-05  loss 0.25941  ce 0.38893  kd 0.12989  train_acc 85.051  val_acc 90.24  (27.4s)
epoch 71/100  lr 1.07e-05  loss 0.26057  ce 0.39037  kd 0.13078  train_acc 86.972  val_acc 90.58  (27.2s)
epoch 72/100  lr 1.01e-05  loss 0.24868  ce 0.36964  kd 0.12772  train_acc 82.812  val_acc 90.49  (27.3s)
epoch 73/100  lr 9.47e-06  loss 0.26122  ce 0.38859  kd 0.13386  train_acc 84.755  val_acc 91.58  (27.2s)
epoch 74/100  lr 8.88e-06  loss 0.28011  ce 0.41562  kd 0.14461  train_acc 84.628  val_acc 90.33  (27.6s)
epoch 75/100  lr 8.31e-06  loss 0.26516  ce 0.40101  kd 0.12932  train_acc 83.383  val_acc 90.41  (27.9s)
epoch 76/100  lr 7.75e-06  loss 0.27144  ce 0.41061  kd 0.13228  train_acc 83.594  val_acc 90.33  (27.7s)
epoch 77/100  lr 7.21e-06  loss 0.26265  ce 0.39341  kd 0.13189  train_acc 85.410  val_acc 90.83  (28.0s)
epoch 78/100  lr 6.68e-06  loss 0.26989  ce 0.41036  kd 0.12943  train_acc 83.995  val_acc 90.83  (28.6s)
epoch 79/100  lr 6.18e-06  loss 0.26476  ce 0.40297  kd 0.12654  train_acc 86.233  val_acc 90.91  (28.0s)
epoch 80/100  lr 5.69e-06  loss 0.24974  ce 0.36360  kd 0.13587  train_acc 84.692  val_acc 90.58  (27.4s)
epoch 81/100  lr 5.23e-06  loss 0.26395  ce 0.40040  kd 0.12751  train_acc 82.686  val_acc 90.33  (28.6s)
epoch 82/100  lr 4.78e-06  loss 0.27228  ce 0.41471  kd 0.12986  train_acc 85.684  val_acc 90.83  (27.6s)
epoch 83/100  lr 4.35e-06  loss 0.27711  ce 0.41775  kd 0.13648  train_acc 83.826  val_acc 90.74  (27.6s)
epoch 84/100  lr 3.95e-06  loss 0.26802  ce 0.39857  kd 0.13748  train_acc 88.682  val_acc 90.83  (27.5s)
epoch 85/100  lr 3.56e-06  loss 0.26737  ce 0.39943  kd 0.13531  train_acc 84.459  val_acc 90.58  (27.8s)
epoch 86/100  lr 3.2e-06  loss 0.26461  ce 0.39463  kd 0.13459  train_acc 83.277  val_acc 90.74  (27.0s)
epoch 87/100  lr 2.86e-06  loss 0.26285  ce 0.38934  kd 0.13636  train_acc 87.500  val_acc 90.58  (26.7s)
epoch 88/100  lr 2.54e-06  loss 0.27074  ce 0.40864  kd 0.13283  train_acc 85.473  val_acc 90.66  (27.1s)
epoch 89/100  lr 2.24e-06  loss 0.25822  ce 0.38390  kd 0.13254  train_acc 83.974  val_acc 90.74  (26.6s)
epoch 90/100  lr 1.96e-06  loss 0.26425  ce 0.39409  kd 0.13442  train_acc 89.379  val_acc 90.66  (26.7s)
epoch 91/100  lr 1.71e-06  loss 0.24204  ce 0.36053  kd 0.12356  train_acc 80.279  val_acc 90.58  (26.8s)
epoch 92/100  lr 1.48e-06  loss 0.26065  ce 0.39126  kd 0.13003  train_acc 86.233  val_acc 90.49  (27.4s)
epoch 93/100  lr 1.28e-06  loss 0.26887  ce 0.40513  kd 0.13261  train_acc 85.030  val_acc 90.41  (27.3s)
epoch 94/100  lr 1.1e-06  loss 0.26805  ce 0.40249  kd 0.13361  train_acc 80.997  val_acc 90.49  (28.0s)
epoch 95/100  lr 9.38e-07  loss 0.26333  ce 0.39971  kd 0.12694  train_acc 82.897  val_acc 90.66  (27.0s)
epoch 96/100  lr 8.05e-07  loss 0.26171  ce 0.38897  kd 0.13445  train_acc 83.298  val_acc 90.58  (27.5s)
epoch 97/100  lr 6.95e-07  loss 0.26346  ce 0.39483  kd 0.13210  train_acc 84.248  val_acc 90.49  (27.5s)
epoch 98/100  lr 6.1e-07  loss 0.24645  ce 0.36717  kd 0.12572  train_acc 86.254  val_acc 90.41  (27.5s)
epoch 99/100  lr 5.49e-07  loss 0.26903  ce 0.40175  kd 0.13631  train_acc 85.515  val_acc 90.41  (27.4s)
epoch 100/100  lr 5.12e-07  loss 0.25563  ce 0.38448  kd 0.12677  train_acc 85.325  val_acc 90.41  (26.3s)
done. final val acc 90.41  best 91.58 @ epoch 73
