
===== 2026-10-04 11:24:38 gpu=0 /home/coder/aim-lab-stage3/.venv/bin/python -m stage0.train --mode maskedkd --mask-criterion random --keep 0.3 --dataset waterbirds --seed 0 --lr 5e-05
run dir: /home/coder/stage0/outputs/waterbirds/random_k0.3/seed0
state: new  device: cuda  micro_batch: 128  accum: 1  num_workers: 3
train 4795  val 1199  steps/epoch 37
Warning: You are sending unauthenticated requests to the HF Hub. Please set a HF_TOKEN to enable higher rate limits and faster downloads.
teacher: /home/coder/stage0/outputs/waterbirds/teacher/seed0/best.pt (epoch 21, val acc 93.99)
epoch 1/100  lr 1e-06  loss 0.68407  ce 0.75025  kd 0.61789  train_acc 48.353  val_acc 54.05  (28.6s)
epoch 2/100  lr 1.08e-05  loss 0.44081  ce 0.57014  kd 0.31149  train_acc 75.697  val_acc 74.73  (27.7s)
epoch 3/100  lr 2.06e-05  loss 0.32327  ce 0.46076  kd 0.18579  train_acc 84.269  val_acc 65.55  (28.6s)
epoch 4/100  lr 3.04e-05  loss 0.30747  ce 0.45882  kd 0.15612  train_acc 84.502  val_acc 65.64  (29.3s)
epoch 5/100  lr 4.02e-05  loss 0.29251  ce 0.44256  kd 0.14247  train_acc 84.502  val_acc 72.64  (29.4s)
epoch 6/100  lr 4.97e-05  loss 0.27762  ce 0.42351  kd 0.13173  train_acc 84.544  val_acc 73.64  (30.5s)
epoch 7/100  lr 4.96e-05  loss 0.27593  ce 0.42339  kd 0.12848  train_acc 84.333  val_acc 76.06  (29.2s)
epoch 8/100  lr 4.94e-05  loss 0.27563  ce 0.42636  kd 0.12491  train_acc 83.657  val_acc 79.07  (29.0s)
epoch 9/100  lr 4.92e-05  loss 0.27580  ce 0.42890  kd 0.12270  train_acc 85.093  val_acc 77.56  (29.0s)
epoch 10/100  lr 4.9e-05  loss 0.26957  ce 0.41924  kd 0.11990  train_acc 84.502  val_acc 78.98  (29.4s)
epoch 11/100  lr 4.88e-05  loss 0.26686  ce 0.41186  kd 0.12186  train_acc 83.256  val_acc 82.99  (28.1s)
epoch 12/100  lr 4.85e-05  loss 0.26497  ce 0.41615  kd 0.11379  train_acc 87.310  val_acc 82.49  (28.8s)
epoch 13/100  lr 4.83e-05  loss 0.27055  ce 0.42216  kd 0.11893  train_acc 84.248  val_acc 82.57  (28.5s)
epoch 14/100  lr 4.8e-05  loss 0.26357  ce 0.41493  kd 0.11221  train_acc 86.064  val_acc 84.49  (27.7s)
epoch 15/100  lr 4.76e-05  loss 0.26155  ce 0.40649  kd 0.11661  train_acc 86.128  val_acc 83.65  (26.9s)
epoch 16/100  lr 4.73e-05  loss 0.25108  ce 0.39157  kd 0.11059  train_acc 87.563  val_acc 85.82  (27.1s)
epoch 17/100  lr 4.69e-05  loss 0.26327  ce 0.41267  kd 0.11387  train_acc 86.022  val_acc 85.40  (26.2s)
epoch 18/100  lr 4.66e-05  loss 0.26166  ce 0.40725  kd 0.11607  train_acc 86.381  val_acc 85.57  (26.4s)
epoch 19/100  lr 4.61e-05  loss 0.26144  ce 0.40981  kd 0.11308  train_acc 83.319  val_acc 86.41  (26.5s)
epoch 20/100  lr 4.57e-05  loss 0.26182  ce 0.40941  kd 0.11423  train_acc 86.550  val_acc 86.16  (26.8s)
epoch 21/100  lr 4.53e-05  loss 0.26228  ce 0.41450  kd 0.11006  train_acc 87.859  val_acc 87.32  (27.1s)
epoch 22/100  lr 4.48e-05  loss 0.25203  ce 0.39552  kd 0.10854  train_acc 86.064  val_acc 86.57  (27.5s)
epoch 23/100  lr 4.43e-05  loss 0.26839  ce 0.42711  kd 0.10967  train_acc 82.475  val_acc 86.24  (28.4s)
epoch 24/100  lr 4.38e-05  loss 0.24908  ce 0.39237  kd 0.10580  train_acc 82.876  val_acc 88.07  (27.7s)
epoch 25/100  lr 4.33e-05  loss 0.25455  ce 0.40241  kd 0.10670  train_acc 86.993  val_acc 85.40  (28.5s)
epoch 26/100  lr 4.28e-05  loss 0.25963  ce 0.40730  kd 0.11195  train_acc 86.444  val_acc 85.74  (28.7s)
epoch 27/100  lr 4.22e-05  loss 0.25745  ce 0.40465  kd 0.11025  train_acc 85.093  val_acc 85.49  (29.2s)
epoch 28/100  lr 4.16e-05  loss 0.25913  ce 0.41051  kd 0.10775  train_acc 84.565  val_acc 85.74  (29.2s)
epoch 29/100  lr 4.1e-05  loss 0.26019  ce 0.41277  kd 0.10760  train_acc 84.269  val_acc 86.57  (29.4s)
epoch 30/100  lr 4.04e-05  loss 0.26443  ce 0.42017  kd 0.10868  train_acc 84.058  val_acc 87.74  (29.0s)
epoch 31/100  lr 3.98e-05  loss 0.24765  ce 0.39548  kd 0.09983  train_acc 80.110  val_acc 87.91  (28.9s)
epoch 32/100  lr 3.92e-05  loss 0.24848  ce 0.39300  kd 0.10397  train_acc 83.720  val_acc 86.99  (28.6s)
epoch 33/100  lr 3.85e-05  loss 0.24587  ce 0.39116  kd 0.10058  train_acc 84.628  val_acc 84.49  (28.6s)
epoch 34/100  lr 3.78e-05  loss 0.25405  ce 0.40413  kd 0.10396  train_acc 79.075  val_acc 84.90  (28.1s)
epoch 35/100  lr 3.72e-05  loss 0.26082  ce 0.41049  kd 0.11115  train_acc 84.037  val_acc 86.82  (27.5s)
epoch 36/100  lr 3.65e-05  loss 0.25391  ce 0.40226  kd 0.10556  train_acc 87.310  val_acc 86.57  (28.1s)
epoch 37/100  lr 3.58e-05  loss 0.25473  ce 0.40156  kd 0.10791  train_acc 84.987  val_acc 86.99  (27.9s)
epoch 38/100  lr 3.51e-05  loss 0.25121  ce 0.39579  kd 0.10662  train_acc 84.269  val_acc 86.24  (27.8s)
epoch 39/100  lr 3.44e-05  loss 0.25542  ce 0.40420  kd 0.10664  train_acc 86.275  val_acc 87.07  (26.7s)
epoch 40/100  lr 3.36e-05  loss 0.25293  ce 0.40506  kd 0.10079  train_acc 83.868  val_acc 86.66  (26.4s)
epoch 41/100  lr 3.29e-05  loss 0.25937  ce 0.40927  kd 0.10948  train_acc 85.325  val_acc 87.32  (26.8s)
epoch 42/100  lr 3.22e-05  loss 0.25016  ce 0.39741  kd 0.10292  train_acc 84.269  val_acc 88.99  (26.0s)
epoch 43/100  lr 3.14e-05  loss 0.24612  ce 0.38824  kd 0.10401  train_acc 84.185  val_acc 87.74  (26.0s)
epoch 44/100  lr 3.06e-05  loss 0.25303  ce 0.40532  kd 0.10073  train_acc 83.678  val_acc 86.99  (26.5s)
epoch 45/100  lr 2.99e-05  loss 0.24946  ce 0.39120  kd 0.10772  train_acc 85.220  val_acc 87.24  (26.4s)
epoch 46/100  lr 2.91e-05  loss 0.25713  ce 0.41085  kd 0.10342  train_acc 85.367  val_acc 87.57  (26.3s)
epoch 47/100  lr 2.84e-05  loss 0.26160  ce 0.41677  kd 0.10643  train_acc 83.636  val_acc 86.49  (26.6s)
epoch 48/100  lr 2.76e-05  loss 0.24625  ce 0.38925  kd 0.10325  train_acc 86.824  val_acc 85.15  (27.4s)
epoch 49/100  lr 2.68e-05  loss 0.25156  ce 0.40053  kd 0.10260  train_acc 87.289  val_acc 88.74  (27.0s)
epoch 50/100  lr 2.6e-05  loss 0.24112  ce 0.37900  kd 0.10323  train_acc 85.938  val_acc 87.32  (26.9s)
epoch 51/100  lr 2.53e-05  loss 0.24093  ce 0.37811  kd 0.10375  train_acc 86.930  val_acc 87.41  (27.1s)
epoch 52/100  lr 2.45e-05  loss 0.25499  ce 0.40753  kd 0.10244  train_acc 83.193  val_acc 87.32  (27.1s)
epoch 53/100  lr 2.37e-05  loss 0.26139  ce 0.41168  kd 0.11109  train_acc 81.271  val_acc 86.24  (27.2s)
epoch 54/100  lr 2.29e-05  loss 0.25459  ce 0.40357  kd 0.10560  train_acc 82.770  val_acc 86.74  (27.2s)
epoch 55/100  lr 2.21e-05  loss 0.25657  ce 0.40810  kd 0.10504  train_acc 84.206  val_acc 86.91  (27.8s)
epoch 56/100  lr 2.14e-05  loss 0.24471  ce 0.38783  kd 0.10159  train_acc 84.776  val_acc 87.16  (28.5s)
epoch 57/100  lr 2.06e-05  loss 0.24983  ce 0.39548  kd 0.10419  train_acc 86.571  val_acc 88.16  (28.0s)
epoch 58/100  lr 1.99e-05  loss 0.24143  ce 0.38191  kd 0.10095  train_acc 83.910  val_acc 87.32  (27.3s)
epoch 59/100  lr 1.91e-05  loss 0.24879  ce 0.39761  kd 0.09997  train_acc 84.101  val_acc 88.32  (27.8s)
epoch 60/100  lr 1.83e-05  loss 0.25744  ce 0.41064  kd 0.10425  train_acc 85.135  val_acc 88.07  (26.8s)
epoch 61/100  lr 1.76e-05  loss 0.25108  ce 0.39920  kd 0.10296  train_acc 88.366  val_acc 88.16  (27.3s)
epoch 62/100  lr 1.69e-05  loss 0.24890  ce 0.39568  kd 0.10211  train_acc 83.847  val_acc 89.07  (27.4s)
epoch 63/100  lr 1.61e-05  loss 0.25195  ce 0.40451  kd 0.09940  train_acc 85.283  val_acc 87.74  (27.0s)
epoch 64/100  lr 1.54e-05  loss 0.24218  ce 0.38506  kd 0.09931  train_acc 86.170  val_acc 87.99  (27.0s)
epoch 65/100  lr 1.47e-05  loss 0.22583  ce 0.35929  kd 0.09237  train_acc 83.932  val_acc 87.82  (27.2s)
epoch 66/100  lr 1.4e-05  loss 0.25278  ce 0.39978  kd 0.10578  train_acc 85.726  val_acc 87.99  (27.3s)
epoch 67/100  lr 1.33e-05  loss 0.24713  ce 0.39364  kd 0.10063  train_acc 87.627  val_acc 88.57  (27.0s)
epoch 68/100  lr 1.27e-05  loss 0.25207  ce 0.40133  kd 0.10282  train_acc 85.832  val_acc 88.16  (27.6s)
epoch 69/100  lr 1.2e-05  loss 0.24272  ce 0.38616  kd 0.09928  train_acc 82.517  val_acc 88.74  (26.6s)
epoch 70/100  lr 1.13e-05  loss 0.24887  ce 0.39802  kd 0.09971  train_acc 83.720  val_acc 88.24  (26.3s)
epoch 71/100  lr 1.07e-05  loss 0.25218  ce 0.39540  kd 0.10896  train_acc 83.509  val_acc 88.16  (26.8s)
epoch 72/100  lr 1.01e-05  loss 0.24440  ce 0.38954  kd 0.09926  train_acc 83.868  val_acc 88.32  (27.3s)
epoch 73/100  lr 9.47e-06  loss 0.24543  ce 0.38914  kd 0.10172  train_acc 84.502  val_acc 88.24  (26.5s)
epoch 74/100  lr 8.88e-06  loss 0.24076  ce 0.38421  kd 0.09731  train_acc 84.628  val_acc 88.49  (25.7s)
epoch 75/100  lr 8.31e-06  loss 0.24394  ce 0.38457  kd 0.10330  train_acc 82.918  val_acc 88.16  (26.4s)
epoch 76/100  lr 7.75e-06  loss 0.24420  ce 0.38705  kd 0.10136  train_acc 88.028  val_acc 87.82  (27.1s)
epoch 77/100  lr 7.21e-06  loss 0.23547  ce 0.37517  kd 0.09576  train_acc 85.790  val_acc 87.99  (26.9s)
epoch 78/100  lr 6.68e-06  loss 0.23649  ce 0.37488  kd 0.09809  train_acc 88.260  val_acc 88.07  (27.0s)
epoch 79/100  lr 6.18e-06  loss 0.24822  ce 0.39426  kd 0.10219  train_acc 82.221  val_acc 88.24  (26.7s)
epoch 80/100  lr 5.69e-06  loss 0.25040  ce 0.39824  kd 0.10256  train_acc 86.571  val_acc 87.82  (26.9s)
epoch 81/100  lr 5.23e-06  loss 0.24202  ce 0.38211  kd 0.10194  train_acc 87.057  val_acc 87.32  (26.9s)
epoch 82/100  lr 4.78e-06  loss 0.24125  ce 0.38593  kd 0.09657  train_acc 86.444  val_acc 87.82  (27.4s)
epoch 83/100  lr 4.35e-06  loss 0.24758  ce 0.39154  kd 0.10361  train_acc 82.601  val_acc 88.24  (27.2s)
epoch 84/100  lr 3.95e-06  loss 0.23648  ce 0.37558  kd 0.09737  train_acc 86.043  val_acc 88.07  (27.5s)
epoch 85/100  lr 3.56e-06  loss 0.24918  ce 0.39563  kd 0.10272  train_acc 83.361  val_acc 87.99  (28.1s)
epoch 86/100  lr 3.2e-06  loss 0.25108  ce 0.39833  kd 0.10383  train_acc 83.425  val_acc 88.16  (28.1s)
epoch 87/100  lr 2.86e-06  loss 0.24994  ce 0.39689  kd 0.10299  train_acc 85.473  val_acc 87.99  (27.6s)
epoch 88/100  lr 2.54e-06  loss 0.26169  ce 0.41879  kd 0.10460  train_acc 84.143  val_acc 87.82  (27.6s)
epoch 89/100  lr 2.24e-06  loss 0.24901  ce 0.39885  kd 0.09918  train_acc 85.980  val_acc 87.91  (27.6s)
epoch 90/100  lr 1.96e-06  loss 0.23703  ce 0.37659  kd 0.09748  train_acc 84.502  val_acc 87.91  (27.6s)
epoch 91/100  lr 1.71e-06  loss 0.23988  ce 0.38369  kd 0.09606  train_acc 83.826  val_acc 87.91  (27.4s)
epoch 92/100  lr 1.48e-06  loss 0.24712  ce 0.39342  kd 0.10082  train_acc 84.227  val_acc 88.07  (27.0s)
epoch 93/100  lr 1.28e-06  loss 0.24822  ce 0.39230  kd 0.10415  train_acc 87.437  val_acc 88.07  (26.3s)
epoch 94/100  lr 1.1e-06  loss 0.23709  ce 0.37337  kd 0.10080  train_acc 87.141  val_acc 87.99  (26.1s)
epoch 95/100  lr 9.38e-07  loss 0.24509  ce 0.39062  kd 0.09955  train_acc 83.910  val_acc 87.99  (26.6s)
epoch 96/100  lr 8.05e-07  loss 0.25375  ce 0.40494  kd 0.10256  train_acc 85.114  val_acc 87.99  (26.8s)
epoch 97/100  lr 6.95e-07  loss 0.24361  ce 0.38982  kd 0.09739  train_acc 84.396  val_acc 87.99  (26.7s)
epoch 98/100  lr 6.1e-07  loss 0.24231  ce 0.38297  kd 0.10165  train_acc 87.373  val_acc 88.16  (27.9s)
epoch 99/100  lr 5.49e-07  loss 0.25120  ce 0.39957  kd 0.10284  train_acc 86.254  val_acc 88.24  (27.0s)
epoch 100/100  lr 5.12e-07  loss 0.24132  ce 0.38294  kd 0.09970  train_acc 87.500  val_acc 88.07  (26.6s)
done. final val acc 88.07  best 89.07 @ epoch 62
