
===== 2026-10-04 12:11:23 gpu=0 /home/coder/aim-lab-stage3/.venv/bin/python -m stage0.train --mode maskedkd --mask-criterion random --keep 0.3 --dataset waterbirds --seed 2 --lr 5e-05
run dir: /home/coder/stage0/outputs/waterbirds/random_k0.3/seed2
state: new  device: cuda  micro_batch: 128  accum: 1  num_workers: 3
train 4795  val 1199  steps/epoch 37
Warning: You are sending unauthenticated requests to the HF Hub. Please set a HF_TOKEN to enable higher rate limits and faster downloads.
teacher: /home/coder/stage0/outputs/waterbirds/teacher/seed0/best.pt (epoch 21, val acc 93.99)
epoch 1/100  lr 1e-06  loss 0.54710  ce 0.63052  kd 0.46369  train_acc 66.470  val_acc 67.22  (24.1s)
epoch 2/100  lr 1.08e-05  loss 0.39419  ce 0.53656  kd 0.25181  train_acc 77.787  val_acc 71.98  (27.2s)
epoch 3/100  lr 2.06e-05  loss 0.32210  ce 0.47028  kd 0.17391  train_acc 80.870  val_acc 65.64  (24.7s)
epoch 4/100  lr 3.04e-05  loss 0.28323  ce 0.42432  kd 0.14215  train_acc 86.001  val_acc 73.14  (26.9s)
epoch 5/100  lr 4.02e-05  loss 0.28191  ce 0.43101  kd 0.13281  train_acc 83.573  val_acc 71.81  (27.9s)
epoch 6/100  lr 4.97e-05  loss 0.27959  ce 0.43419  kd 0.12499  train_acc 82.369  val_acc 78.98  (27.5s)
epoch 7/100  lr 4.96e-05  loss 0.26370  ce 0.41023  kd 0.11718  train_acc 83.171  val_acc 79.32  (27.9s)
epoch 8/100  lr 4.94e-05  loss 0.26281  ce 0.40799  kd 0.11762  train_acc 84.607  val_acc 80.32  (28.9s)
epoch 9/100  lr 4.92e-05  loss 0.26749  ce 0.41323  kd 0.12175  train_acc 82.791  val_acc 81.07  (27.6s)
epoch 10/100  lr 4.9e-05  loss 0.27624  ce 0.43299  kd 0.11949  train_acc 85.156  val_acc 81.23  (27.2s)
epoch 11/100  lr 4.88e-05  loss 0.25982  ce 0.40837  kd 0.11126  train_acc 82.897  val_acc 84.40  (25.6s)
epoch 12/100  lr 4.85e-05  loss 0.26622  ce 0.41854  kd 0.11390  train_acc 83.974  val_acc 82.74  (27.0s)
epoch 13/100  lr 4.83e-05  loss 0.27251  ce 0.42750  kd 0.11753  train_acc 83.763  val_acc 84.32  (27.4s)
epoch 14/100  lr 4.8e-05  loss 0.25694  ce 0.40546  kd 0.10843  train_acc 86.634  val_acc 84.65  (27.9s)
epoch 15/100  lr 4.76e-05  loss 0.26661  ce 0.41294  kd 0.12029  train_acc 84.523  val_acc 83.74  (28.6s)
epoch 16/100  lr 4.73e-05  loss 0.25973  ce 0.41002  kd 0.10943  train_acc 82.770  val_acc 81.65  (27.6s)
epoch 17/100  lr 4.69e-05  loss 0.25582  ce 0.40195  kd 0.10969  train_acc 85.726  val_acc 82.24  (28.0s)
epoch 18/100  lr 4.66e-05  loss 0.26727  ce 0.42302  kd 0.11152  train_acc 85.959  val_acc 85.49  (27.0s)
epoch 19/100  lr 4.61e-05  loss 0.26662  ce 0.41622  kd 0.11702  train_acc 84.016  val_acc 86.07  (26.8s)
epoch 20/100  lr 4.57e-05  loss 0.26092  ce 0.40943  kd 0.11241  train_acc 83.868  val_acc 85.82  (27.1s)
epoch 21/100  lr 4.53e-05  loss 0.25503  ce 0.40067  kd 0.10939  train_acc 84.058  val_acc 85.24  (27.7s)
epoch 22/100  lr 4.48e-05  loss 0.26007  ce 0.41440  kd 0.10575  train_acc 85.241  val_acc 82.57  (28.5s)
epoch 23/100  lr 4.43e-05  loss 0.26244  ce 0.41315  kd 0.11173  train_acc 85.135  val_acc 85.65  (27.7s)
epoch 24/100  lr 4.38e-05  loss 0.25734  ce 0.40604  kd 0.10863  train_acc 85.346  val_acc 83.57  (27.5s)
epoch 25/100  lr 4.33e-05  loss 0.25877  ce 0.40413  kd 0.11341  train_acc 85.093  val_acc 86.24  (28.3s)
epoch 26/100  lr 4.28e-05  loss 0.24722  ce 0.39122  kd 0.10323  train_acc 84.164  val_acc 85.90  (26.9s)
epoch 27/100  lr 4.22e-05  loss 0.26294  ce 0.41857  kd 0.10730  train_acc 86.170  val_acc 86.32  (26.8s)
epoch 28/100  lr 4.16e-05  loss 0.25937  ce 0.40576  kd 0.11298  train_acc 85.705  val_acc 84.90  (27.0s)
epoch 29/100  lr 4.1e-05  loss 0.25430  ce 0.40292  kd 0.10568  train_acc 82.200  val_acc 85.57  (27.4s)
epoch 30/100  lr 4.04e-05  loss 0.24874  ce 0.39114  kd 0.10634  train_acc 86.212  val_acc 85.99  (27.7s)
epoch 31/100  lr 3.98e-05  loss 0.24914  ce 0.39422  kd 0.10407  train_acc 84.375  val_acc 86.16  (27.8s)
epoch 32/100  lr 3.92e-05  loss 0.24722  ce 0.38847  kd 0.10598  train_acc 82.686  val_acc 87.49  (28.3s)
epoch 33/100  lr 3.85e-05  loss 0.25072  ce 0.39832  kd 0.10312  train_acc 86.064  val_acc 87.16  (27.7s)
epoch 34/100  lr 3.78e-05  loss 0.24721  ce 0.38972  kd 0.10471  train_acc 88.999  val_acc 85.99  (26.2s)
epoch 35/100  lr 3.72e-05  loss 0.24693  ce 0.39138  kd 0.10248  train_acc 86.275  val_acc 85.65  (27.4s)
epoch 36/100  lr 3.65e-05  loss 0.24122  ce 0.37949  kd 0.10295  train_acc 82.791  val_acc 86.66  (27.7s)
epoch 37/100  lr 3.58e-05  loss 0.25689  ce 0.40596  kd 0.10781  train_acc 83.699  val_acc 86.99  (28.2s)
epoch 38/100  lr 3.51e-05  loss 0.24528  ce 0.38680  kd 0.10376  train_acc 87.078  val_acc 88.07  (27.3s)
epoch 39/100  lr 3.44e-05  loss 0.25318  ce 0.40381  kd 0.10256  train_acc 87.669  val_acc 87.24  (28.8s)
epoch 40/100  lr 3.36e-05  loss 0.25805  ce 0.40895  kd 0.10716  train_acc 84.861  val_acc 88.57  (28.4s)
epoch 41/100  lr 3.29e-05  loss 0.25463  ce 0.40122  kd 0.10804  train_acc 86.043  val_acc 87.07  (28.4s)
epoch 42/100  lr 3.22e-05  loss 0.25620  ce 0.41029  kd 0.10211  train_acc 86.423  val_acc 85.24  (25.2s)
epoch 43/100  lr 3.14e-05  loss 0.25140  ce 0.39733  kd 0.10546  train_acc 85.177  val_acc 86.66  (27.7s)
epoch 44/100  lr 3.06e-05  loss 0.25653  ce 0.40596  kd 0.10709  train_acc 86.106  val_acc 85.65  (28.0s)
epoch 45/100  lr 2.99e-05  loss 0.24910  ce 0.39561  kd 0.10260  train_acc 82.707  val_acc 87.07  (28.4s)
epoch 46/100  lr 2.91e-05  loss 0.25981  ce 0.41063  kd 0.10898  train_acc 81.609  val_acc 86.57  (28.2s)
epoch 47/100  lr 2.84e-05  loss 0.24957  ce 0.39819  kd 0.10094  train_acc 86.233  val_acc 87.57  (28.7s)
epoch 48/100  lr 2.76e-05  loss 0.25436  ce 0.40440  kd 0.10431  train_acc 83.594  val_acc 87.99  (28.1s)
epoch 49/100  lr 2.68e-05  loss 0.25145  ce 0.39647  kd 0.10643  train_acc 84.544  val_acc 86.91  (27.5s)
epoch 50/100  lr 2.6e-05  loss 0.25038  ce 0.39649  kd 0.10427  train_acc 84.797  val_acc 88.16  (25.0s)
epoch 51/100  lr 2.53e-05  loss 0.25960  ce 0.41116  kd 0.10803  train_acc 86.782  val_acc 87.32  (27.3s)
epoch 52/100  lr 2.45e-05  loss 0.24940  ce 0.39376  kd 0.10503  train_acc 88.070  val_acc 86.74  (27.5s)
epoch 53/100  lr 2.37e-05  loss 0.25718  ce 0.40959  kd 0.10477  train_acc 81.841  val_acc 87.66  (28.5s)
epoch 54/100  lr 2.29e-05  loss 0.25196  ce 0.40183  kd 0.10209  train_acc 85.177  val_acc 86.66  (28.9s)
epoch 55/100  lr 2.21e-05  loss 0.24511  ce 0.38589  kd 0.10433  train_acc 85.367  val_acc 86.49  (28.2s)
epoch 56/100  lr 2.14e-05  loss 0.24858  ce 0.39681  kd 0.10035  train_acc 84.333  val_acc 86.82  (28.3s)
epoch 57/100  lr 2.06e-05  loss 0.25154  ce 0.39791  kd 0.10518  train_acc 87.035  val_acc 88.57  (27.4s)
epoch 58/100  lr 1.99e-05  loss 0.25260  ce 0.40132  kd 0.10389  train_acc 88.640  val_acc 88.24  (25.9s)
epoch 59/100  lr 1.91e-05  loss 0.24651  ce 0.39249  kd 0.10053  train_acc 85.283  val_acc 88.16  (27.5s)
epoch 60/100  lr 1.83e-05  loss 0.24073  ce 0.38173  kd 0.09972  train_acc 87.669  val_acc 86.74  (27.3s)
epoch 61/100  lr 1.76e-05  loss 0.24759  ce 0.38876  kd 0.10641  train_acc 85.832  val_acc 88.16  (27.3s)
epoch 62/100  lr 1.69e-05  loss 0.24762  ce 0.39065  kd 0.10459  train_acc 81.778  val_acc 88.74  (27.1s)
epoch 63/100  lr 1.61e-05  loss 0.24159  ce 0.38014  kd 0.10304  train_acc 86.993  val_acc 87.74  (28.5s)
epoch 64/100  lr 1.54e-05  loss 0.24779  ce 0.39588  kd 0.09969  train_acc 82.496  val_acc 89.16  (28.0s)
epoch 65/100  lr 1.47e-05  loss 0.23732  ce 0.37261  kd 0.10203  train_acc 83.150  val_acc 88.32  (27.1s)
epoch 66/100  lr 1.4e-05  loss 0.24881  ce 0.39519  kd 0.10243  train_acc 80.976  val_acc 88.24  (26.7s)
epoch 67/100  lr 1.33e-05  loss 0.23828  ce 0.37682  kd 0.09973  train_acc 85.346  val_acc 89.07  (27.4s)
epoch 68/100  lr 1.27e-05  loss 0.23606  ce 0.37305  kd 0.09907  train_acc 84.122  val_acc 88.74  (27.4s)
epoch 69/100  lr 1.2e-05  loss 0.23586  ce 0.37305  kd 0.09868  train_acc 86.254  val_acc 88.66  (28.0s)
epoch 70/100  lr 1.13e-05  loss 0.24465  ce 0.38369  kd 0.10562  train_acc 85.030  val_acc 87.66  (27.9s)
epoch 71/100  lr 1.07e-05  loss 0.24403  ce 0.38834  kd 0.09973  train_acc 87.394  val_acc 88.66  (28.8s)
epoch 72/100  lr 1.01e-05  loss 0.23409  ce 0.36787  kd 0.10032  train_acc 82.432  val_acc 87.57  (28.4s)
epoch 73/100  lr 9.47e-06  loss 0.24550  ce 0.38745  kd 0.10355  train_acc 84.882  val_acc 88.16  (25.9s)
epoch 74/100  lr 8.88e-06  loss 0.26153  ce 0.41418  kd 0.10888  train_acc 84.375  val_acc 87.57  (27.4s)
epoch 75/100  lr 8.31e-06  loss 0.25155  ce 0.39969  kd 0.10340  train_acc 83.425  val_acc 88.24  (27.7s)
epoch 76/100  lr 7.75e-06  loss 0.25975  ce 0.41302  kd 0.10648  train_acc 83.045  val_acc 88.66  (28.3s)
epoch 77/100  lr 7.21e-06  loss 0.24919  ce 0.39359  kd 0.10479  train_acc 85.642  val_acc 88.66  (28.3s)
epoch 78/100  lr 6.68e-06  loss 0.25591  ce 0.40850  kd 0.10331  train_acc 84.016  val_acc 88.82  (28.3s)
epoch 79/100  lr 6.18e-06  loss 0.25261  ce 0.40040  kd 0.10481  train_acc 85.769  val_acc 88.57  (28.5s)
epoch 80/100  lr 5.69e-06  loss 0.23004  ce 0.36205  kd 0.09803  train_acc 84.797  val_acc 87.91  (28.1s)
epoch 81/100  lr 5.23e-06  loss 0.25412  ce 0.40323  kd 0.10501  train_acc 82.306  val_acc 87.82  (24.4s)
epoch 82/100  lr 4.78e-06  loss 0.26004  ce 0.41709  kd 0.10300  train_acc 85.135  val_acc 88.57  (23.2s)
epoch 83/100  lr 4.35e-06  loss 0.26324  ce 0.41393  kd 0.11255  train_acc 83.720  val_acc 88.07  (23.1s)
epoch 84/100  lr 3.95e-06  loss 0.25168  ce 0.39865  kd 0.10470  train_acc 88.725  val_acc 88.66  (23.3s)
epoch 85/100  lr 3.56e-06  loss 0.25132  ce 0.40001  kd 0.10262  train_acc 83.932  val_acc 88.24  (23.2s)
epoch 86/100  lr 3.2e-06  loss 0.25176  ce 0.39529  kd 0.10822  train_acc 83.319  val_acc 88.74  (23.5s)
epoch 87/100  lr 2.86e-06  loss 0.24256  ce 0.38781  kd 0.09731  train_acc 87.732  val_acc 88.66  (23.0s)
epoch 88/100  lr 2.54e-06  loss 0.25605  ce 0.41120  kd 0.10089  train_acc 85.579  val_acc 88.24  (23.2s)
epoch 89/100  lr 2.24e-06  loss 0.24079  ce 0.38304  kd 0.09853  train_acc 84.058  val_acc 88.32  (23.2s)
epoch 90/100  lr 1.96e-06  loss 0.24665  ce 0.39221  kd 0.10110  train_acc 89.590  val_acc 88.07  (23.5s)
epoch 91/100  lr 1.71e-06  loss 0.22629  ce 0.36021  kd 0.09236  train_acc 80.469  val_acc 88.32  (22.9s)
epoch 92/100  lr 1.48e-06  loss 0.24740  ce 0.39179  kd 0.10300  train_acc 86.191  val_acc 88.24  (23.4s)
epoch 93/100  lr 1.28e-06  loss 0.25300  ce 0.40485  kd 0.10115  train_acc 85.220  val_acc 88.16  (23.5s)
epoch 94/100  lr 1.1e-06  loss 0.25519  ce 0.40112  kd 0.10927  train_acc 80.891  val_acc 88.16  (23.9s)
epoch 95/100  lr 9.38e-07  loss 0.25201  ce 0.39914  kd 0.10487  train_acc 82.770  val_acc 88.24  (23.7s)
epoch 96/100  lr 8.05e-07  loss 0.24637  ce 0.38696  kd 0.10578  train_acc 83.932  val_acc 88.16  (23.4s)
epoch 97/100  lr 6.95e-07  loss 0.24860  ce 0.39311  kd 0.10409  train_acc 84.544  val_acc 88.32  (23.5s)
epoch 98/100  lr 6.1e-07  loss 0.23061  ce 0.36414  kd 0.09707  train_acc 86.845  val_acc 88.24  (23.2s)
epoch 99/100  lr 5.49e-07  loss 0.25386  ce 0.40126  kd 0.10647  train_acc 85.346  val_acc 88.16  (23.6s)
epoch 100/100  lr 5.12e-07  loss 0.24102  ce 0.38130  kd 0.10073  train_acc 85.811  val_acc 88.16  (23.3s)
done. final val acc 88.16  best 89.16 @ epoch 64
