
===== 2026-10-04 09:06:33 gpu=0 /home/coder/aim-lab-stage3/.venv/bin/python -m stage0.train --mode maskedkd --mask-criterion rollout --keep 0.3 --dataset waterbirds --seed 1 --lr 5e-05
run dir: /home/coder/stage0/outputs/waterbirds/rollout_k0.3/seed1
state: new  device: cuda  micro_batch: 128  accum: 1  num_workers: 3
train 4795  val 1199  steps/epoch 37
Warning: You are sending unauthenticated requests to the HF Hub. Please set a HF_TOKEN to enable higher rate limits and faster downloads.
teacher: /home/coder/stage0/outputs/waterbirds/teacher/seed0/best.pt (epoch 21, val acc 93.99)
epoch 1/100  lr 1e-06  loss 0.61425  ce 0.67343  kd 0.55506  train_acc 60.536  val_acc 57.13  (32.8s)
epoch 2/100  lr 1.08e-05  loss 0.44519  ce 0.54166  kd 0.34873  train_acc 77.829  val_acc 67.06  (27.2s)
epoch 3/100  lr 2.06e-05  loss 0.33695  ce 0.45445  kd 0.21945  train_acc 81.672  val_acc 62.97  (30.5s)
epoch 4/100  lr 3.04e-05  loss 0.30881  ce 0.43016  kd 0.18746  train_acc 80.870  val_acc 73.73  (28.7s)
epoch 5/100  lr 4.02e-05  loss 0.30459  ce 0.43434  kd 0.17484  train_acc 81.567  val_acc 77.81  (29.4s)
epoch 6/100  lr 4.97e-05  loss 0.29513  ce 0.42659  kd 0.16366  train_acc 81.039  val_acc 81.90  (27.8s)
epoch 7/100  lr 4.96e-05  loss 0.29293  ce 0.42290  kd 0.16297  train_acc 85.156  val_acc 85.15  (28.1s)
epoch 8/100  lr 4.94e-05  loss 0.28384  ce 0.41808  kd 0.14960  train_acc 82.475  val_acc 84.15  (28.8s)
epoch 9/100  lr 4.92e-05  loss 0.28529  ce 0.42362  kd 0.14697  train_acc 82.369  val_acc 85.32  (28.3s)
epoch 10/100  lr 4.9e-05  loss 0.28115  ce 0.41741  kd 0.14488  train_acc 84.692  val_acc 85.90  (28.3s)
epoch 11/100  lr 4.88e-05  loss 0.28347  ce 0.42273  kd 0.14422  train_acc 84.079  val_acc 86.66  (28.2s)
epoch 12/100  lr 4.85e-05  loss 0.28078  ce 0.41941  kd 0.14214  train_acc 86.550  val_acc 87.41  (28.0s)
epoch 13/100  lr 4.83e-05  loss 0.27243  ce 0.40865  kd 0.13621  train_acc 82.285  val_acc 88.82  (29.6s)
epoch 14/100  lr 4.8e-05  loss 0.25918  ce 0.39119  kd 0.12717  train_acc 84.143  val_acc 87.16  (26.9s)
epoch 15/100  lr 4.76e-05  loss 0.27414  ce 0.41035  kd 0.13793  train_acc 85.832  val_acc 86.24  (28.7s)
epoch 16/100  lr 4.73e-05  loss 0.27798  ce 0.41819  kd 0.13778  train_acc 81.947  val_acc 83.82  (27.0s)
epoch 17/100  lr 4.69e-05  loss 0.26638  ce 0.39530  kd 0.13746  train_acc 86.592  val_acc 87.32  (27.9s)
epoch 18/100  lr 4.66e-05  loss 0.26609  ce 0.40208  kd 0.13011  train_acc 83.488  val_acc 86.66  (28.4s)
epoch 19/100  lr 4.61e-05  loss 0.25542  ce 0.39587  kd 0.11497  train_acc 85.853  val_acc 90.33  (27.8s)
epoch 20/100  lr 4.57e-05  loss 0.24860  ce 0.38036  kd 0.11685  train_acc 83.594  val_acc 89.49  (27.6s)
epoch 21/100  lr 4.53e-05  loss 0.28098  ce 0.42323  kd 0.13872  train_acc 84.671  val_acc 89.07  (28.1s)
epoch 22/100  lr 4.48e-05  loss 0.25572  ce 0.38698  kd 0.12447  train_acc 84.797  val_acc 85.32  (28.0s)
epoch 23/100  lr 4.43e-05  loss 0.27048  ce 0.41368  kd 0.12727  train_acc 86.993  val_acc 87.57  (28.0s)
epoch 24/100  lr 4.38e-05  loss 0.27198  ce 0.40788  kd 0.13608  train_acc 84.544  val_acc 90.16  (27.5s)
epoch 25/100  lr 4.33e-05  loss 0.26734  ce 0.40820  kd 0.12649  train_acc 85.431  val_acc 88.91  (26.9s)
epoch 26/100  lr 4.28e-05  loss 0.24614  ce 0.37603  kd 0.11625  train_acc 85.515  val_acc 90.49  (27.0s)
epoch 27/100  lr 4.22e-05  loss 0.26648  ce 0.40757  kd 0.12539  train_acc 85.684  val_acc 88.99  (27.2s)
epoch 28/100  lr 4.16e-05  loss 0.26275  ce 0.40004  kd 0.12547  train_acc 83.256  val_acc 89.82  (27.1s)
epoch 29/100  lr 4.1e-05  loss 0.26382  ce 0.40113  kd 0.12651  train_acc 88.915  val_acc 86.91  (27.6s)
epoch 30/100  lr 4.04e-05  loss 0.26013  ce 0.40276  kd 0.11750  train_acc 81.778  val_acc 88.07  (27.5s)
epoch 31/100  lr 3.98e-05  loss 0.25289  ce 0.38409  kd 0.12169  train_acc 85.346  val_acc 91.16  (28.3s)
epoch 32/100  lr 3.92e-05  loss 0.25489  ce 0.39178  kd 0.11801  train_acc 86.824  val_acc 90.16  (27.0s)
epoch 33/100  lr 3.85e-05  loss 0.26042  ce 0.39687  kd 0.12396  train_acc 87.669  val_acc 87.57  (27.9s)
epoch 34/100  lr 3.78e-05  loss 0.26511  ce 0.40781  kd 0.12241  train_acc 84.459  val_acc 87.16  (27.8s)
epoch 35/100  lr 3.72e-05  loss 0.25985  ce 0.39799  kd 0.12170  train_acc 83.910  val_acc 89.49  (28.0s)
epoch 36/100  lr 3.65e-05  loss 0.25705  ce 0.39731  kd 0.11679  train_acc 83.235  val_acc 87.49  (27.4s)
epoch 37/100  lr 3.58e-05  loss 0.26084  ce 0.39991  kd 0.12177  train_acc 86.381  val_acc 89.66  (28.6s)
epoch 38/100  lr 3.51e-05  loss 0.25562  ce 0.39689  kd 0.11434  train_acc 82.559  val_acc 89.82  (28.5s)
epoch 39/100  lr 3.44e-05  loss 0.26535  ce 0.40606  kd 0.12464  train_acc 80.405  val_acc 88.74  (27.7s)
epoch 40/100  lr 3.36e-05  loss 0.26233  ce 0.40073  kd 0.12393  train_acc 89.126  val_acc 90.49  (28.3s)
epoch 41/100  lr 3.29e-05  loss 0.25126  ce 0.38657  kd 0.11595  train_acc 86.128  val_acc 89.32  (28.0s)
epoch 42/100  lr 3.22e-05  loss 0.24439  ce 0.38134  kd 0.10744  train_acc 84.628  val_acc 90.16  (28.9s)
epoch 43/100  lr 3.14e-05  loss 0.25990  ce 0.40421  kd 0.11559  train_acc 87.120  val_acc 91.41  (28.8s)
epoch 44/100  lr 3.06e-05  loss 0.25397  ce 0.39418  kd 0.11376  train_acc 85.198  val_acc 89.91  (28.2s)
epoch 45/100  lr 2.99e-05  loss 0.26830  ce 0.41349  kd 0.12310  train_acc 82.601  val_acc 89.74  (28.1s)
epoch 46/100  lr 2.91e-05  loss 0.25823  ce 0.39645  kd 0.12002  train_acc 80.828  val_acc 90.66  (27.7s)
epoch 47/100  lr 2.84e-05  loss 0.26996  ce 0.41457  kd 0.12536  train_acc 79.329  val_acc 88.66  (27.8s)
epoch 48/100  lr 2.76e-05  loss 0.26790  ce 0.41035  kd 0.12545  train_acc 83.932  val_acc 91.58  (27.7s)
epoch 49/100  lr 2.68e-05  loss 0.25151  ce 0.38749  kd 0.11552  train_acc 84.375  val_acc 90.91  (27.9s)
epoch 50/100  lr 2.6e-05  loss 0.27518  ce 0.41860  kd 0.13176  train_acc 79.730  val_acc 89.91  (27.5s)
epoch 51/100  lr 2.53e-05  loss 0.25049  ce 0.38695  kd 0.11402  train_acc 85.579  val_acc 89.99  (27.7s)
epoch 52/100  lr 2.45e-05  loss 0.26474  ce 0.40477  kd 0.12470  train_acc 82.791  val_acc 90.08  (27.9s)
epoch 53/100  lr 2.37e-05  loss 0.26130  ce 0.39964  kd 0.12297  train_acc 82.538  val_acc 90.99  (27.9s)
epoch 54/100  lr 2.29e-05  loss 0.25755  ce 0.39431  kd 0.12078  train_acc 86.149  val_acc 90.49  (28.0s)
epoch 55/100  lr 2.21e-05  loss 0.25686  ce 0.40060  kd 0.11312  train_acc 82.179  val_acc 90.16  (28.6s)
epoch 56/100  lr 2.14e-05  loss 0.25452  ce 0.39001  kd 0.11903  train_acc 85.367  val_acc 90.83  (28.4s)
epoch 57/100  lr 2.06e-05  loss 0.24876  ce 0.38838  kd 0.10914  train_acc 86.254  val_acc 89.32  (27.8s)
epoch 58/100  lr 1.99e-05  loss 0.26492  ce 0.40820  kd 0.12163  train_acc 83.805  val_acc 90.99  (27.0s)
epoch 59/100  lr 1.91e-05  loss 0.25711  ce 0.39808  kd 0.11613  train_acc 82.221  val_acc 89.91  (26.9s)
epoch 60/100  lr 1.83e-05  loss 0.26131  ce 0.40479  kd 0.11784  train_acc 82.052  val_acc 90.33  (27.7s)
epoch 61/100  lr 1.76e-05  loss 0.24851  ce 0.38520  kd 0.11182  train_acc 87.922  val_acc 90.83  (27.7s)
epoch 62/100  lr 1.69e-05  loss 0.25055  ce 0.38438  kd 0.11671  train_acc 82.897  val_acc 91.49  (28.0s)
epoch 63/100  lr 1.61e-05  loss 0.26599  ce 0.40965  kd 0.12232  train_acc 86.001  val_acc 90.99  (27.5s)
epoch 64/100  lr 1.54e-05  loss 0.26469  ce 0.40857  kd 0.12080  train_acc 87.057  val_acc 90.66  (27.7s)
epoch 65/100  lr 1.47e-05  loss 0.25106  ce 0.38879  kd 0.11333  train_acc 82.855  val_acc 89.82  (27.6s)
epoch 66/100  lr 1.4e-05  loss 0.24221  ce 0.37360  kd 0.11081  train_acc 86.782  val_acc 90.24  (27.5s)
epoch 67/100  lr 1.33e-05  loss 0.25056  ce 0.39271  kd 0.10841  train_acc 86.909  val_acc 90.83  (27.5s)
epoch 68/100  lr 1.27e-05  loss 0.25900  ce 0.39907  kd 0.11894  train_acc 85.156  val_acc 90.74  (27.6s)
epoch 69/100  lr 1.2e-05  loss 0.25381  ce 0.39023  kd 0.11740  train_acc 87.162  val_acc 89.49  (27.5s)
epoch 70/100  lr 1.13e-05  loss 0.25252  ce 0.39323  kd 0.11182  train_acc 84.924  val_acc 90.41  (27.0s)
epoch 71/100  lr 1.07e-05  loss 0.26377  ce 0.40750  kd 0.12004  train_acc 84.291  val_acc 90.41  (28.1s)
epoch 72/100  lr 1.01e-05  loss 0.25834  ce 0.40146  kd 0.11522  train_acc 83.974  val_acc 92.24  (28.1s)
epoch 73/100  lr 9.47e-06  loss 0.26332  ce 0.40967  kd 0.11696  train_acc 84.586  val_acc 90.83  (27.6s)
epoch 74/100  lr 8.88e-06  loss 0.24527  ce 0.37839  kd 0.11214  train_acc 85.431  val_acc 90.83  (27.2s)
epoch 75/100  lr 8.31e-06  loss 0.25300  ce 0.39368  kd 0.11233  train_acc 90.224  val_acc 90.49  (27.5s)
epoch 76/100  lr 7.75e-06  loss 0.24897  ce 0.39068  kd 0.10726  train_acc 86.043  val_acc 90.91  (27.0s)
epoch 77/100  lr 7.21e-06  loss 0.25388  ce 0.39044  kd 0.11732  train_acc 88.176  val_acc 91.41  (27.6s)
epoch 78/100  lr 6.68e-06  loss 0.24982  ce 0.38876  kd 0.11089  train_acc 83.995  val_acc 90.66  (28.2s)
epoch 79/100  lr 6.18e-06  loss 0.25093  ce 0.39188  kd 0.10999  train_acc 87.563  val_acc 89.99  (27.8s)
epoch 80/100  lr 5.69e-06  loss 0.25274  ce 0.39094  kd 0.11455  train_acc 87.310  val_acc 90.24  (27.8s)
epoch 81/100  lr 5.23e-06  loss 0.25831  ce 0.39875  kd 0.11786  train_acc 85.684  val_acc 90.58  (27.7s)
epoch 82/100  lr 4.78e-06  loss 0.25406  ce 0.39842  kd 0.10969  train_acc 84.945  val_acc 91.08  (27.9s)
epoch 83/100  lr 4.35e-06  loss 0.25169  ce 0.39043  kd 0.11296  train_acc 85.938  val_acc 90.99  (28.3s)
epoch 84/100  lr 3.95e-06  loss 0.24549  ce 0.38346  kd 0.10751  train_acc 86.465  val_acc 91.33  (29.5s)
epoch 85/100  lr 3.56e-06  loss 0.24917  ce 0.38875  kd 0.10959  train_acc 86.740  val_acc 90.58  (27.8s)
epoch 86/100  lr 3.2e-06  loss 0.24862  ce 0.38850  kd 0.10874  train_acc 86.550  val_acc 91.08  (27.6s)
epoch 87/100  lr 2.86e-06  loss 0.25210  ce 0.39117  kd 0.11302  train_acc 85.262  val_acc 91.24  (27.0s)
epoch 88/100  lr 2.54e-06  loss 0.26286  ce 0.40929  kd 0.11642  train_acc 83.171  val_acc 91.74  (27.4s)
epoch 89/100  lr 2.24e-06  loss 0.26043  ce 0.40522  kd 0.11564  train_acc 83.636  val_acc 91.24  (28.4s)
epoch 90/100  lr 1.96e-06  loss 0.25405  ce 0.39717  kd 0.11093  train_acc 87.394  val_acc 91.58  (28.3s)
epoch 91/100  lr 1.71e-06  loss 0.25302  ce 0.39124  kd 0.11480  train_acc 85.557  val_acc 91.08  (27.4s)
epoch 92/100  lr 1.48e-06  loss 0.26099  ce 0.40672  kd 0.11527  train_acc 84.966  val_acc 91.41  (27.4s)
epoch 93/100  lr 1.28e-06  loss 0.23949  ce 0.37380  kd 0.10518  train_acc 85.959  val_acc 90.91  (28.7s)
epoch 94/100  lr 1.1e-06  loss 0.24535  ce 0.38155  kd 0.10915  train_acc 87.732  val_acc 91.16  (28.1s)
epoch 95/100  lr 9.38e-07  loss 0.26102  ce 0.40796  kd 0.11409  train_acc 83.720  val_acc 91.16  (28.6s)
epoch 96/100  lr 8.05e-07  loss 0.25632  ce 0.40247  kd 0.11016  train_acc 83.889  val_acc 90.99  (27.3s)
epoch 97/100  lr 6.95e-07  loss 0.25322  ce 0.39048  kd 0.11597  train_acc 85.811  val_acc 90.99  (27.7s)
epoch 98/100  lr 6.1e-07  loss 0.25773  ce 0.40118  kd 0.11427  train_acc 85.874  val_acc 91.08  (28.6s)
epoch 99/100  lr 5.49e-07  loss 0.26066  ce 0.40798  kd 0.11334  train_acc 82.812  val_acc 90.91  (27.8s)
epoch 100/100  lr 5.12e-07  loss 0.25237  ce 0.39276  kd 0.11197  train_acc 81.947  val_acc 90.99  (24.9s)
done. final val acc 90.99  best 92.24 @ epoch 72
