
===== 2026-10-03 14:25:35 pid=42004 /home/coder/aim-lab-test-5/stage0/train.py --mode ce --dataset cub --seed 0 --lr 0.0001 --subdir lrsel/ce_lr0.0001
run dir: /home/coder/stage0/outputs/cub/lrsel/ce_lr0.0001/seed0
state: new  device: cuda  micro_batch: 128  accum: 1  num_workers: 3
train 5394  val 600  steps/epoch 42
epoch 1/100  lr 1e-06  loss 5.39558  ce 5.39558  kd -  train_acc 0.391  val_acc 0.50  (29.4s)
epoch 2/100  lr 2.08e-05  loss 5.34746  ce 5.34746  kd -  train_acc 0.670  val_acc 1.17  (27.9s)
epoch 3/100  lr 4.06e-05  loss 5.26964  ce 5.26964  kd -  train_acc 1.135  val_acc 2.67  (26.4s)
epoch 4/100  lr 6.04e-05  loss 5.16845  ce 5.16845  kd -  train_acc 2.530  val_acc 9.00  (27.8s)
epoch 5/100  lr 8.02e-05  loss 4.93757  ce 4.93757  kd -  train_acc 5.729  val_acc 19.17  (28.6s)
epoch 6/100  lr 9.94e-05  loss 4.70132  ce 4.70132  kd -  train_acc 9.115  val_acc 27.50  (26.4s)
epoch 7/100  lr 9.91e-05  loss 4.47252  ce 4.47252  kd -  train_acc 13.449  val_acc 34.67  (26.4s)
epoch 8/100  lr 9.88e-05  loss 4.39994  ce 4.39994  kd -  train_acc 13.951  val_acc 42.50  (28.9s)
epoch 9/100  lr 9.84e-05  loss 4.27107  ce 4.27107  kd -  train_acc 17.857  val_acc 43.67  (27.4s)
epoch 10/100  lr 9.8e-05  loss 4.15749  ce 4.15749  kd -  train_acc 20.517  val_acc 50.83  (26.3s)
epoch 11/100  lr 9.76e-05  loss 4.02531  ce 4.02531  kd -  train_acc 19.252  val_acc 52.17  (27.4s)
epoch 12/100  lr 9.71e-05  loss 4.04928  ce 4.04928  kd -  train_acc 24.851  val_acc 55.33  (29.0s)
epoch 13/100  lr 9.65e-05  loss 4.01388  ce 4.01388  kd -  train_acc 22.824  val_acc 54.67  (26.2s)
epoch 14/100  lr 9.59e-05  loss 3.88938  ce 3.88938  kd -  train_acc 26.432  val_acc 58.50  (26.4s)
epoch 15/100  lr 9.53e-05  loss 3.84560  ce 3.84560  kd -  train_acc 29.315  val_acc 59.83  (28.6s)
epoch 16/100  lr 9.46e-05  loss 3.63571  ce 3.63571  kd -  train_acc 28.683  val_acc 63.50  (27.4s)
epoch 17/100  lr 9.39e-05  loss 3.76120  ce 3.76120  kd -  train_acc 31.138  val_acc 63.50  (26.6s)
epoch 18/100  lr 9.31e-05  loss 3.65740  ce 3.65740  kd -  train_acc 30.320  val_acc 65.33  (26.9s)
epoch 19/100  lr 9.23e-05  loss 3.67277  ce 3.67277  kd -  train_acc 28.981  val_acc 67.83  (28.9s)
epoch 20/100  lr 9.14e-05  loss 3.63397  ce 3.63397  kd -  train_acc 34.394  val_acc 67.33  (27.1s)
epoch 21/100  lr 9.05e-05  loss 3.65208  ce 3.65208  kd -  train_acc 34.784  val_acc 68.00  (26.0s)
epoch 22/100  lr 8.96e-05  loss 3.49851  ce 3.49851  kd -  train_acc 31.510  val_acc 70.33  (27.9s)
epoch 23/100  lr 8.86e-05  loss 3.60834  ce 3.60834  kd -  train_acc 27.102  val_acc 70.67  (28.8s)
epoch 24/100  lr 8.76e-05  loss 3.43362  ce 3.43362  kd -  train_acc 30.599  val_acc 72.50  (27.5s)
epoch 25/100  lr 8.66e-05  loss 3.52619  ce 3.52619  kd -  train_acc 33.929  val_acc 70.83  (26.3s)
epoch 26/100  lr 8.55e-05  loss 3.43865  ce 3.43865  kd -  train_acc 38.523  val_acc 73.83  (27.6s)
epoch 27/100  lr 8.44e-05  loss 3.40692  ce 3.40692  kd -  train_acc 33.724  val_acc 72.50  (28.2s)
epoch 28/100  lr 8.32e-05  loss 3.50405  ce 3.50405  kd -  train_acc 31.269  val_acc 74.00  (26.8s)
epoch 29/100  lr 8.21e-05  loss 3.42839  ce 3.42839  kd -  train_acc 34.803  val_acc 75.17  (26.4s)
epoch 30/100  lr 8.08e-05  loss 3.42122  ce 3.42122  kd -  train_acc 34.152  val_acc 74.83  (28.2s)
epoch 31/100  lr 7.96e-05  loss 3.30860  ce 3.30860  kd -  train_acc 25.502  val_acc 72.17  (28.3s)
epoch 32/100  lr 7.83e-05  loss 3.32718  ce 3.32718  kd -  train_acc 31.585  val_acc 73.67  (26.2s)
epoch 33/100  lr 7.7e-05  loss 3.24757  ce 3.24757  kd -  train_acc 36.458  val_acc 73.83  (26.1s)
epoch 34/100  lr 7.57e-05  loss 3.26746  ce 3.26746  kd -  train_acc 24.014  val_acc 73.17  (28.1s)
epoch 35/100  lr 7.43e-05  loss 3.24743  ce 3.24743  kd -  train_acc 34.933  val_acc 73.33  (27.7s)
epoch 36/100  lr 7.3e-05  loss 3.31471  ce 3.31471  kd -  train_acc 40.234  val_acc 74.67  (26.3s)
epoch 37/100  lr 7.16e-05  loss 3.29219  ce 3.29219  kd -  train_acc 37.705  val_acc 75.67  (27.3s)
epoch 38/100  lr 7.02e-05  loss 3.22221  ce 3.22221  kd -  train_acc 37.221  val_acc 75.00  (28.4s)
epoch 39/100  lr 6.87e-05  loss 3.25891  ce 3.25891  kd -  train_acc 38.560  val_acc 75.67  (27.5s)
epoch 40/100  lr 6.73e-05  loss 3.22274  ce 3.22274  kd -  train_acc 36.272  val_acc 76.50  (26.6s)
epoch 41/100  lr 6.58e-05  loss 3.29262  ce 3.29262  kd -  train_acc 40.811  val_acc 77.33  (27.1s)
epoch 42/100  lr 6.43e-05  loss 3.19116  ce 3.19116  kd -  train_acc 35.212  val_acc 75.67  (28.3s)
epoch 43/100  lr 6.28e-05  loss 3.09871  ce 3.09871  kd -  train_acc 36.012  val_acc 77.33  (28.0s)
epoch 44/100  lr 6.13e-05  loss 3.21853  ce 3.21853  kd -  train_acc 36.663  val_acc 76.33  (26.5s)
epoch 45/100  lr 5.98e-05  loss 3.18801  ce 3.18801  kd -  train_acc 40.402  val_acc 77.00  (26.9s)
epoch 46/100  lr 5.82e-05  loss 3.20747  ce 3.20747  kd -  train_acc 38.430  val_acc 79.17  (29.0s)
epoch 47/100  lr 5.67e-05  loss 3.33567  ce 3.33567  kd -  train_acc 33.501  val_acc 77.33  (28.1s)
epoch 48/100  lr 5.52e-05  loss 3.08521  ce 3.08521  kd -  train_acc 45.257  val_acc 76.67  (26.8s)
epoch 49/100  lr 5.36e-05  loss 3.19082  ce 3.19082  kd -  train_acc 43.322  val_acc 75.50  (26.5s)
epoch 50/100  lr 5.21e-05  loss 3.04571  ce 3.04571  kd -  train_acc 41.276  val_acc 76.67  (28.1s)
epoch 51/100  lr 5.05e-05  loss 3.02239  ce 3.02239  kd -  train_acc 44.159  val_acc 76.17  (26.0s)
epoch 52/100  lr 4.89e-05  loss 3.26840  ce 3.26840  kd -  train_acc 35.621  val_acc 77.17  (24.0s)
epoch 53/100  lr 4.74e-05  loss 3.19827  ce 3.19827  kd -  train_acc 32.254  val_acc 77.17  (26.6s)
epoch 54/100  lr 4.58e-05  loss 3.17057  ce 3.17057  kd -  train_acc 29.539  val_acc 78.50  (28.7s)
epoch 55/100  lr 4.43e-05  loss 3.13095  ce 3.13095  kd -  train_acc 38.151  val_acc 78.50  (27.0s)
epoch 56/100  lr 4.28e-05  loss 3.09182  ce 3.09182  kd -  train_acc 40.011  val_acc 77.00  (26.2s)
epoch 57/100  lr 4.12e-05  loss 3.11827  ce 3.11827  kd -  train_acc 42.094  val_acc 77.83  (27.1s)
epoch 58/100  lr 3.97e-05  loss 3.04116  ce 3.04116  kd -  train_acc 37.147  val_acc 79.00  (29.0s)
epoch 59/100  lr 3.82e-05  loss 3.07560  ce 3.07560  kd -  train_acc 41.685  val_acc 78.83  (27.4s)
epoch 60/100  lr 3.67e-05  loss 3.25373  ce 3.25373  kd -  train_acc 39.267  val_acc 79.33  (26.4s)
epoch 61/100  lr 3.52e-05  loss 3.16875  ce 3.16875  kd -  train_acc 46.596  val_acc 79.33  (27.5s)
epoch 62/100  lr 3.37e-05  loss 3.01927  ce 3.01927  kd -  train_acc 38.318  val_acc 80.17  (28.5s)
epoch 63/100  lr 3.23e-05  loss 3.14045  ce 3.14045  kd -  train_acc 42.299  val_acc 79.00  (27.0s)
epoch 64/100  lr 3.08e-05  loss 3.03458  ce 3.03458  kd -  train_acc 40.030  val_acc 79.83  (26.4s)
epoch 65/100  lr 2.94e-05  loss 2.74619  ce 2.74619  kd -  train_acc 41.908  val_acc 79.50  (27.0s)
epoch 66/100  lr 2.8e-05  loss 3.10445  ce 3.10445  kd -  train_acc 44.494  val_acc 78.83  (28.2s)
epoch 67/100  lr 2.67e-05  loss 3.06058  ce 3.06058  kd -  train_acc 47.042  val_acc 79.83  (27.8s)
epoch 68/100  lr 2.53e-05  loss 3.08329  ce 3.08329  kd -  train_acc 45.443  val_acc 81.17  (26.5s)
epoch 69/100  lr 2.4e-05  loss 2.99867  ce 2.99867  kd -  train_acc 38.858  val_acc 79.33  (26.9s)
epoch 70/100  lr 2.27e-05  loss 3.01811  ce 3.01811  kd -  train_acc 36.217  val_acc 80.33  (29.0s)
epoch 71/100  lr 2.14e-05  loss 3.07333  ce 3.07333  kd -  train_acc 38.746  val_acc 78.50  (27.8s)
epoch 72/100  lr 2.02e-05  loss 2.93471  ce 2.93471  kd -  train_acc 39.211  val_acc 79.50  (26.8s)
epoch 73/100  lr 1.89e-05  loss 3.05641  ce 3.05641  kd -  train_acc 42.653  val_acc 79.33  (26.8s)
epoch 74/100  lr 1.78e-05  loss 3.01609  ce 3.01609  kd -  train_acc 40.551  val_acc 78.83  (28.5s)
epoch 75/100  lr 1.66e-05  loss 2.98770  ce 2.98770  kd -  train_acc 33.259  val_acc 78.33  (27.8s)
epoch 76/100  lr 1.55e-05  loss 2.96454  ce 2.96454  kd -  train_acc 49.330  val_acc 78.50  (26.8s)
epoch 77/100  lr 1.44e-05  loss 2.92595  ce 2.92595  kd -  train_acc 43.322  val_acc 78.00  (26.6s)
epoch 78/100  lr 1.34e-05  loss 2.90571  ce 2.90571  kd -  train_acc 49.442  val_acc 78.17  (28.0s)
epoch 79/100  lr 1.24e-05  loss 3.10964  ce 3.10964  kd -  train_acc 35.026  val_acc 78.67  (28.2s)
epoch 80/100  lr 1.14e-05  loss 3.05407  ce 3.05407  kd -  train_acc 43.694  val_acc 77.67  (26.8s)
epoch 81/100  lr 1.05e-05  loss 3.03287  ce 3.03287  kd -  train_acc 44.810  val_acc 79.00  (26.8s)
epoch 82/100  lr 9.56e-06  loss 2.95724  ce 2.95724  kd -  train_acc 45.852  val_acc 78.83  (28.5s)
epoch 83/100  lr 8.71e-06  loss 3.01326  ce 3.01326  kd -  train_acc 37.481  val_acc 79.67  (28.7s)
epoch 84/100  lr 7.89e-06  loss 2.87811  ce 2.87811  kd -  train_acc 42.932  val_acc 79.17  (26.7s)
epoch 85/100  lr 7.12e-06  loss 3.00480  ce 3.00480  kd -  train_acc 39.379  val_acc 79.33  (27.1s)
epoch 86/100  lr 6.4e-06  loss 2.96730  ce 2.96730  kd -  train_acc 40.681  val_acc 79.17  (28.0s)
epoch 87/100  lr 5.71e-06  loss 3.04371  ce 3.04371  kd -  train_acc 44.457  val_acc 78.50  (28.2s)
epoch 88/100  lr 5.07e-06  loss 3.10868  ce 3.10868  kd -  train_acc 40.923  val_acc 78.67  (26.4s)
epoch 89/100  lr 4.48e-06  loss 3.00970  ce 3.00970  kd -  train_acc 44.829  val_acc 78.83  (27.0s)
epoch 90/100  lr 3.93e-06  loss 2.94776  ce 2.94776  kd -  train_acc 40.383  val_acc 79.00  (28.3s)
epoch 91/100  lr 3.42e-06  loss 2.90925  ce 2.90925  kd -  train_acc 41.109  val_acc 79.17  (28.8s)
epoch 92/100  lr 2.97e-06  loss 3.07534  ce 3.07534  kd -  train_acc 38.728  val_acc 79.17  (27.1s)
epoch 93/100  lr 2.56e-06  loss 2.90993  ce 2.90993  kd -  train_acc 50.019  val_acc 79.33  (26.4s)
epoch 94/100  lr 2.19e-06  loss 2.91794  ce 2.91794  kd -  train_acc 46.280  val_acc 79.17  (28.0s)
epoch 95/100  lr 1.88e-06  loss 3.00834  ce 3.00834  kd -  train_acc 40.346  val_acc 79.00  (28.8s)
epoch 96/100  lr 1.61e-06  loss 3.07793  ce 3.07793  kd -  train_acc 43.843  val_acc 79.00  (27.5s)
epoch 97/100  lr 1.39e-06  loss 2.98377  ce 2.98377  kd -  train_acc 39.416  val_acc 79.17  (26.3s)
epoch 98/100  lr 1.22e-06  loss 2.92345  ce 2.92345  kd -  train_acc 47.786  val_acc 79.17  (27.7s)
epoch 99/100  lr 1.1e-06  loss 2.99197  ce 2.99197  kd -  train_acc 45.517  val_acc 79.00  (28.8s)
epoch 100/100  lr 1.02e-06  loss 2.92539  ce 2.92539  kd -  train_acc 46.243  val_acc 79.00  (28.4s)
done. final val acc 79.00  best 81.17 @ epoch 68
