
===== 2026-10-04 09:53:44 pid=328553 /home/coder/aim-lab-stage3/stage0/train.py --mode maskedkd --mask-criterion tam --keep 0.15 --dataset waterbirds --seed 1 --lr 5e-05
run dir: /home/coder/stage0/outputs/waterbirds/tam_k0.15/seed1
state: new  device: cuda  micro_batch: 128  accum: 1  num_workers: 3
train 4795  val 1199  steps/epoch 37
teacher: /home/coder/stage0/outputs/waterbirds/teacher/seed0/best.pt (epoch 21, val acc 93.99)
TAM: kind attn_last, gap [0.1, 0.5], budget fixed, k per bucket (29, 29, 29), teacher GFLOPs {29: 2.68023552}
epoch 1/100  lr 1e-06  loss 0.56061  ce 0.67289  kd 0.44833  train_acc 60.705  val_acc 57.80  (24.4s)
epoch 2/100  lr 1.08e-05  loss 0.40819  ce 0.54748  kd 0.26891  train_acc 77.576  val_acc 68.31  (27.8s)
epoch 3/100  lr 2.06e-05  loss 0.32663  ce 0.45827  kd 0.19498  train_acc 81.440  val_acc 65.72  (30.8s)
epoch 4/100  lr 3.04e-05  loss 0.30254  ce 0.42890  kd 0.17618  train_acc 81.208  val_acc 76.56  (31.0s)
epoch 5/100  lr 4.02e-05  loss 0.30138  ce 0.43503  kd 0.16774  train_acc 81.187  val_acc 80.48  (32.0s)
epoch 6/100  lr 4.97e-05  loss 0.29632  ce 0.42640  kd 0.16624  train_acc 81.102  val_acc 82.15  (32.6s)
epoch 7/100  lr 4.96e-05  loss 0.28758  ce 0.42219  kd 0.15298  train_acc 84.840  val_acc 84.24  (31.7s)
epoch 8/100  lr 4.94e-05  loss 0.28631  ce 0.41643  kd 0.15619  train_acc 81.968  val_acc 85.15  (26.5s)
epoch 9/100  lr 4.92e-05  loss 0.28990  ce 0.41945  kd 0.16034  train_acc 82.200  val_acc 85.40  (25.9s)
epoch 10/100  lr 4.9e-05  loss 0.28383  ce 0.41552  kd 0.15214  train_acc 84.438  val_acc 85.49  (28.9s)
epoch 11/100  lr 4.88e-05  loss 0.28834  ce 0.41950  kd 0.15718  train_acc 83.552  val_acc 86.66  (31.8s)
epoch 12/100  lr 4.85e-05  loss 0.28544  ce 0.41728  kd 0.15360  train_acc 86.254  val_acc 87.66  (31.6s)
epoch 13/100  lr 4.83e-05  loss 0.27621  ce 0.40708  kd 0.14534  train_acc 82.432  val_acc 87.32  (32.0s)
epoch 14/100  lr 4.8e-05  loss 0.27013  ce 0.39313  kd 0.14712  train_acc 83.826  val_acc 87.24  (31.7s)
epoch 15/100  lr 4.76e-05  loss 0.28118  ce 0.40988  kd 0.15249  train_acc 85.346  val_acc 87.41  (30.8s)
epoch 16/100  lr 4.73e-05  loss 0.28182  ce 0.41493  kd 0.14870  train_acc 81.736  val_acc 86.66  (25.3s)
epoch 17/100  lr 4.69e-05  loss 0.27202  ce 0.39431  kd 0.14973  train_acc 85.790  val_acc 86.66  (26.7s)
epoch 18/100  lr 4.66e-05  loss 0.27400  ce 0.40076  kd 0.14724  train_acc 83.214  val_acc 87.41  (28.1s)
epoch 19/100  lr 4.61e-05  loss 0.27069  ce 0.39506  kd 0.14633  train_acc 84.734  val_acc 90.16  (30.5s)
epoch 20/100  lr 4.57e-05  loss 0.26077  ce 0.38203  kd 0.13951  train_acc 83.235  val_acc 88.32  (31.8s)
epoch 21/100  lr 4.53e-05  loss 0.28566  ce 0.41892  kd 0.15240  train_acc 84.375  val_acc 88.82  (32.9s)
epoch 22/100  lr 4.48e-05  loss 0.26443  ce 0.38622  kd 0.14265  train_acc 84.586  val_acc 88.32  (32.0s)
epoch 23/100  lr 4.43e-05  loss 0.27530  ce 0.40888  kd 0.14172  train_acc 86.465  val_acc 87.24  (30.1s)
epoch 24/100  lr 4.38e-05  loss 0.27302  ce 0.40689  kd 0.13914  train_acc 84.459  val_acc 88.99  (23.9s)
epoch 25/100  lr 4.33e-05  loss 0.27480  ce 0.40648  kd 0.14312  train_acc 84.903  val_acc 88.41  (22.0s)
epoch 26/100  lr 4.28e-05  loss 0.26264  ce 0.37860  kd 0.14668  train_acc 84.987  val_acc 89.74  (22.2s)
epoch 27/100  lr 4.22e-05  loss 0.27397  ce 0.40635  kd 0.14158  train_acc 85.346  val_acc 88.24  (22.2s)
epoch 28/100  lr 4.16e-05  loss 0.27303  ce 0.39692  kd 0.14915  train_acc 83.594  val_acc 90.08  (22.2s)
epoch 29/100  lr 4.1e-05  loss 0.27514  ce 0.40261  kd 0.14767  train_acc 88.133  val_acc 88.74  (22.1s)
epoch 30/100  lr 4.04e-05  loss 0.27155  ce 0.39887  kd 0.14422  train_acc 81.651  val_acc 88.82  (22.3s)
epoch 31/100  lr 3.98e-05  loss 0.26214  ce 0.38572  kd 0.13855  train_acc 84.586  val_acc 89.57  (21.6s)
epoch 32/100  lr 3.92e-05  loss 0.26641  ce 0.39081  kd 0.14202  train_acc 85.684  val_acc 88.41  (21.0s)
epoch 33/100  lr 3.85e-05  loss 0.26922  ce 0.39711  kd 0.14133  train_acc 87.226  val_acc 88.74  (21.3s)
epoch 34/100  lr 3.78e-05  loss 0.27023  ce 0.40498  kd 0.13548  train_acc 83.678  val_acc 88.24  (21.2s)
epoch 35/100  lr 3.72e-05  loss 0.26973  ce 0.39721  kd 0.14226  train_acc 83.995  val_acc 89.74  (21.1s)
epoch 36/100  lr 3.65e-05  loss 0.27131  ce 0.39394  kd 0.14868  train_acc 82.475  val_acc 89.24  (20.9s)
epoch 37/100  lr 3.58e-05  loss 0.27184  ce 0.39752  kd 0.14617  train_acc 86.085  val_acc 89.24  (21.1s)
epoch 38/100  lr 3.51e-05  loss 0.26811  ce 0.39463  kd 0.14160  train_acc 82.475  val_acc 89.99  (21.2s)
epoch 39/100  lr 3.44e-05  loss 0.27046  ce 0.40322  kd 0.13770  train_acc 80.046  val_acc 88.41  (21.0s)
epoch 40/100  lr 3.36e-05  loss 0.27717  ce 0.40302  kd 0.15131  train_acc 88.218  val_acc 89.74  (21.0s)
epoch 41/100  lr 3.29e-05  loss 0.26681  ce 0.38617  kd 0.14745  train_acc 85.579  val_acc 88.91  (21.2s)
epoch 42/100  lr 3.22e-05  loss 0.26102  ce 0.38316  kd 0.13887  train_acc 84.101  val_acc 89.74  (21.3s)
epoch 43/100  lr 3.14e-05  loss 0.27046  ce 0.40423  kd 0.13669  train_acc 86.465  val_acc 89.49  (21.6s)
epoch 44/100  lr 3.06e-05  loss 0.27005  ce 0.39391  kd 0.14620  train_acc 84.312  val_acc 90.66  (20.7s)
epoch 45/100  lr 2.99e-05  loss 0.27983  ce 0.41080  kd 0.14887  train_acc 82.644  val_acc 90.41  (21.2s)
epoch 46/100  lr 2.91e-05  loss 0.27216  ce 0.39588  kd 0.14844  train_acc 81.081  val_acc 89.49  (21.2s)
epoch 47/100  lr 2.84e-05  loss 0.27848  ce 0.41374  kd 0.14321  train_acc 79.160  val_acc 89.49  (21.1s)
epoch 48/100  lr 2.76e-05  loss 0.27857  ce 0.40930  kd 0.14785  train_acc 83.024  val_acc 90.74  (21.1s)
epoch 49/100  lr 2.68e-05  loss 0.26294  ce 0.38514  kd 0.14073  train_acc 84.481  val_acc 90.91  (20.9s)
epoch 50/100  lr 2.6e-05  loss 0.28077  ce 0.41427  kd 0.14728  train_acc 79.730  val_acc 89.82  (21.3s)
epoch 51/100  lr 2.53e-05  loss 0.26133  ce 0.38668  kd 0.13597  train_acc 84.924  val_acc 90.41  (21.2s)
epoch 52/100  lr 2.45e-05  loss 0.27475  ce 0.40687  kd 0.14263  train_acc 81.989  val_acc 90.41  (20.9s)
epoch 53/100  lr 2.37e-05  loss 0.27071  ce 0.39794  kd 0.14349  train_acc 82.179  val_acc 90.66  (21.0s)
epoch 54/100  lr 2.29e-05  loss 0.26903  ce 0.39537  kd 0.14270  train_acc 85.832  val_acc 90.49  (21.2s)
epoch 55/100  lr 2.21e-05  loss 0.26830  ce 0.39917  kd 0.13743  train_acc 81.799  val_acc 90.41  (21.2s)
epoch 56/100  lr 2.14e-05  loss 0.26447  ce 0.39069  kd 0.13824  train_acc 84.755  val_acc 90.24  (20.9s)
epoch 57/100  lr 2.06e-05  loss 0.26308  ce 0.38715  kd 0.13902  train_acc 85.747  val_acc 90.74  (21.0s)
epoch 58/100  lr 1.99e-05  loss 0.27761  ce 0.40920  kd 0.14603  train_acc 83.763  val_acc 90.58  (21.2s)
epoch 59/100  lr 1.91e-05  loss 0.26601  ce 0.39669  kd 0.13532  train_acc 82.559  val_acc 90.41  (21.1s)
epoch 60/100  lr 1.83e-05  loss 0.27368  ce 0.40426  kd 0.14310  train_acc 82.454  val_acc 90.74  (21.2s)
epoch 61/100  lr 1.76e-05  loss 0.26595  ce 0.38700  kd 0.14490  train_acc 87.859  val_acc 90.49  (20.9s)
epoch 62/100  lr 1.69e-05  loss 0.26345  ce 0.38512  kd 0.14178  train_acc 83.171  val_acc 90.83  (21.4s)
epoch 63/100  lr 1.61e-05  loss 0.27673  ce 0.40873  kd 0.14473  train_acc 85.769  val_acc 90.16  (21.0s)
epoch 64/100  lr 1.54e-05  loss 0.27449  ce 0.40648  kd 0.14251  train_acc 85.705  val_acc 90.58  (21.1s)
epoch 65/100  lr 1.47e-05  loss 0.26692  ce 0.39060  kd 0.14324  train_acc 82.158  val_acc 90.33  (20.9s)
epoch 66/100  lr 1.4e-05  loss 0.25867  ce 0.37538  kd 0.14196  train_acc 87.162  val_acc 90.91  (21.4s)
epoch 67/100  lr 1.33e-05  loss 0.26433  ce 0.39033  kd 0.13834  train_acc 86.592  val_acc 90.83  (21.0s)
epoch 68/100  lr 1.27e-05  loss 0.26972  ce 0.40024  kd 0.13919  train_acc 84.586  val_acc 89.41  (21.1s)
epoch 69/100  lr 1.2e-05  loss 0.26653  ce 0.39176  kd 0.14131  train_acc 86.233  val_acc 90.08  (21.2s)
epoch 70/100  lr 1.13e-05  loss 0.26620  ce 0.39245  kd 0.13996  train_acc 84.312  val_acc 90.83  (21.2s)
epoch 71/100  lr 1.07e-05  loss 0.27261  ce 0.40649  kd 0.13874  train_acc 83.932  val_acc 91.08  (21.3s)
epoch 72/100  lr 1.01e-05  loss 0.27122  ce 0.40008  kd 0.14235  train_acc 82.665  val_acc 92.16  (21.1s)
epoch 73/100  lr 9.47e-06  loss 0.27612  ce 0.40952  kd 0.14272  train_acc 84.481  val_acc 90.91  (21.2s)
epoch 74/100  lr 8.88e-06  loss 0.26021  ce 0.37806  kd 0.14237  train_acc 85.262  val_acc 91.41  (21.2s)
epoch 75/100  lr 8.31e-06  loss 0.26585  ce 0.39528  kd 0.13643  train_acc 89.379  val_acc 90.91  (20.9s)
epoch 76/100  lr 7.75e-06  loss 0.26561  ce 0.39152  kd 0.13970  train_acc 85.473  val_acc 90.74  (20.4s)
epoch 77/100  lr 7.21e-06  loss 0.26699  ce 0.39215  kd 0.14182  train_acc 87.289  val_acc 90.91  (21.0s)
epoch 78/100  lr 6.68e-06  loss 0.26368  ce 0.38807  kd 0.13929  train_acc 84.037  val_acc 90.83  (21.3s)
epoch 79/100  lr 6.18e-06  loss 0.26610  ce 0.38963  kd 0.14258  train_acc 86.888  val_acc 91.16  (21.1s)
epoch 80/100  lr 5.69e-06  loss 0.26538  ce 0.38900  kd 0.14176  train_acc 86.803  val_acc 90.99  (20.7s)
epoch 81/100  lr 5.23e-06  loss 0.26933  ce 0.39822  kd 0.14043  train_acc 85.072  val_acc 91.66  (21.4s)
epoch 82/100  lr 4.78e-06  loss 0.26915  ce 0.39788  kd 0.14042  train_acc 84.755  val_acc 91.49  (21.0s)
epoch 83/100  lr 4.35e-06  loss 0.26478  ce 0.39038  kd 0.13918  train_acc 85.684  val_acc 91.49  (21.3s)
epoch 84/100  lr 3.95e-06  loss 0.26261  ce 0.38421  kd 0.14101  train_acc 85.832  val_acc 91.16  (21.3s)
epoch 85/100  lr 3.56e-06  loss 0.26744  ce 0.38895  kd 0.14592  train_acc 85.684  val_acc 90.99  (21.0s)
epoch 86/100  lr 3.2e-06  loss 0.26691  ce 0.39298  kd 0.14085  train_acc 86.043  val_acc 90.74  (21.2s)
epoch 87/100  lr 2.86e-06  loss 0.26399  ce 0.39125  kd 0.13673  train_acc 84.565  val_acc 90.99  (20.3s)
epoch 88/100  lr 2.54e-06  loss 0.27259  ce 0.40793  kd 0.13725  train_acc 83.361  val_acc 90.91  (21.2s)
epoch 89/100  lr 2.24e-06  loss 0.27343  ce 0.40069  kd 0.14616  train_acc 83.256  val_acc 91.24  (21.1s)
epoch 90/100  lr 1.96e-06  loss 0.26704  ce 0.39545  kd 0.13864  train_acc 87.289  val_acc 91.08  (21.0s)
epoch 91/100  lr 1.71e-06  loss 0.26404  ce 0.39207  kd 0.13601  train_acc 85.747  val_acc 91.16  (21.3s)
epoch 92/100  lr 1.48e-06  loss 0.27193  ce 0.40459  kd 0.13927  train_acc 84.882  val_acc 90.83  (21.2s)
epoch 93/100  lr 1.28e-06  loss 0.25525  ce 0.37714  kd 0.13336  train_acc 85.177  val_acc 91.08  (21.4s)
epoch 94/100  lr 1.1e-06  loss 0.25927  ce 0.38482  kd 0.13372  train_acc 87.289  val_acc 90.91  (21.2s)
epoch 95/100  lr 9.38e-07  loss 0.27360  ce 0.40706  kd 0.14014  train_acc 83.383  val_acc 90.99  (21.3s)
epoch 96/100  lr 8.05e-07  loss 0.26886  ce 0.40196  kd 0.13575  train_acc 83.763  val_acc 90.99  (21.5s)
epoch 97/100  lr 6.95e-07  loss 0.26434  ce 0.39170  kd 0.13699  train_acc 85.093  val_acc 90.99  (21.3s)
epoch 98/100  lr 6.1e-07  loss 0.27069  ce 0.39936  kd 0.14203  train_acc 85.156  val_acc 90.99  (21.4s)
epoch 99/100  lr 5.49e-07  loss 0.27012  ce 0.40714  kd 0.13309  train_acc 82.454  val_acc 90.99  (21.6s)
epoch 100/100  lr 5.12e-07  loss 0.26445  ce 0.39433  kd 0.13456  train_acc 81.799  val_acc 90.99  (20.9s)
done. final val acc 90.99  best 92.16 @ epoch 72
