
===== 2026-10-04 14:14:58 pid=422372 /home/coder/aim-lab-stage3/stage0/train.py --mode maskedkd --mask-criterion tam_r --keep 0.15 --dataset waterbirds --seed 1 --lr 5e-05
run dir: /home/coder/stage0/outputs/waterbirds/tam_r_k0.15/seed1
state: new  device: cuda  micro_batch: 128  accum: 1  num_workers: 3
train 4795  val 1199  steps/epoch 37
teacher: /home/coder/stage0/outputs/waterbirds/teacher/seed0/best.pt (epoch 21, val acc 93.99)
TAM: kind attn_last, gap [0.1, 0.5], budget fixed, k per bucket (29, 29, 29), teacher GFLOPs {29: 2.68023552}
epoch 1/100  lr 1e-06  loss 0.56880  ce 0.67298  kd 0.46461  train_acc 60.642  val_acc 57.63  (28.1s)
epoch 2/100  lr 1.08e-05  loss 0.41470  ce 0.54569  kd 0.28370  train_acc 77.660  val_acc 67.89  (27.3s)
epoch 3/100  lr 2.06e-05  loss 0.32585  ce 0.45666  kd 0.19503  train_acc 81.461  val_acc 65.47  (28.5s)
epoch 4/100  lr 3.04e-05  loss 0.30505  ce 0.42807  kd 0.18202  train_acc 81.166  val_acc 75.40  (27.1s)
epoch 5/100  lr 4.02e-05  loss 0.30039  ce 0.43337  kd 0.16741  train_acc 81.187  val_acc 79.82  (27.2s)
epoch 6/100  lr 4.97e-05  loss 0.29592  ce 0.42342  kd 0.16842  train_acc 81.229  val_acc 80.82  (28.1s)
epoch 7/100  lr 4.96e-05  loss 0.29093  ce 0.42066  kd 0.16120  train_acc 84.797  val_acc 83.49  (27.1s)
epoch 8/100  lr 4.94e-05  loss 0.28444  ce 0.41479  kd 0.15410  train_acc 81.905  val_acc 84.32  (27.4s)
epoch 9/100  lr 4.92e-05  loss 0.28851  ce 0.42042  kd 0.15660  train_acc 82.179  val_acc 85.32  (27.7s)
epoch 10/100  lr 4.9e-05  loss 0.28644  ce 0.41371  kd 0.15917  train_acc 84.417  val_acc 85.82  (27.6s)
epoch 11/100  lr 4.88e-05  loss 0.28633  ce 0.41848  kd 0.15418  train_acc 83.678  val_acc 85.57  (28.5s)
epoch 12/100  lr 4.85e-05  loss 0.28396  ce 0.41594  kd 0.15197  train_acc 86.128  val_acc 88.32  (27.1s)
epoch 13/100  lr 4.83e-05  loss 0.27545  ce 0.40515  kd 0.14575  train_acc 82.179  val_acc 88.07  (27.3s)
epoch 14/100  lr 4.8e-05  loss 0.27085  ce 0.39190  kd 0.14980  train_acc 84.185  val_acc 86.66  (28.0s)
epoch 15/100  lr 4.76e-05  loss 0.28426  ce 0.40989  kd 0.15864  train_acc 85.536  val_acc 85.74  (27.1s)
epoch 16/100  lr 4.73e-05  loss 0.28292  ce 0.41421  kd 0.15164  train_acc 81.778  val_acc 87.16  (27.7s)
epoch 17/100  lr 4.69e-05  loss 0.27382  ce 0.39451  kd 0.15313  train_acc 86.170  val_acc 87.82  (27.6s)
epoch 18/100  lr 4.66e-05  loss 0.27481  ce 0.39978  kd 0.14984  train_acc 83.277  val_acc 86.91  (27.6s)
epoch 19/100  lr 4.61e-05  loss 0.27189  ce 0.39420  kd 0.14958  train_acc 85.241  val_acc 89.49  (27.0s)
epoch 20/100  lr 4.57e-05  loss 0.25868  ce 0.38133  kd 0.13603  train_acc 83.193  val_acc 88.66  (26.1s)
epoch 21/100  lr 4.53e-05  loss 0.28571  ce 0.41946  kd 0.15196  train_acc 84.248  val_acc 88.16  (27.4s)
epoch 22/100  lr 4.48e-05  loss 0.26515  ce 0.38582  kd 0.14448  train_acc 84.565  val_acc 88.74  (28.0s)
epoch 23/100  lr 4.43e-05  loss 0.27410  ce 0.40722  kd 0.14098  train_acc 86.909  val_acc 86.74  (27.1s)
epoch 24/100  lr 4.38e-05  loss 0.27237  ce 0.40561  kd 0.13913  train_acc 84.481  val_acc 89.24  (27.3s)
epoch 25/100  lr 4.33e-05  loss 0.27096  ce 0.40399  kd 0.13793  train_acc 85.241  val_acc 89.16  (27.7s)
epoch 26/100  lr 4.28e-05  loss 0.25851  ce 0.37529  kd 0.14172  train_acc 85.283  val_acc 89.82  (27.3s)
epoch 27/100  lr 4.22e-05  loss 0.27365  ce 0.40531  kd 0.14200  train_acc 85.536  val_acc 89.57  (26.7s)
epoch 28/100  lr 4.16e-05  loss 0.27360  ce 0.39786  kd 0.14933  train_acc 83.319  val_acc 89.74  (27.1s)
epoch 29/100  lr 4.1e-05  loss 0.27231  ce 0.39960  kd 0.14503  train_acc 88.387  val_acc 89.41  (27.6s)
epoch 30/100  lr 4.04e-05  loss 0.26854  ce 0.39928  kd 0.13780  train_acc 81.440  val_acc 89.16  (26.6s)
epoch 31/100  lr 3.98e-05  loss 0.26115  ce 0.38443  kd 0.13787  train_acc 85.410  val_acc 89.66  (29.1s)
epoch 32/100  lr 3.92e-05  loss 0.26411  ce 0.39137  kd 0.13686  train_acc 85.853  val_acc 89.24  (27.6s)
epoch 33/100  lr 3.85e-05  loss 0.26930  ce 0.39697  kd 0.14163  train_acc 87.373  val_acc 89.07  (27.5s)
epoch 34/100  lr 3.78e-05  loss 0.26901  ce 0.40513  kd 0.13290  train_acc 83.847  val_acc 88.49  (27.8s)
epoch 35/100  lr 3.72e-05  loss 0.26812  ce 0.39645  kd 0.13980  train_acc 83.910  val_acc 90.33  (27.8s)
epoch 36/100  lr 3.65e-05  loss 0.26755  ce 0.39311  kd 0.14199  train_acc 82.686  val_acc 89.57  (28.7s)
epoch 37/100  lr 3.58e-05  loss 0.27128  ce 0.39661  kd 0.14594  train_acc 85.705  val_acc 90.16  (29.0s)
epoch 38/100  lr 3.51e-05  loss 0.26483  ce 0.39459  kd 0.13506  train_acc 82.665  val_acc 90.49  (28.5s)
epoch 39/100  lr 3.44e-05  loss 0.27235  ce 0.40255  kd 0.14214  train_acc 80.258  val_acc 88.66  (28.1s)
epoch 40/100  lr 3.36e-05  loss 0.27475  ce 0.39993  kd 0.14957  train_acc 88.535  val_acc 89.57  (28.5s)
epoch 41/100  lr 3.29e-05  loss 0.26436  ce 0.38437  kd 0.14435  train_acc 85.832  val_acc 89.49  (27.8s)
epoch 42/100  lr 3.22e-05  loss 0.26165  ce 0.38241  kd 0.14088  train_acc 84.333  val_acc 89.49  (28.3s)
epoch 43/100  lr 3.14e-05  loss 0.27054  ce 0.40335  kd 0.13774  train_acc 86.444  val_acc 89.49  (27.4s)
epoch 44/100  lr 3.06e-05  loss 0.26895  ce 0.39273  kd 0.14517  train_acc 84.312  val_acc 90.33  (27.7s)
epoch 45/100  lr 2.99e-05  loss 0.28138  ce 0.41089  kd 0.15187  train_acc 82.390  val_acc 90.91  (28.1s)
epoch 46/100  lr 2.91e-05  loss 0.26908  ce 0.39514  kd 0.14302  train_acc 81.039  val_acc 89.66  (29.2s)
epoch 47/100  lr 2.84e-05  loss 0.27652  ce 0.41468  kd 0.13837  train_acc 79.329  val_acc 89.82  (28.9s)
epoch 48/100  lr 2.76e-05  loss 0.27959  ce 0.40929  kd 0.14990  train_acc 83.150  val_acc 90.91  (29.1s)
epoch 49/100  lr 2.68e-05  loss 0.26287  ce 0.38472  kd 0.14102  train_acc 84.143  val_acc 90.91  (28.2s)
epoch 50/100  lr 2.6e-05  loss 0.28045  ce 0.41446  kd 0.14644  train_acc 79.983  val_acc 89.32  (28.0s)
epoch 51/100  lr 2.53e-05  loss 0.26121  ce 0.38514  kd 0.13728  train_acc 85.093  val_acc 90.99  (27.4s)
epoch 52/100  lr 2.45e-05  loss 0.27412  ce 0.40531  kd 0.14293  train_acc 82.158  val_acc 90.91  (27.5s)
epoch 53/100  lr 2.37e-05  loss 0.26983  ce 0.39863  kd 0.14102  train_acc 82.475  val_acc 90.66  (28.1s)
epoch 54/100  lr 2.29e-05  loss 0.26719  ce 0.39388  kd 0.14050  train_acc 85.980  val_acc 89.66  (27.5s)
epoch 55/100  lr 2.21e-05  loss 0.26685  ce 0.39924  kd 0.13446  train_acc 81.862  val_acc 90.16  (27.2s)
epoch 56/100  lr 2.14e-05  loss 0.26366  ce 0.39006  kd 0.13726  train_acc 84.776  val_acc 90.16  (28.9s)
epoch 57/100  lr 2.06e-05  loss 0.26114  ce 0.38524  kd 0.13703  train_acc 86.149  val_acc 90.24  (27.8s)
epoch 58/100  lr 1.99e-05  loss 0.27632  ce 0.40738  kd 0.14527  train_acc 83.805  val_acc 90.83  (28.5s)
epoch 59/100  lr 1.91e-05  loss 0.26249  ce 0.39619  kd 0.12880  train_acc 82.496  val_acc 90.49  (27.6s)
epoch 60/100  lr 1.83e-05  loss 0.27276  ce 0.40325  kd 0.14227  train_acc 82.221  val_acc 90.74  (28.0s)
epoch 61/100  lr 1.76e-05  loss 0.26285  ce 0.38443  kd 0.14127  train_acc 87.943  val_acc 91.08  (27.0s)
epoch 62/100  lr 1.69e-05  loss 0.26359  ce 0.38428  kd 0.14290  train_acc 82.939  val_acc 90.33  (26.4s)
epoch 63/100  lr 1.61e-05  loss 0.27527  ce 0.40941  kd 0.14114  train_acc 85.621  val_acc 90.16  (26.3s)
epoch 64/100  lr 1.54e-05  loss 0.27434  ce 0.40500  kd 0.14368  train_acc 86.233  val_acc 90.74  (27.7s)
epoch 65/100  lr 1.47e-05  loss 0.26472  ce 0.38984  kd 0.13960  train_acc 82.369  val_acc 90.16  (27.5s)
epoch 66/100  lr 1.4e-05  loss 0.25509  ce 0.37334  kd 0.13683  train_acc 87.226  val_acc 90.66  (28.4s)
epoch 67/100  lr 1.33e-05  loss 0.26290  ce 0.38934  kd 0.13645  train_acc 86.951  val_acc 90.58  (27.7s)
epoch 68/100  lr 1.27e-05  loss 0.27000  ce 0.39942  kd 0.14058  train_acc 84.438  val_acc 89.91  (27.7s)
epoch 69/100  lr 1.2e-05  loss 0.26716  ce 0.39058  kd 0.14374  train_acc 86.191  val_acc 89.91  (28.2s)
epoch 70/100  lr 1.13e-05  loss 0.26567  ce 0.39109  kd 0.14026  train_acc 84.502  val_acc 91.41  (27.2s)
epoch 71/100  lr 1.07e-05  loss 0.27177  ce 0.40504  kd 0.13851  train_acc 84.375  val_acc 91.16  (27.4s)
epoch 72/100  lr 1.01e-05  loss 0.26903  ce 0.39901  kd 0.13905  train_acc 82.960  val_acc 91.58  (27.5s)
epoch 73/100  lr 9.47e-06  loss 0.27163  ce 0.40811  kd 0.13514  train_acc 84.502  val_acc 91.08  (27.2s)
epoch 74/100  lr 8.88e-06  loss 0.25886  ce 0.37746  kd 0.14025  train_acc 85.536  val_acc 90.99  (27.9s)
epoch 75/100  lr 8.31e-06  loss 0.26427  ce 0.39361  kd 0.13494  train_acc 89.569  val_acc 90.99  (26.7s)
epoch 76/100  lr 7.75e-06  loss 0.26606  ce 0.38976  kd 0.14235  train_acc 85.705  val_acc 90.99  (26.2s)
epoch 77/100  lr 7.21e-06  loss 0.26653  ce 0.39051  kd 0.14255  train_acc 87.500  val_acc 91.16  (27.1s)
epoch 78/100  lr 6.68e-06  loss 0.26181  ce 0.38675  kd 0.13686  train_acc 84.248  val_acc 91.08  (25.8s)
epoch 79/100  lr 6.18e-06  loss 0.26749  ce 0.38750  kd 0.14748  train_acc 87.162  val_acc 91.24  (27.5s)
epoch 80/100  lr 5.69e-06  loss 0.26168  ce 0.38804  kd 0.13532  train_acc 87.183  val_acc 91.24  (26.7s)
epoch 81/100  lr 5.23e-06  loss 0.26790  ce 0.39698  kd 0.13882  train_acc 85.177  val_acc 91.58  (27.3s)
epoch 82/100  lr 4.78e-06  loss 0.26548  ce 0.39708  kd 0.13388  train_acc 84.924  val_acc 91.16  (28.6s)
epoch 83/100  lr 4.35e-06  loss 0.26469  ce 0.38951  kd 0.13988  train_acc 85.431  val_acc 91.66  (28.0s)
epoch 84/100  lr 3.95e-06  loss 0.26348  ce 0.38302  kd 0.14395  train_acc 85.832  val_acc 91.58  (27.7s)
epoch 85/100  lr 3.56e-06  loss 0.26419  ce 0.38711  kd 0.14127  train_acc 86.233  val_acc 91.49  (28.1s)
epoch 86/100  lr 3.2e-06  loss 0.26547  ce 0.39129  kd 0.13964  train_acc 86.064  val_acc 91.33  (27.8s)
epoch 87/100  lr 2.86e-06  loss 0.26367  ce 0.38912  kd 0.13822  train_acc 85.008  val_acc 91.41  (28.0s)
epoch 88/100  lr 2.54e-06  loss 0.27140  ce 0.40696  kd 0.13584  train_acc 83.235  val_acc 91.58  (28.1s)
epoch 89/100  lr 2.24e-06  loss 0.26927  ce 0.40105  kd 0.13750  train_acc 83.340  val_acc 91.66  (28.5s)
epoch 90/100  lr 1.96e-06  loss 0.26604  ce 0.39459  kd 0.13749  train_acc 87.627  val_acc 91.33  (27.3s)
epoch 91/100  lr 1.71e-06  loss 0.26499  ce 0.39175  kd 0.13824  train_acc 85.579  val_acc 91.41  (26.8s)
epoch 92/100  lr 1.48e-06  loss 0.27170  ce 0.40408  kd 0.13933  train_acc 84.734  val_acc 91.24  (27.1s)
epoch 93/100  lr 1.28e-06  loss 0.25341  ce 0.37480  kd 0.13202  train_acc 85.557  val_acc 91.24  (27.5s)
epoch 94/100  lr 1.1e-06  loss 0.25860  ce 0.38362  kd 0.13358  train_acc 87.099  val_acc 91.24  (27.3s)
epoch 95/100  lr 9.38e-07  loss 0.27264  ce 0.40575  kd 0.13954  train_acc 83.657  val_acc 91.33  (26.7s)
epoch 96/100  lr 8.05e-07  loss 0.27063  ce 0.40082  kd 0.14043  train_acc 83.699  val_acc 91.49  (26.6s)
epoch 97/100  lr 6.95e-07  loss 0.26403  ce 0.39067  kd 0.13740  train_acc 85.389  val_acc 91.41  (28.0s)
epoch 98/100  lr 6.1e-07  loss 0.26809  ce 0.39888  kd 0.13730  train_acc 85.262  val_acc 91.41  (27.6s)
epoch 99/100  lr 5.49e-07  loss 0.26790  ce 0.40618  kd 0.12963  train_acc 82.538  val_acc 91.33  (25.9s)
epoch 100/100  lr 5.12e-07  loss 0.26283  ce 0.39270  kd 0.13295  train_acc 82.200  val_acc 91.33  (26.3s)
done. final val acc 91.33  best 91.66 @ epoch 83
