
===== 2026-10-04 10:36:21 pid=340132 /home/coder/aim-lab-stage3/stage0/train.py --mode maskedkd --mask-criterion maskedkd --keep 0.5 --dataset waterbirds --seed 1 --lr 5e-05
run dir: /home/coder/stage0/outputs/waterbirds/maskedkd_k0.5/seed1
state: new  device: cuda  micro_batch: 128  accum: 1  num_workers: 3
train 4795  val 1199  steps/epoch 37
teacher: /home/coder/stage0/outputs/waterbirds/teacher/seed0/best.pt (epoch 21, val acc 93.99)
epoch 1/100  lr 1e-06  loss 0.62040  ce 0.67339  kd 0.56742  train_acc 60.557  val_acc 57.13  (31.2s)
epoch 2/100  lr 1.08e-05  loss 0.44882  ce 0.54167  kd 0.35597  train_acc 77.745  val_acc 67.22  (31.1s)
epoch 3/100  lr 2.06e-05  loss 0.33847  ce 0.45617  kd 0.22076  train_acc 81.651  val_acc 63.39  (29.1s)
epoch 4/100  lr 3.04e-05  loss 0.31011  ce 0.43158  kd 0.18865  train_acc 80.891  val_acc 74.56  (29.2s)
epoch 5/100  lr 4.02e-05  loss 0.30213  ce 0.43735  kd 0.16691  train_acc 81.524  val_acc 77.81  (29.0s)
epoch 6/100  lr 4.97e-05  loss 0.29418  ce 0.42986  kd 0.15851  train_acc 80.680  val_acc 81.73  (29.7s)
epoch 7/100  lr 4.96e-05  loss 0.28685  ce 0.42744  kd 0.14625  train_acc 85.093  val_acc 85.90  (27.8s)
epoch 8/100  lr 4.94e-05  loss 0.28691  ce 0.42254  kd 0.15129  train_acc 82.601  val_acc 83.90  (27.7s)
epoch 9/100  lr 4.92e-05  loss 0.28260  ce 0.42559  kd 0.13961  train_acc 82.369  val_acc 85.99  (28.9s)
epoch 10/100  lr 4.9e-05  loss 0.27862  ce 0.41950  kd 0.13773  train_acc 84.586  val_acc 85.24  (28.2s)
epoch 11/100  lr 4.88e-05  loss 0.27715  ce 0.42275  kd 0.13156  train_acc 83.868  val_acc 86.49  (28.5s)
epoch 12/100  lr 4.85e-05  loss 0.27511  ce 0.42142  kd 0.12881  train_acc 86.444  val_acc 87.74  (28.3s)
epoch 13/100  lr 4.83e-05  loss 0.26964  ce 0.41146  kd 0.12782  train_acc 82.369  val_acc 87.91  (28.5s)
epoch 14/100  lr 4.8e-05  loss 0.25373  ce 0.39299  kd 0.11448  train_acc 84.607  val_acc 87.16  (27.9s)
epoch 15/100  lr 4.76e-05  loss 0.26976  ce 0.41212  kd 0.12740  train_acc 85.938  val_acc 85.65  (28.2s)
epoch 16/100  lr 4.73e-05  loss 0.27379  ce 0.41903  kd 0.12854  train_acc 81.820  val_acc 82.99  (28.7s)
epoch 17/100  lr 4.69e-05  loss 0.26106  ce 0.39695  kd 0.12518  train_acc 86.677  val_acc 89.41  (29.8s)
epoch 18/100  lr 4.66e-05  loss 0.26165  ce 0.40500  kd 0.11831  train_acc 83.847  val_acc 85.49  (28.0s)
epoch 19/100  lr 4.61e-05  loss 0.25427  ce 0.39571  kd 0.11283  train_acc 85.726  val_acc 90.58  (30.1s)
epoch 20/100  lr 4.57e-05  loss 0.24549  ce 0.38083  kd 0.11016  train_acc 83.594  val_acc 89.66  (28.8s)
epoch 21/100  lr 4.53e-05  loss 0.27418  ce 0.42357  kd 0.12480  train_acc 85.051  val_acc 88.91  (29.0s)
epoch 22/100  lr 4.48e-05  loss 0.25159  ce 0.38673  kd 0.11646  train_acc 84.945  val_acc 86.74  (28.4s)
epoch 23/100  lr 4.43e-05  loss 0.26073  ce 0.41038  kd 0.11108  train_acc 87.226  val_acc 87.32  (28.9s)
epoch 24/100  lr 4.38e-05  loss 0.26661  ce 0.40866  kd 0.12457  train_acc 84.861  val_acc 90.74  (27.9s)
epoch 25/100  lr 4.33e-05  loss 0.26144  ce 0.40660  kd 0.11628  train_acc 85.156  val_acc 90.08  (28.4s)
epoch 26/100  lr 4.28e-05  loss 0.24275  ce 0.37641  kd 0.10908  train_acc 86.064  val_acc 89.91  (27.9s)
epoch 27/100  lr 4.22e-05  loss 0.26152  ce 0.40761  kd 0.11543  train_acc 86.106  val_acc 87.91  (28.6s)
epoch 28/100  lr 4.16e-05  loss 0.25416  ce 0.39899  kd 0.10934  train_acc 83.742  val_acc 89.91  (28.5s)
epoch 29/100  lr 4.1e-05  loss 0.25667  ce 0.40124  kd 0.11210  train_acc 88.915  val_acc 87.57  (29.3s)
epoch 30/100  lr 4.04e-05  loss 0.25735  ce 0.40456  kd 0.11014  train_acc 81.947  val_acc 88.24  (28.7s)
epoch 31/100  lr 3.98e-05  loss 0.24337  ce 0.38492  kd 0.10182  train_acc 85.473  val_acc 91.24  (27.9s)
epoch 32/100  lr 3.92e-05  loss 0.24844  ce 0.39055  kd 0.10634  train_acc 86.824  val_acc 89.32  (28.2s)
epoch 33/100  lr 3.85e-05  loss 0.25389  ce 0.39770  kd 0.11008  train_acc 87.627  val_acc 88.66  (28.2s)
epoch 34/100  lr 3.78e-05  loss 0.25831  ce 0.40758  kd 0.10904  train_acc 84.502  val_acc 87.41  (27.5s)
epoch 35/100  lr 3.72e-05  loss 0.25644  ce 0.39813  kd 0.11475  train_acc 84.312  val_acc 90.58  (27.4s)
epoch 36/100  lr 3.65e-05  loss 0.25407  ce 0.39613  kd 0.11202  train_acc 83.129  val_acc 86.41  (28.1s)
epoch 37/100  lr 3.58e-05  loss 0.25438  ce 0.39748  kd 0.11127  train_acc 86.423  val_acc 90.49  (28.5s)
epoch 38/100  lr 3.51e-05  loss 0.25247  ce 0.39629  kd 0.10865  train_acc 82.285  val_acc 90.16  (28.7s)
epoch 39/100  lr 3.44e-05  loss 0.26017  ce 0.40353  kd 0.11682  train_acc 80.870  val_acc 89.66  (27.0s)
epoch 40/100  lr 3.36e-05  loss 0.25546  ce 0.39985  kd 0.11106  train_acc 89.337  val_acc 91.08  (27.5s)
epoch 41/100  lr 3.29e-05  loss 0.24581  ce 0.38620  kd 0.10541  train_acc 86.043  val_acc 88.82  (28.9s)
epoch 42/100  lr 3.22e-05  loss 0.24173  ce 0.38095  kd 0.10252  train_acc 84.649  val_acc 89.16  (27.9s)
epoch 43/100  lr 3.14e-05  loss 0.25582  ce 0.40591  kd 0.10573  train_acc 87.373  val_acc 90.66  (27.7s)
epoch 44/100  lr 3.06e-05  loss 0.25077  ce 0.39433  kd 0.10722  train_acc 85.008  val_acc 90.08  (28.4s)
epoch 45/100  lr 2.99e-05  loss 0.26143  ce 0.40877  kd 0.11408  train_acc 82.918  val_acc 87.57  (28.0s)
epoch 46/100  lr 2.91e-05  loss 0.25144  ce 0.39568  kd 0.10719  train_acc 80.701  val_acc 90.74  (27.8s)
epoch 47/100  lr 2.84e-05  loss 0.26623  ce 0.41472  kd 0.11775  train_acc 79.624  val_acc 88.82  (28.2s)
epoch 48/100  lr 2.76e-05  loss 0.26016  ce 0.40916  kd 0.11115  train_acc 83.594  val_acc 90.91  (27.7s)
epoch 49/100  lr 2.68e-05  loss 0.24493  ce 0.38650  kd 0.10337  train_acc 84.692  val_acc 90.24  (27.6s)
epoch 50/100  lr 2.6e-05  loss 0.26783  ce 0.41666  kd 0.11900  train_acc 80.004  val_acc 89.91  (28.1s)
epoch 51/100  lr 2.53e-05  loss 0.24571  ce 0.38576  kd 0.10567  train_acc 85.747  val_acc 89.66  (28.3s)
epoch 52/100  lr 2.45e-05  loss 0.25737  ce 0.40487  kd 0.10988  train_acc 82.475  val_acc 89.99  (29.1s)
epoch 53/100  lr 2.37e-05  loss 0.25635  ce 0.40117  kd 0.11153  train_acc 82.432  val_acc 90.33  (28.3s)
epoch 54/100  lr 2.29e-05  loss 0.25126  ce 0.39495  kd 0.10757  train_acc 86.508  val_acc 89.74  (28.8s)
epoch 55/100  lr 2.21e-05  loss 0.25216  ce 0.40123  kd 0.10308  train_acc 82.095  val_acc 90.58  (27.7s)
epoch 56/100  lr 2.14e-05  loss 0.24606  ce 0.38801  kd 0.10411  train_acc 85.705  val_acc 90.33  (27.6s)
epoch 57/100  lr 2.06e-05  loss 0.24227  ce 0.38527  kd 0.09927  train_acc 86.381  val_acc 89.49  (27.7s)
epoch 58/100  lr 1.99e-05  loss 0.25896  ce 0.40696  kd 0.11096  train_acc 84.671  val_acc 89.74  (28.3s)
epoch 59/100  lr 1.91e-05  loss 0.24917  ce 0.39799  kd 0.10035  train_acc 82.475  val_acc 89.74  (28.5s)
epoch 60/100  lr 1.83e-05  loss 0.25887  ce 0.40435  kd 0.11339  train_acc 82.411  val_acc 90.16  (27.6s)
epoch 61/100  lr 1.76e-05  loss 0.24685  ce 0.38490  kd 0.10881  train_acc 88.514  val_acc 91.24  (27.9s)
epoch 62/100  lr 1.69e-05  loss 0.24320  ce 0.38361  kd 0.10280  train_acc 83.488  val_acc 91.33  (27.5s)
epoch 63/100  lr 1.61e-05  loss 0.25890  ce 0.40896  kd 0.10884  train_acc 86.719  val_acc 90.66  (27.6s)
epoch 64/100  lr 1.54e-05  loss 0.25973  ce 0.40806  kd 0.11140  train_acc 86.719  val_acc 90.83  (27.7s)
epoch 65/100  lr 1.47e-05  loss 0.24548  ce 0.38783  kd 0.10314  train_acc 82.770  val_acc 89.74  (28.8s)
epoch 66/100  lr 1.4e-05  loss 0.23699  ce 0.37174  kd 0.10225  train_acc 87.352  val_acc 90.74  (27.8s)
epoch 67/100  lr 1.33e-05  loss 0.24633  ce 0.39125  kd 0.10141  train_acc 87.394  val_acc 90.99  (28.0s)
epoch 68/100  lr 1.27e-05  loss 0.25192  ce 0.39731  kd 0.10653  train_acc 85.177  val_acc 90.91  (27.9s)
epoch 69/100  lr 1.2e-05  loss 0.24769  ce 0.39117  kd 0.10421  train_acc 87.057  val_acc 90.24  (29.2s)
epoch 70/100  lr 1.13e-05  loss 0.24857  ce 0.39242  kd 0.10473  train_acc 84.924  val_acc 91.08  (30.0s)
epoch 71/100  lr 1.07e-05  loss 0.25635  ce 0.40744  kd 0.10526  train_acc 84.544  val_acc 91.41  (29.0s)
epoch 72/100  lr 1.01e-05  loss 0.25187  ce 0.40036  kd 0.10339  train_acc 83.636  val_acc 91.83  (29.2s)
epoch 73/100  lr 9.47e-06  loss 0.25655  ce 0.40787  kd 0.10523  train_acc 84.924  val_acc 90.83  (28.9s)
epoch 74/100  lr 8.88e-06  loss 0.23932  ce 0.37653  kd 0.10211  train_acc 85.452  val_acc 90.74  (28.6s)
epoch 75/100  lr 8.31e-06  loss 0.24763  ce 0.39470  kd 0.10056  train_acc 90.139  val_acc 92.08  (29.4s)
epoch 76/100  lr 7.75e-06  loss 0.24384  ce 0.38970  kd 0.09797  train_acc 86.128  val_acc 91.41  (29.0s)
epoch 77/100  lr 7.21e-06  loss 0.24986  ce 0.38846  kd 0.11126  train_acc 88.450  val_acc 91.74  (28.4s)
epoch 78/100  lr 6.68e-06  loss 0.24443  ce 0.38869  kd 0.10018  train_acc 84.164  val_acc 90.91  (29.2s)
epoch 79/100  lr 6.18e-06  loss 0.24599  ce 0.38939  kd 0.10259  train_acc 87.416  val_acc 90.66  (30.0s)
epoch 80/100  lr 5.69e-06  loss 0.24413  ce 0.38888  kd 0.09938  train_acc 87.542  val_acc 90.41  (29.5s)
epoch 81/100  lr 5.23e-06  loss 0.25186  ce 0.39891  kd 0.10481  train_acc 85.705  val_acc 90.74  (28.3s)
epoch 82/100  lr 4.78e-06  loss 0.24922  ce 0.39769  kd 0.10076  train_acc 85.262  val_acc 90.91  (28.7s)
epoch 83/100  lr 4.35e-06  loss 0.24542  ce 0.39094  kd 0.09991  train_acc 85.938  val_acc 91.16  (28.5s)
epoch 84/100  lr 3.95e-06  loss 0.24220  ce 0.38353  kd 0.10087  train_acc 86.529  val_acc 91.08  (29.0s)
epoch 85/100  lr 3.56e-06  loss 0.24202  ce 0.38763  kd 0.09641  train_acc 86.930  val_acc 90.83  (28.6s)
epoch 86/100  lr 3.2e-06  loss 0.24384  ce 0.38925  kd 0.09844  train_acc 86.803  val_acc 90.74  (28.8s)
epoch 87/100  lr 2.86e-06  loss 0.24698  ce 0.39136  kd 0.10259  train_acc 85.241  val_acc 90.99  (28.3s)
epoch 88/100  lr 2.54e-06  loss 0.25526  ce 0.40892  kd 0.10160  train_acc 83.235  val_acc 91.41  (28.3s)
epoch 89/100  lr 2.24e-06  loss 0.25522  ce 0.40237  kd 0.10807  train_acc 83.910  val_acc 91.49  (28.6s)
epoch 90/100  lr 1.96e-06  loss 0.24679  ce 0.39547  kd 0.09810  train_acc 88.471  val_acc 91.41  (28.3s)
epoch 91/100  lr 1.71e-06  loss 0.24676  ce 0.39042  kd 0.10309  train_acc 86.423  val_acc 91.16  (27.9s)
epoch 92/100  lr 1.48e-06  loss 0.25480  ce 0.40562  kd 0.10399  train_acc 84.987  val_acc 91.33  (29.8s)
epoch 93/100  lr 1.28e-06  loss 0.23588  ce 0.37551  kd 0.09625  train_acc 85.895  val_acc 91.16  (27.5s)
epoch 94/100  lr 1.1e-06  loss 0.23715  ce 0.38066  kd 0.09365  train_acc 87.690  val_acc 91.33  (28.4s)
epoch 95/100  lr 9.38e-07  loss 0.25603  ce 0.40691  kd 0.10515  train_acc 84.143  val_acc 91.24  (27.8s)
epoch 96/100  lr 8.05e-07  loss 0.25029  ce 0.40160  kd 0.09897  train_acc 84.354  val_acc 91.24  (29.0s)
epoch 97/100  lr 6.95e-07  loss 0.24577  ce 0.38906  kd 0.10248  train_acc 85.895  val_acc 91.08  (27.4s)
epoch 98/100  lr 6.1e-07  loss 0.25215  ce 0.39894  kd 0.10536  train_acc 86.275  val_acc 91.24  (27.7s)
epoch 99/100  lr 5.49e-07  loss 0.25439  ce 0.40738  kd 0.10140  train_acc 82.728  val_acc 91.16  (27.8s)
epoch 100/100  lr 5.12e-07  loss 0.24767  ce 0.39284  kd 0.10250  train_acc 82.348  val_acc 91.24  (27.4s)
done. final val acc 91.24  best 92.08 @ epoch 75
