
===== 2026-10-04 14:13:48 pid=421756 /home/coder/aim-lab-stage3/stage0/train.py --mode maskedkd --mask-criterion tam_r --keep 0.3 --dataset waterbirds --seed 2 --lr 5e-05
run dir: /home/coder/stage0/outputs/waterbirds/tam_r_k0.3/seed2
state: new  device: cuda  micro_batch: 128  accum: 1  num_workers: 3
train 4795  val 1199  steps/epoch 37
teacher: /home/coder/stage0/outputs/waterbirds/teacher/seed0/best.pt (epoch 21, val acc 93.99)
TAM: kind attn_last, gap [0.1, 0.5], budget fixed, k per bucket (59, 59, 59), teacher GFLOPs {59: 5.2780416}
epoch 1/100  lr 1e-06  loss 0.57119  ce 0.63096  kd 0.51142  train_acc 66.448  val_acc 67.06  (28.9s)
epoch 2/100  lr 1.08e-05  loss 0.43348  ce 0.52656  kd 0.34041  train_acc 78.125  val_acc 71.31  (28.5s)
epoch 3/100  lr 2.06e-05  loss 0.34790  ce 0.46525  kd 0.23055  train_acc 81.208  val_acc 65.47  (25.8s)
epoch 4/100  lr 3.04e-05  loss 0.30179  ce 0.41854  kd 0.18505  train_acc 86.571  val_acc 74.31  (28.0s)
epoch 5/100  lr 4.02e-05  loss 0.29577  ce 0.42431  kd 0.16723  train_acc 83.953  val_acc 76.40  (28.4s)
epoch 6/100  lr 4.97e-05  loss 0.29244  ce 0.43046  kd 0.15441  train_acc 82.306  val_acc 80.07  (29.2s)
epoch 7/100  lr 4.96e-05  loss 0.27867  ce 0.40765  kd 0.14968  train_acc 83.066  val_acc 82.99  (29.2s)
epoch 8/100  lr 4.94e-05  loss 0.27628  ce 0.40472  kd 0.14784  train_acc 84.649  val_acc 83.57  (28.9s)
epoch 9/100  lr 4.92e-05  loss 0.28420  ce 0.41092  kd 0.15748  train_acc 82.707  val_acc 83.65  (29.3s)
epoch 10/100  lr 4.9e-05  loss 0.29201  ce 0.43084  kd 0.15319  train_acc 84.903  val_acc 84.49  (29.5s)
epoch 11/100  lr 4.88e-05  loss 0.27353  ce 0.40624  kd 0.14081  train_acc 82.200  val_acc 87.91  (30.4s)
epoch 12/100  lr 4.85e-05  loss 0.28047  ce 0.41706  kd 0.14388  train_acc 83.383  val_acc 86.74  (28.6s)
epoch 13/100  lr 4.83e-05  loss 0.28355  ce 0.42403  kd 0.14307  train_acc 84.101  val_acc 87.32  (29.4s)
epoch 14/100  lr 4.8e-05  loss 0.26713  ce 0.40329  kd 0.13097  train_acc 86.803  val_acc 87.24  (28.1s)
epoch 15/100  lr 4.76e-05  loss 0.27549  ce 0.41096  kd 0.14002  train_acc 83.953  val_acc 85.99  (28.0s)
epoch 16/100  lr 4.73e-05  loss 0.27411  ce 0.40976  kd 0.13845  train_acc 82.116  val_acc 82.90  (28.2s)
epoch 17/100  lr 4.69e-05  loss 0.26733  ce 0.40075  kd 0.13391  train_acc 85.726  val_acc 87.41  (26.9s)
epoch 18/100  lr 4.66e-05  loss 0.28360  ce 0.42464  kd 0.14256  train_acc 85.705  val_acc 86.57  (27.1s)
epoch 19/100  lr 4.61e-05  loss 0.27384  ce 0.41324  kd 0.13444  train_acc 83.784  val_acc 88.82  (28.1s)
epoch 20/100  lr 4.57e-05  loss 0.26909  ce 0.40776  kd 0.13043  train_acc 83.552  val_acc 88.49  (28.3s)
epoch 21/100  lr 4.53e-05  loss 0.26748  ce 0.40137  kd 0.13358  train_acc 83.910  val_acc 85.57  (27.4s)
epoch 22/100  lr 4.48e-05  loss 0.27070  ce 0.40984  kd 0.13155  train_acc 85.452  val_acc 87.57  (28.3s)
epoch 23/100  lr 4.43e-05  loss 0.26849  ce 0.41473  kd 0.12225  train_acc 84.882  val_acc 89.82  (27.6s)
epoch 24/100  lr 4.38e-05  loss 0.26710  ce 0.40321  kd 0.13099  train_acc 85.135  val_acc 88.66  (28.1s)
epoch 25/100  lr 4.33e-05  loss 0.27262  ce 0.40101  kd 0.14422  train_acc 85.346  val_acc 90.08  (28.5s)
epoch 26/100  lr 4.28e-05  loss 0.25625  ce 0.39124  kd 0.12127  train_acc 84.375  val_acc 88.57  (27.8s)
epoch 27/100  lr 4.22e-05  loss 0.27399  ce 0.41612  kd 0.13187  train_acc 85.895  val_acc 89.41  (28.3s)
epoch 28/100  lr 4.16e-05  loss 0.26787  ce 0.40456  kd 0.13118  train_acc 85.389  val_acc 88.16  (28.8s)
epoch 29/100  lr 4.1e-05  loss 0.26328  ce 0.40002  kd 0.12655  train_acc 82.073  val_acc 89.49  (28.9s)
epoch 30/100  lr 4.04e-05  loss 0.25630  ce 0.38834  kd 0.12426  train_acc 86.402  val_acc 89.49  (27.7s)
epoch 31/100  lr 3.98e-05  loss 0.25821  ce 0.39258  kd 0.12385  train_acc 84.101  val_acc 89.66  (27.7s)
epoch 32/100  lr 3.92e-05  loss 0.25112  ce 0.38549  kd 0.11675  train_acc 82.644  val_acc 90.41  (27.9s)
epoch 33/100  lr 3.85e-05  loss 0.25864  ce 0.39617  kd 0.12112  train_acc 85.938  val_acc 90.99  (29.1s)
epoch 34/100  lr 3.78e-05  loss 0.25376  ce 0.38885  kd 0.11867  train_acc 88.746  val_acc 90.41  (27.8s)
epoch 35/100  lr 3.72e-05  loss 0.25233  ce 0.38623  kd 0.11844  train_acc 86.550  val_acc 89.32  (27.4s)
epoch 36/100  lr 3.65e-05  loss 0.24770  ce 0.37779  kd 0.11762  train_acc 82.264  val_acc 89.24  (29.5s)
epoch 37/100  lr 3.58e-05  loss 0.26763  ce 0.40201  kd 0.13326  train_acc 83.235  val_acc 90.58  (28.3s)
epoch 38/100  lr 3.51e-05  loss 0.24959  ce 0.38374  kd 0.11543  train_acc 87.521  val_acc 88.91  (29.2s)
epoch 39/100  lr 3.44e-05  loss 0.25878  ce 0.40086  kd 0.11670  train_acc 87.922  val_acc 90.08  (28.6s)
epoch 40/100  lr 3.36e-05  loss 0.26624  ce 0.40419  kd 0.12828  train_acc 84.692  val_acc 90.83  (28.0s)
epoch 41/100  lr 3.29e-05  loss 0.26099  ce 0.39758  kd 0.12440  train_acc 86.043  val_acc 89.49  (28.1s)
epoch 42/100  lr 3.22e-05  loss 0.26444  ce 0.40643  kd 0.12245  train_acc 86.888  val_acc 88.82  (28.1s)
epoch 43/100  lr 3.14e-05  loss 0.25714  ce 0.39543  kd 0.11886  train_acc 84.776  val_acc 89.24  (28.6s)
epoch 44/100  lr 3.06e-05  loss 0.26366  ce 0.40422  kd 0.12309  train_acc 86.170  val_acc 88.91  (27.9s)
epoch 45/100  lr 2.99e-05  loss 0.25436  ce 0.39150  kd 0.11723  train_acc 82.770  val_acc 90.83  (29.1s)
epoch 46/100  lr 2.91e-05  loss 0.26457  ce 0.40715  kd 0.12199  train_acc 81.609  val_acc 89.99  (27.7s)
epoch 47/100  lr 2.84e-05  loss 0.25702  ce 0.39675  kd 0.11730  train_acc 86.043  val_acc 90.66  (29.1s)
epoch 48/100  lr 2.76e-05  loss 0.26166  ce 0.39885  kd 0.12447  train_acc 83.974  val_acc 91.16  (28.3s)
epoch 49/100  lr 2.68e-05  loss 0.25827  ce 0.39374  kd 0.12281  train_acc 84.628  val_acc 90.08  (28.3s)
epoch 50/100  lr 2.6e-05  loss 0.25548  ce 0.39372  kd 0.11724  train_acc 84.628  val_acc 90.74  (28.6s)
epoch 51/100  lr 2.53e-05  loss 0.26729  ce 0.40753  kd 0.12705  train_acc 86.571  val_acc 89.74  (29.7s)
epoch 52/100  lr 2.45e-05  loss 0.25624  ce 0.39361  kd 0.11888  train_acc 88.345  val_acc 90.24  (28.1s)
epoch 53/100  lr 2.37e-05  loss 0.26570  ce 0.40691  kd 0.12450  train_acc 81.651  val_acc 90.49  (28.2s)
epoch 54/100  lr 2.29e-05  loss 0.26483  ce 0.40050  kd 0.12916  train_acc 84.903  val_acc 90.16  (27.8s)
epoch 55/100  lr 2.21e-05  loss 0.25088  ce 0.38443  kd 0.11732  train_acc 85.072  val_acc 89.74  (27.8s)
epoch 56/100  lr 2.14e-05  loss 0.25471  ce 0.39309  kd 0.11634  train_acc 84.206  val_acc 91.83  (27.5s)
epoch 57/100  lr 2.06e-05  loss 0.25899  ce 0.39447  kd 0.12351  train_acc 86.951  val_acc 91.08  (29.3s)
epoch 58/100  lr 1.99e-05  loss 0.25770  ce 0.39945  kd 0.11594  train_acc 88.767  val_acc 90.58  (28.9s)
epoch 59/100  lr 1.91e-05  loss 0.25427  ce 0.39224  kd 0.11630  train_acc 84.903  val_acc 89.74  (28.4s)
epoch 60/100  lr 1.83e-05  loss 0.24773  ce 0.37928  kd 0.11618  train_acc 87.584  val_acc 89.49  (28.1s)
epoch 61/100  lr 1.76e-05  loss 0.25083  ce 0.38922  kd 0.11244  train_acc 85.452  val_acc 91.08  (28.1s)
epoch 62/100  lr 1.69e-05  loss 0.25173  ce 0.38672  kd 0.11673  train_acc 80.807  val_acc 90.99  (27.8s)
epoch 63/100  lr 1.61e-05  loss 0.24796  ce 0.37829  kd 0.11763  train_acc 87.057  val_acc 91.41  (27.0s)
epoch 64/100  lr 1.54e-05  loss 0.25584  ce 0.39249  kd 0.11919  train_acc 82.432  val_acc 91.08  (26.8s)
epoch 65/100  lr 1.47e-05  loss 0.23888  ce 0.36949  kd 0.10827  train_acc 83.340  val_acc 90.91  (27.7s)
epoch 66/100  lr 1.4e-05  loss 0.25451  ce 0.39408  kd 0.11493  train_acc 80.828  val_acc 90.74  (28.6s)
epoch 67/100  lr 1.33e-05  loss 0.24425  ce 0.37634  kd 0.11215  train_acc 85.198  val_acc 90.99  (29.5s)
epoch 68/100  lr 1.27e-05  loss 0.24224  ce 0.36943  kd 0.11504  train_acc 83.910  val_acc 91.33  (29.3s)
epoch 69/100  lr 1.2e-05  loss 0.23893  ce 0.37018  kd 0.10768  train_acc 86.233  val_acc 91.66  (28.5s)
epoch 70/100  lr 1.13e-05  loss 0.24920  ce 0.38186  kd 0.11654  train_acc 84.734  val_acc 90.66  (28.1s)
epoch 71/100  lr 1.07e-05  loss 0.25037  ce 0.38741  kd 0.11333  train_acc 87.310  val_acc 91.24  (28.2s)
epoch 72/100  lr 1.01e-05  loss 0.23870  ce 0.36523  kd 0.11216  train_acc 81.630  val_acc 90.83  (28.8s)
epoch 73/100  lr 9.47e-06  loss 0.24942  ce 0.38606  kd 0.11279  train_acc 84.882  val_acc 90.74  (28.3s)
epoch 74/100  lr 8.88e-06  loss 0.26856  ce 0.41348  kd 0.12364  train_acc 84.586  val_acc 90.99  (28.1s)
epoch 75/100  lr 8.31e-06  loss 0.25725  ce 0.39588  kd 0.11863  train_acc 82.939  val_acc 91.74  (28.1s)
epoch 76/100  lr 7.75e-06  loss 0.26512  ce 0.41003  kd 0.12022  train_acc 83.024  val_acc 91.49  (29.1s)
epoch 77/100  lr 7.21e-06  loss 0.25342  ce 0.39042  kd 0.11642  train_acc 85.198  val_acc 91.16  (27.5s)
epoch 78/100  lr 6.68e-06  loss 0.26667  ce 0.40942  kd 0.12393  train_acc 83.995  val_acc 91.41  (27.7s)
epoch 79/100  lr 6.18e-06  loss 0.25860  ce 0.39784  kd 0.11937  train_acc 85.769  val_acc 91.08  (28.8s)
epoch 80/100  lr 5.69e-06  loss 0.23164  ce 0.35728  kd 0.10599  train_acc 84.523  val_acc 91.24  (27.4s)
epoch 81/100  lr 5.23e-06  loss 0.25784  ce 0.40127  kd 0.11441  train_acc 81.989  val_acc 91.33  (28.7s)
epoch 82/100  lr 4.78e-06  loss 0.26582  ce 0.41301  kd 0.11863  train_acc 85.389  val_acc 91.58  (28.3s)
epoch 83/100  lr 4.35e-06  loss 0.27191  ce 0.41349  kd 0.13033  train_acc 83.087  val_acc 91.33  (28.4s)
epoch 84/100  lr 3.95e-06  loss 0.25828  ce 0.39478  kd 0.12179  train_acc 88.450  val_acc 91.66  (29.0s)
epoch 85/100  lr 3.56e-06  loss 0.25670  ce 0.39729  kd 0.11611  train_acc 83.573  val_acc 91.58  (28.4s)
epoch 86/100  lr 3.2e-06  loss 0.25425  ce 0.39291  kd 0.11559  train_acc 83.552  val_acc 91.41  (29.4s)
epoch 87/100  lr 2.86e-06  loss 0.25301  ce 0.38612  kd 0.11990  train_acc 87.627  val_acc 91.24  (28.1s)
epoch 88/100  lr 2.54e-06  loss 0.26072  ce 0.40555  kd 0.11589  train_acc 85.832  val_acc 91.08  (30.1s)
epoch 89/100  lr 2.24e-06  loss 0.24656  ce 0.37807  kd 0.11506  train_acc 83.889  val_acc 91.49  (27.3s)
epoch 90/100  lr 1.96e-06  loss 0.25248  ce 0.39128  kd 0.11369  train_acc 89.337  val_acc 91.49  (27.5s)
epoch 91/100  lr 1.71e-06  loss 0.23214  ce 0.35598  kd 0.10829  train_acc 80.384  val_acc 91.49  (28.6s)
epoch 92/100  lr 1.48e-06  loss 0.24986  ce 0.38845  kd 0.11127  train_acc 86.085  val_acc 91.58  (27.1s)
epoch 93/100  lr 1.28e-06  loss 0.26072  ce 0.40194  kd 0.11951  train_acc 85.325  val_acc 91.33  (28.3s)
epoch 94/100  lr 1.1e-06  loss 0.25880  ce 0.39942  kd 0.11819  train_acc 80.258  val_acc 91.33  (27.9s)
epoch 95/100  lr 9.38e-07  loss 0.25889  ce 0.39660  kd 0.12117  train_acc 82.411  val_acc 91.33  (28.4s)
epoch 96/100  lr 8.05e-07  loss 0.24953  ce 0.38586  kd 0.11321  train_acc 83.763  val_acc 91.41  (28.4s)
epoch 97/100  lr 6.95e-07  loss 0.25272  ce 0.39123  kd 0.11421  train_acc 84.459  val_acc 91.49  (28.7s)
epoch 98/100  lr 6.1e-07  loss 0.23397  ce 0.36150  kd 0.10644  train_acc 86.402  val_acc 91.41  (27.8s)
epoch 99/100  lr 5.49e-07  loss 0.26125  ce 0.39906  kd 0.12344  train_acc 85.325  val_acc 91.49  (25.8s)
epoch 100/100  lr 5.12e-07  loss 0.24633  ce 0.37856  kd 0.11410  train_acc 85.663  val_acc 91.41  (26.8s)
done. final val acc 91.41  best 91.83 @ epoch 56
