
===== 2026-10-04 11:24:37 pid=360526 /home/coder/aim-lab-stage3/stage0/train.py --mode maskedkd --mask-criterion random --keep 0.5 --dataset waterbirds --seed 2 --lr 5e-05
run dir: /home/coder/stage0/outputs/waterbirds/random_k0.5/seed2
state: new  device: cuda  micro_batch: 128  accum: 1  num_workers: 3
train 4795  val 1199  steps/epoch 37
teacher: /home/coder/stage0/outputs/waterbirds/teacher/seed0/best.pt (epoch 21, val acc 93.99)
epoch 1/100  lr 1e-06  loss 0.57171  ce 0.63079  kd 0.51263  train_acc 66.491  val_acc 67.22  (29.6s)
epoch 2/100  lr 1.08e-05  loss 0.41606  ce 0.53296  kd 0.29915  train_acc 77.977  val_acc 71.39  (29.8s)
epoch 3/100  lr 2.06e-05  loss 0.33763  ce 0.46877  kd 0.20649  train_acc 80.954  val_acc 64.64  (29.6s)
epoch 4/100  lr 3.04e-05  loss 0.29259  ce 0.42184  kd 0.16335  train_acc 86.486  val_acc 73.06  (30.0s)
epoch 5/100  lr 4.02e-05  loss 0.28816  ce 0.42889  kd 0.14743  train_acc 83.932  val_acc 73.81  (29.5s)
epoch 6/100  lr 4.97e-05  loss 0.28567  ce 0.43470  kd 0.13664  train_acc 82.179  val_acc 79.90  (30.6s)
epoch 7/100  lr 4.96e-05  loss 0.26839  ce 0.40975  kd 0.12703  train_acc 83.488  val_acc 80.15  (30.9s)
epoch 8/100  lr 4.94e-05  loss 0.26344  ce 0.40889  kd 0.11799  train_acc 84.945  val_acc 82.90  (30.1s)
epoch 9/100  lr 4.92e-05  loss 0.27015  ce 0.41177  kd 0.12853  train_acc 82.728  val_acc 80.90  (29.5s)
epoch 10/100  lr 4.9e-05  loss 0.27938  ce 0.43378  kd 0.12497  train_acc 85.557  val_acc 85.74  (30.8s)
epoch 11/100  lr 4.88e-05  loss 0.26343  ce 0.40850  kd 0.11836  train_acc 82.812  val_acc 87.24  (29.4s)
epoch 12/100  lr 4.85e-05  loss 0.27059  ce 0.41911  kd 0.12207  train_acc 83.699  val_acc 84.49  (29.8s)
epoch 13/100  lr 4.83e-05  loss 0.27696  ce 0.42794  kd 0.12598  train_acc 83.889  val_acc 86.57  (29.7s)
epoch 14/100  lr 4.8e-05  loss 0.25799  ce 0.40316  kd 0.11282  train_acc 87.226  val_acc 86.07  (29.4s)
epoch 15/100  lr 4.76e-05  loss 0.26668  ce 0.41180  kd 0.12157  train_acc 84.692  val_acc 85.49  (29.0s)
epoch 16/100  lr 4.73e-05  loss 0.26259  ce 0.41286  kd 0.11233  train_acc 82.348  val_acc 84.74  (28.2s)
epoch 17/100  lr 4.69e-05  loss 0.25397  ce 0.40113  kd 0.10681  train_acc 86.233  val_acc 85.15  (30.2s)
epoch 18/100  lr 4.66e-05  loss 0.27377  ce 0.42465  kd 0.12288  train_acc 86.064  val_acc 87.07  (29.1s)
epoch 19/100  lr 4.61e-05  loss 0.26670  ce 0.41663  kd 0.11678  train_acc 84.185  val_acc 89.82  (28.6s)
epoch 20/100  lr 4.57e-05  loss 0.26118  ce 0.40792  kd 0.11444  train_acc 83.932  val_acc 87.49  (28.2s)
epoch 21/100  lr 4.53e-05  loss 0.25815  ce 0.40180  kd 0.11449  train_acc 84.312  val_acc 86.24  (28.1s)
epoch 22/100  lr 4.48e-05  loss 0.26199  ce 0.41339  kd 0.11060  train_acc 85.600  val_acc 87.16  (28.4s)
epoch 23/100  lr 4.43e-05  loss 0.26129  ce 0.41457  kd 0.10800  train_acc 85.135  val_acc 87.66  (28.5s)
epoch 24/100  lr 4.38e-05  loss 0.25760  ce 0.40605  kd 0.10916  train_acc 85.389  val_acc 86.74  (29.4s)
epoch 25/100  lr 4.33e-05  loss 0.25460  ce 0.40501  kd 0.10419  train_acc 85.579  val_acc 87.91  (29.6s)
epoch 26/100  lr 4.28e-05  loss 0.24758  ce 0.39086  kd 0.10431  train_acc 84.291  val_acc 87.74  (30.4s)
epoch 27/100  lr 4.22e-05  loss 0.26566  ce 0.41907  kd 0.11224  train_acc 86.698  val_acc 88.24  (29.9s)
epoch 28/100  lr 4.16e-05  loss 0.25677  ce 0.40621  kd 0.10733  train_acc 85.811  val_acc 87.16  (29.6s)
epoch 29/100  lr 4.1e-05  loss 0.25108  ce 0.40290  kd 0.09925  train_acc 82.517  val_acc 89.24  (30.7s)
epoch 30/100  lr 4.04e-05  loss 0.24784  ce 0.39080  kd 0.10488  train_acc 86.613  val_acc 88.49  (29.8s)
epoch 31/100  lr 3.98e-05  loss 0.24895  ce 0.39456  kd 0.10334  train_acc 84.312  val_acc 88.32  (30.5s)
epoch 32/100  lr 3.92e-05  loss 0.24281  ce 0.38655  kd 0.09906  train_acc 82.981  val_acc 89.74  (29.4s)
epoch 33/100  lr 3.85e-05  loss 0.24908  ce 0.39749  kd 0.10068  train_acc 86.064  val_acc 89.41  (29.0s)
epoch 34/100  lr 3.78e-05  loss 0.24435  ce 0.38912  kd 0.09958  train_acc 89.231  val_acc 87.99  (29.2s)
epoch 35/100  lr 3.72e-05  loss 0.24454  ce 0.38706  kd 0.10203  train_acc 87.014  val_acc 87.07  (28.8s)
epoch 36/100  lr 3.65e-05  loss 0.23912  ce 0.37954  kd 0.09871  train_acc 82.601  val_acc 88.41  (28.2s)
epoch 37/100  lr 3.58e-05  loss 0.25543  ce 0.40465  kd 0.10621  train_acc 83.573  val_acc 89.41  (27.9s)
epoch 38/100  lr 3.51e-05  loss 0.24125  ce 0.38395  kd 0.09856  train_acc 87.352  val_acc 89.32  (29.1s)
epoch 39/100  lr 3.44e-05  loss 0.25050  ce 0.40303  kd 0.09797  train_acc 88.028  val_acc 88.99  (28.4s)
epoch 40/100  lr 3.36e-05  loss 0.25581  ce 0.40797  kd 0.10365  train_acc 85.072  val_acc 90.08  (27.0s)
epoch 41/100  lr 3.29e-05  loss 0.25166  ce 0.39838  kd 0.10495  train_acc 86.592  val_acc 90.24  (27.1s)
epoch 42/100  lr 3.22e-05  loss 0.25646  ce 0.41035  kd 0.10258  train_acc 86.993  val_acc 87.49  (27.2s)
epoch 43/100  lr 3.14e-05  loss 0.25010  ce 0.39746  kd 0.10274  train_acc 85.325  val_acc 88.41  (27.2s)
epoch 44/100  lr 3.06e-05  loss 0.25459  ce 0.40646  kd 0.10272  train_acc 86.550  val_acc 86.82  (27.7s)
epoch 45/100  lr 2.99e-05  loss 0.24695  ce 0.39462  kd 0.09928  train_acc 82.770  val_acc 89.07  (28.3s)
epoch 46/100  lr 2.91e-05  loss 0.25520  ce 0.40927  kd 0.10114  train_acc 82.285  val_acc 87.91  (28.1s)
epoch 47/100  lr 2.84e-05  loss 0.25039  ce 0.39761  kd 0.10317  train_acc 86.529  val_acc 89.49  (27.7s)
epoch 48/100  lr 2.76e-05  loss 0.25231  ce 0.40219  kd 0.10244  train_acc 83.784  val_acc 89.57  (27.6s)
epoch 49/100  lr 2.68e-05  loss 0.24790  ce 0.39546  kd 0.10034  train_acc 84.966  val_acc 89.41  (27.9s)
epoch 50/100  lr 2.6e-05  loss 0.24755  ce 0.39466  kd 0.10044  train_acc 85.093  val_acc 89.49  (27.7s)
epoch 51/100  lr 2.53e-05  loss 0.25686  ce 0.41099  kd 0.10272  train_acc 87.120  val_acc 88.16  (27.8s)
epoch 52/100  lr 2.45e-05  loss 0.24506  ce 0.39505  kd 0.09506  train_acc 88.619  val_acc 88.74  (28.3s)
epoch 53/100  lr 2.37e-05  loss 0.25571  ce 0.40900  kd 0.10242  train_acc 81.841  val_acc 88.41  (28.5s)
epoch 54/100  lr 2.29e-05  loss 0.25134  ce 0.40164  kd 0.10103  train_acc 85.769  val_acc 88.74  (29.3s)
epoch 55/100  lr 2.21e-05  loss 0.24211  ce 0.38527  kd 0.09896  train_acc 85.916  val_acc 88.91  (28.3s)
epoch 56/100  lr 2.14e-05  loss 0.24595  ce 0.39527  kd 0.09664  train_acc 84.438  val_acc 89.74  (28.4s)
epoch 57/100  lr 2.06e-05  loss 0.24729  ce 0.39681  kd 0.09776  train_acc 87.331  val_acc 90.33  (28.3s)
epoch 58/100  lr 1.99e-05  loss 0.24810  ce 0.39972  kd 0.09649  train_acc 89.168  val_acc 90.24  (28.4s)
epoch 59/100  lr 1.91e-05  loss 0.24280  ce 0.39254  kd 0.09307  train_acc 85.557  val_acc 88.24  (27.8s)
epoch 60/100  lr 1.83e-05  loss 0.23886  ce 0.38036  kd 0.09736  train_acc 87.774  val_acc 88.16  (27.7s)
epoch 61/100  lr 1.76e-05  loss 0.24264  ce 0.38857  kd 0.09670  train_acc 86.043  val_acc 90.16  (27.5s)
epoch 62/100  lr 1.69e-05  loss 0.24190  ce 0.38860  kd 0.09519  train_acc 81.377  val_acc 89.74  (28.0s)
epoch 63/100  lr 1.61e-05  loss 0.23907  ce 0.37920  kd 0.09893  train_acc 87.268  val_acc 90.66  (27.3s)
epoch 64/100  lr 1.54e-05  loss 0.24494  ce 0.39420  kd 0.09567  train_acc 82.432  val_acc 89.66  (27.9s)
epoch 65/100  lr 1.47e-05  loss 0.23114  ce 0.37022  kd 0.09206  train_acc 83.340  val_acc 90.41  (27.7s)
epoch 66/100  lr 1.4e-05  loss 0.24448  ce 0.39500  kd 0.09397  train_acc 81.081  val_acc 90.08  (27.0s)
epoch 67/100  lr 1.33e-05  loss 0.23240  ce 0.37629  kd 0.08852  train_acc 85.600  val_acc 90.24  (26.9s)
epoch 68/100  lr 1.27e-05  loss 0.23038  ce 0.37130  kd 0.08945  train_acc 84.037  val_acc 90.16  (27.6s)
epoch 69/100  lr 1.2e-05  loss 0.23184  ce 0.37263  kd 0.09105  train_acc 86.655  val_acc 90.66  (27.3s)
epoch 70/100  lr 1.13e-05  loss 0.23841  ce 0.38176  kd 0.09505  train_acc 85.410  val_acc 89.07  (27.5s)
epoch 71/100  lr 1.07e-05  loss 0.24336  ce 0.38830  kd 0.09841  train_acc 87.669  val_acc 90.49  (27.0s)
epoch 72/100  lr 1.01e-05  loss 0.23117  ce 0.36688  kd 0.09547  train_acc 82.179  val_acc 90.24  (26.8s)
epoch 73/100  lr 9.47e-06  loss 0.24156  ce 0.38602  kd 0.09710  train_acc 85.452  val_acc 89.91  (26.7s)
epoch 74/100  lr 8.88e-06  loss 0.25771  ce 0.41579  kd 0.09964  train_acc 84.840  val_acc 89.49  (26.6s)
epoch 75/100  lr 8.31e-06  loss 0.24874  ce 0.39785  kd 0.09963  train_acc 83.467  val_acc 90.08  (26.8s)
epoch 76/100  lr 7.75e-06  loss 0.25448  ce 0.41259  kd 0.09637  train_acc 83.636  val_acc 90.99  (27.5s)
epoch 77/100  lr 7.21e-06  loss 0.24520  ce 0.39288  kd 0.09751  train_acc 85.515  val_acc 90.74  (27.0s)
epoch 78/100  lr 6.68e-06  loss 0.25408  ce 0.41060  kd 0.09755  train_acc 84.417  val_acc 90.58  (28.4s)
epoch 79/100  lr 6.18e-06  loss 0.25213  ce 0.39947  kd 0.10478  train_acc 86.085  val_acc 90.66  (26.8s)
epoch 80/100  lr 5.69e-06  loss 0.22338  ce 0.35901  kd 0.08775  train_acc 84.924  val_acc 89.57  (28.0s)
epoch 81/100  lr 5.23e-06  loss 0.24911  ce 0.40330  kd 0.09492  train_acc 82.242  val_acc 89.57  (28.1s)
epoch 82/100  lr 4.78e-06  loss 0.25864  ce 0.41612  kd 0.10115  train_acc 85.790  val_acc 90.33  (27.2s)
epoch 83/100  lr 4.35e-06  loss 0.25956  ce 0.41470  kd 0.10442  train_acc 83.868  val_acc 90.16  (28.0s)
epoch 84/100  lr 3.95e-06  loss 0.24709  ce 0.39651  kd 0.09768  train_acc 88.894  val_acc 90.24  (27.4s)
epoch 85/100  lr 3.56e-06  loss 0.25000  ce 0.39878  kd 0.10123  train_acc 84.058  val_acc 89.66  (27.4s)
epoch 86/100  lr 3.2e-06  loss 0.24677  ce 0.39303  kd 0.10050  train_acc 83.868  val_acc 90.49  (27.7s)
epoch 87/100  lr 2.86e-06  loss 0.23946  ce 0.38580  kd 0.09311  train_acc 88.155  val_acc 90.24  (28.3s)
epoch 88/100  lr 2.54e-06  loss 0.25430  ce 0.40945  kd 0.09915  train_acc 85.874  val_acc 90.16  (28.7s)
epoch 89/100  lr 2.24e-06  loss 0.23555  ce 0.38108  kd 0.09002  train_acc 84.269  val_acc 89.91  (26.9s)
epoch 90/100  lr 1.96e-06  loss 0.24428  ce 0.39291  kd 0.09564  train_acc 90.245  val_acc 90.16  (27.4s)
epoch 91/100  lr 1.71e-06  loss 0.22045  ce 0.35726  kd 0.08364  train_acc 80.617  val_acc 89.82  (28.2s)
epoch 92/100  lr 1.48e-06  loss 0.24164  ce 0.39051  kd 0.09277  train_acc 86.719  val_acc 89.91  (27.8s)
epoch 93/100  lr 1.28e-06  loss 0.25091  ce 0.40456  kd 0.09726  train_acc 85.642  val_acc 90.08  (27.7s)
epoch 94/100  lr 1.1e-06  loss 0.24939  ce 0.40104  kd 0.09773  train_acc 80.828  val_acc 89.74  (27.7s)
epoch 95/100  lr 9.38e-07  loss 0.24774  ce 0.39844  kd 0.09705  train_acc 83.003  val_acc 89.82  (28.5s)
epoch 96/100  lr 8.05e-07  loss 0.24050  ce 0.38666  kd 0.09433  train_acc 84.227  val_acc 89.74  (27.7s)
epoch 97/100  lr 6.95e-07  loss 0.24411  ce 0.39268  kd 0.09553  train_acc 84.945  val_acc 89.82  (27.8s)
epoch 98/100  lr 6.1e-07  loss 0.22492  ce 0.36209  kd 0.08774  train_acc 87.057  val_acc 89.74  (24.9s)
epoch 99/100  lr 5.49e-07  loss 0.24899  ce 0.40169  kd 0.09629  train_acc 85.663  val_acc 89.82  (24.2s)
epoch 100/100  lr 5.12e-07  loss 0.23702  ce 0.38059  kd 0.09345  train_acc 86.043  val_acc 89.91  (27.6s)
done. final val acc 89.91  best 90.99 @ epoch 76
