
===== 2026-10-03 15:53:13 pid=71530 /home/coder/aim-lab-test-5/stage0/train.py --mode ce --dataset waterbirds --seed 0 --lr 0.0003 --subdir lrsel/ce_lr0.0003
run dir: /home/coder/stage0/outputs/waterbirds/lrsel/ce_lr0.0003/seed0
state: new  device: cuda  micro_batch: 128  accum: 1  num_workers: 3
train 4795  val 1199  steps/epoch 37
epoch 1/100  lr 1e-06  loss 0.75128  ce 0.75128  kd -  train_acc 48.269  val_acc 53.54  (21.7s)
epoch 2/100  lr 6.08e-05  loss 0.52145  ce 0.52145  kd -  train_acc 79.033  val_acc 60.47  (21.7s)
epoch 3/100  lr 0.000121  loss 0.42171  ce 0.42171  kd -  train_acc 86.423  val_acc 70.31  (21.5s)
epoch 4/100  lr 0.00018  loss 0.42672  ce 0.42672  kd -  train_acc 86.212  val_acc 70.39  (21.8s)
epoch 5/100  lr 0.00024  loss 0.41923  ce 0.41923  kd -  train_acc 85.220  val_acc 78.15  (21.2s)
epoch 6/100  lr 0.000298  loss 0.41040  ce 0.41040  kd -  train_acc 85.304  val_acc 77.48  (21.7s)
epoch 7/100  lr 0.000297  loss 0.41105  ce 0.41105  kd -  train_acc 84.396  val_acc 81.32  (21.5s)
epoch 8/100  lr 0.000296  loss 0.42044  ce 0.42044  kd -  train_acc 83.594  val_acc 78.23  (21.8s)
epoch 9/100  lr 0.000295  loss 0.42351  ce 0.42351  kd -  train_acc 84.903  val_acc 82.74  (22.0s)
epoch 10/100  lr 0.000294  loss 0.41603  ce 0.41603  kd -  train_acc 84.016  val_acc 78.90  (21.9s)
epoch 11/100  lr 0.000293  loss 0.40777  ce 0.40777  kd -  train_acc 83.361  val_acc 81.90  (21.7s)
epoch 12/100  lr 0.000291  loss 0.41314  ce 0.41314  kd -  train_acc 86.655  val_acc 80.98  (21.9s)
epoch 13/100  lr 0.00029  loss 0.42529  ce 0.42529  kd -  train_acc 84.037  val_acc 84.57  (22.0s)
epoch 14/100  lr 0.000288  loss 0.41833  ce 0.41833  kd -  train_acc 85.895  val_acc 85.32  (22.2s)
epoch 15/100  lr 0.000286  loss 0.40250  ce 0.40250  kd -  train_acc 86.149  val_acc 84.57  (21.9s)
epoch 16/100  lr 0.000284  loss 0.39181  ce 0.39181  kd -  train_acc 86.508  val_acc 82.65  (21.6s)
epoch 17/100  lr 0.000282  loss 0.41222  ce 0.41222  kd -  train_acc 86.465  val_acc 81.82  (21.8s)
epoch 18/100  lr 0.000279  loss 0.41211  ce 0.41211  kd -  train_acc 85.621  val_acc 81.98  (21.8s)
epoch 19/100  lr 0.000277  loss 0.40852  ce 0.40852  kd -  train_acc 82.918  val_acc 80.57  (21.8s)
epoch 20/100  lr 0.000274  loss 0.41016  ce 0.41016  kd -  train_acc 85.959  val_acc 83.99  (21.6s)
epoch 21/100  lr 0.000272  loss 0.41544  ce 0.41544  kd -  train_acc 87.373  val_acc 80.65  (21.9s)
epoch 22/100  lr 0.000269  loss 0.39918  ce 0.39918  kd -  train_acc 85.030  val_acc 88.24  (21.6s)
epoch 23/100  lr 0.000266  loss 0.42424  ce 0.42424  kd -  train_acc 82.369  val_acc 83.32  (21.8s)
epoch 24/100  lr 0.000263  loss 0.39418  ce 0.39418  kd -  train_acc 82.517  val_acc 86.57  (21.4s)
epoch 25/100  lr 0.00026  loss 0.40191  ce 0.40191  kd -  train_acc 85.853  val_acc 82.82  (21.6s)
epoch 26/100  lr 0.000257  loss 0.41209  ce 0.41209  kd -  train_acc 85.642  val_acc 84.65  (22.0s)
epoch 27/100  lr 0.000253  loss 0.40878  ce 0.40878  kd -  train_acc 84.713  val_acc 81.57  (21.6s)
epoch 28/100  lr 0.00025  loss 0.41472  ce 0.41472  kd -  train_acc 84.312  val_acc 80.48  (21.7s)
epoch 29/100  lr 0.000246  loss 0.41532  ce 0.41532  kd -  train_acc 82.622  val_acc 79.23  (21.3s)
epoch 30/100  lr 0.000243  loss 0.42151  ce 0.42151  kd -  train_acc 83.847  val_acc 84.24  (21.7s)
epoch 31/100  lr 0.000239  loss 0.39502  ce 0.39502  kd -  train_acc 79.645  val_acc 87.24  (21.7s)
epoch 32/100  lr 0.000235  loss 0.39556  ce 0.39556  kd -  train_acc 83.509  val_acc 82.90  (21.7s)
epoch 33/100  lr 0.000231  loss 0.39505  ce 0.39505  kd -  train_acc 84.185  val_acc 81.65  (21.9s)
epoch 34/100  lr 0.000227  loss 0.40593  ce 0.40593  kd -  train_acc 78.484  val_acc 83.99  (21.9s)
epoch 35/100  lr 0.000223  loss 0.40824  ce 0.40824  kd -  train_acc 83.699  val_acc 82.32  (21.6s)
epoch 36/100  lr 0.000219  loss 0.39721  ce 0.39721  kd -  train_acc 88.049  val_acc 81.65  (22.3s)
epoch 37/100  lr 0.000215  loss 0.40510  ce 0.40510  kd -  train_acc 84.122  val_acc 86.41  (21.6s)
epoch 38/100  lr 0.00021  loss 0.39532  ce 0.39532  kd -  train_acc 84.481  val_acc 84.74  (21.2s)
epoch 39/100  lr 0.000206  loss 0.40175  ce 0.40175  kd -  train_acc 86.613  val_acc 84.49  (21.6s)
epoch 40/100  lr 0.000202  loss 0.40308  ce 0.40308  kd -  train_acc 83.024  val_acc 79.57  (21.7s)
epoch 41/100  lr 0.000197  loss 0.40925  ce 0.40925  kd -  train_acc 86.064  val_acc 83.57  (21.6s)
epoch 42/100  lr 0.000193  loss 0.40090  ce 0.40090  kd -  train_acc 83.995  val_acc 83.74  (21.5s)
epoch 43/100  lr 0.000188  loss 0.38722  ce 0.38722  kd -  train_acc 84.037  val_acc 84.90  (21.5s)
epoch 44/100  lr 0.000184  loss 0.39892  ce 0.39892  kd -  train_acc 83.446  val_acc 83.15  (21.9s)
epoch 45/100  lr 0.000179  loss 0.39054  ce 0.39054  kd -  train_acc 85.198  val_acc 83.74  (21.5s)
epoch 46/100  lr 0.000175  loss 0.41075  ce 0.41075  kd -  train_acc 84.903  val_acc 82.32  (21.9s)
epoch 47/100  lr 0.00017  loss 0.41543  ce 0.41543  kd -  train_acc 83.235  val_acc 82.24  (21.3s)
epoch 48/100  lr 0.000165  loss 0.38652  ce 0.38652  kd -  train_acc 87.141  val_acc 85.40  (21.8s)
epoch 49/100  lr 0.000161  loss 0.39367  ce 0.39367  kd -  train_acc 87.648  val_acc 81.82  (22.0s)
epoch 50/100  lr 0.000156  loss 0.37767  ce 0.37767  kd -  train_acc 85.621  val_acc 84.49  (22.0s)
epoch 51/100  lr 0.000151  loss 0.37460  ce 0.37460  kd -  train_acc 86.740  val_acc 86.49  (22.3s)
epoch 52/100  lr 0.000147  loss 0.40116  ce 0.40116  kd -  train_acc 82.749  val_acc 86.74  (22.3s)
epoch 53/100  lr 0.000142  loss 0.40078  ce 0.40078  kd -  train_acc 81.377  val_acc 84.74  (21.7s)
epoch 54/100  lr 0.000138  loss 0.39877  ce 0.39877  kd -  train_acc 81.757  val_acc 82.90  (21.8s)
epoch 55/100  lr 0.000133  loss 0.40031  ce 0.40031  kd -  train_acc 83.530  val_acc 85.40  (21.6s)
epoch 56/100  lr 0.000128  loss 0.38289  ce 0.38289  kd -  train_acc 84.797  val_acc 83.32  (21.9s)
epoch 57/100  lr 0.000124  loss 0.38797  ce 0.38797  kd -  train_acc 87.035  val_acc 84.32  (21.9s)
epoch 58/100  lr 0.000119  loss 0.37499  ce 0.37499  kd -  train_acc 83.509  val_acc 85.74  (21.7s)
epoch 59/100  lr 0.000115  loss 0.38632  ce 0.38632  kd -  train_acc 84.586  val_acc 85.82  (21.7s)
epoch 60/100  lr 0.00011  loss 0.40109  ce 0.40109  kd -  train_acc 84.776  val_acc 87.57  (21.8s)
epoch 61/100  lr 0.000106  loss 0.38750  ce 0.38750  kd -  train_acc 89.611  val_acc 84.90  (21.7s)
epoch 62/100  lr 0.000101  loss 0.38674  ce 0.38674  kd -  train_acc 83.805  val_acc 85.24  (22.0s)
epoch 63/100  lr 9.68e-05  loss 0.39209  ce 0.39209  kd -  train_acc 86.106  val_acc 85.15  (21.6s)
epoch 64/100  lr 9.25e-05  loss 0.37393  ce 0.37393  kd -  train_acc 86.296  val_acc 87.32  (21.6s)
epoch 65/100  lr 8.83e-05  loss 0.34793  ce 0.34793  kd -  train_acc 84.840  val_acc 86.91  (22.0s)
epoch 66/100  lr 8.41e-05  loss 0.38838  ce 0.38838  kd -  train_acc 86.233  val_acc 88.16  (21.5s)
epoch 67/100  lr 8e-05  loss 0.38526  ce 0.38526  kd -  train_acc 87.416  val_acc 87.41  (21.7s)
epoch 68/100  lr 7.59e-05  loss 0.38935  ce 0.38935  kd -  train_acc 86.170  val_acc 87.07  (22.2s)
epoch 69/100  lr 7.19e-05  loss 0.37182  ce 0.37182  kd -  train_acc 83.150  val_acc 85.57  (22.0s)
epoch 70/100  lr 6.8e-05  loss 0.38447  ce 0.38447  kd -  train_acc 83.425  val_acc 85.07  (21.8s)
epoch 71/100  lr 6.42e-05  loss 0.38123  ce 0.38123  kd -  train_acc 83.636  val_acc 87.74  (22.3s)
epoch 72/100  lr 6.05e-05  loss 0.37600  ce 0.37600  kd -  train_acc 84.544  val_acc 85.49  (22.2s)
epoch 73/100  lr 5.68e-05  loss 0.37784  ce 0.37784  kd -  train_acc 85.008  val_acc 85.65  (21.7s)
epoch 74/100  lr 5.33e-05  loss 0.36985  ce 0.36985  kd -  train_acc 85.452  val_acc 88.49  (21.7s)
epoch 75/100  lr 4.98e-05  loss 0.36943  ce 0.36943  kd -  train_acc 83.024  val_acc 86.32  (21.5s)
epoch 76/100  lr 4.65e-05  loss 0.36985  ce 0.36985  kd -  train_acc 88.894  val_acc 85.49  (21.6s)
epoch 77/100  lr 4.32e-05  loss 0.35897  ce 0.35897  kd -  train_acc 86.296  val_acc 85.99  (21.6s)
epoch 78/100  lr 4.01e-05  loss 0.36340  ce 0.36340  kd -  train_acc 88.957  val_acc 88.57  (21.7s)
epoch 79/100  lr 3.71e-05  loss 0.38019  ce 0.38019  kd -  train_acc 82.179  val_acc 87.82  (21.9s)
epoch 80/100  lr 3.42e-05  loss 0.38151  ce 0.38151  kd -  train_acc 87.732  val_acc 86.07  (21.1s)
epoch 81/100  lr 3.14e-05  loss 0.36498  ce 0.36498  kd -  train_acc 88.049  val_acc 85.82  (21.7s)
epoch 82/100  lr 2.87e-05  loss 0.36775  ce 0.36775  kd -  train_acc 87.141  val_acc 87.57  (21.9s)
epoch 83/100  lr 2.61e-05  loss 0.37486  ce 0.37486  kd -  train_acc 83.298  val_acc 87.99  (21.8s)
epoch 84/100  lr 2.37e-05  loss 0.35805  ce 0.35805  kd -  train_acc 86.951  val_acc 86.57  (21.8s)
epoch 85/100  lr 2.14e-05  loss 0.37425  ce 0.37425  kd -  train_acc 84.628  val_acc 87.99  (21.4s)
epoch 86/100  lr 1.92e-05  loss 0.37847  ce 0.37847  kd -  train_acc 83.720  val_acc 88.07  (22.0s)
epoch 87/100  lr 1.71e-05  loss 0.37706  ce 0.37706  kd -  train_acc 86.486  val_acc 87.82  (21.6s)
epoch 88/100  lr 1.52e-05  loss 0.39718  ce 0.39718  kd -  train_acc 84.607  val_acc 87.66  (22.1s)
epoch 89/100  lr 1.34e-05  loss 0.37693  ce 0.37693  kd -  train_acc 86.845  val_acc 88.49  (22.1s)
epoch 90/100  lr 1.18e-05  loss 0.35833  ce 0.35833  kd -  train_acc 84.312  val_acc 88.24  (21.1s)
epoch 91/100  lr 1.03e-05  loss 0.36055  ce 0.36055  kd -  train_acc 85.156  val_acc 88.16  (21.6s)
epoch 92/100  lr 8.9e-06  loss 0.37277  ce 0.37277  kd -  train_acc 84.438  val_acc 88.49  (21.7s)
epoch 93/100  lr 7.67e-06  loss 0.37242  ce 0.37242  kd -  train_acc 88.598  val_acc 88.49  (21.4s)
epoch 94/100  lr 6.58e-06  loss 0.35447  ce 0.35447  kd -  train_acc 88.661  val_acc 88.24  (22.1s)
epoch 95/100  lr 5.63e-06  loss 0.37154  ce 0.37154  kd -  train_acc 84.586  val_acc 88.16  (21.5s)
epoch 96/100  lr 4.83e-06  loss 0.38404  ce 0.38404  kd -  train_acc 85.916  val_acc 87.91  (21.9s)
epoch 97/100  lr 4.17e-06  loss 0.36757  ce 0.36757  kd -  train_acc 84.079  val_acc 88.49  (21.5s)
epoch 98/100  lr 3.66e-06  loss 0.36207  ce 0.36207  kd -  train_acc 88.661  val_acc 88.49  (22.0s)
epoch 99/100  lr 3.29e-06  loss 0.37718  ce 0.37718  kd -  train_acc 87.289  val_acc 88.41  (21.8s)
epoch 100/100  lr 3.07e-06  loss 0.36186  ce 0.36186  kd -  train_acc 89.168  val_acc 88.57  (21.4s)
done. final val acc 88.57  best 88.57 @ epoch 78
