
===== 2026-10-04 09:53:34 pid=328415 /home/coder/aim-lab-stage3/stage0/train.py --mode maskedkd --mask-criterion tam --keep 0.15 --dataset waterbirds --seed 0 --lr 5e-05
run dir: /home/coder/stage0/outputs/waterbirds/tam_k0.15/seed0
state: new  device: cuda  micro_batch: 128  accum: 1  num_workers: 3
train 4795  val 1199  steps/epoch 37
teacher: /home/coder/stage0/outputs/waterbirds/teacher/seed0/best.pt (epoch 21, val acc 93.99)
TAM: kind attn_last, gap [0.1, 0.5], budget fixed, k per bucket (29, 29, 29), teacher GFLOPs {29: 2.68023552}
epoch 1/100  lr 1e-06  loss 0.64967  ce 0.75041  kd 0.54893  train_acc 48.395  val_acc 53.96  (24.8s)
epoch 2/100  lr 1.08e-05  loss 0.43536  ce 0.56719  kd 0.30353  train_acc 75.655  val_acc 74.65  (26.5s)
epoch 3/100  lr 2.06e-05  loss 0.33521  ce 0.46011  kd 0.21032  train_acc 83.953  val_acc 68.39  (30.0s)
epoch 4/100  lr 3.04e-05  loss 0.32061  ce 0.45144  kd 0.18978  train_acc 84.459  val_acc 70.73  (31.0s)
epoch 5/100  lr 4.02e-05  loss 0.30670  ce 0.43563  kd 0.17776  train_acc 84.037  val_acc 73.73  (32.9s)
epoch 6/100  lr 4.97e-05  loss 0.29722  ce 0.42113  kd 0.17330  train_acc 83.953  val_acc 77.98  (31.9s)
epoch 7/100  lr 4.96e-05  loss 0.29120  ce 0.41892  kd 0.16347  train_acc 83.509  val_acc 80.98  (31.8s)
epoch 8/100  lr 4.94e-05  loss 0.29056  ce 0.42313  kd 0.15799  train_acc 82.960  val_acc 81.40  (29.5s)
epoch 9/100  lr 4.92e-05  loss 0.29501  ce 0.42313  kd 0.16690  train_acc 84.987  val_acc 84.24  (24.8s)
epoch 10/100  lr 4.9e-05  loss 0.28830  ce 0.41558  kd 0.16103  train_acc 83.742  val_acc 83.07  (28.6s)
epoch 11/100  lr 4.88e-05  loss 0.28416  ce 0.40758  kd 0.16073  train_acc 83.404  val_acc 85.82  (29.6s)
epoch 12/100  lr 4.85e-05  loss 0.28460  ce 0.41266  kd 0.15655  train_acc 86.613  val_acc 85.57  (31.0s)
epoch 13/100  lr 4.83e-05  loss 0.28681  ce 0.41833  kd 0.15529  train_acc 83.467  val_acc 84.57  (31.7s)
epoch 14/100  lr 4.8e-05  loss 0.28100  ce 0.41379  kd 0.14822  train_acc 85.874  val_acc 88.16  (32.0s)
epoch 15/100  lr 4.76e-05  loss 0.28247  ce 0.40570  kd 0.15924  train_acc 85.410  val_acc 86.82  (31.7s)
epoch 16/100  lr 4.73e-05  loss 0.27532  ce 0.38922  kd 0.16143  train_acc 86.529  val_acc 87.07  (27.0s)
epoch 17/100  lr 4.69e-05  loss 0.27949  ce 0.41082  kd 0.14816  train_acc 85.410  val_acc 86.57  (24.7s)
epoch 18/100  lr 4.66e-05  loss 0.27801  ce 0.40239  kd 0.15364  train_acc 85.959  val_acc 87.24  (28.9s)
epoch 19/100  lr 4.61e-05  loss 0.27830  ce 0.40334  kd 0.15326  train_acc 82.770  val_acc 88.99  (30.8s)
epoch 20/100  lr 4.57e-05  loss 0.27747  ce 0.40836  kd 0.14657  train_acc 85.959  val_acc 88.74  (31.9s)
epoch 21/100  lr 4.53e-05  loss 0.28398  ce 0.41248  kd 0.15548  train_acc 86.993  val_acc 88.91  (32.0s)
epoch 22/100  lr 4.48e-05  loss 0.27375  ce 0.39452  kd 0.15298  train_acc 85.642  val_acc 87.74  (32.9s)
epoch 23/100  lr 4.43e-05  loss 0.28561  ce 0.42356  kd 0.14767  train_acc 81.461  val_acc 89.32  (31.2s)
epoch 24/100  lr 4.38e-05  loss 0.26915  ce 0.39176  kd 0.14653  train_acc 82.052  val_acc 90.16  (24.9s)
epoch 25/100  lr 4.33e-05  loss 0.27321  ce 0.40095  kd 0.14547  train_acc 85.811  val_acc 87.24  (22.5s)
epoch 26/100  lr 4.28e-05  loss 0.27502  ce 0.40291  kd 0.14714  train_acc 85.769  val_acc 88.91  (22.3s)
epoch 27/100  lr 4.22e-05  loss 0.27608  ce 0.40074  kd 0.15142  train_acc 84.312  val_acc 89.24  (22.4s)
epoch 28/100  lr 4.16e-05  loss 0.27387  ce 0.40964  kd 0.13810  train_acc 83.974  val_acc 89.91  (21.9s)
epoch 29/100  lr 4.1e-05  loss 0.27362  ce 0.40528  kd 0.14196  train_acc 83.425  val_acc 88.74  (22.3s)
epoch 30/100  lr 4.04e-05  loss 0.28564  ce 0.41673  kd 0.15455  train_acc 83.467  val_acc 90.24  (22.3s)
epoch 31/100  lr 3.98e-05  loss 0.26580  ce 0.39178  kd 0.13983  train_acc 79.645  val_acc 90.83  (22.1s)
epoch 32/100  lr 3.92e-05  loss 0.26598  ce 0.39163  kd 0.14032  train_acc 82.939  val_acc 88.99  (21.2s)
epoch 33/100  lr 3.85e-05  loss 0.26701  ce 0.38764  kd 0.14638  train_acc 84.417  val_acc 89.24  (21.1s)
epoch 34/100  lr 3.78e-05  loss 0.27367  ce 0.40061  kd 0.14673  train_acc 78.590  val_acc 88.49  (21.3s)
epoch 35/100  lr 3.72e-05  loss 0.27673  ce 0.40638  kd 0.14708  train_acc 83.024  val_acc 89.07  (21.1s)
epoch 36/100  lr 3.65e-05  loss 0.27190  ce 0.39907  kd 0.14473  train_acc 86.888  val_acc 89.24  (21.2s)
epoch 37/100  lr 3.58e-05  loss 0.27347  ce 0.40196  kd 0.14498  train_acc 83.995  val_acc 89.32  (21.0s)
epoch 38/100  lr 3.51e-05  loss 0.26970  ce 0.39618  kd 0.14322  train_acc 83.383  val_acc 89.57  (20.9s)
epoch 39/100  lr 3.44e-05  loss 0.27561  ce 0.40338  kd 0.14783  train_acc 86.043  val_acc 89.24  (20.7s)
epoch 40/100  lr 3.36e-05  loss 0.27282  ce 0.40016  kd 0.14548  train_acc 83.805  val_acc 89.32  (20.9s)
epoch 41/100  lr 3.29e-05  loss 0.27996  ce 0.40767  kd 0.15226  train_acc 85.177  val_acc 89.82  (21.1s)
epoch 42/100  lr 3.22e-05  loss 0.27252  ce 0.39670  kd 0.14834  train_acc 83.446  val_acc 90.74  (20.9s)
epoch 43/100  lr 3.14e-05  loss 0.26549  ce 0.38770  kd 0.14329  train_acc 83.742  val_acc 89.57  (21.0s)
epoch 44/100  lr 3.06e-05  loss 0.27213  ce 0.40185  kd 0.14241  train_acc 83.552  val_acc 89.99  (21.1s)
epoch 45/100  lr 2.99e-05  loss 0.27097  ce 0.38901  kd 0.15293  train_acc 85.051  val_acc 90.74  (20.9s)
epoch 46/100  lr 2.91e-05  loss 0.27868  ce 0.40977  kd 0.14760  train_acc 84.755  val_acc 89.91  (21.0s)
epoch 47/100  lr 2.84e-05  loss 0.27665  ce 0.41475  kd 0.13854  train_acc 82.876  val_acc 88.91  (21.2s)
epoch 48/100  lr 2.76e-05  loss 0.26403  ce 0.38746  kd 0.14061  train_acc 86.064  val_acc 89.57  (21.0s)
epoch 49/100  lr 2.68e-05  loss 0.26933  ce 0.39974  kd 0.13892  train_acc 86.571  val_acc 90.41  (21.3s)
epoch 50/100  lr 2.6e-05  loss 0.26275  ce 0.38227  kd 0.14324  train_acc 85.220  val_acc 90.24  (21.3s)
epoch 51/100  lr 2.53e-05  loss 0.25757  ce 0.37719  kd 0.13795  train_acc 86.212  val_acc 89.57  (21.1s)
epoch 52/100  lr 2.45e-05  loss 0.27155  ce 0.40519  kd 0.13791  train_acc 82.327  val_acc 89.66  (21.2s)
epoch 53/100  lr 2.37e-05  loss 0.27900  ce 0.40890  kd 0.14909  train_acc 80.891  val_acc 89.32  (21.3s)
epoch 54/100  lr 2.29e-05  loss 0.27535  ce 0.40086  kd 0.14984  train_acc 82.137  val_acc 90.08  (20.9s)
epoch 55/100  lr 2.21e-05  loss 0.27349  ce 0.40601  kd 0.14096  train_acc 83.214  val_acc 89.66  (21.2s)
epoch 56/100  lr 2.14e-05  loss 0.26249  ce 0.38679  kd 0.13819  train_acc 84.101  val_acc 90.83  (21.6s)
epoch 57/100  lr 2.06e-05  loss 0.26950  ce 0.39517  kd 0.14384  train_acc 85.663  val_acc 90.58  (21.0s)
epoch 58/100  lr 1.99e-05  loss 0.26089  ce 0.38049  kd 0.14128  train_acc 83.657  val_acc 90.66  (21.2s)
epoch 59/100  lr 1.91e-05  loss 0.27039  ce 0.39582  kd 0.14496  train_acc 83.995  val_acc 89.91  (21.5s)
epoch 60/100  lr 1.83e-05  loss 0.27457  ce 0.40907  kd 0.14008  train_acc 84.818  val_acc 90.74  (21.2s)
epoch 61/100  lr 1.76e-05  loss 0.27400  ce 0.39695  kd 0.15106  train_acc 87.500  val_acc 90.49  (21.4s)
epoch 62/100  lr 1.69e-05  loss 0.26608  ce 0.39460  kd 0.13757  train_acc 83.509  val_acc 91.16  (21.5s)
epoch 63/100  lr 1.61e-05  loss 0.27308  ce 0.40131  kd 0.14484  train_acc 84.755  val_acc 91.16  (21.3s)
epoch 64/100  lr 1.54e-05  loss 0.26418  ce 0.38579  kd 0.14257  train_acc 85.241  val_acc 90.83  (21.2s)
epoch 65/100  lr 1.47e-05  loss 0.24635  ce 0.36120  kd 0.13151  train_acc 84.037  val_acc 91.41  (20.9s)
epoch 66/100  lr 1.4e-05  loss 0.27233  ce 0.39936  kd 0.14529  train_acc 85.367  val_acc 90.49  (20.8s)
epoch 67/100  lr 1.33e-05  loss 0.26610  ce 0.39415  kd 0.13806  train_acc 87.078  val_acc 90.49  (21.3s)
epoch 68/100  lr 1.27e-05  loss 0.27025  ce 0.40010  kd 0.14039  train_acc 85.705  val_acc 89.66  (21.3s)
epoch 69/100  lr 1.2e-05  loss 0.26188  ce 0.38737  kd 0.13639  train_acc 81.905  val_acc 90.74  (21.4s)
epoch 70/100  lr 1.13e-05  loss 0.26481  ce 0.39608  kd 0.13354  train_acc 83.488  val_acc 90.33  (21.2s)
epoch 71/100  lr 1.07e-05  loss 0.27145  ce 0.39424  kd 0.14866  train_acc 83.024  val_acc 90.74  (21.2s)
epoch 72/100  lr 1.01e-05  loss 0.26094  ce 0.38778  kd 0.13410  train_acc 83.594  val_acc 90.24  (21.5s)
epoch 73/100  lr 9.47e-06  loss 0.26326  ce 0.38924  kd 0.13727  train_acc 84.269  val_acc 90.24  (21.2s)
epoch 74/100  lr 8.88e-06  loss 0.26060  ce 0.38604  kd 0.13516  train_acc 84.058  val_acc 90.49  (21.3s)
epoch 75/100  lr 8.31e-06  loss 0.26398  ce 0.38487  kd 0.14309  train_acc 82.390  val_acc 90.24  (20.9s)
epoch 76/100  lr 7.75e-06  loss 0.26200  ce 0.38592  kd 0.13807  train_acc 88.028  val_acc 90.66  (20.9s)
epoch 77/100  lr 7.21e-06  loss 0.25746  ce 0.37566  kd 0.13926  train_acc 85.431  val_acc 89.91  (21.1s)
epoch 78/100  lr 6.68e-06  loss 0.25727  ce 0.37649  kd 0.13806  train_acc 88.007  val_acc 90.66  (21.0s)
epoch 79/100  lr 6.18e-06  loss 0.26719  ce 0.39223  kd 0.14214  train_acc 81.482  val_acc 90.41  (21.3s)
epoch 80/100  lr 5.69e-06  loss 0.26908  ce 0.39712  kd 0.14104  train_acc 86.212  val_acc 90.33  (20.7s)
epoch 81/100  lr 5.23e-06  loss 0.26048  ce 0.38251  kd 0.13846  train_acc 86.571  val_acc 90.33  (21.2s)
epoch 82/100  lr 4.78e-06  loss 0.26072  ce 0.38569  kd 0.13575  train_acc 85.916  val_acc 89.99  (21.1s)
epoch 83/100  lr 4.35e-06  loss 0.26335  ce 0.38974  kd 0.13696  train_acc 82.496  val_acc 90.33  (21.0s)
epoch 84/100  lr 3.95e-06  loss 0.25498  ce 0.37485  kd 0.13511  train_acc 85.811  val_acc 90.24  (21.0s)
epoch 85/100  lr 3.56e-06  loss 0.26635  ce 0.39373  kd 0.13896  train_acc 82.749  val_acc 90.24  (21.0s)
epoch 86/100  lr 3.2e-06  loss 0.26653  ce 0.39576  kd 0.13729  train_acc 82.855  val_acc 90.33  (21.4s)
epoch 87/100  lr 2.86e-06  loss 0.26946  ce 0.39668  kd 0.14223  train_acc 85.051  val_acc 90.16  (21.4s)
epoch 88/100  lr 2.54e-06  loss 0.27875  ce 0.41625  kd 0.14126  train_acc 83.615  val_acc 89.57  (21.2s)
epoch 89/100  lr 2.24e-06  loss 0.27043  ce 0.40013  kd 0.14073  train_acc 85.051  val_acc 89.82  (21.1s)
epoch 90/100  lr 1.96e-06  loss 0.26162  ce 0.37632  kd 0.14693  train_acc 84.143  val_acc 89.91  (21.3s)
epoch 91/100  lr 1.71e-06  loss 0.25792  ce 0.38336  kd 0.13249  train_acc 83.573  val_acc 90.24  (21.0s)
epoch 92/100  lr 1.48e-06  loss 0.26465  ce 0.39143  kd 0.13786  train_acc 83.699  val_acc 90.16  (20.9s)
epoch 93/100  lr 1.28e-06  loss 0.26879  ce 0.39123  kd 0.14636  train_acc 86.719  val_acc 90.33  (21.3s)
epoch 94/100  lr 1.1e-06  loss 0.25778  ce 0.37469  kd 0.14086  train_acc 86.655  val_acc 90.24  (21.1s)
epoch 95/100  lr 9.38e-07  loss 0.26674  ce 0.39041  kd 0.14308  train_acc 83.826  val_acc 90.24  (21.3s)
epoch 96/100  lr 8.05e-07  loss 0.27033  ce 0.40314  kd 0.13753  train_acc 84.734  val_acc 90.24  (21.2s)
epoch 97/100  lr 6.95e-07  loss 0.26126  ce 0.38740  kd 0.13512  train_acc 83.678  val_acc 90.33  (20.5s)
epoch 98/100  lr 6.1e-07  loss 0.25978  ce 0.38390  kd 0.13566  train_acc 86.909  val_acc 90.24  (21.0s)
epoch 99/100  lr 5.49e-07  loss 0.26724  ce 0.39880  kd 0.13567  train_acc 86.128  val_acc 90.24  (21.0s)
epoch 100/100  lr 5.12e-07  loss 0.26037  ce 0.38323  kd 0.13750  train_acc 86.803  val_acc 90.24  (21.2s)
done. final val acc 90.24  best 91.41 @ epoch 65
