
===== 2026-10-04 08:19:23 pid=288087 /home/coder/aim-lab-stage3/stage0/train.py --mode maskedkd --mask-criterion maskedkd --keep 0.3 --dataset waterbirds --seed 0 --lr 5e-05
run dir: /home/coder/stage0/outputs/waterbirds/maskedkd_k0.3/seed0
state: new  device: cuda  micro_batch: 128  accum: 1  num_workers: 3
train 4795  val 1199  steps/epoch 37
teacher: /home/coder/stage0/outputs/waterbirds/teacher/seed0/best.pt (epoch 21, val acc 93.99)
epoch 1/100  lr 1e-06  loss 0.69453  ce 0.75079  kd 0.63826  train_acc 48.311  val_acc 53.79  (29.0s)
epoch 2/100  lr 1.08e-05  loss 0.46288  ce 0.56223  kd 0.36352  train_acc 75.676  val_acc 74.06  (28.2s)
epoch 3/100  lr 2.06e-05  loss 0.34890  ce 0.45601  kd 0.24179  train_acc 84.544  val_acc 66.39  (28.9s)
epoch 4/100  lr 3.04e-05  loss 0.32924  ce 0.45067  kd 0.20781  train_acc 84.671  val_acc 66.81  (28.7s)
epoch 5/100  lr 4.02e-05  loss 0.31000  ce 0.43638  kd 0.18361  train_acc 84.459  val_acc 73.31  (29.0s)
epoch 6/100  lr 4.97e-05  loss 0.29577  ce 0.41918  kd 0.17235  train_acc 84.628  val_acc 77.81  (28.7s)
epoch 7/100  lr 4.96e-05  loss 0.29085  ce 0.41777  kd 0.16393  train_acc 84.375  val_acc 82.15  (28.5s)
epoch 8/100  lr 4.94e-05  loss 0.29255  ce 0.42342  kd 0.16168  train_acc 82.918  val_acc 81.90  (29.0s)
epoch 9/100  lr 4.92e-05  loss 0.28898  ce 0.42528  kd 0.15269  train_acc 84.903  val_acc 84.49  (28.3s)
epoch 10/100  lr 4.9e-05  loss 0.28706  ce 0.41591  kd 0.15820  train_acc 84.269  val_acc 81.98  (28.6s)
epoch 11/100  lr 4.88e-05  loss 0.28532  ce 0.40870  kd 0.16193  train_acc 83.340  val_acc 86.24  (28.4s)
epoch 12/100  lr 4.85e-05  loss 0.27995  ce 0.41156  kd 0.14834  train_acc 87.204  val_acc 86.07  (28.6s)
epoch 13/100  lr 4.83e-05  loss 0.28728  ce 0.41931  kd 0.15525  train_acc 83.763  val_acc 85.82  (29.0s)
epoch 14/100  lr 4.8e-05  loss 0.27761  ce 0.41094  kd 0.14428  train_acc 85.980  val_acc 87.24  (28.5s)
epoch 15/100  lr 4.76e-05  loss 0.28101  ce 0.40350  kd 0.15852  train_acc 85.241  val_acc 86.74  (28.2s)
epoch 16/100  lr 4.73e-05  loss 0.26737  ce 0.38909  kd 0.14565  train_acc 86.909  val_acc 86.57  (29.2s)
epoch 17/100  lr 4.69e-05  loss 0.27909  ce 0.40844  kd 0.14974  train_acc 85.895  val_acc 87.74  (28.3s)
epoch 18/100  lr 4.66e-05  loss 0.27967  ce 0.40671  kd 0.15264  train_acc 86.064  val_acc 86.66  (28.3s)
epoch 19/100  lr 4.61e-05  loss 0.27207  ce 0.40451  kd 0.13963  train_acc 83.256  val_acc 87.91  (28.5s)
epoch 20/100  lr 4.57e-05  loss 0.27072  ce 0.40660  kd 0.13484  train_acc 86.423  val_acc 88.07  (28.0s)
epoch 21/100  lr 4.53e-05  loss 0.27866  ce 0.41104  kd 0.14629  train_acc 87.289  val_acc 87.49  (28.5s)
epoch 22/100  lr 4.48e-05  loss 0.26650  ce 0.39338  kd 0.13962  train_acc 85.515  val_acc 88.91  (27.7s)
epoch 23/100  lr 4.43e-05  loss 0.28147  ce 0.42463  kd 0.13830  train_acc 81.503  val_acc 87.82  (27.8s)
epoch 24/100  lr 4.38e-05  loss 0.25955  ce 0.38798  kd 0.13113  train_acc 82.369  val_acc 90.16  (28.0s)
epoch 25/100  lr 4.33e-05  loss 0.26940  ce 0.39798  kd 0.14083  train_acc 86.275  val_acc 86.74  (28.1s)
epoch 26/100  lr 4.28e-05  loss 0.27222  ce 0.40431  kd 0.14014  train_acc 85.663  val_acc 85.82  (28.2s)
epoch 27/100  lr 4.22e-05  loss 0.26944  ce 0.40211  kd 0.13677  train_acc 84.544  val_acc 86.91  (27.6s)
epoch 28/100  lr 4.16e-05  loss 0.27100  ce 0.40963  kd 0.13238  train_acc 83.742  val_acc 88.24  (28.1s)
epoch 29/100  lr 4.1e-05  loss 0.27486  ce 0.40494  kd 0.14477  train_acc 82.791  val_acc 88.24  (28.0s)
epoch 30/100  lr 4.04e-05  loss 0.28070  ce 0.41761  kd 0.14378  train_acc 82.939  val_acc 89.49  (28.3s)
epoch 31/100  lr 3.98e-05  loss 0.26254  ce 0.39224  kd 0.13284  train_acc 79.582  val_acc 89.91  (27.9s)
epoch 32/100  lr 3.92e-05  loss 0.25865  ce 0.38846  kd 0.12884  train_acc 82.918  val_acc 88.57  (27.9s)
epoch 33/100  lr 3.85e-05  loss 0.25467  ce 0.38639  kd 0.12296  train_acc 84.396  val_acc 88.16  (27.7s)
epoch 34/100  lr 3.78e-05  loss 0.26532  ce 0.40095  kd 0.12968  train_acc 78.125  val_acc 87.24  (27.6s)
epoch 35/100  lr 3.72e-05  loss 0.26996  ce 0.40572  kd 0.13420  train_acc 83.066  val_acc 87.99  (28.0s)
epoch 36/100  lr 3.65e-05  loss 0.26547  ce 0.39877  kd 0.13218  train_acc 87.500  val_acc 89.49  (27.6s)
epoch 37/100  lr 3.58e-05  loss 0.26892  ce 0.40027  kd 0.13757  train_acc 84.248  val_acc 87.74  (27.4s)
epoch 38/100  lr 3.51e-05  loss 0.26217  ce 0.39240  kd 0.13194  train_acc 83.805  val_acc 89.24  (28.1s)
epoch 39/100  lr 3.44e-05  loss 0.26549  ce 0.40287  kd 0.12810  train_acc 85.790  val_acc 89.66  (27.5s)
epoch 40/100  lr 3.36e-05  loss 0.26087  ce 0.39982  kd 0.12192  train_acc 84.037  val_acc 88.82  (26.8s)
epoch 41/100  lr 3.29e-05  loss 0.27416  ce 0.40688  kd 0.14144  train_acc 85.262  val_acc 90.16  (26.4s)
epoch 42/100  lr 3.22e-05  loss 0.26108  ce 0.39417  kd 0.12799  train_acc 83.847  val_acc 89.32  (26.8s)
epoch 43/100  lr 3.14e-05  loss 0.25551  ce 0.38311  kd 0.12790  train_acc 84.037  val_acc 88.82  (26.9s)
epoch 44/100  lr 3.06e-05  loss 0.26423  ce 0.39944  kd 0.12901  train_acc 83.995  val_acc 89.41  (27.7s)
epoch 45/100  lr 2.99e-05  loss 0.25903  ce 0.38607  kd 0.13200  train_acc 85.093  val_acc 89.82  (27.4s)
epoch 46/100  lr 2.91e-05  loss 0.26944  ce 0.40714  kd 0.13173  train_acc 84.565  val_acc 90.33  (26.8s)
epoch 47/100  lr 2.84e-05  loss 0.27317  ce 0.41358  kd 0.13276  train_acc 83.214  val_acc 88.74  (27.4s)
epoch 48/100  lr 2.76e-05  loss 0.25977  ce 0.38857  kd 0.13096  train_acc 85.959  val_acc 86.99  (27.5s)
epoch 49/100  lr 2.68e-05  loss 0.26082  ce 0.39779  kd 0.12385  train_acc 87.141  val_acc 90.49  (28.1s)
epoch 50/100  lr 2.6e-05  loss 0.25252  ce 0.37871  kd 0.12632  train_acc 84.987  val_acc 89.91  (27.5s)
epoch 51/100  lr 2.53e-05  loss 0.24556  ce 0.37438  kd 0.11673  train_acc 86.761  val_acc 88.24  (27.5s)
epoch 52/100  lr 2.45e-05  loss 0.26671  ce 0.40564  kd 0.12778  train_acc 82.285  val_acc 88.57  (27.8s)
epoch 53/100  lr 2.37e-05  loss 0.26974  ce 0.40923  kd 0.13026  train_acc 81.229  val_acc 89.16  (27.5s)
epoch 54/100  lr 2.29e-05  loss 0.26645  ce 0.39947  kd 0.13343  train_acc 81.778  val_acc 88.16  (27.4s)
epoch 55/100  lr 2.21e-05  loss 0.26513  ce 0.40388  kd 0.12639  train_acc 83.657  val_acc 87.82  (28.0s)
epoch 56/100  lr 2.14e-05  loss 0.25300  ce 0.38508  kd 0.12092  train_acc 84.101  val_acc 87.99  (28.0s)
epoch 57/100  lr 2.06e-05  loss 0.25878  ce 0.39434  kd 0.12323  train_acc 86.106  val_acc 89.66  (28.2s)
epoch 58/100  lr 1.99e-05  loss 0.24856  ce 0.37866  kd 0.11845  train_acc 83.763  val_acc 89.24  (27.7s)
epoch 59/100  lr 1.91e-05  loss 0.26068  ce 0.39698  kd 0.12438  train_acc 83.847  val_acc 89.66  (27.8s)
epoch 60/100  lr 1.83e-05  loss 0.26711  ce 0.40753  kd 0.12669  train_acc 84.713  val_acc 90.49  (27.6s)
epoch 61/100  lr 1.76e-05  loss 0.26307  ce 0.39542  kd 0.13073  train_acc 87.796  val_acc 89.66  (28.2s)
epoch 62/100  lr 1.69e-05  loss 0.25936  ce 0.39381  kd 0.12491  train_acc 83.552  val_acc 91.49  (27.4s)
epoch 63/100  lr 1.61e-05  loss 0.26491  ce 0.40245  kd 0.12737  train_acc 84.544  val_acc 90.58  (28.3s)
epoch 64/100  lr 1.54e-05  loss 0.25299  ce 0.38205  kd 0.12393  train_acc 85.663  val_acc 90.16  (27.9s)
epoch 65/100  lr 1.47e-05  loss 0.23314  ce 0.35896  kd 0.10733  train_acc 83.889  val_acc 89.74  (28.3s)
epoch 66/100  lr 1.4e-05  loss 0.26378  ce 0.39738  kd 0.13019  train_acc 85.030  val_acc 89.66  (29.4s)
epoch 67/100  lr 1.33e-05  loss 0.25969  ce 0.39399  kd 0.12538  train_acc 87.416  val_acc 90.08  (28.6s)
epoch 68/100  lr 1.27e-05  loss 0.26351  ce 0.40036  kd 0.12666  train_acc 85.030  val_acc 89.41  (28.4s)
epoch 69/100  lr 1.2e-05  loss 0.25325  ce 0.38326  kd 0.12325  train_acc 81.968  val_acc 89.91  (28.5s)
epoch 70/100  lr 1.13e-05  loss 0.25711  ce 0.39504  kd 0.11918  train_acc 83.340  val_acc 89.82  (27.9s)
epoch 71/100  lr 1.07e-05  loss 0.25996  ce 0.39437  kd 0.12554  train_acc 83.066  val_acc 89.66  (28.2s)
epoch 72/100  lr 1.01e-05  loss 0.25323  ce 0.38538  kd 0.12108  train_acc 83.319  val_acc 89.99  (28.2s)
epoch 73/100  lr 9.47e-06  loss 0.25491  ce 0.38562  kd 0.12421  train_acc 84.565  val_acc 89.49  (27.5s)
epoch 74/100  lr 8.88e-06  loss 0.25164  ce 0.38307  kd 0.12021  train_acc 84.312  val_acc 89.91  (27.7s)
epoch 75/100  lr 8.31e-06  loss 0.25159  ce 0.38231  kd 0.12087  train_acc 82.580  val_acc 90.08  (27.9s)
epoch 76/100  lr 7.75e-06  loss 0.25410  ce 0.38369  kd 0.12451  train_acc 87.774  val_acc 90.08  (27.8s)
epoch 77/100  lr 7.21e-06  loss 0.24487  ce 0.37179  kd 0.11795  train_acc 85.579  val_acc 89.49  (27.5s)
epoch 78/100  lr 6.68e-06  loss 0.24488  ce 0.37425  kd 0.11552  train_acc 87.500  val_acc 90.33  (27.6s)
epoch 79/100  lr 6.18e-06  loss 0.25833  ce 0.39089  kd 0.12578  train_acc 81.757  val_acc 90.08  (27.6s)
epoch 80/100  lr 5.69e-06  loss 0.25876  ce 0.39584  kd 0.12169  train_acc 86.402  val_acc 89.82  (27.4s)
epoch 81/100  lr 5.23e-06  loss 0.25229  ce 0.37990  kd 0.12469  train_acc 86.613  val_acc 88.99  (27.7s)
epoch 82/100  lr 4.78e-06  loss 0.25266  ce 0.38520  kd 0.12012  train_acc 85.916  val_acc 89.49  (27.7s)
epoch 83/100  lr 4.35e-06  loss 0.25454  ce 0.38825  kd 0.12083  train_acc 82.285  val_acc 89.91  (27.9s)
epoch 84/100  lr 3.95e-06  loss 0.24404  ce 0.37300  kd 0.11508  train_acc 85.536  val_acc 89.74  (27.6s)
epoch 85/100  lr 3.56e-06  loss 0.25738  ce 0.39100  kd 0.12376  train_acc 82.897  val_acc 89.57  (27.6s)
epoch 86/100  lr 3.2e-06  loss 0.25862  ce 0.39412  kd 0.12313  train_acc 82.834  val_acc 89.74  (27.5s)
epoch 87/100  lr 2.86e-06  loss 0.26039  ce 0.39442  kd 0.12636  train_acc 84.882  val_acc 89.49  (27.6s)
epoch 88/100  lr 2.54e-06  loss 0.27140  ce 0.41730  kd 0.12549  train_acc 83.678  val_acc 89.66  (27.7s)
epoch 89/100  lr 2.24e-06  loss 0.26250  ce 0.39696  kd 0.12804  train_acc 85.198  val_acc 89.74  (28.0s)
epoch 90/100  lr 1.96e-06  loss 0.24916  ce 0.37264  kd 0.12568  train_acc 84.079  val_acc 89.66  (27.6s)
epoch 91/100  lr 1.71e-06  loss 0.25041  ce 0.37970  kd 0.12112  train_acc 83.256  val_acc 89.82  (27.8s)
epoch 92/100  lr 1.48e-06  loss 0.25311  ce 0.38973  kd 0.11649  train_acc 84.058  val_acc 89.74  (28.0s)
epoch 93/100  lr 1.28e-06  loss 0.25527  ce 0.38947  kd 0.12106  train_acc 87.141  val_acc 89.82  (27.5s)
epoch 94/100  lr 1.1e-06  loss 0.24648  ce 0.37103  kd 0.12193  train_acc 86.782  val_acc 89.82  (27.8s)
epoch 95/100  lr 9.38e-07  loss 0.25532  ce 0.38840  kd 0.12224  train_acc 83.868  val_acc 89.82  (28.4s)
epoch 96/100  lr 8.05e-07  loss 0.26374  ce 0.40037  kd 0.12710  train_acc 85.030  val_acc 89.82  (28.3s)
epoch 97/100  lr 6.95e-07  loss 0.25213  ce 0.38388  kd 0.12038  train_acc 83.805  val_acc 89.91  (28.5s)
epoch 98/100  lr 6.1e-07  loss 0.25065  ce 0.38069  kd 0.12061  train_acc 86.867  val_acc 89.91  (29.0s)
epoch 99/100  lr 5.49e-07  loss 0.26123  ce 0.39732  kd 0.12514  train_acc 85.536  val_acc 89.82  (28.3s)
epoch 100/100  lr 5.12e-07  loss 0.25208  ce 0.37950  kd 0.12466  train_acc 87.437  val_acc 89.82  (25.8s)
done. final val acc 89.83  best 91.49 @ epoch 62
