
===== 2026-10-04 14:13:13 pid=421441 /home/coder/aim-lab-stage3/stage0/train.py --mode maskedkd --mask-criterion tam_r --keep 0.3 --dataset waterbirds --seed 1 --lr 5e-05
run dir: /home/coder/stage0/outputs/waterbirds/tam_r_k0.3/seed1
state: new  device: cuda  micro_batch: 128  accum: 1  num_workers: 3
train 4795  val 1199  steps/epoch 37
teacher: /home/coder/stage0/outputs/waterbirds/teacher/seed0/best.pt (epoch 21, val acc 93.99)
TAM: kind attn_last, gap [0.1, 0.5], budget fixed, k per bucket (59, 59, 59), teacher GFLOPs {59: 5.2780416}
epoch 1/100  lr 1e-06  loss 0.61371  ce 0.67342  kd 0.55400  train_acc 60.536  val_acc 57.30  (26.9s)
epoch 2/100  lr 1.08e-05  loss 0.44682  ce 0.54164  kd 0.35201  train_acc 77.851  val_acc 66.81  (28.0s)
epoch 3/100  lr 2.06e-05  loss 0.33763  ce 0.45556  kd 0.21970  train_acc 81.546  val_acc 63.22  (28.5s)
epoch 4/100  lr 3.04e-05  loss 0.31031  ce 0.42948  kd 0.19114  train_acc 80.743  val_acc 75.40  (25.4s)
epoch 5/100  lr 4.02e-05  loss 0.30531  ce 0.43459  kd 0.17603  train_acc 81.693  val_acc 79.15  (28.3s)
epoch 6/100  lr 4.97e-05  loss 0.29528  ce 0.42819  kd 0.16237  train_acc 80.891  val_acc 82.40  (29.2s)
epoch 7/100  lr 4.96e-05  loss 0.29120  ce 0.42420  kd 0.15820  train_acc 85.220  val_acc 84.40  (28.3s)
epoch 8/100  lr 4.94e-05  loss 0.28405  ce 0.41740  kd 0.15070  train_acc 82.285  val_acc 86.07  (28.3s)
epoch 9/100  lr 4.92e-05  loss 0.28872  ce 0.42395  kd 0.15348  train_acc 82.306  val_acc 85.99  (27.8s)
epoch 10/100  lr 4.9e-05  loss 0.28169  ce 0.41697  kd 0.14642  train_acc 84.586  val_acc 85.82  (29.0s)
epoch 11/100  lr 4.88e-05  loss 0.28345  ce 0.42159  kd 0.14532  train_acc 83.763  val_acc 86.16  (27.3s)
epoch 12/100  lr 4.85e-05  loss 0.28281  ce 0.41874  kd 0.14688  train_acc 86.064  val_acc 87.74  (26.7s)
epoch 13/100  lr 4.83e-05  loss 0.27284  ce 0.40813  kd 0.13755  train_acc 82.137  val_acc 88.66  (27.0s)
epoch 14/100  lr 4.8e-05  loss 0.26361  ce 0.39215  kd 0.13507  train_acc 84.122  val_acc 87.16  (27.8s)
epoch 15/100  lr 4.76e-05  loss 0.27587  ce 0.41009  kd 0.14165  train_acc 85.916  val_acc 86.49  (28.6s)
epoch 16/100  lr 4.73e-05  loss 0.27821  ce 0.41731  kd 0.13911  train_acc 81.757  val_acc 83.82  (27.9s)
epoch 17/100  lr 4.69e-05  loss 0.26654  ce 0.39520  kd 0.13788  train_acc 86.465  val_acc 88.07  (27.9s)
epoch 18/100  lr 4.66e-05  loss 0.26737  ce 0.40222  kd 0.13252  train_acc 83.340  val_acc 84.32  (27.1s)
epoch 19/100  lr 4.61e-05  loss 0.25973  ce 0.39504  kd 0.12441  train_acc 85.790  val_acc 90.41  (28.0s)
epoch 20/100  lr 4.57e-05  loss 0.25235  ce 0.38162  kd 0.12308  train_acc 83.573  val_acc 88.91  (27.4s)
epoch 21/100  lr 4.53e-05  loss 0.28035  ce 0.42262  kd 0.13808  train_acc 84.586  val_acc 89.41  (27.2s)
epoch 22/100  lr 4.48e-05  loss 0.25722  ce 0.38415  kd 0.13030  train_acc 84.840  val_acc 86.32  (27.9s)
epoch 23/100  lr 4.43e-05  loss 0.26848  ce 0.40976  kd 0.12720  train_acc 86.803  val_acc 88.32  (28.2s)
epoch 24/100  lr 4.38e-05  loss 0.27239  ce 0.40646  kd 0.13833  train_acc 84.734  val_acc 90.08  (29.4s)
epoch 25/100  lr 4.33e-05  loss 0.26814  ce 0.40483  kd 0.13145  train_acc 85.494  val_acc 89.66  (28.0s)
epoch 26/100  lr 4.28e-05  loss 0.24647  ce 0.37529  kd 0.11764  train_acc 85.663  val_acc 90.74  (27.3s)
epoch 27/100  lr 4.22e-05  loss 0.26780  ce 0.40547  kd 0.13012  train_acc 85.410  val_acc 89.91  (28.7s)
epoch 28/100  lr 4.16e-05  loss 0.26272  ce 0.39766  kd 0.12777  train_acc 83.277  val_acc 89.91  (27.1s)
epoch 29/100  lr 4.1e-05  loss 0.26486  ce 0.40042  kd 0.12931  train_acc 88.704  val_acc 87.74  (28.0s)
epoch 30/100  lr 4.04e-05  loss 0.26069  ce 0.40211  kd 0.11926  train_acc 81.609  val_acc 88.91  (28.3s)
epoch 31/100  lr 3.98e-05  loss 0.25121  ce 0.38350  kd 0.11891  train_acc 85.262  val_acc 90.83  (28.3s)
epoch 32/100  lr 3.92e-05  loss 0.25461  ce 0.39114  kd 0.11807  train_acc 86.465  val_acc 89.07  (28.2s)
epoch 33/100  lr 3.85e-05  loss 0.26139  ce 0.39734  kd 0.12544  train_acc 87.901  val_acc 88.07  (28.5s)
epoch 34/100  lr 3.78e-05  loss 0.26541  ce 0.40701  kd 0.12381  train_acc 84.354  val_acc 88.16  (29.9s)
epoch 35/100  lr 3.72e-05  loss 0.26049  ce 0.39582  kd 0.12515  train_acc 84.227  val_acc 90.24  (28.0s)
epoch 36/100  lr 3.65e-05  loss 0.25713  ce 0.39378  kd 0.12048  train_acc 82.897  val_acc 88.32  (28.7s)
epoch 37/100  lr 3.58e-05  loss 0.26053  ce 0.39739  kd 0.12367  train_acc 85.895  val_acc 90.74  (29.1s)
epoch 38/100  lr 3.51e-05  loss 0.25695  ce 0.39583  kd 0.11808  train_acc 82.411  val_acc 89.82  (27.7s)
epoch 39/100  lr 3.44e-05  loss 0.26445  ce 0.40428  kd 0.12463  train_acc 80.384  val_acc 88.24  (28.3s)
epoch 40/100  lr 3.36e-05  loss 0.26332  ce 0.39992  kd 0.12673  train_acc 89.231  val_acc 91.99  (28.6s)
epoch 41/100  lr 3.29e-05  loss 0.25268  ce 0.38410  kd 0.12126  train_acc 85.959  val_acc 88.41  (29.1s)
epoch 42/100  lr 3.22e-05  loss 0.24708  ce 0.37973  kd 0.11443  train_acc 84.333  val_acc 89.91  (28.2s)
epoch 43/100  lr 3.14e-05  loss 0.26174  ce 0.40415  kd 0.11933  train_acc 86.761  val_acc 90.66  (27.8s)
epoch 44/100  lr 3.06e-05  loss 0.25635  ce 0.39285  kd 0.11984  train_acc 84.924  val_acc 89.82  (28.5s)
epoch 45/100  lr 2.99e-05  loss 0.26841  ce 0.41055  kd 0.12627  train_acc 82.686  val_acc 90.41  (29.2s)
epoch 46/100  lr 2.91e-05  loss 0.25788  ce 0.39490  kd 0.12086  train_acc 80.617  val_acc 89.91  (27.2s)
epoch 47/100  lr 2.84e-05  loss 0.27043  ce 0.41427  kd 0.12659  train_acc 79.350  val_acc 89.24  (28.1s)
epoch 48/100  lr 2.76e-05  loss 0.26843  ce 0.40950  kd 0.12735  train_acc 83.742  val_acc 91.24  (28.1s)
epoch 49/100  lr 2.68e-05  loss 0.25129  ce 0.38546  kd 0.11712  train_acc 84.375  val_acc 90.58  (29.7s)
epoch 50/100  lr 2.6e-05  loss 0.27331  ce 0.41660  kd 0.13003  train_acc 79.561  val_acc 89.57  (28.2s)
epoch 51/100  lr 2.53e-05  loss 0.25059  ce 0.38461  kd 0.11657  train_acc 85.304  val_acc 90.08  (28.7s)
epoch 52/100  lr 2.45e-05  loss 0.26441  ce 0.40511  kd 0.12370  train_acc 82.285  val_acc 89.41  (28.1s)
epoch 53/100  lr 2.37e-05  loss 0.26013  ce 0.39969  kd 0.12057  train_acc 82.517  val_acc 89.57  (29.3s)
epoch 54/100  lr 2.29e-05  loss 0.25840  ce 0.39321  kd 0.12359  train_acc 86.170  val_acc 89.91  (28.1s)
epoch 55/100  lr 2.21e-05  loss 0.26107  ce 0.39979  kd 0.12235  train_acc 82.073  val_acc 90.41  (27.5s)
epoch 56/100  lr 2.14e-05  loss 0.25023  ce 0.38843  kd 0.11204  train_acc 85.367  val_acc 89.91  (29.2s)
epoch 57/100  lr 2.06e-05  loss 0.24919  ce 0.38581  kd 0.11257  train_acc 86.360  val_acc 89.07  (29.4s)
epoch 58/100  lr 1.99e-05  loss 0.26663  ce 0.40686  kd 0.12640  train_acc 84.037  val_acc 91.41  (28.0s)
epoch 59/100  lr 1.91e-05  loss 0.25550  ce 0.39613  kd 0.11486  train_acc 82.538  val_acc 89.16  (29.8s)
epoch 60/100  lr 1.83e-05  loss 0.26530  ce 0.40336  kd 0.12724  train_acc 82.306  val_acc 90.08  (28.3s)
epoch 61/100  lr 1.76e-05  loss 0.24981  ce 0.38413  kd 0.11550  train_acc 88.112  val_acc 90.33  (29.9s)
epoch 62/100  lr 1.69e-05  loss 0.25132  ce 0.38291  kd 0.11972  train_acc 83.129  val_acc 90.74  (29.9s)
epoch 63/100  lr 1.61e-05  loss 0.26617  ce 0.40898  kd 0.12336  train_acc 85.705  val_acc 91.33  (28.9s)
epoch 64/100  lr 1.54e-05  loss 0.26693  ce 0.40751  kd 0.12634  train_acc 86.951  val_acc 90.91  (28.5s)
epoch 65/100  lr 1.47e-05  loss 0.25294  ce 0.38675  kd 0.11912  train_acc 83.129  val_acc 90.08  (28.0s)
epoch 66/100  lr 1.4e-05  loss 0.24104  ce 0.37153  kd 0.11054  train_acc 87.057  val_acc 89.16  (27.3s)
epoch 67/100  lr 1.33e-05  loss 0.25179  ce 0.39198  kd 0.11159  train_acc 86.993  val_acc 90.83  (27.4s)
epoch 68/100  lr 1.27e-05  loss 0.25999  ce 0.39815  kd 0.12183  train_acc 84.966  val_acc 90.74  (28.2s)
epoch 69/100  lr 1.2e-05  loss 0.25357  ce 0.39152  kd 0.11563  train_acc 86.972  val_acc 90.58  (28.9s)
epoch 70/100  lr 1.13e-05  loss 0.25388  ce 0.39034  kd 0.11743  train_acc 84.987  val_acc 90.91  (28.6s)
epoch 71/100  lr 1.07e-05  loss 0.26324  ce 0.40581  kd 0.12068  train_acc 83.889  val_acc 90.83  (30.0s)
epoch 72/100  lr 1.01e-05  loss 0.25748  ce 0.39899  kd 0.11596  train_acc 83.509  val_acc 92.16  (28.0s)
epoch 73/100  lr 9.47e-06  loss 0.26346  ce 0.40820  kd 0.11872  train_acc 84.438  val_acc 90.74  (26.5s)
epoch 74/100  lr 8.88e-06  loss 0.24618  ce 0.37679  kd 0.11557  train_acc 85.367  val_acc 90.41  (28.2s)
epoch 75/100  lr 8.31e-06  loss 0.25540  ce 0.39267  kd 0.11813  train_acc 90.160  val_acc 90.66  (28.4s)
epoch 76/100  lr 7.75e-06  loss 0.25056  ce 0.38762  kd 0.11350  train_acc 86.128  val_acc 91.24  (28.2s)
epoch 77/100  lr 7.21e-06  loss 0.25455  ce 0.38893  kd 0.12017  train_acc 88.197  val_acc 92.08  (27.1s)
epoch 78/100  lr 6.68e-06  loss 0.25001  ce 0.38707  kd 0.11295  train_acc 84.079  val_acc 90.16  (27.6s)
epoch 79/100  lr 6.18e-06  loss 0.25358  ce 0.38937  kd 0.11779  train_acc 87.162  val_acc 90.91  (28.2s)
epoch 80/100  lr 5.69e-06  loss 0.25327  ce 0.38809  kd 0.11845  train_acc 87.204  val_acc 90.66  (26.4s)
epoch 81/100  lr 5.23e-06  loss 0.25832  ce 0.39680  kd 0.11984  train_acc 85.536  val_acc 90.99  (27.5s)
epoch 82/100  lr 4.78e-06  loss 0.25783  ce 0.39717  kd 0.11849  train_acc 84.861  val_acc 91.16  (28.1s)
epoch 83/100  lr 4.35e-06  loss 0.25090  ce 0.38834  kd 0.11347  train_acc 85.938  val_acc 91.24  (28.0s)
epoch 84/100  lr 3.95e-06  loss 0.24863  ce 0.38245  kd 0.11482  train_acc 86.360  val_acc 91.41  (29.1s)
epoch 85/100  lr 3.56e-06  loss 0.24885  ce 0.38709  kd 0.11060  train_acc 86.740  val_acc 91.08  (27.8s)
epoch 86/100  lr 3.2e-06  loss 0.25328  ce 0.38960  kd 0.11696  train_acc 86.212  val_acc 91.33  (28.0s)
epoch 87/100  lr 2.86e-06  loss 0.25175  ce 0.38879  kd 0.11471  train_acc 84.987  val_acc 91.58  (27.9s)
epoch 88/100  lr 2.54e-06  loss 0.26123  ce 0.40902  kd 0.11344  train_acc 83.383  val_acc 91.41  (28.1s)
epoch 89/100  lr 2.24e-06  loss 0.26038  ce 0.40207  kd 0.11870  train_acc 83.763  val_acc 91.58  (28.1s)
epoch 90/100  lr 1.96e-06  loss 0.25786  ce 0.39604  kd 0.11968  train_acc 87.416  val_acc 91.49  (29.1s)
epoch 91/100  lr 1.71e-06  loss 0.25449  ce 0.38994  kd 0.11904  train_acc 85.536  val_acc 91.49  (29.6s)
epoch 92/100  lr 1.48e-06  loss 0.26062  ce 0.40365  kd 0.11758  train_acc 85.156  val_acc 91.58  (28.6s)
epoch 93/100  lr 1.28e-06  loss 0.24252  ce 0.37350  kd 0.11153  train_acc 85.874  val_acc 91.58  (28.2s)
epoch 94/100  lr 1.1e-06  loss 0.24390  ce 0.37953  kd 0.10826  train_acc 87.901  val_acc 91.58  (27.2s)
epoch 95/100  lr 9.38e-07  loss 0.26580  ce 0.40570  kd 0.12591  train_acc 83.552  val_acc 91.58  (27.3s)
epoch 96/100  lr 8.05e-07  loss 0.25911  ce 0.40063  kd 0.11759  train_acc 83.763  val_acc 91.49  (26.7s)
epoch 97/100  lr 6.95e-07  loss 0.25315  ce 0.38872  kd 0.11758  train_acc 85.874  val_acc 91.33  (26.6s)
epoch 98/100  lr 6.1e-07  loss 0.25910  ce 0.39793  kd 0.12026  train_acc 85.705  val_acc 91.49  (28.1s)
epoch 99/100  lr 5.49e-07  loss 0.26249  ce 0.40636  kd 0.11863  train_acc 82.622  val_acc 91.33  (28.7s)
epoch 100/100  lr 5.12e-07  loss 0.25374  ce 0.39082  kd 0.11665  train_acc 82.221  val_acc 91.49  (28.2s)
done. final val acc 91.49  best 92.16 @ epoch 72
