
===== 2026-10-04 04:39:29 pid=253839 /home/coder/aim-lab-stage12/stage0/train.py --mode maskedkd --mask-criterion random --keep 0.15 --dataset cub --seed 1 --lr 0.0001
run dir: /home/coder/stage0/outputs/cub/random_k0.15/seed1
state: new  device: cuda  micro_batch: 128  accum: 1  num_workers: 3
train 5394  val 600  steps/epoch 42
teacher: /home/coder/stage0/outputs/cub/teacher/seed0/best.pt (epoch 25, val acc 86.33)
epoch 1/100  lr 1e-06  loss 3.37975  ce 5.39041  kd 1.36909  train_acc 0.558  val_acc 0.33  (28.8s)
epoch 2/100  lr 2.08e-05  loss 3.29747  ce 5.33769  kd 1.25725  train_acc 0.595  val_acc 0.50  (30.4s)
epoch 3/100  lr 4.06e-05  loss 3.19130  ce 5.29842  kd 1.08419  train_acc 0.763  val_acc 1.50  (32.2s)
epoch 4/100  lr 6.04e-05  loss 3.08269  ce 5.17438  kd 0.99099  train_acc 1.414  val_acc 5.00  (33.3s)
epoch 5/100  lr 8.02e-05  loss 2.93137  ce 4.97974  kd 0.88300  train_acc 3.032  val_acc 11.50  (33.2s)
epoch 6/100  lr 9.94e-05  loss 2.79865  ce 4.78077  kd 0.81652  train_acc 4.148  val_acc 17.67  (33.4s)
epoch 7/100  lr 9.91e-05  loss 2.69455  ce 4.61676  kd 0.77234  train_acc 7.626  val_acc 24.67  (31.8s)
epoch 8/100  lr 9.88e-05  loss 2.63001  ce 4.50227  kd 0.75775  train_acc 8.910  val_acc 31.50  (27.5s)
epoch 9/100  lr 9.84e-05  loss 2.58311  ce 4.42981  kd 0.73641  train_acc 11.086  val_acc 36.00  (30.7s)
epoch 10/100  lr 9.8e-05  loss 2.51937  ce 4.29820  kd 0.74054  train_acc 15.420  val_acc 41.00  (32.7s)
epoch 11/100  lr 9.76e-05  loss 2.47753  ce 4.22637  kd 0.72869  train_acc 16.034  val_acc 43.33  (33.0s)
epoch 12/100  lr 9.71e-05  loss 2.45263  ce 4.15895  kd 0.74631  train_acc 21.317  val_acc 46.83  (32.8s)
epoch 13/100  lr 9.65e-05  loss 2.40355  ce 4.07288  kd 0.73422  train_acc 19.029  val_acc 51.17  (33.1s)
epoch 14/100  lr 9.59e-05  loss 2.34096  ce 3.94790  kd 0.73402  train_acc 23.251  val_acc 53.33  (32.1s)
epoch 15/100  lr 9.53e-05  loss 2.36556  ce 4.00439  kd 0.72674  train_acc 25.595  val_acc 56.50  (25.9s)
epoch 16/100  lr 9.46e-05  loss 2.34062  ce 3.95089  kd 0.73035  train_acc 19.141  val_acc 56.83  (30.2s)
epoch 17/100  lr 9.39e-05  loss 2.28930  ce 3.84586  kd 0.73274  train_acc 26.656  val_acc 58.33  (31.8s)
epoch 18/100  lr 9.31e-05  loss 2.26980  ce 3.80812  kd 0.73148  train_acc 25.019  val_acc 61.33  (33.1s)
epoch 19/100  lr 9.23e-05  loss 2.23807  ce 3.74117  kd 0.73497  train_acc 28.106  val_acc 61.17  (33.2s)
epoch 20/100  lr 9.14e-05  loss 2.18405  ce 3.62477  kd 0.74332  train_acc 25.856  val_acc 64.17  (33.7s)
epoch 21/100  lr 9.05e-05  loss 2.28252  ce 3.80811  kd 0.75693  train_acc 27.772  val_acc 65.83  (32.6s)
epoch 22/100  lr 8.96e-05  loss 2.19692  ce 3.63709  kd 0.75674  train_acc 27.920  val_acc 66.33  (27.1s)
epoch 23/100  lr 8.86e-05  loss 2.27333  ce 3.81184  kd 0.73482  train_acc 29.818  val_acc 66.83  (30.4s)
epoch 24/100  lr 8.76e-05  loss 2.24227  ce 3.75553  kd 0.72902  train_acc 31.864  val_acc 65.00  (30.9s)
epoch 25/100  lr 8.66e-05  loss 2.21346  ce 3.68509  kd 0.74183  train_acc 31.324  val_acc 67.33  (32.7s)
epoch 26/100  lr 8.55e-05  loss 2.13116  ce 3.50384  kd 0.75849  train_acc 31.845  val_acc 67.50  (32.7s)
epoch 27/100  lr 8.44e-05  loss 2.19351  ce 3.64875  kd 0.73827  train_acc 31.864  val_acc 68.00  (33.4s)
epoch 28/100  lr 8.32e-05  loss 2.20176  ce 3.65481  kd 0.74871  train_acc 28.925  val_acc 68.83  (33.1s)
epoch 29/100  lr 8.21e-05  loss 2.16896  ce 3.59073  kd 0.74720  train_acc 36.775  val_acc 70.17  (29.0s)
epoch 30/100  lr 8.08e-05  loss 2.14791  ce 3.53609  kd 0.75972  train_acc 31.101  val_acc 70.00  (29.8s)
epoch 31/100  lr 7.96e-05  loss 2.11551  ce 3.46925  kd 0.76178  train_acc 35.138  val_acc 71.67  (31.1s)
epoch 32/100  lr 7.83e-05  loss 2.15505  ce 3.55471  kd 0.75540  train_acc 32.999  val_acc 71.17  (32.4s)
epoch 33/100  lr 7.7e-05  loss 2.11661  ce 3.46870  kd 0.76453  train_acc 39.174  val_acc 72.00  (32.8s)
epoch 34/100  lr 7.57e-05  loss 2.16634  ce 3.58014  kd 0.75254  train_acc 33.519  val_acc 72.50  (33.5s)
epoch 35/100  lr 7.43e-05  loss 2.15082  ce 3.53918  kd 0.76246  train_acc 32.236  val_acc 73.17  (32.7s)
epoch 36/100  lr 7.3e-05  loss 2.12787  ce 3.49546  kd 0.76029  train_acc 33.538  val_acc 72.67  (30.5s)
epoch 37/100  lr 7.16e-05  loss 2.14935  ce 3.54526  kd 0.75344  train_acc 37.705  val_acc 73.83  (28.6s)
epoch 38/100  lr 7.02e-05  loss 2.11400  ce 3.47243  kd 0.75558  train_acc 32.831  val_acc 72.33  (30.5s)
epoch 39/100  lr 6.87e-05  loss 2.13737  ce 3.52284  kd 0.75190  train_acc 29.055  val_acc 74.33  (32.9s)
epoch 40/100  lr 6.73e-05  loss 2.12694  ce 3.48068  kd 0.77320  train_acc 41.648  val_acc 73.67  (32.9s)
epoch 41/100  lr 6.58e-05  loss 2.10221  ce 3.43721  kd 0.76721  train_acc 37.481  val_acc 74.33  (32.7s)
epoch 42/100  lr 6.43e-05  loss 2.08926  ce 3.41164  kd 0.76689  train_acc 34.003  val_acc 75.50  (32.9s)
epoch 43/100  lr 6.28e-05  loss 2.14822  ce 3.54486  kd 0.75159  train_acc 38.318  val_acc 75.33  (30.6s)
epoch 44/100  lr 6.13e-05  loss 2.12685  ce 3.49455  kd 0.75916  train_acc 32.608  val_acc 73.67  (27.6s)
epoch 45/100  lr 5.98e-05  loss 2.14586  ce 3.53221  kd 0.75952  train_acc 32.906  val_acc 74.50  (30.3s)
epoch 46/100  lr 5.82e-05  loss 2.12621  ce 3.49216  kd 0.76026  train_acc 30.208  val_acc 74.00  (31.8s)
epoch 47/100  lr 5.67e-05  loss 2.16674  ce 3.57663  kd 0.75684  train_acc 25.260  val_acc 75.17  (32.8s)
epoch 48/100  lr 5.52e-05  loss 2.12949  ce 3.49308  kd 0.76589  train_acc 33.426  val_acc 76.83  (33.2s)
epoch 49/100  lr 5.36e-05  loss 2.06195  ce 3.35575  kd 0.76815  train_acc 37.426  val_acc 75.00  (33.1s)
epoch 50/100  lr 5.21e-05  loss 2.13615  ce 3.50308  kd 0.76922  train_acc 28.906  val_acc 77.00  (31.7s)
epoch 51/100  lr 5.05e-05  loss 2.08536  ce 3.40947  kd 0.76124  train_acc 36.440  val_acc 73.83  (25.5s)
epoch 52/100  lr 4.89e-05  loss 2.09024  ce 3.40702  kd 0.77346  train_acc 34.375  val_acc 75.83  (25.3s)
epoch 53/100  lr 4.74e-05  loss 2.10667  ce 3.44944  kd 0.76390  train_acc 33.594  val_acc 75.83  (25.2s)
epoch 54/100  lr 4.58e-05  loss 2.09718  ce 3.42404  kd 0.77033  train_acc 39.342  val_acc 75.67  (25.1s)
epoch 55/100  lr 4.43e-05  loss 2.08533  ce 3.40739  kd 0.76327  train_acc 33.315  val_acc 75.67  (25.7s)
epoch 56/100  lr 4.28e-05  loss 2.06473  ce 3.35833  kd 0.77114  train_acc 39.937  val_acc 76.50  (25.5s)
epoch 57/100  lr 4.12e-05  loss 2.02688  ce 3.27584  kd 0.77791  train_acc 42.113  val_acc 76.83  (26.0s)
epoch 58/100  lr 3.97e-05  loss 2.12094  ce 3.46628  kd 0.77559  train_acc 38.728  val_acc 74.50  (24.8s)
epoch 59/100  lr 3.82e-05  loss 2.08425  ce 3.39665  kd 0.77185  train_acc 31.250  val_acc 75.83  (24.5s)
epoch 60/100  lr 3.67e-05  loss 2.11468  ce 3.47054  kd 0.75882  train_acc 32.385  val_acc 76.67  (24.2s)
epoch 61/100  lr 3.52e-05  loss 1.98911  ce 3.20384  kd 0.77437  train_acc 44.922  val_acc 77.17  (24.3s)
epoch 62/100  lr 3.37e-05  loss 2.01890  ce 3.25046  kd 0.78733  train_acc 36.570  val_acc 76.83  (23.9s)
epoch 63/100  lr 3.23e-05  loss 2.13006  ce 3.50025  kd 0.75987  train_acc 37.816  val_acc 77.67  (23.8s)
epoch 64/100  lr 3.08e-05  loss 2.08521  ce 3.39406  kd 0.77635  train_acc 44.736  val_acc 78.33  (24.1s)
epoch 65/100  lr 2.94e-05  loss 2.03766  ce 3.30171  kd 0.77360  train_acc 35.547  val_acc 77.50  (24.0s)
epoch 66/100  lr 2.8e-05  loss 1.99493  ce 3.20197  kd 0.78789  train_acc 42.001  val_acc 78.50  (24.1s)
epoch 67/100  lr 2.67e-05  loss 2.05482  ce 3.34430  kd 0.76534  train_acc 37.035  val_acc 78.17  (24.0s)
epoch 68/100  lr 2.53e-05  loss 2.04562  ce 3.32189  kd 0.76935  train_acc 39.174  val_acc 78.67  (24.0s)
epoch 69/100  lr 2.4e-05  loss 2.05522  ce 3.33237  kd 0.77806  train_acc 40.904  val_acc 78.33  (24.1s)
epoch 70/100  lr 2.27e-05  loss 2.04361  ce 3.31322  kd 0.77401  train_acc 38.709  val_acc 77.83  (24.0s)
epoch 71/100  lr 2.14e-05  loss 2.08627  ce 3.40006  kd 0.77249  train_acc 38.616  val_acc 77.83  (24.4s)
epoch 72/100  lr 2.02e-05  loss 2.09897  ce 3.43482  kd 0.76313  train_acc 35.454  val_acc 77.33  (24.2s)
epoch 73/100  lr 1.89e-05  loss 2.11205  ce 3.44996  kd 0.77415  train_acc 36.086  val_acc 77.50  (24.2s)
epoch 74/100  lr 1.78e-05  loss 1.99865  ce 3.21954  kd 0.77776  train_acc 40.737  val_acc 78.00  (24.1s)
epoch 75/100  lr 1.66e-05  loss 2.06336  ce 3.33943  kd 0.78729  train_acc 49.070  val_acc 78.50  (23.9s)
epoch 76/100  lr 1.55e-05  loss 2.02546  ce 3.27177  kd 0.77916  train_acc 42.281  val_acc 78.83  (23.9s)
epoch 77/100  lr 1.44e-05  loss 2.04766  ce 3.30901  kd 0.78631  train_acc 47.247  val_acc 78.33  (24.1s)
epoch 78/100  lr 1.34e-05  loss 2.06825  ce 3.35958  kd 0.77691  train_acc 36.626  val_acc 78.00  (24.3s)
epoch 79/100  lr 1.24e-05  loss 2.02135  ce 3.26125  kd 0.78144  train_acc 44.792  val_acc 78.33  (24.0s)
epoch 80/100  lr 1.14e-05  loss 2.03822  ce 3.28991  kd 0.78653  train_acc 43.341  val_acc 78.67  (24.3s)
epoch 81/100  lr 1.05e-05  loss 2.09186  ce 3.40947  kd 0.77426  train_acc 37.946  val_acc 79.00  (24.1s)
epoch 82/100  lr 9.56e-06  loss 2.06970  ce 3.36231  kd 0.77709  train_acc 39.267  val_acc 78.33  (24.0s)
epoch 83/100  lr 8.71e-06  loss 2.02530  ce 3.26653  kd 0.78408  train_acc 44.624  val_acc 78.50  (24.3s)
epoch 84/100  lr 7.89e-06  loss 2.02212  ce 3.25715  kd 0.78709  train_acc 39.602  val_acc 77.67  (23.8s)
epoch 85/100  lr 7.12e-06  loss 2.03184  ce 3.27794  kd 0.78575  train_acc 43.917  val_acc 78.17  (24.0s)
epoch 86/100  lr 6.4e-06  loss 2.03288  ce 3.27815  kd 0.78761  train_acc 41.946  val_acc 78.17  (24.4s)
epoch 87/100  lr 5.71e-06  loss 2.00396  ce 3.23179  kd 0.77613  train_acc 37.649  val_acc 79.00  (24.1s)
epoch 88/100  lr 5.07e-06  loss 2.06137  ce 3.35358  kd 0.76916  train_acc 37.798  val_acc 78.50  (24.2s)
epoch 89/100  lr 4.48e-06  loss 2.05461  ce 3.32481  kd 0.78441  train_acc 36.849  val_acc 78.33  (24.1s)
epoch 90/100  lr 3.93e-06  loss 2.02698  ce 3.27169  kd 0.78228  train_acc 46.912  val_acc 78.67  (24.1s)
epoch 91/100  lr 3.42e-06  loss 2.00336  ce 3.22389  kd 0.78283  train_acc 43.211  val_acc 78.33  (24.2s)
epoch 92/100  lr 2.97e-06  loss 2.07179  ce 3.36767  kd 0.77591  train_acc 40.792  val_acc 79.00  (24.2s)
epoch 93/100  lr 2.56e-06  loss 1.97549  ce 3.17203  kd 0.77895  train_acc 42.615  val_acc 79.17  (24.3s)
epoch 94/100  lr 2.19e-06  loss 2.00019  ce 3.22320  kd 0.77717  train_acc 44.196  val_acc 78.33  (24.1s)
epoch 95/100  lr 1.88e-06  loss 2.06852  ce 3.36583  kd 0.77122  train_acc 37.798  val_acc 78.00  (24.1s)
epoch 96/100  lr 1.61e-06  loss 2.04404  ce 3.32017  kd 0.76791  train_acc 40.011  val_acc 78.33  (24.0s)
epoch 97/100  lr 1.39e-06  loss 2.02973  ce 3.28105  kd 0.77840  train_acc 42.318  val_acc 78.17  (23.9s)
epoch 98/100  lr 1.22e-06  loss 2.04511  ce 3.31506  kd 0.77516  train_acc 44.141  val_acc 78.33  (24.2s)
epoch 99/100  lr 1.1e-06  loss 2.05334  ce 3.33104  kd 0.77564  train_acc 38.356  val_acc 78.17  (24.2s)
epoch 100/100  lr 1.02e-06  loss 2.01777  ce 3.25227  kd 0.78326  train_acc 34.989  val_acc 78.33  (24.3s)
done. final val acc 78.33  best 79.17 @ epoch 93
