
===== 2026-10-04 13:27:13 pid=401596 /home/coder/aim-lab-stage3/stage0/train.py --mode maskedkd --mask-criterion tam_r --keep 0.3 --dataset waterbirds --seed 0 --lr 5e-05
run dir: /home/coder/stage0/outputs/waterbirds/tam_r_k0.3/seed0
state: new  device: cuda  micro_batch: 128  accum: 1  num_workers: 3
train 4795  val 1199  steps/epoch 37
teacher: /home/coder/stage0/outputs/waterbirds/teacher/seed0/best.pt (epoch 21, val acc 93.99)
TAM: kind attn_last, gap [0.1, 0.5], budget fixed, k per bucket (59, 59, 59), teacher GFLOPs {59: 5.2780416}
epoch 1/100  lr 1e-06  loss 0.69844  ce 0.75106  kd 0.64582  train_acc 48.290  val_acc 53.71  (31.8s)
epoch 2/100  lr 1.08e-05  loss 0.47455  ce 0.55925  kd 0.38986  train_acc 75.718  val_acc 73.89  (29.9s)
epoch 3/100  lr 2.06e-05  loss 0.35128  ce 0.45463  kd 0.24793  train_acc 84.776  val_acc 65.22  (29.9s)
epoch 4/100  lr 3.04e-05  loss 0.33098  ce 0.45094  kd 0.21102  train_acc 85.030  val_acc 66.72  (30.7s)
epoch 5/100  lr 4.02e-05  loss 0.31212  ce 0.43674  kd 0.18751  train_acc 84.438  val_acc 75.81  (29.0s)
epoch 6/100  lr 4.97e-05  loss 0.29632  ce 0.42056  kd 0.17209  train_acc 84.586  val_acc 78.40  (28.7s)
epoch 7/100  lr 4.96e-05  loss 0.29405  ce 0.41891  kd 0.16919  train_acc 84.248  val_acc 80.32  (30.6s)
epoch 8/100  lr 4.94e-05  loss 0.29357  ce 0.42361  kd 0.16353  train_acc 83.298  val_acc 80.98  (28.3s)
epoch 9/100  lr 4.92e-05  loss 0.29117  ce 0.42609  kd 0.15625  train_acc 85.325  val_acc 83.74  (27.8s)
epoch 10/100  lr 4.9e-05  loss 0.28936  ce 0.41394  kd 0.16479  train_acc 84.333  val_acc 82.65  (27.6s)
epoch 11/100  lr 4.88e-05  loss 0.28121  ce 0.40883  kd 0.15359  train_acc 83.024  val_acc 85.15  (27.3s)
epoch 12/100  lr 4.85e-05  loss 0.28176  ce 0.41253  kd 0.15098  train_acc 87.352  val_acc 85.99  (28.2s)
epoch 13/100  lr 4.83e-05  loss 0.28707  ce 0.42163  kd 0.15252  train_acc 84.438  val_acc 85.32  (30.0s)
epoch 14/100  lr 4.8e-05  loss 0.27667  ce 0.41312  kd 0.14022  train_acc 86.592  val_acc 87.24  (26.8s)
epoch 15/100  lr 4.76e-05  loss 0.27459  ce 0.40340  kd 0.14579  train_acc 85.705  val_acc 86.41  (27.4s)
epoch 16/100  lr 4.73e-05  loss 0.26299  ce 0.39188  kd 0.13410  train_acc 87.437  val_acc 87.49  (27.5s)
epoch 17/100  lr 4.69e-05  loss 0.27548  ce 0.41091  kd 0.14006  train_acc 85.980  val_acc 88.41  (28.3s)
epoch 18/100  lr 4.66e-05  loss 0.27455  ce 0.40621  kd 0.14289  train_acc 86.170  val_acc 87.74  (28.1s)
epoch 19/100  lr 4.61e-05  loss 0.27107  ce 0.40844  kd 0.13370  train_acc 83.763  val_acc 89.07  (27.1s)
epoch 20/100  lr 4.57e-05  loss 0.27163  ce 0.40746  kd 0.13581  train_acc 86.233  val_acc 89.07  (29.1s)
epoch 21/100  lr 4.53e-05  loss 0.27785  ce 0.41245  kd 0.14324  train_acc 87.922  val_acc 88.66  (28.0s)
epoch 22/100  lr 4.48e-05  loss 0.26245  ce 0.39527  kd 0.12963  train_acc 85.769  val_acc 90.16  (27.5s)
epoch 23/100  lr 4.43e-05  loss 0.28090  ce 0.42690  kd 0.13489  train_acc 81.588  val_acc 88.57  (27.1s)
epoch 24/100  lr 4.38e-05  loss 0.25680  ce 0.38968  kd 0.12392  train_acc 82.644  val_acc 90.91  (28.9s)
epoch 25/100  lr 4.33e-05  loss 0.26748  ce 0.39988  kd 0.13507  train_acc 86.486  val_acc 86.74  (27.1s)
epoch 26/100  lr 4.28e-05  loss 0.26980  ce 0.40637  kd 0.13322  train_acc 86.233  val_acc 87.82  (28.7s)
epoch 27/100  lr 4.22e-05  loss 0.26763  ce 0.40181  kd 0.13346  train_acc 84.861  val_acc 87.24  (27.9s)
epoch 28/100  lr 4.16e-05  loss 0.26890  ce 0.40892  kd 0.12889  train_acc 84.713  val_acc 88.91  (27.1s)
epoch 29/100  lr 4.1e-05  loss 0.27054  ce 0.40908  kd 0.13199  train_acc 83.594  val_acc 89.66  (28.9s)
epoch 30/100  lr 4.04e-05  loss 0.27713  ce 0.41834  kd 0.13592  train_acc 83.932  val_acc 90.41  (28.3s)
epoch 31/100  lr 3.98e-05  loss 0.25659  ce 0.39133  kd 0.12185  train_acc 79.899  val_acc 90.99  (28.4s)
epoch 32/100  lr 3.92e-05  loss 0.25841  ce 0.39084  kd 0.12597  train_acc 83.193  val_acc 89.57  (28.3s)
epoch 33/100  lr 3.85e-05  loss 0.25421  ce 0.38799  kd 0.12044  train_acc 84.143  val_acc 87.66  (28.1s)
epoch 34/100  lr 3.78e-05  loss 0.26093  ce 0.40048  kd 0.12139  train_acc 78.104  val_acc 88.82  (27.3s)
epoch 35/100  lr 3.72e-05  loss 0.26588  ce 0.40726  kd 0.12450  train_acc 83.277  val_acc 89.24  (27.4s)
epoch 36/100  lr 3.65e-05  loss 0.26076  ce 0.40188  kd 0.11963  train_acc 88.133  val_acc 89.41  (27.3s)
epoch 37/100  lr 3.58e-05  loss 0.26481  ce 0.40201  kd 0.12760  train_acc 84.122  val_acc 88.99  (27.7s)
epoch 38/100  lr 3.51e-05  loss 0.25960  ce 0.39337  kd 0.12582  train_acc 83.974  val_acc 90.16  (28.5s)
epoch 39/100  lr 3.44e-05  loss 0.26326  ce 0.40277  kd 0.12375  train_acc 86.128  val_acc 89.99  (28.5s)
epoch 40/100  lr 3.36e-05  loss 0.25886  ce 0.40065  kd 0.11707  train_acc 84.037  val_acc 88.99  (28.6s)
epoch 41/100  lr 3.29e-05  loss 0.26600  ce 0.40671  kd 0.12529  train_acc 85.663  val_acc 90.41  (28.6s)
epoch 42/100  lr 3.22e-05  loss 0.25964  ce 0.39683  kd 0.12244  train_acc 83.847  val_acc 90.49  (28.2s)
epoch 43/100  lr 3.14e-05  loss 0.25277  ce 0.38637  kd 0.11917  train_acc 84.164  val_acc 89.99  (28.9s)
epoch 44/100  lr 3.06e-05  loss 0.25957  ce 0.40053  kd 0.11862  train_acc 84.016  val_acc 90.08  (27.1s)
epoch 45/100  lr 2.99e-05  loss 0.25835  ce 0.38900  kd 0.12769  train_acc 85.241  val_acc 90.58  (28.6s)
epoch 46/100  lr 2.91e-05  loss 0.26744  ce 0.40956  kd 0.12531  train_acc 84.945  val_acc 90.66  (28.1s)
epoch 47/100  lr 2.84e-05  loss 0.27314  ce 0.41735  kd 0.12893  train_acc 82.728  val_acc 89.07  (27.8s)
epoch 48/100  lr 2.76e-05  loss 0.25258  ce 0.38525  kd 0.11991  train_acc 86.740  val_acc 89.74  (28.4s)
epoch 49/100  lr 2.68e-05  loss 0.25614  ce 0.39680  kd 0.11547  train_acc 87.141  val_acc 90.24  (28.0s)
epoch 50/100  lr 2.6e-05  loss 0.24485  ce 0.37824  kd 0.11145  train_acc 85.916  val_acc 91.24  (28.2s)
epoch 51/100  lr 2.53e-05  loss 0.24193  ce 0.37430  kd 0.10955  train_acc 86.677  val_acc 89.07  (28.1s)
epoch 52/100  lr 2.45e-05  loss 0.26297  ce 0.40381  kd 0.12213  train_acc 82.812  val_acc 90.24  (28.0s)
epoch 53/100  lr 2.37e-05  loss 0.26669  ce 0.41276  kd 0.12061  train_acc 80.912  val_acc 90.16  (27.7s)
epoch 54/100  lr 2.29e-05  loss 0.26356  ce 0.39912  kd 0.12799  train_acc 81.651  val_acc 89.07  (28.7s)
epoch 55/100  lr 2.21e-05  loss 0.26310  ce 0.40603  kd 0.12018  train_acc 83.319  val_acc 89.32  (27.8s)
epoch 56/100  lr 2.14e-05  loss 0.25294  ce 0.38545  kd 0.12042  train_acc 84.122  val_acc 90.58  (28.9s)
epoch 57/100  lr 2.06e-05  loss 0.25447  ce 0.39306  kd 0.11587  train_acc 86.381  val_acc 89.74  (27.7s)
epoch 58/100  lr 1.99e-05  loss 0.24440  ce 0.37768  kd 0.11112  train_acc 83.425  val_acc 89.74  (28.7s)
epoch 59/100  lr 1.91e-05  loss 0.25751  ce 0.39564  kd 0.11938  train_acc 84.248  val_acc 89.49  (28.2s)
epoch 60/100  lr 1.83e-05  loss 0.26659  ce 0.40786  kd 0.12531  train_acc 84.840  val_acc 90.08  (28.9s)
epoch 61/100  lr 1.76e-05  loss 0.25709  ce 0.39541  kd 0.11877  train_acc 88.260  val_acc 89.57  (27.9s)
epoch 62/100  lr 1.69e-05  loss 0.25306  ce 0.39192  kd 0.11420  train_acc 83.910  val_acc 90.49  (28.8s)
epoch 63/100  lr 1.61e-05  loss 0.26162  ce 0.40191  kd 0.12134  train_acc 84.987  val_acc 90.16  (28.4s)
epoch 64/100  lr 1.54e-05  loss 0.25118  ce 0.38157  kd 0.12079  train_acc 85.895  val_acc 90.49  (28.2s)
epoch 65/100  lr 1.47e-05  loss 0.22901  ce 0.35760  kd 0.10043  train_acc 83.995  val_acc 90.49  (27.5s)
epoch 66/100  lr 1.4e-05  loss 0.26011  ce 0.39757  kd 0.12265  train_acc 85.557  val_acc 90.16  (28.2s)
epoch 67/100  lr 1.33e-05  loss 0.25482  ce 0.39192  kd 0.11772  train_acc 87.268  val_acc 90.49  (28.3s)
epoch 68/100  lr 1.27e-05  loss 0.25955  ce 0.40004  kd 0.11907  train_acc 85.557  val_acc 89.91  (27.0s)
epoch 69/100  lr 1.2e-05  loss 0.25068  ce 0.38223  kd 0.11913  train_acc 82.264  val_acc 90.33  (28.4s)
epoch 70/100  lr 1.13e-05  loss 0.25676  ce 0.39535  kd 0.11817  train_acc 83.277  val_acc 90.33  (28.4s)
epoch 71/100  lr 1.07e-05  loss 0.25698  ce 0.39358  kd 0.12039  train_acc 83.256  val_acc 90.49  (27.0s)
epoch 72/100  lr 1.01e-05  loss 0.24726  ce 0.38553  kd 0.10899  train_acc 83.932  val_acc 90.08  (28.7s)
epoch 73/100  lr 9.47e-06  loss 0.25217  ce 0.38642  kd 0.11792  train_acc 84.586  val_acc 89.49  (27.3s)
epoch 74/100  lr 8.88e-06  loss 0.24698  ce 0.38272  kd 0.11124  train_acc 84.481  val_acc 89.99  (27.6s)
epoch 75/100  lr 8.31e-06  loss 0.24720  ce 0.38215  kd 0.11226  train_acc 82.496  val_acc 90.24  (27.6s)
epoch 76/100  lr 7.75e-06  loss 0.24804  ce 0.38494  kd 0.11115  train_acc 88.450  val_acc 90.49  (28.4s)
epoch 77/100  lr 7.21e-06  loss 0.24315  ce 0.37232  kd 0.11399  train_acc 85.916  val_acc 90.41  (28.8s)
epoch 78/100  lr 6.68e-06  loss 0.24226  ce 0.37264  kd 0.11188  train_acc 88.387  val_acc 90.41  (29.7s)
epoch 79/100  lr 6.18e-06  loss 0.25530  ce 0.39076  kd 0.11983  train_acc 81.947  val_acc 90.41  (28.2s)
epoch 80/100  lr 5.69e-06  loss 0.25769  ce 0.39605  kd 0.11933  train_acc 86.655  val_acc 90.24  (27.8s)
epoch 81/100  lr 5.23e-06  loss 0.24744  ce 0.38019  kd 0.11470  train_acc 87.078  val_acc 89.82  (27.2s)
epoch 82/100  lr 4.78e-06  loss 0.24813  ce 0.38310  kd 0.11315  train_acc 86.677  val_acc 90.08  (27.9s)
epoch 83/100  lr 4.35e-06  loss 0.25069  ce 0.38885  kd 0.11254  train_acc 82.411  val_acc 90.49  (28.2s)
epoch 84/100  lr 3.95e-06  loss 0.24169  ce 0.37270  kd 0.11067  train_acc 85.684  val_acc 90.16  (28.0s)
epoch 85/100  lr 3.56e-06  loss 0.25120  ce 0.39221  kd 0.11019  train_acc 82.665  val_acc 90.41  (28.3s)
epoch 86/100  lr 3.2e-06  loss 0.25414  ce 0.39617  kd 0.11211  train_acc 82.960  val_acc 90.33  (27.5s)
epoch 87/100  lr 2.86e-06  loss 0.25672  ce 0.39372  kd 0.11972  train_acc 85.283  val_acc 89.99  (27.9s)
epoch 88/100  lr 2.54e-06  loss 0.27117  ce 0.41819  kd 0.12415  train_acc 83.678  val_acc 89.82  (28.4s)
epoch 89/100  lr 2.24e-06  loss 0.25780  ce 0.39595  kd 0.11965  train_acc 85.726  val_acc 89.82  (27.9s)
epoch 90/100  lr 1.96e-06  loss 0.24427  ce 0.37124  kd 0.11730  train_acc 84.269  val_acc 89.91  (27.9s)
epoch 91/100  lr 1.71e-06  loss 0.24629  ce 0.38072  kd 0.11186  train_acc 83.678  val_acc 89.74  (27.7s)
epoch 92/100  lr 1.48e-06  loss 0.25288  ce 0.38821  kd 0.11754  train_acc 84.037  val_acc 89.82  (28.0s)
epoch 93/100  lr 1.28e-06  loss 0.25326  ce 0.38968  kd 0.11684  train_acc 87.268  val_acc 89.82  (29.1s)
epoch 94/100  lr 1.1e-06  loss 0.24267  ce 0.37076  kd 0.11458  train_acc 87.268  val_acc 89.99  (27.7s)
epoch 95/100  lr 9.38e-07  loss 0.25216  ce 0.38790  kd 0.11641  train_acc 84.016  val_acc 89.82  (28.3s)
epoch 96/100  lr 8.05e-07  loss 0.26019  ce 0.40159  kd 0.11879  train_acc 85.410  val_acc 89.82  (28.1s)
epoch 97/100  lr 6.95e-07  loss 0.25172  ce 0.38348  kd 0.11995  train_acc 84.291  val_acc 89.91  (28.2s)
epoch 98/100  lr 6.1e-07  loss 0.24587  ce 0.37886  kd 0.11287  train_acc 87.289  val_acc 90.16  (28.1s)
epoch 99/100  lr 5.49e-07  loss 0.25676  ce 0.39802  kd 0.11550  train_acc 86.128  val_acc 90.16  (26.6s)
epoch 100/100  lr 5.12e-07  loss 0.24716  ce 0.37962  kd 0.11470  train_acc 87.732  val_acc 90.24  (26.8s)
done. final val acc 90.24  best 91.24 @ epoch 50
