
===== 2026-10-04 08:19:25 pid=288091 /home/coder/aim-lab-stage3/stage0/train.py --mode maskedkd --mask-criterion rollout --keep 0.3 --dataset waterbirds --seed 0 --lr 5e-05
run dir: /home/coder/stage0/outputs/waterbirds/rollout_k0.3/seed0
state: new  device: cuda  micro_batch: 128  accum: 1  num_workers: 3
train 4795  val 1199  steps/epoch 37
teacher: /home/coder/stage0/outputs/waterbirds/teacher/seed0/best.pt (epoch 21, val acc 93.99)
epoch 1/100  lr 1e-06  loss 0.69716  ce 0.75097  kd 0.64336  train_acc 48.247  val_acc 53.71  (30.2s)
epoch 2/100  lr 1.08e-05  loss 0.47144  ce 0.55905  kd 0.38383  train_acc 75.718  val_acc 73.73  (29.2s)
epoch 3/100  lr 2.06e-05  loss 0.34760  ce 0.45485  kd 0.24036  train_acc 84.776  val_acc 65.14  (28.8s)
epoch 4/100  lr 3.04e-05  loss 0.33060  ce 0.45131  kd 0.20990  train_acc 84.776  val_acc 65.97  (28.9s)
epoch 5/100  lr 4.02e-05  loss 0.31296  ce 0.43735  kd 0.18856  train_acc 84.671  val_acc 75.56  (29.3s)
epoch 6/100  lr 4.97e-05  loss 0.29451  ce 0.42083  kd 0.16818  train_acc 84.966  val_acc 77.48  (29.2s)
epoch 7/100  lr 4.96e-05  loss 0.29564  ce 0.42057  kd 0.17072  train_acc 84.375  val_acc 78.07  (28.8s)
epoch 8/100  lr 4.94e-05  loss 0.29424  ce 0.42457  kd 0.16392  train_acc 83.594  val_acc 79.82  (28.4s)
epoch 9/100  lr 4.92e-05  loss 0.29187  ce 0.42597  kd 0.15776  train_acc 85.135  val_acc 82.15  (28.5s)
epoch 10/100  lr 4.9e-05  loss 0.28533  ce 0.41585  kd 0.15481  train_acc 84.649  val_acc 83.15  (28.9s)
epoch 11/100  lr 4.88e-05  loss 0.28040  ce 0.40959  kd 0.15121  train_acc 83.045  val_acc 85.49  (29.7s)
epoch 12/100  lr 4.85e-05  loss 0.27695  ce 0.41304  kd 0.14086  train_acc 87.521  val_acc 86.41  (29.3s)
epoch 13/100  lr 4.83e-05  loss 0.28741  ce 0.42249  kd 0.15233  train_acc 84.227  val_acc 86.32  (29.3s)
epoch 14/100  lr 4.8e-05  loss 0.27425  ce 0.41493  kd 0.13357  train_acc 86.909  val_acc 86.82  (28.8s)
epoch 15/100  lr 4.76e-05  loss 0.27818  ce 0.40540  kd 0.15096  train_acc 85.874  val_acc 84.40  (27.9s)
epoch 16/100  lr 4.73e-05  loss 0.25928  ce 0.38989  kd 0.12868  train_acc 87.437  val_acc 86.41  (28.6s)
epoch 17/100  lr 4.69e-05  loss 0.27188  ce 0.40954  kd 0.13421  train_acc 86.106  val_acc 88.07  (28.5s)
epoch 18/100  lr 4.66e-05  loss 0.27172  ce 0.40712  kd 0.13633  train_acc 86.508  val_acc 87.74  (27.7s)
epoch 19/100  lr 4.61e-05  loss 0.27238  ce 0.40952  kd 0.13525  train_acc 83.847  val_acc 88.24  (28.0s)
epoch 20/100  lr 4.57e-05  loss 0.27220  ce 0.40789  kd 0.13651  train_acc 86.423  val_acc 88.41  (27.8s)
epoch 21/100  lr 4.53e-05  loss 0.27806  ce 0.41348  kd 0.14263  train_acc 87.986  val_acc 88.82  (28.5s)
epoch 22/100  lr 4.48e-05  loss 0.26306  ce 0.39647  kd 0.12964  train_acc 85.790  val_acc 88.74  (28.1s)
epoch 23/100  lr 4.43e-05  loss 0.27853  ce 0.42682  kd 0.13024  train_acc 81.862  val_acc 88.32  (28.7s)
epoch 24/100  lr 4.38e-05  loss 0.25591  ce 0.39084  kd 0.12098  train_acc 82.812  val_acc 89.99  (28.6s)
epoch 25/100  lr 4.33e-05  loss 0.26367  ce 0.40138  kd 0.12595  train_acc 86.508  val_acc 86.91  (27.8s)
epoch 26/100  lr 4.28e-05  loss 0.26615  ce 0.40489  kd 0.12741  train_acc 86.296  val_acc 87.57  (28.7s)
epoch 27/100  lr 4.22e-05  loss 0.26468  ce 0.40257  kd 0.12679  train_acc 85.241  val_acc 86.49  (28.4s)
epoch 28/100  lr 4.16e-05  loss 0.26942  ce 0.41176  kd 0.12707  train_acc 85.008  val_acc 87.32  (28.6s)
epoch 29/100  lr 4.1e-05  loss 0.26916  ce 0.41228  kd 0.12605  train_acc 83.763  val_acc 88.24  (27.8s)
epoch 30/100  lr 4.04e-05  loss 0.27481  ce 0.42011  kd 0.12952  train_acc 84.079  val_acc 90.24  (28.5s)
epoch 31/100  lr 3.98e-05  loss 0.25609  ce 0.39262  kd 0.11956  train_acc 79.878  val_acc 90.33  (29.3s)
epoch 32/100  lr 3.92e-05  loss 0.25735  ce 0.39390  kd 0.12080  train_acc 83.319  val_acc 88.82  (28.3s)
epoch 33/100  lr 3.85e-05  loss 0.25298  ce 0.38730  kd 0.11866  train_acc 84.628  val_acc 86.99  (27.9s)
epoch 34/100  lr 3.78e-05  loss 0.26238  ce 0.40032  kd 0.12443  train_acc 78.737  val_acc 88.16  (28.3s)
epoch 35/100  lr 3.72e-05  loss 0.26887  ce 0.40905  kd 0.12869  train_acc 83.636  val_acc 89.16  (28.0s)
epoch 36/100  lr 3.65e-05  loss 0.26074  ce 0.40152  kd 0.11996  train_acc 88.239  val_acc 89.49  (27.4s)
epoch 37/100  lr 3.58e-05  loss 0.26367  ce 0.40163  kd 0.12570  train_acc 84.481  val_acc 89.16  (27.9s)
epoch 38/100  lr 3.51e-05  loss 0.25694  ce 0.39483  kd 0.11905  train_acc 84.122  val_acc 89.91  (28.2s)
epoch 39/100  lr 3.44e-05  loss 0.26248  ce 0.40354  kd 0.12142  train_acc 86.212  val_acc 89.82  (27.7s)
epoch 40/100  lr 3.36e-05  loss 0.26151  ce 0.40179  kd 0.12122  train_acc 84.016  val_acc 89.24  (27.4s)
epoch 41/100  lr 3.29e-05  loss 0.26644  ce 0.40904  kd 0.12384  train_acc 85.642  val_acc 90.83  (28.3s)
epoch 42/100  lr 3.22e-05  loss 0.25934  ce 0.39755  kd 0.12114  train_acc 84.269  val_acc 90.16  (27.7s)
epoch 43/100  lr 3.14e-05  loss 0.25083  ce 0.38809  kd 0.11358  train_acc 84.396  val_acc 89.91  (28.0s)
epoch 44/100  lr 3.06e-05  loss 0.26055  ce 0.40114  kd 0.11995  train_acc 83.974  val_acc 90.91  (27.0s)
epoch 45/100  lr 2.99e-05  loss 0.25538  ce 0.38902  kd 0.12174  train_acc 85.557  val_acc 90.49  (27.3s)
epoch 46/100  lr 2.91e-05  loss 0.26404  ce 0.41004  kd 0.11803  train_acc 84.882  val_acc 91.08  (28.2s)
epoch 47/100  lr 2.84e-05  loss 0.26995  ce 0.41803  kd 0.12186  train_acc 82.960  val_acc 89.66  (28.2s)
epoch 48/100  lr 2.76e-05  loss 0.25275  ce 0.38656  kd 0.11893  train_acc 86.740  val_acc 89.16  (28.0s)
epoch 49/100  lr 2.68e-05  loss 0.25650  ce 0.39776  kd 0.11524  train_acc 87.606  val_acc 90.41  (28.2s)
epoch 50/100  lr 2.6e-05  loss 0.24647  ce 0.37875  kd 0.11420  train_acc 85.684  val_acc 90.83  (27.5s)
epoch 51/100  lr 2.53e-05  loss 0.24161  ce 0.37511  kd 0.10811  train_acc 87.014  val_acc 89.82  (27.9s)
epoch 52/100  lr 2.45e-05  loss 0.26507  ce 0.40798  kd 0.12216  train_acc 82.876  val_acc 90.24  (28.3s)
epoch 53/100  lr 2.37e-05  loss 0.26539  ce 0.41307  kd 0.11770  train_acc 80.976  val_acc 91.33  (28.6s)
epoch 54/100  lr 2.29e-05  loss 0.26412  ce 0.40047  kd 0.12776  train_acc 82.221  val_acc 89.32  (28.6s)
epoch 55/100  lr 2.21e-05  loss 0.26302  ce 0.40825  kd 0.11780  train_acc 83.319  val_acc 90.24  (28.4s)
epoch 56/100  lr 2.14e-05  loss 0.25120  ce 0.38690  kd 0.11549  train_acc 83.995  val_acc 90.91  (29.0s)
epoch 57/100  lr 2.06e-05  loss 0.25669  ce 0.39519  kd 0.11819  train_acc 86.275  val_acc 90.33  (29.6s)
epoch 58/100  lr 1.99e-05  loss 0.24288  ce 0.38010  kd 0.10566  train_acc 83.488  val_acc 90.33  (28.6s)
epoch 59/100  lr 1.91e-05  loss 0.25689  ce 0.39708  kd 0.11669  train_acc 84.291  val_acc 90.08  (28.3s)
epoch 60/100  lr 1.83e-05  loss 0.26636  ce 0.40915  kd 0.12356  train_acc 84.966  val_acc 90.24  (28.4s)
epoch 61/100  lr 1.76e-05  loss 0.25847  ce 0.39712  kd 0.11982  train_acc 88.366  val_acc 90.58  (28.7s)
epoch 62/100  lr 1.69e-05  loss 0.25215  ce 0.39365  kd 0.11066  train_acc 83.974  val_acc 91.33  (28.1s)
epoch 63/100  lr 1.61e-05  loss 0.25926  ce 0.40272  kd 0.11579  train_acc 85.220  val_acc 91.16  (28.3s)
epoch 64/100  lr 1.54e-05  loss 0.24958  ce 0.38443  kd 0.11472  train_acc 86.022  val_acc 90.49  (28.7s)
epoch 65/100  lr 1.47e-05  loss 0.22891  ce 0.35732  kd 0.10050  train_acc 84.354  val_acc 90.66  (29.1s)
epoch 66/100  lr 1.4e-05  loss 0.25888  ce 0.39847  kd 0.11929  train_acc 85.705  val_acc 90.74  (28.9s)
epoch 67/100  lr 1.33e-05  loss 0.25440  ce 0.39286  kd 0.11595  train_acc 87.563  val_acc 90.99  (28.9s)
epoch 68/100  lr 1.27e-05  loss 0.25982  ce 0.40118  kd 0.11845  train_acc 85.916  val_acc 90.33  (28.7s)
epoch 69/100  lr 1.2e-05  loss 0.24886  ce 0.38226  kd 0.11545  train_acc 82.411  val_acc 90.74  (28.7s)
epoch 70/100  lr 1.13e-05  loss 0.25607  ce 0.39713  kd 0.11500  train_acc 83.340  val_acc 90.49  (28.8s)
epoch 71/100  lr 1.07e-05  loss 0.25652  ce 0.39671  kd 0.11632  train_acc 83.446  val_acc 90.41  (28.1s)
epoch 72/100  lr 1.01e-05  loss 0.24776  ce 0.38638  kd 0.10915  train_acc 84.037  val_acc 90.08  (28.7s)
epoch 73/100  lr 9.47e-06  loss 0.25038  ce 0.38732  kd 0.11343  train_acc 84.861  val_acc 89.74  (27.9s)
epoch 74/100  lr 8.88e-06  loss 0.24562  ce 0.38292  kd 0.10832  train_acc 84.776  val_acc 90.08  (27.8s)
epoch 75/100  lr 8.31e-06  loss 0.24671  ce 0.38328  kd 0.11014  train_acc 82.475  val_acc 90.58  (28.3s)
epoch 76/100  lr 7.75e-06  loss 0.24787  ce 0.38499  kd 0.11074  train_acc 88.239  val_acc 90.49  (27.9s)
epoch 77/100  lr 7.21e-06  loss 0.24022  ce 0.37395  kd 0.10650  train_acc 85.938  val_acc 90.16  (28.2s)
epoch 78/100  lr 6.68e-06  loss 0.24109  ce 0.37319  kd 0.10899  train_acc 88.577  val_acc 90.33  (27.9s)
epoch 79/100  lr 6.18e-06  loss 0.25552  ce 0.39365  kd 0.11740  train_acc 82.348  val_acc 90.33  (28.8s)
epoch 80/100  lr 5.69e-06  loss 0.25471  ce 0.39776  kd 0.11167  train_acc 86.465  val_acc 90.33  (27.3s)
epoch 81/100  lr 5.23e-06  loss 0.24615  ce 0.38117  kd 0.11113  train_acc 87.394  val_acc 89.66  (27.2s)
epoch 82/100  lr 4.78e-06  loss 0.24789  ce 0.38473  kd 0.11104  train_acc 86.402  val_acc 90.08  (27.6s)
epoch 83/100  lr 4.35e-06  loss 0.24969  ce 0.38985  kd 0.10954  train_acc 82.348  val_acc 90.58  (28.3s)
epoch 84/100  lr 3.95e-06  loss 0.24040  ce 0.37401  kd 0.10679  train_acc 85.790  val_acc 90.41  (28.1s)
epoch 85/100  lr 3.56e-06  loss 0.25066  ce 0.39340  kd 0.10792  train_acc 83.066  val_acc 90.58  (27.7s)
epoch 86/100  lr 3.2e-06  loss 0.25464  ce 0.39792  kd 0.11135  train_acc 83.129  val_acc 90.58  (27.6s)
epoch 87/100  lr 2.86e-06  loss 0.25577  ce 0.39681  kd 0.11473  train_acc 84.882  val_acc 90.41  (27.8s)
epoch 88/100  lr 2.54e-06  loss 0.27030  ce 0.41984  kd 0.12077  train_acc 83.889  val_acc 90.74  (28.1s)
epoch 89/100  lr 2.24e-06  loss 0.25916  ce 0.39835  kd 0.11997  train_acc 85.663  val_acc 90.74  (28.0s)
epoch 90/100  lr 1.96e-06  loss 0.24114  ce 0.37335  kd 0.10893  train_acc 84.037  val_acc 90.58  (27.1s)
epoch 91/100  lr 1.71e-06  loss 0.24505  ce 0.38281  kd 0.10729  train_acc 83.488  val_acc 90.41  (27.7s)
epoch 92/100  lr 1.48e-06  loss 0.25109  ce 0.38951  kd 0.11267  train_acc 84.079  val_acc 90.41  (28.3s)
epoch 93/100  lr 1.28e-06  loss 0.25125  ce 0.39205  kd 0.11045  train_acc 87.268  val_acc 90.49  (27.8s)
epoch 94/100  lr 1.1e-06  loss 0.23963  ce 0.37138  kd 0.10788  train_acc 87.310  val_acc 90.49  (28.7s)
epoch 95/100  lr 9.38e-07  loss 0.25258  ce 0.39009  kd 0.11507  train_acc 84.206  val_acc 90.58  (28.9s)
epoch 96/100  lr 8.05e-07  loss 0.25630  ce 0.40312  kd 0.10948  train_acc 85.346  val_acc 90.41  (28.2s)
epoch 97/100  lr 6.95e-07  loss 0.24919  ce 0.38597  kd 0.11241  train_acc 83.826  val_acc 90.41  (27.9s)
epoch 98/100  lr 6.1e-07  loss 0.24527  ce 0.37951  kd 0.11104  train_acc 87.373  val_acc 90.49  (28.2s)
epoch 99/100  lr 5.49e-07  loss 0.25675  ce 0.39903  kd 0.11447  train_acc 86.043  val_acc 90.66  (24.4s)
epoch 100/100  lr 5.12e-07  loss 0.24635  ce 0.38215  kd 0.11055  train_acc 87.690  val_acc 90.58  (33.8s)
done. final val acc 90.58  best 91.33 @ epoch 53
