
===== 2026-10-03 14:25:35 pid=42002 /home/coder/aim-lab-test-5/stage0/train.py --mode teacher --dataset cub --seed 0 --lr 5e-05 --subdir lrsel/teacher_lr5e-05
run dir: /home/coder/stage0/outputs/cub/lrsel/teacher_lr5e-05/seed0
state: new  device: cuda  micro_batch: 128  accum: 1  num_workers: 3
train 5394  val 600  steps/epoch 42
epoch 1/100  lr 1e-06  loss 5.34755  ce 5.34755  kd -  train_acc 0.558  val_acc 0.17  (33.8s)
epoch 2/100  lr 1.08e-05  loss 5.29110  ce 5.29110  kd -  train_acc 0.744  val_acc 1.50  (31.5s)
epoch 3/100  lr 2.06e-05  loss 5.16119  ce 5.16119  kd -  train_acc 2.400  val_acc 5.00  (31.5s)
epoch 4/100  lr 3.04e-05  loss 4.76220  ce 4.76220  kd -  train_acc 9.152  val_acc 25.67  (32.0s)
epoch 5/100  lr 4.02e-05  loss 4.08991  ce 4.08991  kd -  train_acc 24.888  val_acc 45.50  (32.9s)
epoch 6/100  lr 4.97e-05  loss 3.38090  ce 3.38090  kd -  train_acc 39.565  val_acc 56.67  (31.3s)
epoch 7/100  lr 4.96e-05  loss 2.84401  ce 2.84401  kd -  train_acc 49.442  val_acc 63.33  (31.6s)
epoch 8/100  lr 4.94e-05  loss 2.44734  ce 2.44734  kd -  train_acc 55.469  val_acc 71.17  (31.6s)
epoch 9/100  lr 4.92e-05  loss 2.14908  ce 2.14908  kd -  train_acc 61.440  val_acc 74.33  (32.8s)
epoch 10/100  lr 4.9e-05  loss 1.92861  ce 1.92861  kd -  train_acc 65.067  val_acc 77.50  (31.5s)
epoch 11/100  lr 4.88e-05  loss 1.74661  ce 1.74661  kd -  train_acc 67.932  val_acc 80.50  (31.8s)
epoch 12/100  lr 4.85e-05  loss 1.62561  ce 1.62561  kd -  train_acc 69.401  val_acc 80.00  (31.4s)
epoch 13/100  lr 4.83e-05  loss 1.51465  ce 1.51465  kd -  train_acc 71.057  val_acc 82.17  (32.1s)
epoch 14/100  lr 4.8e-05  loss 1.41364  ce 1.41364  kd -  train_acc 73.363  val_acc 82.67  (32.0s)
epoch 15/100  lr 4.76e-05  loss 1.31882  ce 1.31882  kd -  train_acc 74.498  val_acc 81.67  (32.2s)
epoch 16/100  lr 4.73e-05  loss 1.25097  ce 1.25097  kd -  train_acc 75.688  val_acc 83.00  (31.8s)
epoch 17/100  lr 4.69e-05  loss 1.17734  ce 1.17734  kd -  train_acc 76.562  val_acc 82.83  (32.0s)
epoch 18/100  lr 4.66e-05  loss 1.18226  ce 1.18226  kd -  train_acc 76.265  val_acc 84.67  (31.5s)
epoch 19/100  lr 4.61e-05  loss 1.08271  ce 1.08271  kd -  train_acc 78.032  val_acc 84.83  (31.5s)
epoch 20/100  lr 4.57e-05  loss 1.04215  ce 1.04215  kd -  train_acc 78.776  val_acc 84.00  (31.8s)
epoch 21/100  lr 4.53e-05  loss 1.01457  ce 1.01457  kd -  train_acc 79.278  val_acc 84.17  (32.7s)
epoch 22/100  lr 4.48e-05  loss 0.99821  ce 0.99821  kd -  train_acc 79.688  val_acc 84.50  (31.8s)
epoch 23/100  lr 4.43e-05  loss 0.97001  ce 0.97001  kd -  train_acc 80.022  val_acc 85.67  (32.7s)
epoch 24/100  lr 4.38e-05  loss 0.93537  ce 0.93537  kd -  train_acc 80.487  val_acc 85.00  (31.5s)
epoch 25/100  lr 4.33e-05  loss 0.88213  ce 0.88213  kd -  train_acc 81.603  val_acc 86.17  (31.2s)
epoch 26/100  lr 4.28e-05  loss 0.88429  ce 0.88429  kd -  train_acc 81.752  val_acc 86.33  (31.7s)
epoch 27/100  lr 4.22e-05  loss 0.84715  ce 0.84715  kd -  train_acc 82.682  val_acc 84.50  (32.4s)
epoch 28/100  lr 4.16e-05  loss 0.82518  ce 0.82518  kd -  train_acc 82.552  val_acc 85.33  (31.8s)
epoch 29/100  lr 4.1e-05  loss 0.78927  ce 0.78927  kd -  train_acc 83.891  val_acc 84.83  (32.6s)
epoch 30/100  lr 4.04e-05  loss 0.76876  ce 0.76876  kd -  train_acc 83.817  val_acc 84.00  (31.6s)
epoch 31/100  lr 3.98e-05  loss 0.76334  ce 0.76334  kd -  train_acc 84.152  val_acc 85.83  (31.4s)
epoch 32/100  lr 3.92e-05  loss 0.78550  ce 0.78550  kd -  train_acc 83.426  val_acc 84.83  (32.8s)
epoch 33/100  lr 3.85e-05  loss 0.72441  ce 0.72441  kd -  train_acc 84.859  val_acc 86.00  (31.5s)
epoch 34/100  lr 3.78e-05  loss 0.69549  ce 0.69549  kd -  train_acc 85.472  val_acc 84.67  (31.3s)
epoch 35/100  lr 3.72e-05  loss 0.72462  ce 0.72462  kd -  train_acc 84.152  val_acc 85.17  (31.7s)
epoch 36/100  lr 3.65e-05  loss 0.67376  ce 0.67376  kd -  train_acc 85.826  val_acc 84.50  (32.4s)
epoch 37/100  lr 3.58e-05  loss 0.68305  ce 0.68305  kd -  train_acc 85.863  val_acc 85.00  (31.9s)
epoch 38/100  lr 3.51e-05  loss 0.66822  ce 0.66822  kd -  train_acc 86.012  val_acc 85.67  (31.9s)
epoch 39/100  lr 3.44e-05  loss 0.65897  ce 0.65897  kd -  train_acc 86.124  val_acc 85.83  (32.8s)
epoch 40/100  lr 3.36e-05  loss 0.65587  ce 0.65587  kd -  train_acc 85.956  val_acc 84.50  (31.9s)
epoch 41/100  lr 3.29e-05  loss 0.65488  ce 0.65488  kd -  train_acc 86.254  val_acc 85.17  (32.0s)
epoch 42/100  lr 3.22e-05  loss 0.63798  ce 0.63798  kd -  train_acc 86.626  val_acc 83.67  (32.2s)
epoch 43/100  lr 3.14e-05  loss 0.62402  ce 0.62402  kd -  train_acc 86.756  val_acc 84.67  (32.7s)
epoch 44/100  lr 3.06e-05  loss 0.61646  ce 0.61646  kd -  train_acc 86.663  val_acc 83.83  (31.8s)
epoch 45/100  lr 2.99e-05  loss 0.57867  ce 0.57867  kd -  train_acc 87.723  val_acc 83.83  (32.5s)
epoch 46/100  lr 2.91e-05  loss 0.57870  ce 0.57870  kd -  train_acc 88.188  val_acc 84.17  (31.4s)
epoch 47/100  lr 2.84e-05  loss 0.55668  ce 0.55668  kd -  train_acc 88.244  val_acc 84.00  (31.9s)
epoch 48/100  lr 2.76e-05  loss 0.54823  ce 0.54823  kd -  train_acc 89.025  val_acc 84.17  (32.1s)
epoch 49/100  lr 2.68e-05  loss 0.56957  ce 0.56957  kd -  train_acc 88.318  val_acc 84.00  (31.8s)
epoch 50/100  lr 2.6e-05  loss 0.58239  ce 0.58239  kd -  train_acc 87.984  val_acc 83.67  (32.6s)
epoch 51/100  lr 2.53e-05  loss 0.55243  ce 0.55243  kd -  train_acc 88.244  val_acc 84.83  (31.9s)
epoch 52/100  lr 2.45e-05  loss 0.54064  ce 0.54064  kd -  train_acc 88.616  val_acc 85.00  (32.4s)
epoch 53/100  lr 2.37e-05  loss 0.53833  ce 0.53833  kd -  train_acc 88.616  val_acc 84.67  (31.0s)
epoch 54/100  lr 2.29e-05  loss 0.52472  ce 0.52472  kd -  train_acc 88.225  val_acc 84.50  (32.6s)
epoch 55/100  lr 2.21e-05  loss 0.52353  ce 0.52353  kd -  train_acc 88.951  val_acc 84.50  (32.2s)
epoch 56/100  lr 2.14e-05  loss 0.55090  ce 0.55090  kd -  train_acc 87.984  val_acc 84.67  (32.3s)
epoch 57/100  lr 2.06e-05  loss 0.52711  ce 0.52711  kd -  train_acc 88.988  val_acc 84.83  (31.3s)
epoch 58/100  lr 1.99e-05  loss 0.50540  ce 0.50540  kd -  train_acc 89.435  val_acc 84.67  (31.8s)
epoch 59/100  lr 1.91e-05  loss 0.51229  ce 0.51229  kd -  train_acc 88.951  val_acc 85.50  (32.1s)
epoch 60/100  lr 1.83e-05  loss 0.50413  ce 0.50413  kd -  train_acc 89.583  val_acc 84.67  (32.8s)
epoch 61/100  lr 1.76e-05  loss 0.51854  ce 0.51854  kd -  train_acc 89.137  val_acc 85.00  (31.4s)
epoch 62/100  lr 1.69e-05  loss 0.51074  ce 0.51074  kd -  train_acc 89.007  val_acc 85.67  (32.6s)
epoch 63/100  lr 1.61e-05  loss 0.50668  ce 0.50668  kd -  train_acc 89.323  val_acc 85.50  (32.1s)
epoch 64/100  lr 1.54e-05  loss 0.49447  ce 0.49447  kd -  train_acc 89.472  val_acc 84.83  (31.9s)
epoch 65/100  lr 1.47e-05  loss 0.48459  ce 0.48459  kd -  train_acc 89.714  val_acc 84.67  (31.6s)
epoch 66/100  lr 1.4e-05  loss 0.49804  ce 0.49804  kd -  train_acc 89.211  val_acc 84.83  (32.4s)
epoch 67/100  lr 1.33e-05  loss 0.48320  ce 0.48320  kd -  train_acc 89.862  val_acc 84.83  (31.1s)
epoch 68/100  lr 1.27e-05  loss 0.47869  ce 0.47869  kd -  train_acc 90.123  val_acc 85.33  (32.1s)
epoch 69/100  lr 1.2e-05  loss 0.49065  ce 0.49065  kd -  train_acc 89.342  val_acc 84.33  (32.0s)
epoch 70/100  lr 1.13e-05  loss 0.44516  ce 0.44516  kd -  train_acc 90.737  val_acc 84.67  (31.6s)
epoch 71/100  lr 1.07e-05  loss 0.47725  ce 0.47725  kd -  train_acc 89.807  val_acc 84.83  (32.2s)
epoch 72/100  lr 1.01e-05  loss 0.45484  ce 0.45484  kd -  train_acc 90.290  val_acc 84.83  (32.6s)
epoch 73/100  lr 9.47e-06  loss 0.46148  ce 0.46148  kd -  train_acc 90.197  val_acc 85.50  (31.7s)
epoch 74/100  lr 8.88e-06  loss 0.45978  ce 0.45978  kd -  train_acc 90.197  val_acc 85.17  (31.0s)
epoch 75/100  lr 8.31e-06  loss 0.46066  ce 0.46066  kd -  train_acc 89.937  val_acc 84.67  (31.0s)
epoch 76/100  lr 7.75e-06  loss 0.47043  ce 0.47043  kd -  train_acc 89.937  val_acc 85.33  (33.1s)
epoch 77/100  lr 7.21e-06  loss 0.45002  ce 0.45002  kd -  train_acc 90.272  val_acc 85.33  (32.4s)
epoch 78/100  lr 6.68e-06  loss 0.46452  ce 0.46452  kd -  train_acc 90.104  val_acc 85.83  (30.8s)
epoch 79/100  lr 6.18e-06  loss 0.46653  ce 0.46653  kd -  train_acc 90.030  val_acc 85.33  (30.4s)
epoch 80/100  lr 5.69e-06  loss 0.42817  ce 0.42817  kd -  train_acc 91.183  val_acc 85.17  (30.8s)
epoch 81/100  lr 5.23e-06  loss 0.44107  ce 0.44107  kd -  train_acc 90.774  val_acc 85.00  (30.9s)
epoch 82/100  lr 4.78e-06  loss 0.44644  ce 0.44644  kd -  train_acc 90.625  val_acc 84.83  (31.3s)
epoch 83/100  lr 4.35e-06  loss 0.43108  ce 0.43108  kd -  train_acc 90.923  val_acc 84.50  (32.2s)
epoch 84/100  lr 3.95e-06  loss 0.46647  ce 0.46647  kd -  train_acc 89.676  val_acc 84.67  (31.2s)
epoch 85/100  lr 3.56e-06  loss 0.43348  ce 0.43348  kd -  train_acc 90.662  val_acc 85.33  (31.2s)
epoch 86/100  lr 3.2e-06  loss 0.45902  ce 0.45902  kd -  train_acc 90.234  val_acc 85.17  (31.1s)
epoch 87/100  lr 2.86e-06  loss 0.43385  ce 0.43385  kd -  train_acc 90.960  val_acc 85.17  (31.2s)
epoch 88/100  lr 2.54e-06  loss 0.45221  ce 0.45221  kd -  train_acc 90.309  val_acc 85.50  (31.4s)
epoch 89/100  lr 2.24e-06  loss 0.43841  ce 0.43841  kd -  train_acc 90.792  val_acc 85.00  (31.3s)
epoch 90/100  lr 1.96e-06  loss 0.46706  ce 0.46706  kd -  train_acc 90.439  val_acc 85.00  (31.2s)
epoch 91/100  lr 1.71e-06  loss 0.44094  ce 0.44094  kd -  train_acc 90.346  val_acc 85.00  (30.7s)
epoch 92/100  lr 1.48e-06  loss 0.44909  ce 0.44909  kd -  train_acc 90.458  val_acc 84.83  (31.6s)
epoch 93/100  lr 1.28e-06  loss 0.44562  ce 0.44562  kd -  train_acc 91.220  val_acc 84.83  (30.7s)
epoch 94/100  lr 1.1e-06  loss 0.43760  ce 0.43760  kd -  train_acc 91.146  val_acc 84.83  (31.3s)
epoch 95/100  lr 9.38e-07  loss 0.42818  ce 0.42818  kd -  train_acc 90.978  val_acc 85.00  (31.3s)
epoch 96/100  lr 8.05e-07  loss 0.42344  ce 0.42344  kd -  train_acc 91.313  val_acc 85.00  (30.7s)
epoch 97/100  lr 6.95e-07  loss 0.45485  ce 0.45485  kd -  train_acc 90.253  val_acc 84.83  (31.3s)
epoch 98/100  lr 6.1e-07  loss 0.43065  ce 0.43065  kd -  train_acc 91.146  val_acc 85.00  (31.7s)
epoch 99/100  lr 5.49e-07  loss 0.43585  ce 0.43585  kd -  train_acc 90.997  val_acc 85.00  (30.9s)
epoch 100/100  lr 5.12e-07  loss 0.41727  ce 0.41727  kd -  train_acc 91.555  val_acc 85.00  (31.1s)
done. final val acc 85.00  best 86.33 @ epoch 26
