
===== 2026-10-03 15:49:24 pid=70234 /home/coder/aim-lab-test-5/stage0/train.py --mode ce --dataset waterbirds --seed 0 --lr 0.0001 --subdir lrsel/ce_lr0.0001
run dir: /home/coder/stage0/outputs/waterbirds/lrsel/ce_lr0.0001/seed0
state: new  device: cuda  micro_batch: 128  accum: 1  num_workers: 3
train 4795  val 1199  steps/epoch 37
epoch 1/100  lr 1e-06  loss 0.75128  ce 0.75128  kd -  train_acc 48.269  val_acc 53.54  (21.5s)
epoch 2/100  lr 2.08e-05  loss 0.53301  ce 0.53301  kd -  train_acc 76.731  val_acc 63.97  (21.4s)
epoch 3/100  lr 4.06e-05  loss 0.43818  ce 0.43818  kd -  train_acc 85.747  val_acc 69.06  (21.8s)
epoch 4/100  lr 6.04e-05  loss 0.43645  ce 0.43645  kd -  train_acc 85.557  val_acc 67.72  (21.8s)
epoch 5/100  lr 8.02e-05  loss 0.41724  ce 0.41724  kd -  train_acc 85.241  val_acc 78.32  (21.9s)
epoch 6/100  lr 9.94e-05  loss 0.40551  ce 0.40551  kd -  train_acc 84.840  val_acc 75.23  (21.8s)
epoch 7/100  lr 9.91e-05  loss 0.40234  ce 0.40234  kd -  train_acc 84.523  val_acc 81.57  (21.3s)
epoch 8/100  lr 9.88e-05  loss 0.41364  ce 0.41364  kd -  train_acc 83.404  val_acc 78.98  (21.9s)
epoch 9/100  lr 9.84e-05  loss 0.41292  ce 0.41292  kd -  train_acc 85.536  val_acc 82.74  (21.8s)
epoch 10/100  lr 9.8e-05  loss 0.40144  ce 0.40144  kd -  train_acc 84.734  val_acc 80.32  (21.6s)
epoch 11/100  lr 9.76e-05  loss 0.39424  ce 0.39424  kd -  train_acc 83.720  val_acc 86.24  (21.9s)
epoch 12/100  lr 9.71e-05  loss 0.39901  ce 0.39901  kd -  train_acc 88.133  val_acc 83.82  (21.5s)
epoch 13/100  lr 9.65e-05  loss 0.40789  ce 0.40789  kd -  train_acc 85.325  val_acc 84.24  (21.9s)
epoch 14/100  lr 9.59e-05  loss 0.39805  ce 0.39805  kd -  train_acc 86.592  val_acc 85.74  (21.7s)
epoch 15/100  lr 9.53e-05  loss 0.38854  ce 0.38854  kd -  train_acc 87.247  val_acc 84.65  (21.8s)
epoch 16/100  lr 9.46e-05  loss 0.37758  ce 0.37758  kd -  train_acc 87.901  val_acc 85.24  (22.2s)
epoch 17/100  lr 9.39e-05  loss 0.39827  ce 0.39827  kd -  train_acc 86.845  val_acc 85.99  (21.8s)
epoch 18/100  lr 9.31e-05  loss 0.39481  ce 0.39481  kd -  train_acc 86.845  val_acc 87.16  (21.4s)
epoch 19/100  lr 9.23e-05  loss 0.39412  ce 0.39412  kd -  train_acc 83.763  val_acc 88.74  (22.0s)
epoch 20/100  lr 9.14e-05  loss 0.39502  ce 0.39502  kd -  train_acc 86.824  val_acc 82.90  (21.5s)
epoch 21/100  lr 9.05e-05  loss 0.39877  ce 0.39877  kd -  train_acc 88.746  val_acc 86.49  (21.8s)
epoch 22/100  lr 8.96e-05  loss 0.38373  ce 0.38373  kd -  train_acc 86.339  val_acc 88.57  (21.8s)
epoch 23/100  lr 8.86e-05  loss 0.40652  ce 0.40652  kd -  train_acc 83.108  val_acc 87.41  (22.0s)
epoch 24/100  lr 8.76e-05  loss 0.37573  ce 0.37573  kd -  train_acc 83.171  val_acc 89.07  (22.1s)
epoch 25/100  lr 8.66e-05  loss 0.38650  ce 0.38650  kd -  train_acc 86.740  val_acc 81.40  (21.2s)
epoch 26/100  lr 8.55e-05  loss 0.39205  ce 0.39205  kd -  train_acc 86.909  val_acc 84.07  (22.0s)
epoch 27/100  lr 8.44e-05  loss 0.38862  ce 0.38862  kd -  train_acc 86.001  val_acc 87.32  (21.5s)
epoch 28/100  lr 8.32e-05  loss 0.39733  ce 0.39733  kd -  train_acc 85.410  val_acc 85.49  (21.3s)
epoch 29/100  lr 8.21e-05  loss 0.39296  ce 0.39296  kd -  train_acc 84.079  val_acc 82.07  (21.6s)
epoch 30/100  lr 8.08e-05  loss 0.40070  ce 0.40070  kd -  train_acc 84.966  val_acc 87.57  (21.8s)
epoch 31/100  lr 7.96e-05  loss 0.38296  ce 0.38296  kd -  train_acc 79.730  val_acc 90.24  (22.0s)
epoch 32/100  lr 7.83e-05  loss 0.37828  ce 0.37828  kd -  train_acc 84.333  val_acc 84.40  (21.9s)
epoch 33/100  lr 7.7e-05  loss 0.37612  ce 0.37612  kd -  train_acc 84.966  val_acc 77.81  (21.8s)
epoch 34/100  lr 7.57e-05  loss 0.38761  ce 0.38761  kd -  train_acc 79.223  val_acc 87.41  (22.1s)
epoch 35/100  lr 7.43e-05  loss 0.39159  ce 0.39159  kd -  train_acc 84.291  val_acc 86.74  (22.2s)
epoch 36/100  lr 7.3e-05  loss 0.38418  ce 0.38418  kd -  train_acc 89.084  val_acc 87.74  (22.2s)
epoch 37/100  lr 7.16e-05  loss 0.38747  ce 0.38747  kd -  train_acc 84.924  val_acc 88.32  (21.5s)
epoch 38/100  lr 7.02e-05  loss 0.37980  ce 0.37980  kd -  train_acc 85.135  val_acc 86.16  (22.0s)
epoch 39/100  lr 6.87e-05  loss 0.38591  ce 0.38591  kd -  train_acc 87.479  val_acc 90.74  (21.7s)
epoch 40/100  lr 6.73e-05  loss 0.39145  ce 0.39145  kd -  train_acc 83.235  val_acc 82.40  (21.4s)
epoch 41/100  lr 6.58e-05  loss 0.39385  ce 0.39385  kd -  train_acc 87.099  val_acc 89.41  (21.7s)
epoch 42/100  lr 6.43e-05  loss 0.38162  ce 0.38162  kd -  train_acc 85.093  val_acc 89.24  (21.7s)
epoch 43/100  lr 6.28e-05  loss 0.37078  ce 0.37078  kd -  train_acc 84.818  val_acc 89.91  (21.4s)
epoch 44/100  lr 6.13e-05  loss 0.38435  ce 0.38435  kd -  train_acc 84.628  val_acc 88.49  (21.3s)
epoch 45/100  lr 5.98e-05  loss 0.37458  ce 0.37458  kd -  train_acc 85.980  val_acc 87.74  (21.2s)
epoch 46/100  lr 5.82e-05  loss 0.39410  ce 0.39410  kd -  train_acc 86.001  val_acc 88.32  (21.5s)
epoch 47/100  lr 5.67e-05  loss 0.39950  ce 0.39950  kd -  train_acc 83.256  val_acc 87.07  (21.6s)
epoch 48/100  lr 5.52e-05  loss 0.37200  ce 0.37200  kd -  train_acc 87.753  val_acc 86.16  (21.5s)
epoch 49/100  lr 5.36e-05  loss 0.37822  ce 0.37822  kd -  train_acc 88.070  val_acc 88.82  (22.2s)
epoch 50/100  lr 5.21e-05  loss 0.36206  ce 0.36206  kd -  train_acc 86.275  val_acc 89.07  (22.0s)
epoch 51/100  lr 5.05e-05  loss 0.35870  ce 0.35870  kd -  train_acc 87.753  val_acc 85.99  (22.0s)
epoch 52/100  lr 4.89e-05  loss 0.38588  ce 0.38588  kd -  train_acc 83.826  val_acc 89.32  (21.8s)
epoch 53/100  lr 4.74e-05  loss 0.39306  ce 0.39306  kd -  train_acc 81.989  val_acc 87.32  (21.8s)
epoch 54/100  lr 4.58e-05  loss 0.38319  ce 0.38319  kd -  train_acc 82.348  val_acc 88.32  (21.8s)
epoch 55/100  lr 4.43e-05  loss 0.38755  ce 0.38755  kd -  train_acc 84.396  val_acc 86.49  (21.8s)
epoch 56/100  lr 4.28e-05  loss 0.36901  ce 0.36901  kd -  train_acc 84.966  val_acc 89.49  (21.6s)
epoch 57/100  lr 4.12e-05  loss 0.37543  ce 0.37543  kd -  train_acc 87.563  val_acc 87.07  (21.7s)
epoch 58/100  lr 3.97e-05  loss 0.36221  ce 0.36221  kd -  train_acc 84.312  val_acc 87.07  (21.8s)
epoch 59/100  lr 3.82e-05  loss 0.37513  ce 0.37513  kd -  train_acc 85.304  val_acc 89.24  (21.8s)
epoch 60/100  lr 3.67e-05  loss 0.39070  ce 0.39070  kd -  train_acc 85.241  val_acc 90.24  (21.5s)
epoch 61/100  lr 3.52e-05  loss 0.37993  ce 0.37993  kd -  train_acc 90.034  val_acc 88.24  (21.7s)
epoch 62/100  lr 3.37e-05  loss 0.37365  ce 0.37365  kd -  train_acc 84.269  val_acc 89.32  (21.5s)
epoch 63/100  lr 3.23e-05  loss 0.38110  ce 0.38110  kd -  train_acc 86.465  val_acc 88.99  (21.3s)
epoch 64/100  lr 3.08e-05  loss 0.36211  ce 0.36211  kd -  train_acc 86.824  val_acc 89.24  (21.4s)
epoch 65/100  lr 2.94e-05  loss 0.33778  ce 0.33778  kd -  train_acc 84.607  val_acc 89.57  (21.4s)
epoch 66/100  lr 2.8e-05  loss 0.37715  ce 0.37715  kd -  train_acc 86.698  val_acc 89.57  (21.6s)
epoch 67/100  lr 2.67e-05  loss 0.37388  ce 0.37388  kd -  train_acc 88.155  val_acc 88.99  (21.7s)
epoch 68/100  lr 2.53e-05  loss 0.37967  ce 0.37967  kd -  train_acc 87.289  val_acc 89.07  (22.0s)
epoch 69/100  lr 2.4e-05  loss 0.36351  ce 0.36351  kd -  train_acc 83.361  val_acc 89.91  (21.8s)
epoch 70/100  lr 2.27e-05  loss 0.37620  ce 0.37620  kd -  train_acc 83.657  val_acc 89.66  (21.6s)
epoch 71/100  lr 2.14e-05  loss 0.37375  ce 0.37375  kd -  train_acc 84.291  val_acc 89.49  (21.9s)
epoch 72/100  lr 2.02e-05  loss 0.36718  ce 0.36718  kd -  train_acc 84.734  val_acc 89.24  (22.0s)
epoch 73/100  lr 1.89e-05  loss 0.36883  ce 0.36883  kd -  train_acc 85.663  val_acc 87.91  (21.3s)
epoch 74/100  lr 1.78e-05  loss 0.36152  ce 0.36152  kd -  train_acc 86.085  val_acc 88.91  (21.8s)
epoch 75/100  lr 1.66e-05  loss 0.36284  ce 0.36284  kd -  train_acc 83.087  val_acc 89.24  (21.9s)
epoch 76/100  lr 1.55e-05  loss 0.36496  ce 0.36496  kd -  train_acc 89.590  val_acc 87.99  (21.7s)
epoch 77/100  lr 1.44e-05  loss 0.35251  ce 0.35251  kd -  train_acc 86.930  val_acc 88.07  (22.1s)
epoch 78/100  lr 1.34e-05  loss 0.35619  ce 0.35619  kd -  train_acc 89.590  val_acc 88.99  (21.7s)
epoch 79/100  lr 1.24e-05  loss 0.37215  ce 0.37215  kd -  train_acc 82.644  val_acc 89.32  (21.8s)
epoch 80/100  lr 1.14e-05  loss 0.37340  ce 0.37340  kd -  train_acc 87.584  val_acc 88.57  (21.4s)
epoch 81/100  lr 1.05e-05  loss 0.35983  ce 0.35983  kd -  train_acc 88.302  val_acc 87.66  (21.3s)
epoch 82/100  lr 9.56e-06  loss 0.36201  ce 0.36201  kd -  train_acc 87.162  val_acc 87.99  (21.5s)
epoch 83/100  lr 8.71e-06  loss 0.36892  ce 0.36892  kd -  train_acc 83.214  val_acc 89.07  (21.6s)
epoch 84/100  lr 7.89e-06  loss 0.35359  ce 0.35359  kd -  train_acc 86.719  val_acc 88.74  (21.5s)
epoch 85/100  lr 7.12e-06  loss 0.37123  ce 0.37123  kd -  train_acc 84.628  val_acc 88.66  (21.8s)
epoch 86/100  lr 6.4e-06  loss 0.37533  ce 0.37533  kd -  train_acc 83.573  val_acc 88.82  (21.7s)
epoch 87/100  lr 5.71e-06  loss 0.37363  ce 0.37363  kd -  train_acc 86.465  val_acc 88.82  (22.0s)
epoch 88/100  lr 5.07e-06  loss 0.39514  ce 0.39514  kd -  train_acc 84.333  val_acc 89.16  (21.6s)
epoch 89/100  lr 4.48e-06  loss 0.37579  ce 0.37579  kd -  train_acc 86.698  val_acc 89.16  (22.0s)
epoch 90/100  lr 3.93e-06  loss 0.35550  ce 0.35550  kd -  train_acc 84.840  val_acc 88.82  (21.6s)
epoch 91/100  lr 3.42e-06  loss 0.35905  ce 0.35905  kd -  train_acc 85.515  val_acc 88.66  (21.7s)
epoch 92/100  lr 2.97e-06  loss 0.36962  ce 0.36962  kd -  train_acc 84.861  val_acc 88.74  (21.9s)
epoch 93/100  lr 2.56e-06  loss 0.36893  ce 0.36893  kd -  train_acc 88.556  val_acc 88.66  (21.7s)
epoch 94/100  lr 2.19e-06  loss 0.35151  ce 0.35151  kd -  train_acc 88.535  val_acc 88.66  (21.9s)
epoch 95/100  lr 1.88e-06  loss 0.36703  ce 0.36703  kd -  train_acc 84.882  val_acc 88.57  (21.5s)
epoch 96/100  lr 1.61e-06  loss 0.38091  ce 0.38091  kd -  train_acc 86.085  val_acc 88.74  (21.6s)
epoch 97/100  lr 1.39e-06  loss 0.36445  ce 0.36445  kd -  train_acc 84.164  val_acc 88.74  (21.7s)
epoch 98/100  lr 1.22e-06  loss 0.36029  ce 0.36029  kd -  train_acc 88.408  val_acc 88.82  (21.8s)
epoch 99/100  lr 1.1e-06  loss 0.37482  ce 0.37482  kd -  train_acc 87.204  val_acc 88.57  (21.7s)
epoch 100/100  lr 1.02e-06  loss 0.35920  ce 0.35920  kd -  train_acc 88.936  val_acc 88.74  (21.4s)
done. final val acc 88.74  best 90.74 @ epoch 39
