
===== 2026-10-03 18:32:03 pid=121893 /home/coder/aim-lab-test-5/stage0/train.py --mode ce --dataset waterbirds --seed 2 --lr 5e-05
run dir: /home/coder/stage0/outputs/waterbirds/ce/seed2
state: new  device: cuda  micro_batch: 128  accum: 1  num_workers: 3
train 4795  val 1199  steps/epoch 37
epoch 1/100  lr 1e-06  loss 0.63160  ce 0.63160  kd -  train_acc 66.448  val_acc 66.89  (26.5s)
epoch 2/100  lr 1.08e-05  loss 0.52479  ce 0.52479  kd -  train_acc 77.998  val_acc 70.31  (26.0s)
epoch 3/100  lr 2.06e-05  loss 0.46279  ce 0.46279  kd -  train_acc 81.250  val_acc 65.05  (24.2s)
epoch 4/100  lr 3.04e-05  loss 0.41348  ce 0.41348  kd -  train_acc 86.339  val_acc 71.06  (25.5s)
epoch 5/100  lr 4.02e-05  loss 0.41465  ce 0.41465  kd -  train_acc 83.720  val_acc 69.97  (26.6s)
epoch 6/100  lr 4.97e-05  loss 0.41680  ce 0.41680  kd -  train_acc 82.770  val_acc 75.81  (26.3s)
epoch 7/100  lr 4.96e-05  loss 0.39826  ce 0.39826  kd -  train_acc 83.383  val_acc 78.90  (27.2s)
epoch 8/100  lr 4.94e-05  loss 0.39477  ce 0.39477  kd -  train_acc 84.502  val_acc 79.07  (27.6s)
epoch 9/100  lr 4.92e-05  loss 0.39714  ce 0.39714  kd -  train_acc 83.045  val_acc 79.73  (31.6s)
epoch 10/100  lr 4.9e-05  loss 0.41552  ce 0.41552  kd -  train_acc 85.959  val_acc 82.15  (30.0s)
epoch 11/100  lr 4.88e-05  loss 0.39335  ce 0.39335  kd -  train_acc 82.812  val_acc 87.82  (29.8s)
epoch 12/100  lr 4.85e-05  loss 0.40214  ce 0.40214  kd -  train_acc 84.692  val_acc 85.32  (30.0s)
epoch 13/100  lr 4.83e-05  loss 0.41084  ce 0.41084  kd -  train_acc 83.910  val_acc 85.57  (30.8s)
epoch 14/100  lr 4.8e-05  loss 0.38774  ce 0.38774  kd -  train_acc 87.500  val_acc 84.07  (31.5s)
epoch 15/100  lr 4.76e-05  loss 0.39493  ce 0.39493  kd -  train_acc 84.882  val_acc 83.90  (30.2s)
epoch 16/100  lr 4.73e-05  loss 0.39738  ce 0.39738  kd -  train_acc 82.876  val_acc 81.90  (28.5s)
epoch 17/100  lr 4.69e-05  loss 0.38559  ce 0.38559  kd -  train_acc 86.951  val_acc 84.65  (23.4s)
epoch 18/100  lr 4.66e-05  loss 0.40707  ce 0.40707  kd -  train_acc 86.296  val_acc 86.16  (26.3s)
epoch 19/100  lr 4.61e-05  loss 0.40082  ce 0.40082  kd -  train_acc 83.995  val_acc 88.57  (25.3s)
epoch 20/100  lr 4.57e-05  loss 0.39554  ce 0.39554  kd -  train_acc 84.565  val_acc 87.74  (26.0s)
epoch 21/100  lr 4.53e-05  loss 0.38738  ce 0.38738  kd -  train_acc 84.248  val_acc 84.32  (25.6s)
epoch 22/100  lr 4.48e-05  loss 0.39577  ce 0.39577  kd -  train_acc 85.895  val_acc 85.40  (26.9s)
epoch 23/100  lr 4.43e-05  loss 0.39720  ce 0.39720  kd -  train_acc 85.389  val_acc 88.16  (27.1s)
epoch 24/100  lr 4.38e-05  loss 0.39053  ce 0.39053  kd -  train_acc 85.642  val_acc 86.57  (33.3s)
epoch 25/100  lr 4.33e-05  loss 0.38770  ce 0.38770  kd -  train_acc 86.043  val_acc 88.07  (36.0s)
epoch 26/100  lr 4.28e-05  loss 0.37651  ce 0.37651  kd -  train_acc 85.241  val_acc 86.82  (35.1s)
epoch 27/100  lr 4.22e-05  loss 0.40167  ce 0.40167  kd -  train_acc 86.867  val_acc 87.16  (28.8s)
epoch 28/100  lr 4.16e-05  loss 0.38975  ce 0.38975  kd -  train_acc 86.529  val_acc 83.40  (26.7s)
epoch 29/100  lr 4.1e-05  loss 0.38710  ce 0.38710  kd -  train_acc 82.369  val_acc 86.57  (26.1s)
epoch 30/100  lr 4.04e-05  loss 0.37678  ce 0.37678  kd -  train_acc 87.183  val_acc 87.24  (24.3s)
epoch 31/100  lr 3.98e-05  loss 0.37905  ce 0.37905  kd -  train_acc 84.565  val_acc 86.24  (25.2s)
epoch 32/100  lr 3.92e-05  loss 0.37139  ce 0.37139  kd -  train_acc 84.037  val_acc 89.07  (28.2s)
epoch 33/100  lr 3.85e-05  loss 0.38081  ce 0.38081  kd -  train_acc 86.655  val_acc 89.99  (28.5s)
epoch 34/100  lr 3.78e-05  loss 0.37456  ce 0.37456  kd -  train_acc 89.590  val_acc 87.82  (26.1s)
epoch 35/100  lr 3.72e-05  loss 0.37261  ce 0.37261  kd -  train_acc 87.373  val_acc 88.07  (24.0s)
epoch 36/100  lr 3.65e-05  loss 0.36197  ce 0.36197  kd -  train_acc 83.340  val_acc 87.24  (26.1s)
epoch 37/100  lr 3.58e-05  loss 0.38942  ce 0.38942  kd -  train_acc 84.291  val_acc 88.82  (26.3s)
epoch 38/100  lr 3.51e-05  loss 0.37014  ce 0.37014  kd -  train_acc 88.007  val_acc 88.99  (27.0s)
epoch 39/100  lr 3.44e-05  loss 0.38307  ce 0.38307  kd -  train_acc 89.041  val_acc 89.66  (27.7s)
epoch 40/100  lr 3.36e-05  loss 0.38794  ce 0.38794  kd -  train_acc 85.557  val_acc 89.32  (28.5s)
epoch 41/100  lr 3.29e-05  loss 0.38126  ce 0.38126  kd -  train_acc 87.859  val_acc 87.41  (28.2s)
epoch 42/100  lr 3.22e-05  loss 0.39278  ce 0.39278  kd -  train_acc 87.373  val_acc 87.66  (27.3s)
epoch 43/100  lr 3.14e-05  loss 0.37811  ce 0.37811  kd -  train_acc 85.916  val_acc 88.57  (24.3s)
epoch 44/100  lr 3.06e-05  loss 0.38863  ce 0.38863  kd -  train_acc 87.014  val_acc 86.82  (25.3s)
epoch 45/100  lr 2.99e-05  loss 0.37915  ce 0.37915  kd -  train_acc 83.129  val_acc 89.24  (26.4s)
epoch 46/100  lr 2.91e-05  loss 0.39023  ce 0.39023  kd -  train_acc 82.897  val_acc 88.16  (27.2s)
epoch 47/100  lr 2.84e-05  loss 0.37996  ce 0.37996  kd -  train_acc 87.711  val_acc 88.82  (26.5s)
epoch 48/100  lr 2.76e-05  loss 0.38366  ce 0.38366  kd -  train_acc 84.861  val_acc 90.33  (27.4s)
epoch 49/100  lr 2.68e-05  loss 0.37676  ce 0.37676  kd -  train_acc 85.980  val_acc 88.82  (26.5s)
epoch 50/100  lr 2.6e-05  loss 0.37535  ce 0.37535  kd -  train_acc 85.473  val_acc 88.41  (26.3s)
epoch 51/100  lr 2.53e-05  loss 0.39325  ce 0.39325  kd -  train_acc 87.753  val_acc 88.07  (25.0s)
epoch 52/100  lr 2.45e-05  loss 0.37631  ce 0.37631  kd -  train_acc 89.400  val_acc 88.24  (24.0s)
epoch 53/100  lr 2.37e-05  loss 0.38987  ce 0.38987  kd -  train_acc 82.158  val_acc 87.99  (25.6s)
epoch 54/100  lr 2.29e-05  loss 0.38259  ce 0.38259  kd -  train_acc 86.106  val_acc 88.41  (26.3s)
epoch 55/100  lr 2.21e-05  loss 0.36777  ce 0.36777  kd -  train_acc 85.895  val_acc 87.82  (26.2s)
epoch 56/100  lr 2.14e-05  loss 0.37725  ce 0.37725  kd -  train_acc 84.375  val_acc 89.66  (27.1s)
epoch 57/100  lr 2.06e-05  loss 0.37803  ce 0.37803  kd -  train_acc 88.281  val_acc 89.74  (28.1s)
epoch 58/100  lr 1.99e-05  loss 0.38180  ce 0.38180  kd -  train_acc 89.907  val_acc 89.49  (28.5s)
epoch 59/100  lr 1.91e-05  loss 0.37353  ce 0.37353  kd -  train_acc 86.085  val_acc 88.49  (27.0s)
epoch 60/100  lr 1.83e-05  loss 0.36368  ce 0.36368  kd -  train_acc 88.450  val_acc 87.91  (24.2s)
epoch 61/100  lr 1.76e-05  loss 0.37044  ce 0.37044  kd -  train_acc 87.331  val_acc 89.99  (26.9s)
epoch 62/100  lr 1.69e-05  loss 0.37029  ce 0.37029  kd -  train_acc 82.010  val_acc 89.66  (25.6s)
epoch 63/100  lr 1.61e-05  loss 0.36243  ce 0.36243  kd -  train_acc 88.260  val_acc 89.74  (28.0s)
epoch 64/100  lr 1.54e-05  loss 0.37306  ce 0.37306  kd -  train_acc 82.644  val_acc 89.66  (26.6s)
epoch 65/100  lr 1.47e-05  loss 0.35524  ce 0.35524  kd -  train_acc 83.742  val_acc 89.24  (27.0s)
epoch 66/100  lr 1.4e-05  loss 0.37422  ce 0.37422  kd -  train_acc 81.398  val_acc 88.16  (27.7s)
epoch 67/100  lr 1.33e-05  loss 0.36035  ce 0.36035  kd -  train_acc 86.318  val_acc 89.07  (27.1s)
epoch 68/100  lr 1.27e-05  loss 0.35463  ce 0.35463  kd -  train_acc 84.586  val_acc 89.82  (23.9s)
epoch 69/100  lr 1.2e-05  loss 0.35536  ce 0.35536  kd -  train_acc 87.352  val_acc 89.66  (24.7s)
epoch 70/100  lr 1.13e-05  loss 0.36531  ce 0.36531  kd -  train_acc 85.832  val_acc 88.57  (23.9s)
epoch 71/100  lr 1.07e-05  loss 0.36981  ce 0.36981  kd -  train_acc 88.028  val_acc 89.16  (24.0s)
epoch 72/100  lr 1.01e-05  loss 0.35020  ce 0.35020  kd -  train_acc 82.095  val_acc 89.16  (24.2s)
epoch 73/100  lr 9.47e-06  loss 0.36839  ce 0.36839  kd -  train_acc 86.106  val_acc 88.99  (24.5s)
epoch 74/100  lr 8.88e-06  loss 0.39516  ce 0.39516  kd -  train_acc 85.367  val_acc 88.74  (23.8s)
epoch 75/100  lr 8.31e-06  loss 0.37980  ce 0.37980  kd -  train_acc 83.805  val_acc 89.66  (24.2s)
epoch 76/100  lr 7.75e-06  loss 0.39070  ce 0.39070  kd -  train_acc 83.383  val_acc 89.66  (24.5s)
epoch 77/100  lr 7.21e-06  loss 0.37506  ce 0.37506  kd -  train_acc 85.938  val_acc 89.66  (23.8s)
epoch 78/100  lr 6.68e-06  loss 0.38719  ce 0.38719  kd -  train_acc 85.832  val_acc 89.49  (23.5s)
epoch 79/100  lr 6.18e-06  loss 0.38107  ce 0.38107  kd -  train_acc 86.993  val_acc 89.57  (24.4s)
epoch 80/100  lr 5.69e-06  loss 0.34329  ce 0.34329  kd -  train_acc 84.966  val_acc 88.74  (24.2s)
epoch 81/100  lr 5.23e-06  loss 0.38273  ce 0.38273  kd -  train_acc 82.622  val_acc 88.74  (23.8s)
epoch 82/100  lr 4.78e-06  loss 0.39417  ce 0.39417  kd -  train_acc 86.444  val_acc 89.57  (26.1s)
epoch 83/100  lr 4.35e-06  loss 0.39476  ce 0.39476  kd -  train_acc 83.974  val_acc 89.49  (25.4s)
epoch 84/100  lr 3.95e-06  loss 0.37694  ce 0.37694  kd -  train_acc 90.287  val_acc 89.57  (27.8s)
epoch 85/100  lr 3.56e-06  loss 0.38054  ce 0.38054  kd -  train_acc 84.945  val_acc 89.32  (27.9s)
epoch 86/100  lr 3.2e-06  loss 0.37558  ce 0.37558  kd -  train_acc 84.607  val_acc 89.32  (26.6s)
epoch 87/100  lr 2.86e-06  loss 0.36963  ce 0.36963  kd -  train_acc 88.556  val_acc 89.32  (26.6s)
epoch 88/100  lr 2.54e-06  loss 0.38888  ce 0.38888  kd -  train_acc 86.740  val_acc 89.41  (27.8s)
epoch 89/100  lr 2.24e-06  loss 0.36330  ce 0.36330  kd -  train_acc 84.459  val_acc 89.41  (24.8s)
epoch 90/100  lr 1.96e-06  loss 0.37403  ce 0.37403  kd -  train_acc 91.913  val_acc 89.24  (25.9s)
epoch 91/100  lr 1.71e-06  loss 0.34109  ce 0.34109  kd -  train_acc 81.060  val_acc 89.16  (26.2s)
epoch 92/100  lr 1.48e-06  loss 0.37024  ce 0.37024  kd -  train_acc 87.859  val_acc 89.24  (28.0s)
epoch 93/100  lr 1.28e-06  loss 0.38320  ce 0.38320  kd -  train_acc 86.043  val_acc 89.24  (28.1s)
epoch 94/100  lr 1.1e-06  loss 0.38022  ce 0.38022  kd -  train_acc 81.187  val_acc 88.99  (26.0s)
epoch 95/100  lr 9.38e-07  loss 0.37803  ce 0.37803  kd -  train_acc 84.101  val_acc 89.16  (27.1s)
epoch 96/100  lr 8.05e-07  loss 0.36812  ce 0.36812  kd -  train_acc 84.903  val_acc 88.99  (27.4s)
epoch 97/100  lr 6.95e-07  loss 0.37478  ce 0.37478  kd -  train_acc 85.114  val_acc 89.16  (25.8s)
epoch 98/100  lr 6.1e-07  loss 0.34553  ce 0.34553  kd -  train_acc 87.606  val_acc 88.91  (22.7s)
epoch 99/100  lr 5.49e-07  loss 0.38032  ce 0.38032  kd -  train_acc 86.486  val_acc 88.99  (22.6s)
epoch 100/100  lr 5.12e-07  loss 0.36099  ce 0.36099  kd -  train_acc 87.035  val_acc 88.99  (22.2s)
done. final val acc 88.99  best 90.33 @ epoch 48
