
===== 2026-10-05 05:45:28 pid=534121 /home/coder/aim-lab-stage3/stage0/train.py --mode maskedkd --mask-criterion tam_r --keep 0.15 --tam-gap 0 0 --dataset waterbirds --seed 0 --lr 5e-05 --subdir tam_r_g0_k0.15
run dir: /home/coder/stage0/outputs/waterbirds/tam_r_g0_k0.15/seed0
state: new  device: cuda  micro_batch: 128  accum: 1  num_workers: 8
train 4795  val 1199  steps/epoch 37
teacher: /home/coder/stage0/outputs/waterbirds/teacher/seed0/best.pt (epoch 21, val acc 93.99)
TAM: kind attn_last, gap [0.0, 0.0], budget fixed, k per bucket (29, 29, 29), teacher GFLOPs {29: 2.68023552}
epoch 1/100  lr 1e-06  loss 0.65784  ce 0.75072  kd 0.56497  train_acc 48.290  val_acc 53.71  (24.9s)
epoch 2/100  lr 1.08e-05  loss 0.44183  ce 0.56351  kd 0.32014  train_acc 75.633  val_acc 74.15  (23.6s)
epoch 3/100  lr 2.06e-05  loss 0.33967  ce 0.45769  kd 0.22165  train_acc 84.037  val_acc 66.72  (23.4s)
epoch 4/100  lr 3.04e-05  loss 0.32565  ce 0.44994  kd 0.20136  train_acc 84.628  val_acc 69.64  (23.8s)
epoch 5/100  lr 4.02e-05  loss 0.30696  ce 0.43344  kd 0.18048  train_acc 84.058  val_acc 75.73  (23.9s)
epoch 6/100  lr 4.97e-05  loss 0.29927  ce 0.41931  kd 0.17923  train_acc 84.502  val_acc 77.90  (22.8s)
epoch 7/100  lr 4.96e-05  loss 0.29316  ce 0.41667  kd 0.16966  train_acc 84.058  val_acc 83.24  (23.4s)
epoch 8/100  lr 4.94e-05  loss 0.29555  ce 0.42235  kd 0.16876  train_acc 82.897  val_acc 82.49  (21.9s)
epoch 9/100  lr 4.92e-05  loss 0.29775  ce 0.42122  kd 0.17428  train_acc 84.840  val_acc 84.32  (22.3s)
epoch 10/100  lr 4.9e-05  loss 0.28967  ce 0.41378  kd 0.16557  train_acc 84.058  val_acc 84.65  (22.3s)
epoch 11/100  lr 4.88e-05  loss 0.28503  ce 0.40754  kd 0.16252  train_acc 82.897  val_acc 86.82  (22.1s)
epoch 12/100  lr 4.85e-05  loss 0.28661  ce 0.41141  kd 0.16180  train_acc 87.099  val_acc 85.82  (22.3s)
epoch 13/100  lr 4.83e-05  loss 0.28993  ce 0.41881  kd 0.16105  train_acc 83.467  val_acc 84.57  (23.8s)
epoch 14/100  lr 4.8e-05  loss 0.28381  ce 0.41174  kd 0.15589  train_acc 86.001  val_acc 88.07  (23.4s)
epoch 15/100  lr 4.76e-05  loss 0.28588  ce 0.40510  kd 0.16667  train_acc 85.220  val_acc 87.57  (22.5s)
epoch 16/100  lr 4.73e-05  loss 0.27599  ce 0.38814  kd 0.16384  train_acc 87.226  val_acc 87.32  (21.9s)
epoch 17/100  lr 4.69e-05  loss 0.28209  ce 0.40931  kd 0.15488  train_acc 85.684  val_acc 87.91  (21.3s)
epoch 18/100  lr 4.66e-05  loss 0.27908  ce 0.40261  kd 0.15554  train_acc 85.769  val_acc 88.16  (21.0s)
epoch 19/100  lr 4.61e-05  loss 0.28006  ce 0.40538  kd 0.15474  train_acc 82.834  val_acc 90.24  (22.4s)
epoch 20/100  lr 4.57e-05  loss 0.27737  ce 0.40729  kd 0.14745  train_acc 85.811  val_acc 89.41  (23.3s)
epoch 21/100  lr 4.53e-05  loss 0.28609  ce 0.41129  kd 0.16089  train_acc 87.183  val_acc 90.24  (24.3s)
epoch 22/100  lr 4.48e-05  loss 0.27532  ce 0.39341  kd 0.15724  train_acc 85.663  val_acc 88.66  (23.3s)
epoch 23/100  lr 4.43e-05  loss 0.28858  ce 0.42379  kd 0.15337  train_acc 81.715  val_acc 90.58  (22.9s)
epoch 24/100  lr 4.38e-05  loss 0.26853  ce 0.39180  kd 0.14526  train_acc 82.073  val_acc 90.16  (23.4s)
epoch 25/100  lr 4.33e-05  loss 0.27613  ce 0.39975  kd 0.15251  train_acc 86.022  val_acc 88.24  (23.2s)
epoch 26/100  lr 4.28e-05  loss 0.27837  ce 0.40348  kd 0.15326  train_acc 85.832  val_acc 89.32  (23.0s)
epoch 27/100  lr 4.22e-05  loss 0.27727  ce 0.40066  kd 0.15388  train_acc 84.755  val_acc 89.91  (23.3s)
epoch 28/100  lr 4.16e-05  loss 0.27756  ce 0.40800  kd 0.14712  train_acc 84.692  val_acc 90.24  (22.5s)
epoch 29/100  lr 4.1e-05  loss 0.27706  ce 0.40459  kd 0.14953  train_acc 83.171  val_acc 89.16  (22.4s)
epoch 30/100  lr 4.04e-05  loss 0.28735  ce 0.41648  kd 0.15822  train_acc 83.467  val_acc 90.74  (22.4s)
epoch 31/100  lr 3.98e-05  loss 0.26525  ce 0.39069  kd 0.13981  train_acc 79.730  val_acc 91.24  (22.2s)
epoch 32/100  lr 3.92e-05  loss 0.26929  ce 0.39047  kd 0.14811  train_acc 82.686  val_acc 89.41  (22.3s)
epoch 33/100  lr 3.85e-05  loss 0.26841  ce 0.38829  kd 0.14854  train_acc 84.185  val_acc 89.32  (22.8s)
epoch 34/100  lr 3.78e-05  loss 0.27637  ce 0.39938  kd 0.15336  train_acc 78.125  val_acc 88.49  (22.6s)
epoch 35/100  lr 3.72e-05  loss 0.27662  ce 0.40716  kd 0.14608  train_acc 82.791  val_acc 88.99  (23.2s)
epoch 36/100  lr 3.65e-05  loss 0.27310  ce 0.39748  kd 0.14872  train_acc 87.732  val_acc 89.82  (22.6s)
epoch 37/100  lr 3.58e-05  loss 0.27729  ce 0.40117  kd 0.15341  train_acc 83.784  val_acc 89.41  (23.2s)
epoch 38/100  lr 3.51e-05  loss 0.27231  ce 0.39497  kd 0.14966  train_acc 83.256  val_acc 89.66  (22.3s)
epoch 39/100  lr 3.44e-05  loss 0.27310  ce 0.40256  kd 0.14365  train_acc 85.980  val_acc 90.83  (22.3s)
epoch 40/100  lr 3.36e-05  loss 0.27087  ce 0.40071  kd 0.14104  train_acc 83.720  val_acc 89.99  (21.8s)
epoch 41/100  lr 3.29e-05  loss 0.28091  ce 0.40729  kd 0.15453  train_acc 84.966  val_acc 90.83  (22.1s)
epoch 42/100  lr 3.22e-05  loss 0.27243  ce 0.39629  kd 0.14858  train_acc 83.467  val_acc 90.99  (23.0s)
epoch 43/100  lr 3.14e-05  loss 0.26352  ce 0.38686  kd 0.14019  train_acc 83.678  val_acc 90.74  (23.9s)
epoch 44/100  lr 3.06e-05  loss 0.27628  ce 0.40186  kd 0.15070  train_acc 83.509  val_acc 90.74  (24.2s)
epoch 45/100  lr 2.99e-05  loss 0.27161  ce 0.38884  kd 0.15438  train_acc 85.030  val_acc 90.99  (23.3s)
epoch 46/100  lr 2.91e-05  loss 0.27821  ce 0.40827  kd 0.14815  train_acc 84.734  val_acc 90.66  (23.1s)
epoch 47/100  lr 2.84e-05  loss 0.28023  ce 0.41522  kd 0.14523  train_acc 82.665  val_acc 89.99  (22.3s)
epoch 48/100  lr 2.76e-05  loss 0.26666  ce 0.38523  kd 0.14808  train_acc 86.550  val_acc 89.66  (22.8s)
epoch 49/100  lr 2.68e-05  loss 0.27090  ce 0.39820  kd 0.14359  train_acc 86.677  val_acc 90.99  (23.1s)
epoch 50/100  lr 2.6e-05  loss 0.26113  ce 0.38095  kd 0.14131  train_acc 85.304  val_acc 91.66  (22.5s)
epoch 51/100  lr 2.53e-05  loss 0.25765  ce 0.37608  kd 0.13921  train_acc 86.254  val_acc 89.99  (22.3s)
epoch 52/100  lr 2.45e-05  loss 0.27253  ce 0.40494  kd 0.14012  train_acc 82.306  val_acc 90.99  (24.8s)
epoch 53/100  lr 2.37e-05  loss 0.27647  ce 0.41022  kd 0.14272  train_acc 80.849  val_acc 91.16  (24.8s)
epoch 54/100  lr 2.29e-05  loss 0.27579  ce 0.39958  kd 0.15200  train_acc 81.736  val_acc 91.33  (22.6s)
epoch 55/100  lr 2.21e-05  loss 0.27544  ce 0.40543  kd 0.14544  train_acc 83.129  val_acc 90.16  (23.2s)
epoch 56/100  lr 2.14e-05  loss 0.26457  ce 0.38637  kd 0.14278  train_acc 83.742  val_acc 91.74  (22.0s)
epoch 57/100  lr 2.06e-05  loss 0.27084  ce 0.39583  kd 0.14586  train_acc 85.895  val_acc 91.49  (21.9s)
epoch 58/100  lr 1.99e-05  loss 0.26106  ce 0.37891  kd 0.14321  train_acc 83.214  val_acc 91.24  (22.9s)
epoch 59/100  lr 1.91e-05  loss 0.27125  ce 0.39642  kd 0.14608  train_acc 83.488  val_acc 90.83  (23.2s)
epoch 60/100  lr 1.83e-05  loss 0.27389  ce 0.40851  kd 0.13928  train_acc 84.903  val_acc 91.24  (22.5s)
epoch 61/100  lr 1.76e-05  loss 0.27734  ce 0.39585  kd 0.15882  train_acc 87.648  val_acc 91.08  (22.7s)
epoch 62/100  lr 1.69e-05  loss 0.26627  ce 0.39363  kd 0.13891  train_acc 83.720  val_acc 91.66  (23.3s)
epoch 63/100  lr 1.61e-05  loss 0.27368  ce 0.40145  kd 0.14592  train_acc 84.692  val_acc 91.33  (24.2s)
epoch 64/100  lr 1.54e-05  loss 0.26633  ce 0.38447  kd 0.14819  train_acc 85.262  val_acc 92.08  (24.9s)
epoch 65/100  lr 1.47e-05  loss 0.24762  ce 0.35968  kd 0.13557  train_acc 83.763  val_acc 91.33  (23.3s)
epoch 66/100  lr 1.4e-05  loss 0.27394  ce 0.39747  kd 0.15041  train_acc 84.861  val_acc 91.41  (23.0s)
epoch 67/100  lr 1.33e-05  loss 0.26868  ce 0.39245  kd 0.14492  train_acc 86.951  val_acc 91.33  (23.5s)
epoch 68/100  lr 1.27e-05  loss 0.27195  ce 0.39919  kd 0.14471  train_acc 85.515  val_acc 90.41  (22.8s)
epoch 69/100  lr 1.2e-05  loss 0.26575  ce 0.38553  kd 0.14598  train_acc 82.221  val_acc 91.41  (23.2s)
epoch 70/100  lr 1.13e-05  loss 0.26666  ce 0.39608  kd 0.13724  train_acc 83.171  val_acc 91.24  (22.0s)
epoch 71/100  lr 1.07e-05  loss 0.26793  ce 0.39369  kd 0.14218  train_acc 82.855  val_acc 91.41  (21.8s)
epoch 72/100  lr 1.01e-05  loss 0.26242  ce 0.38572  kd 0.13913  train_acc 83.889  val_acc 91.74  (22.2s)
epoch 73/100  lr 9.47e-06  loss 0.26156  ce 0.38759  kd 0.13552  train_acc 84.333  val_acc 90.99  (21.3s)
epoch 74/100  lr 8.88e-06  loss 0.25835  ce 0.38435  kd 0.13234  train_acc 84.164  val_acc 90.91  (20.8s)
epoch 75/100  lr 8.31e-06  loss 0.26518  ce 0.38307  kd 0.14730  train_acc 81.947  val_acc 91.08  (22.3s)
epoch 76/100  lr 7.75e-06  loss 0.26256  ce 0.38467  kd 0.14045  train_acc 88.176  val_acc 91.33  (24.4s)
epoch 77/100  lr 7.21e-06  loss 0.25995  ce 0.37433  kd 0.14556  train_acc 85.177  val_acc 91.08  (23.7s)
epoch 78/100  lr 6.68e-06  loss 0.25858  ce 0.37454  kd 0.14261  train_acc 88.091  val_acc 91.24  (22.1s)
epoch 79/100  lr 6.18e-06  loss 0.26844  ce 0.39291  kd 0.14398  train_acc 81.546  val_acc 91.24  (21.8s)
epoch 80/100  lr 5.69e-06  loss 0.26843  ce 0.39607  kd 0.14079  train_acc 86.275  val_acc 91.41  (22.2s)
epoch 81/100  lr 5.23e-06  loss 0.26286  ce 0.38176  kd 0.14397  train_acc 86.592  val_acc 91.58  (21.6s)
epoch 82/100  lr 4.78e-06  loss 0.26501  ce 0.38404  kd 0.14599  train_acc 85.874  val_acc 91.49  (23.8s)
epoch 83/100  lr 4.35e-06  loss 0.26492  ce 0.38855  kd 0.14129  train_acc 82.221  val_acc 91.58  (26.2s)
epoch 84/100  lr 3.95e-06  loss 0.25764  ce 0.37422  kd 0.14105  train_acc 85.515  val_acc 91.24  (26.6s)
epoch 85/100  lr 3.56e-06  loss 0.26664  ce 0.39308  kd 0.14020  train_acc 82.538  val_acc 91.24  (24.1s)
epoch 86/100  lr 3.2e-06  loss 0.26832  ce 0.39496  kd 0.14168  train_acc 82.897  val_acc 91.41  (24.0s)
epoch 87/100  lr 2.86e-06  loss 0.26901  ce 0.39449  kd 0.14354  train_acc 84.924  val_acc 91.24  (23.6s)
epoch 88/100  lr 2.54e-06  loss 0.28135  ce 0.41460  kd 0.14809  train_acc 83.699  val_acc 91.16  (23.5s)
epoch 89/100  lr 2.24e-06  loss 0.26998  ce 0.39830  kd 0.14167  train_acc 85.051  val_acc 91.33  (24.0s)
epoch 90/100  lr 1.96e-06  loss 0.25932  ce 0.37462  kd 0.14403  train_acc 83.889  val_acc 91.33  (23.8s)
epoch 91/100  lr 1.71e-06  loss 0.25897  ce 0.38224  kd 0.13570  train_acc 83.361  val_acc 91.33  (23.6s)
epoch 92/100  lr 1.48e-06  loss 0.26538  ce 0.38979  kd 0.14096  train_acc 83.573  val_acc 91.33  (23.8s)
epoch 93/100  lr 1.28e-06  loss 0.26775  ce 0.39055  kd 0.14495  train_acc 86.867  val_acc 91.41  (23.1s)
epoch 94/100  lr 1.1e-06  loss 0.25658  ce 0.37315  kd 0.14001  train_acc 86.423  val_acc 91.41  (23.6s)
epoch 95/100  lr 9.38e-07  loss 0.26708  ce 0.38957  kd 0.14458  train_acc 84.101  val_acc 91.33  (23.4s)
epoch 96/100  lr 8.05e-07  loss 0.27193  ce 0.40264  kd 0.14122  train_acc 85.093  val_acc 91.41  (23.0s)
epoch 97/100  lr 6.95e-07  loss 0.25991  ce 0.38535  kd 0.13447  train_acc 83.910  val_acc 91.41  (22.9s)
epoch 98/100  lr 6.1e-07  loss 0.26025  ce 0.38249  kd 0.13801  train_acc 86.719  val_acc 91.41  (22.9s)
epoch 99/100  lr 5.49e-07  loss 0.27056  ce 0.39854  kd 0.14259  train_acc 86.254  val_acc 91.33  (23.9s)
epoch 100/100  lr 5.12e-07  loss 0.25999  ce 0.38207  kd 0.13791  train_acc 87.057  val_acc 91.33  (23.6s)
done. final val acc 91.33  best 92.08 @ epoch 64
