
===== 2026-10-03 17:07:11 pid=95433 /home/coder/aim-lab-test-5/stage0/train.py --mode kd --dataset cub --seed 1 --lr 0.0001
run dir: /home/coder/stage0/outputs/cub/kd/seed1
state: new  device: cuda  micro_batch: 128  accum: 1  num_workers: 3
train 5394  val 600  steps/epoch 42
teacher: /home/coder/stage0/outputs/cub/teacher/seed0/best.pt (epoch 25, val acc 86.33)
epoch 1/100  lr 1e-06  loss 4.38106  ce 5.39105  kd 3.37106  train_acc 0.521  val_acc 0.17  (31.7s)
epoch 2/100  lr 2.08e-05  loss 4.29337  ce 5.33560  kd 3.25115  train_acc 0.539  val_acc 0.83  (27.7s)
epoch 3/100  lr 4.06e-05  loss 4.25159  ce 5.25595  kd 3.24722  train_acc 1.209  val_acc 3.17  (25.4s)
epoch 4/100  lr 6.04e-05  loss 4.07083  ce 5.08005  kd 3.06161  train_acc 2.679  val_acc 12.83  (27.9s)
epoch 5/100  lr 8.02e-05  loss 3.72191  ce 4.83103  kd 2.61279  train_acc 5.878  val_acc 25.17  (27.9s)
epoch 6/100  lr 9.94e-05  loss 3.44568  ce 4.60539  kd 2.28596  train_acc 8.836  val_acc 33.50  (25.8s)
epoch 7/100  lr 9.91e-05  loss 3.24175  ce 4.41933  kd 2.06417  train_acc 13.821  val_acc 42.83  (28.2s)
epoch 8/100  lr 9.88e-05  loss 3.08110  ce 4.28792  kd 1.87429  train_acc 15.997  val_acc 46.33  (29.3s)
epoch 9/100  lr 9.84e-05  loss 2.94556  ce 4.20634  kd 1.68477  train_acc 17.634  val_acc 50.50  (26.0s)
epoch 10/100  lr 9.8e-05  loss 2.81516  ce 4.04379  kd 1.58654  train_acc 22.135  val_acc 54.33  (26.6s)
epoch 11/100  lr 9.76e-05  loss 2.72276  ce 3.96969  kd 1.47583  train_acc 22.228  val_acc 58.67  (28.2s)
epoch 12/100  lr 9.71e-05  loss 2.63364  ce 3.90157  kd 1.36571  train_acc 29.688  val_acc 59.50  (27.3s)
epoch 13/100  lr 9.65e-05  loss 2.54862  ce 3.79761  kd 1.29963  train_acc 25.037  val_acc 61.83  (27.9s)
epoch 14/100  lr 9.59e-05  loss 2.46320  ce 3.66267  kd 1.26373  train_acc 29.278  val_acc 64.50  (29.4s)
epoch 15/100  lr 9.53e-05  loss 2.45229  ce 3.73919  kd 1.16538  train_acc 32.199  val_acc 64.17  (27.8s)
epoch 16/100  lr 9.46e-05  loss 2.40874  ce 3.68744  kd 1.13003  train_acc 23.326  val_acc 66.67  (24.0s)
epoch 17/100  lr 9.39e-05  loss 2.31677  ce 3.56286  kd 1.07068  train_acc 31.827  val_acc 69.83  (27.6s)
epoch 18/100  lr 9.31e-05  loss 2.28994  ce 3.52434  kd 1.05553  train_acc 30.004  val_acc 70.00  (27.7s)
epoch 19/100  lr 9.23e-05  loss 2.22179  ce 3.45278  kd 0.99079  train_acc 32.980  val_acc 71.17  (25.9s)
epoch 20/100  lr 9.14e-05  loss 2.14259  ce 3.32911  kd 0.95606  train_acc 29.706  val_acc 71.33  (26.1s)
epoch 21/100  lr 9.05e-05  loss 2.23169  ce 3.54969  kd 0.91369  train_acc 31.901  val_acc 71.17  (28.8s)
epoch 22/100  lr 8.96e-05  loss 2.12707  ce 3.35959  kd 0.89456  train_acc 31.287  val_acc 72.67  (26.6s)
epoch 23/100  lr 8.86e-05  loss 2.23166  ce 3.57673  kd 0.88660  train_acc 33.910  val_acc 73.33  (26.0s)
epoch 24/100  lr 8.76e-05  loss 2.18367  ce 3.50235  kd 0.86500  train_acc 34.970  val_acc 73.00  (27.9s)
epoch 25/100  lr 8.66e-05  loss 2.12442  ce 3.41439  kd 0.83445  train_acc 35.714  val_acc 74.33  (26.8s)
epoch 26/100  lr 8.55e-05  loss 2.01170  ce 3.21072  kd 0.81268  train_acc 35.826  val_acc 74.33  (26.7s)
epoch 27/100  lr 8.44e-05  loss 2.10314  ce 3.38887  kd 0.81741  train_acc 36.049  val_acc 75.33  (28.3s)
epoch 28/100  lr 8.32e-05  loss 2.09589  ce 3.40066  kd 0.79111  train_acc 31.585  val_acc 75.33  (28.3s)
epoch 29/100  lr 8.21e-05  loss 2.03573  ce 3.32166  kd 0.74980  train_acc 40.978  val_acc 75.83  (25.8s)
epoch 30/100  lr 8.08e-05  loss 2.00246  ce 3.26916  kd 0.73576  train_acc 33.891  val_acc 76.33  (28.8s)
epoch 31/100  lr 7.96e-05  loss 1.95896  ce 3.19159  kd 0.72632  train_acc 39.342  val_acc 76.00  (26.4s)
epoch 32/100  lr 7.83e-05  loss 2.01265  ce 3.29885  kd 0.72644  train_acc 36.458  val_acc 77.33  (25.8s)
epoch 33/100  lr 7.7e-05  loss 1.95616  ce 3.19006  kd 0.72225  train_acc 42.039  val_acc 76.50  (27.7s)
epoch 34/100  lr 7.57e-05  loss 2.02128  ce 3.34147  kd 0.70109  train_acc 36.663  val_acc 78.17  (27.3s)
epoch 35/100  lr 7.43e-05  loss 1.99142  ce 3.28446  kd 0.69838  train_acc 36.179  val_acc 78.00  (24.9s)
epoch 36/100  lr 7.3e-05  loss 1.95230  ce 3.23925  kd 0.66534  train_acc 36.496  val_acc 77.83  (28.0s)
epoch 37/100  lr 7.16e-05  loss 1.99746  ce 3.30090  kd 0.69401  train_acc 41.220  val_acc 79.17  (28.7s)
epoch 38/100  lr 7.02e-05  loss 1.93863  ce 3.21970  kd 0.65756  train_acc 35.268  val_acc 78.50  (25.2s)
epoch 39/100  lr 6.87e-05  loss 1.97827  ce 3.27747  kd 0.67908  train_acc 32.143  val_acc 79.17  (26.2s)
epoch 40/100  lr 6.73e-05  loss 1.94461  ce 3.23631  kd 0.65291  train_acc 44.327  val_acc 79.00  (28.6s)
epoch 41/100  lr 6.58e-05  loss 1.90983  ce 3.17508  kd 0.64458  train_acc 41.034  val_acc 80.33  (25.4s)
epoch 42/100  lr 6.43e-05  loss 1.90210  ce 3.15902  kd 0.64519  train_acc 36.961  val_acc 80.83  (28.7s)
epoch 43/100  lr 6.28e-05  loss 1.98120  ce 3.31192  kd 0.65048  train_acc 41.388  val_acc 80.67  (28.9s)
epoch 44/100  lr 6.13e-05  loss 1.95141  ce 3.26506  kd 0.63776  train_acc 35.565  val_acc 80.50  (27.1s)
epoch 45/100  lr 5.98e-05  loss 1.97093  ce 3.30331  kd 0.63855  train_acc 35.342  val_acc 80.83  (26.5s)
epoch 46/100  lr 5.82e-05  loss 1.92991  ce 3.24008  kd 0.61975  train_acc 33.147  val_acc 79.50  (28.0s)
epoch 47/100  lr 5.67e-05  loss 1.99217  ce 3.34156  kd 0.64278  train_acc 28.032  val_acc 80.00  (26.8s)
epoch 48/100  lr 5.52e-05  loss 1.94399  ce 3.25387  kd 0.63412  train_acc 35.100  val_acc 81.17  (27.9s)
epoch 49/100  lr 5.36e-05  loss 1.84999  ce 3.09367  kd 0.60631  train_acc 39.993  val_acc 81.33  (29.1s)
epoch 50/100  lr 5.21e-05  loss 1.94540  ce 3.27800  kd 0.61281  train_acc 31.008  val_acc 81.50  (27.6s)
epoch 51/100  lr 5.05e-05  loss 1.87900  ce 3.17234  kd 0.58566  train_acc 38.951  val_acc 80.50  (24.9s)
epoch 52/100  lr 4.89e-05  loss 1.87471  ce 3.16144  kd 0.58799  train_acc 37.109  val_acc 82.17  (28.6s)
epoch 53/100  lr 4.74e-05  loss 1.90808  ce 3.21752  kd 0.59864  train_acc 36.105  val_acc 81.83  (27.5s)
epoch 54/100  lr 4.58e-05  loss 1.88968  ce 3.17806  kd 0.60130  train_acc 41.760  val_acc 80.33  (27.9s)
epoch 55/100  lr 4.43e-05  loss 1.87526  ce 3.15473  kd 0.59579  train_acc 35.826  val_acc 81.00  (27.6s)
epoch 56/100  lr 4.28e-05  loss 1.84397  ce 3.11210  kd 0.57585  train_acc 42.932  val_acc 81.33  (27.1s)
epoch 57/100  lr 4.12e-05  loss 1.78676  ce 3.01274  kd 0.56079  train_acc 44.885  val_acc 81.00  (26.1s)
epoch 58/100  lr 3.97e-05  loss 1.91455  ce 3.23393  kd 0.59517  train_acc 41.388  val_acc 81.33  (28.5s)
epoch 59/100  lr 3.82e-05  loss 1.86368  ce 3.15307  kd 0.57429  train_acc 34.059  val_acc 82.17  (27.5s)
epoch 60/100  lr 3.67e-05  loss 1.91225  ce 3.24043  kd 0.58407  train_acc 34.263  val_acc 81.50  (26.9s)
epoch 61/100  lr 3.52e-05  loss 1.73699  ce 2.93801  kd 0.53598  train_acc 47.545  val_acc 82.17  (29.2s)
epoch 62/100  lr 3.37e-05  loss 1.76858  ce 2.99170  kd 0.54546  train_acc 37.984  val_acc 82.67  (27.4s)
epoch 63/100  lr 3.23e-05  loss 1.92536  ce 3.26828  kd 0.58245  train_acc 40.811  val_acc 82.50  (27.4s)
epoch 64/100  lr 3.08e-05  loss 1.86394  ce 3.15820  kd 0.56968  train_acc 47.303  val_acc 82.33  (27.6s)
epoch 65/100  lr 2.94e-05  loss 1.80350  ce 3.04655  kd 0.56045  train_acc 37.593  val_acc 83.17  (28.6s)
epoch 66/100  lr 2.8e-05  loss 1.73878  ce 2.94419  kd 0.53337  train_acc 44.141  val_acc 82.67  (26.6s)
epoch 67/100  lr 2.67e-05  loss 1.82426  ce 3.09907  kd 0.54944  train_acc 38.188  val_acc 82.17  (30.0s)
epoch 68/100  lr 2.53e-05  loss 1.81122  ce 3.07087  kd 0.55156  train_acc 40.941  val_acc 83.00  (29.1s)
epoch 69/100  lr 2.4e-05  loss 1.82682  ce 3.09653  kd 0.55710  train_acc 43.266  val_acc 82.17  (25.8s)
epoch 70/100  lr 2.27e-05  loss 1.81097  ce 3.08046  kd 0.54149  train_acc 40.086  val_acc 82.67  (27.9s)
epoch 71/100  lr 2.14e-05  loss 1.85597  ce 3.16282  kd 0.54912  train_acc 40.755  val_acc 82.50  (29.4s)
epoch 72/100  lr 2.02e-05  loss 1.88572  ce 3.20610  kd 0.56535  train_acc 37.984  val_acc 82.67  (26.1s)
epoch 73/100  lr 1.89e-05  loss 1.89003  ce 3.22232  kd 0.55775  train_acc 37.965  val_acc 83.00  (27.1s)
epoch 74/100  lr 1.78e-05  loss 1.74514  ce 2.96648  kd 0.52381  train_acc 43.545  val_acc 83.83  (29.0s)
epoch 75/100  lr 1.66e-05  loss 1.82577  ce 3.10546  kd 0.54608  train_acc 51.451  val_acc 82.50  (26.8s)
epoch 76/100  lr 1.55e-05  loss 1.77903  ce 3.02939  kd 0.52867  train_acc 44.643  val_acc 82.67  (26.1s)
epoch 77/100  lr 1.44e-05  loss 1.80915  ce 3.07481  kd 0.54349  train_acc 49.182  val_acc 83.00  (28.6s)
epoch 78/100  lr 1.34e-05  loss 1.83399  ce 3.13138  kd 0.53660  train_acc 38.467  val_acc 83.33  (26.6s)
epoch 79/100  lr 1.24e-05  loss 1.76807  ce 3.01473  kd 0.52141  train_acc 47.377  val_acc 83.50  (26.8s)
epoch 80/100  lr 1.14e-05  loss 1.78554  ce 3.04935  kd 0.52174  train_acc 45.815  val_acc 83.17  (29.4s)
epoch 81/100  lr 1.05e-05  loss 1.86719  ce 3.18954  kd 0.54483  train_acc 38.802  val_acc 83.00  (27.2s)
epoch 82/100  lr 9.56e-06  loss 1.82941  ce 3.12137  kd 0.53745  train_acc 41.239  val_acc 82.83  (26.1s)
epoch 83/100  lr 8.71e-06  loss 1.77296  ce 3.02880  kd 0.51713  train_acc 46.280  val_acc 83.00  (29.5s)
epoch 84/100  lr 7.89e-06  loss 1.76573  ce 3.00572  kd 0.52575  train_acc 41.890  val_acc 83.00  (27.3s)
epoch 85/100  lr 7.12e-06  loss 1.78174  ce 3.04186  kd 0.52161  train_acc 45.294  val_acc 82.33  (25.4s)
epoch 86/100  lr 6.4e-06  loss 1.78198  ce 3.03906  kd 0.52490  train_acc 44.178  val_acc 82.83  (28.2s)
epoch 87/100  lr 5.71e-06  loss 1.75016  ce 2.98674  kd 0.51358  train_acc 39.583  val_acc 82.17  (30.4s)
epoch 88/100  lr 5.07e-06  loss 1.83146  ce 3.12141  kd 0.54151  train_acc 38.932  val_acc 82.83  (25.5s)
epoch 89/100  lr 4.48e-06  loss 1.81571  ce 3.09698  kd 0.53443  train_acc 38.337  val_acc 82.83  (28.4s)
epoch 90/100  lr 3.93e-06  loss 1.77501  ce 3.03286  kd 0.51716  train_acc 48.363  val_acc 82.83  (28.7s)
epoch 91/100  lr 3.42e-06  loss 1.74714  ce 2.98441  kd 0.50987  train_acc 45.703  val_acc 82.50  (25.9s)
epoch 92/100  lr 2.97e-06  loss 1.83878  ce 3.13362  kd 0.54393  train_acc 42.485  val_acc 82.67  (27.9s)
epoch 93/100  lr 2.56e-06  loss 1.70950  ce 2.91774  kd 0.50127  train_acc 44.680  val_acc 83.17  (28.5s)
epoch 94/100  lr 2.19e-06  loss 1.74453  ce 2.97075  kd 0.51831  train_acc 45.666  val_acc 83.17  (26.2s)
epoch 95/100  lr 1.88e-06  loss 1.83819  ce 3.14339  kd 0.53298  train_acc 39.974  val_acc 83.00  (27.4s)
epoch 96/100  lr 1.61e-06  loss 1.80316  ce 3.08088  kd 0.52543  train_acc 41.834  val_acc 83.33  (30.4s)
epoch 97/100  lr 1.39e-06  loss 1.77704  ce 3.03085  kd 0.52323  train_acc 44.234  val_acc 83.17  (28.3s)
epoch 98/100  lr 1.22e-06  loss 1.80280  ce 3.07580  kd 0.52979  train_acc 46.336  val_acc 82.83  (26.5s)
epoch 99/100  lr 1.1e-06  loss 1.80834  ce 3.09210  kd 0.52458  train_acc 40.216  val_acc 83.00  (28.0s)
epoch 100/100  lr 1.02e-06  loss 1.76142  ce 3.00519  kd 0.51765  train_acc 36.403  val_acc 82.67  (28.0s)
done. final val acc 82.67  best 83.83 @ epoch 74
