
===== 2026-10-04 10:36:21 pid=340134 /home/coder/aim-lab-stage3/stage0/train.py --mode maskedkd --mask-criterion maskedkd --keep 0.3 --dataset waterbirds --seed 2 --lr 5e-05
run dir: /home/coder/stage0/outputs/waterbirds/maskedkd_k0.3/seed2
state: new  device: cuda  micro_batch: 128  accum: 1  num_workers: 3
train 4795  val 1199  steps/epoch 37
teacher: /home/coder/stage0/outputs/waterbirds/teacher/seed0/best.pt (epoch 21, val acc 93.99)
epoch 1/100  lr 1e-06  loss 0.56403  ce 0.63090  kd 0.49716  train_acc 66.470  val_acc 67.31  (31.2s)
epoch 2/100  lr 1.08e-05  loss 0.42269  ce 0.52935  kd 0.31603  train_acc 77.935  val_acc 71.31  (29.2s)
epoch 3/100  lr 2.06e-05  loss 0.34373  ce 0.46571  kd 0.22175  train_acc 81.018  val_acc 66.06  (28.7s)
epoch 4/100  lr 3.04e-05  loss 0.29960  ce 0.41945  kd 0.17975  train_acc 86.381  val_acc 74.73  (28.7s)
epoch 5/100  lr 4.02e-05  loss 0.29420  ce 0.42299  kd 0.16540  train_acc 83.868  val_acc 76.23  (27.9s)
epoch 6/100  lr 4.97e-05  loss 0.29056  ce 0.43028  kd 0.15085  train_acc 81.883  val_acc 81.73  (27.9s)
epoch 7/100  lr 4.96e-05  loss 0.27628  ce 0.40816  kd 0.14440  train_acc 83.045  val_acc 79.57  (27.6s)
epoch 8/100  lr 4.94e-05  loss 0.27204  ce 0.40444  kd 0.13963  train_acc 84.523  val_acc 83.15  (28.1s)
epoch 9/100  lr 4.92e-05  loss 0.28186  ce 0.41020  kd 0.15351  train_acc 82.390  val_acc 82.99  (27.4s)
epoch 10/100  lr 4.9e-05  loss 0.29139  ce 0.42850  kd 0.15429  train_acc 85.008  val_acc 85.82  (27.7s)
epoch 11/100  lr 4.88e-05  loss 0.27495  ce 0.40649  kd 0.14341  train_acc 82.327  val_acc 87.82  (27.0s)
epoch 12/100  lr 4.85e-05  loss 0.28052  ce 0.41272  kd 0.14832  train_acc 83.868  val_acc 86.41  (26.5s)
epoch 13/100  lr 4.83e-05  loss 0.28171  ce 0.42236  kd 0.14105  train_acc 84.417  val_acc 86.32  (26.1s)
epoch 14/100  lr 4.8e-05  loss 0.26769  ce 0.40112  kd 0.13425  train_acc 87.057  val_acc 83.24  (27.1s)
epoch 15/100  lr 4.76e-05  loss 0.27496  ce 0.40762  kd 0.14231  train_acc 84.903  val_acc 85.32  (26.9s)
epoch 16/100  lr 4.73e-05  loss 0.26997  ce 0.40752  kd 0.13243  train_acc 82.749  val_acc 85.07  (25.8s)
epoch 17/100  lr 4.69e-05  loss 0.26252  ce 0.39764  kd 0.12739  train_acc 86.001  val_acc 86.32  (26.7s)
epoch 18/100  lr 4.66e-05  loss 0.28164  ce 0.42125  kd 0.14204  train_acc 85.726  val_acc 86.57  (26.7s)
epoch 19/100  lr 4.61e-05  loss 0.27318  ce 0.41392  kd 0.13244  train_acc 84.164  val_acc 89.24  (27.4s)
epoch 20/100  lr 4.57e-05  loss 0.26901  ce 0.40800  kd 0.13002  train_acc 83.763  val_acc 88.07  (27.6s)
epoch 21/100  lr 4.53e-05  loss 0.26573  ce 0.40106  kd 0.13041  train_acc 83.932  val_acc 85.82  (27.9s)
epoch 22/100  lr 4.48e-05  loss 0.27103  ce 0.40844  kd 0.13361  train_acc 85.663  val_acc 86.16  (28.1s)
epoch 23/100  lr 4.43e-05  loss 0.27036  ce 0.41207  kd 0.12865  train_acc 85.262  val_acc 89.16  (28.0s)
epoch 24/100  lr 4.38e-05  loss 0.26895  ce 0.40196  kd 0.13595  train_acc 85.389  val_acc 87.91  (27.8s)
epoch 25/100  lr 4.33e-05  loss 0.27099  ce 0.39902  kd 0.14296  train_acc 85.705  val_acc 89.91  (28.7s)
epoch 26/100  lr 4.28e-05  loss 0.25790  ce 0.39124  kd 0.12456  train_acc 84.079  val_acc 88.07  (27.8s)
epoch 27/100  lr 4.22e-05  loss 0.27194  ce 0.41397  kd 0.12991  train_acc 86.001  val_acc 89.16  (28.7s)
epoch 28/100  lr 4.16e-05  loss 0.27068  ce 0.40455  kd 0.13681  train_acc 85.663  val_acc 87.49  (28.1s)
epoch 29/100  lr 4.1e-05  loss 0.26580  ce 0.40027  kd 0.13133  train_acc 82.665  val_acc 88.82  (28.1s)
epoch 30/100  lr 4.04e-05  loss 0.25705  ce 0.38699  kd 0.12711  train_acc 86.529  val_acc 87.99  (29.3s)
epoch 31/100  lr 3.98e-05  loss 0.25942  ce 0.39222  kd 0.12662  train_acc 84.206  val_acc 89.82  (28.3s)
epoch 32/100  lr 3.92e-05  loss 0.25300  ce 0.38552  kd 0.12048  train_acc 82.644  val_acc 87.91  (27.5s)
epoch 33/100  lr 3.85e-05  loss 0.25964  ce 0.39480  kd 0.12449  train_acc 86.001  val_acc 89.91  (28.4s)
epoch 34/100  lr 3.78e-05  loss 0.25629  ce 0.38756  kd 0.12503  train_acc 88.830  val_acc 89.49  (27.7s)
epoch 35/100  lr 3.72e-05  loss 0.25348  ce 0.38487  kd 0.12209  train_acc 86.296  val_acc 87.57  (27.7s)
epoch 36/100  lr 3.65e-05  loss 0.24794  ce 0.37842  kd 0.11746  train_acc 82.179  val_acc 88.66  (27.7s)
epoch 37/100  lr 3.58e-05  loss 0.26631  ce 0.40221  kd 0.13040  train_acc 83.361  val_acc 89.57  (28.1s)
epoch 38/100  lr 3.51e-05  loss 0.25393  ce 0.38417  kd 0.12369  train_acc 86.930  val_acc 89.49  (27.2s)
epoch 39/100  lr 3.44e-05  loss 0.26094  ce 0.40008  kd 0.12180  train_acc 87.606  val_acc 89.91  (27.0s)
epoch 40/100  lr 3.36e-05  loss 0.26672  ce 0.40546  kd 0.12798  train_acc 84.375  val_acc 89.74  (27.0s)
epoch 41/100  lr 3.29e-05  loss 0.26286  ce 0.39734  kd 0.12837  train_acc 85.832  val_acc 88.91  (27.2s)
epoch 42/100  lr 3.22e-05  loss 0.26766  ce 0.40660  kd 0.12872  train_acc 86.719  val_acc 89.41  (27.7s)
epoch 43/100  lr 3.14e-05  loss 0.26246  ce 0.39350  kd 0.13143  train_acc 84.924  val_acc 89.07  (28.1s)
epoch 44/100  lr 3.06e-05  loss 0.26579  ce 0.40532  kd 0.12625  train_acc 85.811  val_acc 87.32  (27.5s)
epoch 45/100  lr 2.99e-05  loss 0.25299  ce 0.39152  kd 0.11445  train_acc 82.876  val_acc 90.66  (28.2s)
epoch 46/100  lr 2.91e-05  loss 0.26632  ce 0.40762  kd 0.12502  train_acc 81.926  val_acc 88.32  (27.7s)
epoch 47/100  lr 2.84e-05  loss 0.25716  ce 0.39595  kd 0.11837  train_acc 86.275  val_acc 89.91  (27.8s)
epoch 48/100  lr 2.76e-05  loss 0.26300  ce 0.39973  kd 0.12628  train_acc 83.298  val_acc 90.16  (27.3s)
epoch 49/100  lr 2.68e-05  loss 0.26257  ce 0.39438  kd 0.13077  train_acc 84.671  val_acc 88.74  (27.5s)
epoch 50/100  lr 2.6e-05  loss 0.25476  ce 0.39331  kd 0.11622  train_acc 85.030  val_acc 88.91  (27.7s)
epoch 51/100  lr 2.53e-05  loss 0.27012  ce 0.40791  kd 0.13232  train_acc 86.655  val_acc 89.16  (27.5s)
epoch 52/100  lr 2.45e-05  loss 0.25999  ce 0.39345  kd 0.12652  train_acc 88.070  val_acc 89.24  (27.5s)
epoch 53/100  lr 2.37e-05  loss 0.26641  ce 0.40657  kd 0.12625  train_acc 81.989  val_acc 90.33  (27.6s)
epoch 54/100  lr 2.29e-05  loss 0.26356  ce 0.40059  kd 0.12653  train_acc 84.945  val_acc 89.57  (27.8s)
epoch 55/100  lr 2.21e-05  loss 0.25626  ce 0.38433  kd 0.12818  train_acc 85.051  val_acc 88.91  (28.6s)
epoch 56/100  lr 2.14e-05  loss 0.25755  ce 0.39422  kd 0.12087  train_acc 84.185  val_acc 90.49  (27.5s)
epoch 57/100  lr 2.06e-05  loss 0.26186  ce 0.39613  kd 0.12759  train_acc 86.212  val_acc 90.16  (27.7s)
epoch 58/100  lr 1.99e-05  loss 0.26111  ce 0.39908  kd 0.12315  train_acc 88.366  val_acc 90.16  (27.2s)
epoch 59/100  lr 1.91e-05  loss 0.25723  ce 0.39193  kd 0.12254  train_acc 84.671  val_acc 88.91  (27.6s)
epoch 60/100  lr 1.83e-05  loss 0.25055  ce 0.37801  kd 0.12310  train_acc 87.606  val_acc 88.66  (27.3s)
epoch 61/100  lr 1.76e-05  loss 0.25684  ce 0.38820  kd 0.12548  train_acc 85.241  val_acc 90.33  (27.8s)
epoch 62/100  lr 1.69e-05  loss 0.25777  ce 0.38802  kd 0.12752  train_acc 81.313  val_acc 90.66  (27.5s)
epoch 63/100  lr 1.61e-05  loss 0.24972  ce 0.37926  kd 0.12019  train_acc 86.613  val_acc 90.58  (27.4s)
epoch 64/100  lr 1.54e-05  loss 0.25703  ce 0.39383  kd 0.12024  train_acc 81.968  val_acc 90.24  (27.2s)
epoch 65/100  lr 1.47e-05  loss 0.24369  ce 0.37039  kd 0.11700  train_acc 83.108  val_acc 90.08  (26.4s)
epoch 66/100  lr 1.4e-05  loss 0.25781  ce 0.39212  kd 0.12349  train_acc 80.743  val_acc 89.99  (26.4s)
epoch 67/100  lr 1.33e-05  loss 0.24142  ce 0.37616  kd 0.10667  train_acc 85.220  val_acc 90.08  (26.7s)
epoch 68/100  lr 1.27e-05  loss 0.24509  ce 0.37052  kd 0.11967  train_acc 83.763  val_acc 90.16  (27.2s)
epoch 69/100  lr 1.2e-05  loss 0.24036  ce 0.37174  kd 0.10898  train_acc 85.938  val_acc 90.41  (26.2s)
epoch 70/100  lr 1.13e-05  loss 0.25057  ce 0.38118  kd 0.11995  train_acc 84.945  val_acc 89.74  (26.1s)
epoch 71/100  lr 1.07e-05  loss 0.25359  ce 0.38874  kd 0.11845  train_acc 87.226  val_acc 89.74  (27.3s)
epoch 72/100  lr 1.01e-05  loss 0.24088  ce 0.36678  kd 0.11498  train_acc 82.137  val_acc 89.07  (28.3s)
epoch 73/100  lr 9.47e-06  loss 0.25417  ce 0.38645  kd 0.12189  train_acc 84.206  val_acc 89.82  (28.4s)
epoch 74/100  lr 8.88e-06  loss 0.26964  ce 0.41495  kd 0.12433  train_acc 84.671  val_acc 90.08  (28.6s)
epoch 75/100  lr 8.31e-06  loss 0.25738  ce 0.39722  kd 0.11753  train_acc 82.918  val_acc 90.41  (28.9s)
epoch 76/100  lr 7.75e-06  loss 0.26480  ce 0.41041  kd 0.11919  train_acc 82.686  val_acc 89.91  (28.1s)
epoch 77/100  lr 7.21e-06  loss 0.25583  ce 0.39151  kd 0.12016  train_acc 84.523  val_acc 90.16  (28.7s)
epoch 78/100  lr 6.68e-06  loss 0.26410  ce 0.40722  kd 0.12097  train_acc 83.974  val_acc 90.33  (29.2s)
epoch 79/100  lr 6.18e-06  loss 0.26214  ce 0.39956  kd 0.12472  train_acc 85.705  val_acc 90.74  (28.2s)
epoch 80/100  lr 5.69e-06  loss 0.23536  ce 0.35841  kd 0.11232  train_acc 84.692  val_acc 90.24  (29.2s)
epoch 81/100  lr 5.23e-06  loss 0.25729  ce 0.40155  kd 0.11303  train_acc 82.073  val_acc 89.99  (28.9s)
epoch 82/100  lr 4.78e-06  loss 0.26820  ce 0.41325  kd 0.12315  train_acc 85.304  val_acc 90.41  (28.8s)
epoch 83/100  lr 4.35e-06  loss 0.27177  ce 0.41355  kd 0.12998  train_acc 83.319  val_acc 90.41  (28.6s)
epoch 84/100  lr 3.95e-06  loss 0.25894  ce 0.39540  kd 0.12248  train_acc 87.690  val_acc 90.74  (28.9s)
epoch 85/100  lr 3.56e-06  loss 0.25879  ce 0.39742  kd 0.12015  train_acc 83.699  val_acc 90.16  (28.6s)
epoch 86/100  lr 3.2e-06  loss 0.25286  ce 0.39329  kd 0.11243  train_acc 83.361  val_acc 90.33  (28.7s)
epoch 87/100  lr 2.86e-06  loss 0.25323  ce 0.38748  kd 0.11898  train_acc 87.437  val_acc 90.49  (28.2s)
epoch 88/100  lr 2.54e-06  loss 0.26041  ce 0.40771  kd 0.11311  train_acc 85.452  val_acc 90.58  (29.3s)
epoch 89/100  lr 2.24e-06  loss 0.24564  ce 0.37997  kd 0.11132  train_acc 83.974  val_acc 90.41  (28.3s)
epoch 90/100  lr 1.96e-06  loss 0.25674  ce 0.39280  kd 0.12069  train_acc 89.126  val_acc 90.49  (28.1s)
epoch 91/100  lr 1.71e-06  loss 0.23156  ce 0.35659  kd 0.10654  train_acc 80.300  val_acc 90.49  (28.3s)
epoch 92/100  lr 1.48e-06  loss 0.25213  ce 0.38850  kd 0.11575  train_acc 86.064  val_acc 90.49  (28.4s)
epoch 93/100  lr 1.28e-06  loss 0.26413  ce 0.40222  kd 0.12605  train_acc 84.692  val_acc 90.49  (28.2s)
epoch 94/100  lr 1.1e-06  loss 0.26342  ce 0.39861  kd 0.12822  train_acc 80.405  val_acc 90.33  (28.5s)
epoch 95/100  lr 9.38e-07  loss 0.25855  ce 0.39681  kd 0.12030  train_acc 82.411  val_acc 90.49  (28.2s)
epoch 96/100  lr 8.05e-07  loss 0.25429  ce 0.38701  kd 0.12157  train_acc 83.256  val_acc 90.41  (28.2s)
epoch 97/100  lr 6.95e-07  loss 0.25496  ce 0.39173  kd 0.11819  train_acc 84.375  val_acc 90.58  (27.5s)
epoch 98/100  lr 6.1e-07  loss 0.23617  ce 0.36266  kd 0.10968  train_acc 86.212  val_acc 90.41  (28.4s)
epoch 99/100  lr 5.49e-07  loss 0.26278  ce 0.39969  kd 0.12587  train_acc 84.586  val_acc 90.41  (28.1s)
epoch 100/100  lr 5.12e-07  loss 0.24801  ce 0.37858  kd 0.11744  train_acc 85.262  val_acc 90.41  (26.9s)
done. final val acc 90.41  best 90.74 @ epoch 79
