
===== 2026-10-05 06:28:38 pid=626222 /home/coder/aim-lab-stage3/stage0/train.py --mode maskedkd --mask-criterion tam_r --keep 0.15 --tam-gap 0.5 0.5 --dataset waterbirds --seed 2 --lr 5e-05 --subdir tam_r_g0.5_k0.15
run dir: /home/coder/stage0/outputs/waterbirds/tam_r_g0.5_k0.15/seed2
state: new  device: cuda  micro_batch: 128  accum: 1  num_workers: 8
train 4795  val 1199  steps/epoch 37
teacher: /home/coder/stage0/outputs/waterbirds/teacher/seed0/best.pt (epoch 21, val acc 93.99)
TAM: kind attn_last, gap [0.5, 0.5], budget fixed, k per bucket (29, 29, 29), teacher GFLOPs {29: 2.68023552}
epoch 1/100  lr 1e-06  loss 0.52195  ce 0.63069  kd 0.41322  train_acc 66.491  val_acc 67.22  (23.2s)
epoch 2/100  lr 1.08e-05  loss 0.39265  ce 0.53276  kd 0.25253  train_acc 77.935  val_acc 72.23  (23.1s)
epoch 3/100  lr 2.06e-05  loss 0.33184  ce 0.46699  kd 0.19669  train_acc 80.638  val_acc 68.97  (23.5s)
epoch 4/100  lr 3.04e-05  loss 0.29740  ce 0.41857  kd 0.17623  train_acc 85.916  val_acc 77.31  (26.0s)
epoch 5/100  lr 4.02e-05  loss 0.29234  ce 0.42239  kd 0.16229  train_acc 83.488  val_acc 78.07  (23.6s)
epoch 6/100  lr 4.97e-05  loss 0.29111  ce 0.42727  kd 0.15495  train_acc 82.137  val_acc 79.23  (25.5s)
epoch 7/100  lr 4.96e-05  loss 0.28413  ce 0.40708  kd 0.16118  train_acc 82.749  val_acc 82.32  (23.7s)
epoch 8/100  lr 4.94e-05  loss 0.27870  ce 0.40106  kd 0.15633  train_acc 84.375  val_acc 83.32  (24.5s)
epoch 9/100  lr 4.92e-05  loss 0.28267  ce 0.40832  kd 0.15703  train_acc 82.644  val_acc 83.07  (24.7s)
epoch 10/100  lr 4.9e-05  loss 0.29416  ce 0.42718  kd 0.16114  train_acc 85.008  val_acc 85.82  (24.8s)
epoch 11/100  lr 4.88e-05  loss 0.27879  ce 0.40349  kd 0.15410  train_acc 82.707  val_acc 86.91  (24.5s)
epoch 12/100  lr 4.85e-05  loss 0.27953  ce 0.41246  kd 0.14660  train_acc 83.404  val_acc 85.15  (24.1s)
epoch 13/100  lr 4.83e-05  loss 0.28811  ce 0.42196  kd 0.15426  train_acc 83.847  val_acc 86.57  (24.4s)
epoch 14/100  lr 4.8e-05  loss 0.27244  ce 0.40150  kd 0.14338  train_acc 86.486  val_acc 86.74  (24.3s)
epoch 15/100  lr 4.76e-05  loss 0.28263  ce 0.40960  kd 0.15567  train_acc 84.122  val_acc 85.40  (23.3s)
epoch 16/100  lr 4.73e-05  loss 0.27727  ce 0.40708  kd 0.14745  train_acc 82.770  val_acc 83.65  (22.1s)
epoch 17/100  lr 4.69e-05  loss 0.27325  ce 0.39719  kd 0.14932  train_acc 85.642  val_acc 85.07  (22.2s)
epoch 18/100  lr 4.66e-05  loss 0.28697  ce 0.42064  kd 0.15329  train_acc 85.072  val_acc 87.74  (22.2s)
epoch 19/100  lr 4.61e-05  loss 0.27663  ce 0.41270  kd 0.14057  train_acc 83.636  val_acc 87.66  (21.9s)
epoch 20/100  lr 4.57e-05  loss 0.27480  ce 0.40469  kd 0.14490  train_acc 83.763  val_acc 86.32  (22.5s)
epoch 21/100  lr 4.53e-05  loss 0.27308  ce 0.39899  kd 0.14717  train_acc 84.269  val_acc 86.66  (22.1s)
epoch 22/100  lr 4.48e-05  loss 0.27720  ce 0.40855  kd 0.14586  train_acc 85.262  val_acc 86.07  (23.1s)
epoch 23/100  lr 4.43e-05  loss 0.27309  ce 0.41164  kd 0.13453  train_acc 84.903  val_acc 88.32  (22.4s)
epoch 24/100  lr 4.38e-05  loss 0.27731  ce 0.40273  kd 0.15188  train_acc 84.840  val_acc 87.49  (22.6s)
epoch 25/100  lr 4.33e-05  loss 0.27491  ce 0.40220  kd 0.14761  train_acc 84.628  val_acc 87.66  (22.6s)
epoch 26/100  lr 4.28e-05  loss 0.26384  ce 0.39341  kd 0.13427  train_acc 83.974  val_acc 87.32  (22.4s)
epoch 27/100  lr 4.22e-05  loss 0.28003  ce 0.41428  kd 0.14578  train_acc 85.452  val_acc 87.24  (22.5s)
epoch 28/100  lr 4.16e-05  loss 0.27640  ce 0.40438  kd 0.14842  train_acc 85.367  val_acc 86.24  (22.6s)
epoch 29/100  lr 4.1e-05  loss 0.26818  ce 0.39994  kd 0.13642  train_acc 82.158  val_acc 89.99  (21.9s)
epoch 30/100  lr 4.04e-05  loss 0.26690  ce 0.39136  kd 0.14244  train_acc 85.726  val_acc 87.91  (22.2s)
epoch 31/100  lr 3.98e-05  loss 0.26702  ce 0.39313  kd 0.14090  train_acc 83.995  val_acc 87.91  (22.8s)
epoch 32/100  lr 3.92e-05  loss 0.26242  ce 0.38786  kd 0.13698  train_acc 82.749  val_acc 88.32  (22.1s)
epoch 33/100  lr 3.85e-05  loss 0.26997  ce 0.39608  kd 0.14387  train_acc 85.916  val_acc 90.16  (22.2s)
epoch 34/100  lr 3.78e-05  loss 0.26672  ce 0.38867  kd 0.14477  train_acc 88.450  val_acc 88.99  (22.2s)
epoch 35/100  lr 3.72e-05  loss 0.26102  ce 0.38896  kd 0.13309  train_acc 85.790  val_acc 88.82  (21.9s)
epoch 36/100  lr 3.65e-05  loss 0.25978  ce 0.37755  kd 0.14201  train_acc 82.411  val_acc 89.74  (22.3s)
epoch 37/100  lr 3.58e-05  loss 0.27416  ce 0.40398  kd 0.14435  train_acc 83.171  val_acc 89.82  (22.3s)
epoch 38/100  lr 3.51e-05  loss 0.26420  ce 0.38692  kd 0.14148  train_acc 86.824  val_acc 88.99  (22.4s)
epoch 39/100  lr 3.44e-05  loss 0.26588  ce 0.39946  kd 0.13230  train_acc 87.922  val_acc 88.66  (21.7s)
epoch 40/100  lr 3.36e-05  loss 0.27433  ce 0.40396  kd 0.14469  train_acc 84.818  val_acc 89.82  (21.5s)
epoch 41/100  lr 3.29e-05  loss 0.27317  ce 0.39797  kd 0.14837  train_acc 85.389  val_acc 87.49  (21.8s)
epoch 42/100  lr 3.22e-05  loss 0.27110  ce 0.40539  kd 0.13680  train_acc 86.740  val_acc 88.66  (21.5s)
epoch 43/100  lr 3.14e-05  loss 0.26798  ce 0.39502  kd 0.14093  train_acc 85.008  val_acc 88.74  (21.8s)
epoch 44/100  lr 3.06e-05  loss 0.27214  ce 0.40480  kd 0.13948  train_acc 85.832  val_acc 88.49  (22.0s)
epoch 45/100  lr 2.99e-05  loss 0.26231  ce 0.39489  kd 0.12973  train_acc 82.601  val_acc 91.24  (22.5s)
epoch 46/100  lr 2.91e-05  loss 0.27226  ce 0.40514  kd 0.13938  train_acc 81.883  val_acc 89.99  (21.9s)
epoch 47/100  lr 2.84e-05  loss 0.26629  ce 0.39487  kd 0.13771  train_acc 86.085  val_acc 89.91  (22.4s)
epoch 48/100  lr 2.76e-05  loss 0.26867  ce 0.39919  kd 0.13814  train_acc 83.678  val_acc 89.91  (22.4s)
epoch 49/100  lr 2.68e-05  loss 0.26751  ce 0.39601  kd 0.13902  train_acc 84.333  val_acc 89.41  (22.4s)
epoch 50/100  lr 2.6e-05  loss 0.26506  ce 0.39471  kd 0.13541  train_acc 84.607  val_acc 89.16  (22.6s)
epoch 51/100  lr 2.53e-05  loss 0.27345  ce 0.40891  kd 0.13799  train_acc 86.001  val_acc 89.07  (21.6s)
epoch 52/100  lr 2.45e-05  loss 0.26454  ce 0.39385  kd 0.13523  train_acc 87.606  val_acc 88.99  (21.6s)
epoch 53/100  lr 2.37e-05  loss 0.27203  ce 0.40588  kd 0.13818  train_acc 81.820  val_acc 89.66  (21.8s)
epoch 54/100  lr 2.29e-05  loss 0.27021  ce 0.40074  kd 0.13968  train_acc 84.734  val_acc 89.66  (22.0s)
epoch 55/100  lr 2.21e-05  loss 0.26289  ce 0.38438  kd 0.14140  train_acc 84.966  val_acc 88.82  (21.7s)
epoch 56/100  lr 2.14e-05  loss 0.26918  ce 0.39359  kd 0.14477  train_acc 83.763  val_acc 90.99  (21.9s)
epoch 57/100  lr 2.06e-05  loss 0.26696  ce 0.39575  kd 0.13818  train_acc 86.613  val_acc 90.16  (22.5s)
epoch 58/100  lr 1.99e-05  loss 0.26964  ce 0.39978  kd 0.13951  train_acc 87.965  val_acc 90.16  (22.2s)
epoch 59/100  lr 1.91e-05  loss 0.26851  ce 0.39145  kd 0.14557  train_acc 84.755  val_acc 89.66  (22.3s)
epoch 60/100  lr 1.83e-05  loss 0.25787  ce 0.38052  kd 0.13522  train_acc 87.394  val_acc 89.49  (21.7s)
epoch 61/100  lr 1.76e-05  loss 0.26454  ce 0.38899  kd 0.14010  train_acc 85.389  val_acc 89.82  (21.5s)
epoch 62/100  lr 1.69e-05  loss 0.26524  ce 0.38848  kd 0.14201  train_acc 81.166  val_acc 90.74  (22.0s)
epoch 63/100  lr 1.61e-05  loss 0.25815  ce 0.37941  kd 0.13689  train_acc 86.296  val_acc 90.41  (21.9s)
epoch 64/100  lr 1.54e-05  loss 0.26502  ce 0.39224  kd 0.13780  train_acc 82.031  val_acc 90.08  (22.8s)
epoch 65/100  lr 1.47e-05  loss 0.25373  ce 0.37449  kd 0.13297  train_acc 83.129  val_acc 90.49  (22.6s)
epoch 66/100  lr 1.4e-05  loss 0.26795  ce 0.39476  kd 0.14114  train_acc 80.722  val_acc 90.24  (22.3s)
epoch 67/100  lr 1.33e-05  loss 0.25331  ce 0.37721  kd 0.12941  train_acc 84.987  val_acc 90.66  (22.2s)
epoch 68/100  lr 1.27e-05  loss 0.25876  ce 0.37293  kd 0.14458  train_acc 83.763  val_acc 90.58  (21.8s)
epoch 69/100  lr 1.2e-05  loss 0.25285  ce 0.37382  kd 0.13188  train_acc 86.022  val_acc 90.74  (22.8s)
epoch 70/100  lr 1.13e-05  loss 0.26466  ce 0.38461  kd 0.14471  train_acc 84.544  val_acc 90.41  (22.6s)
epoch 71/100  lr 1.07e-05  loss 0.26181  ce 0.38738  kd 0.13624  train_acc 86.930  val_acc 90.58  (22.0s)
epoch 72/100  lr 1.01e-05  loss 0.25167  ce 0.36932  kd 0.13401  train_acc 81.862  val_acc 90.08  (22.0s)
epoch 73/100  lr 9.47e-06  loss 0.26399  ce 0.38612  kd 0.14186  train_acc 84.502  val_acc 90.16  (22.1s)
epoch 74/100  lr 8.88e-06  loss 0.27765  ce 0.41305  kd 0.14225  train_acc 84.016  val_acc 89.57  (21.6s)
epoch 75/100  lr 8.31e-06  loss 0.26316  ce 0.39735  kd 0.12898  train_acc 83.552  val_acc 89.91  (21.5s)
epoch 76/100  lr 7.75e-06  loss 0.27416  ce 0.41024  kd 0.13809  train_acc 83.003  val_acc 89.74  (21.2s)
epoch 77/100  lr 7.21e-06  loss 0.26614  ce 0.39209  kd 0.14019  train_acc 85.156  val_acc 90.41  (21.8s)
epoch 78/100  lr 6.68e-06  loss 0.27682  ce 0.40655  kd 0.14709  train_acc 84.079  val_acc 90.49  (22.2s)
epoch 79/100  lr 6.18e-06  loss 0.26993  ce 0.40119  kd 0.13867  train_acc 85.177  val_acc 89.99  (23.0s)
epoch 80/100  lr 5.69e-06  loss 0.24516  ce 0.36088  kd 0.12944  train_acc 84.481  val_acc 89.57  (21.5s)
epoch 81/100  lr 5.23e-06  loss 0.26593  ce 0.39890  kd 0.13297  train_acc 82.200  val_acc 90.33  (21.1s)
epoch 82/100  lr 4.78e-06  loss 0.27106  ce 0.41245  kd 0.12966  train_acc 85.177  val_acc 90.49  (22.0s)
epoch 83/100  lr 4.35e-06  loss 0.27963  ce 0.41265  kd 0.14660  train_acc 83.045  val_acc 90.74  (21.4s)
epoch 84/100  lr 3.95e-06  loss 0.27003  ce 0.39504  kd 0.14502  train_acc 88.619  val_acc 90.66  (22.6s)
epoch 85/100  lr 3.56e-06  loss 0.27034  ce 0.39886  kd 0.14182  train_acc 83.171  val_acc 90.41  (22.3s)
epoch 86/100  lr 3.2e-06  loss 0.26775  ce 0.39391  kd 0.14158  train_acc 83.193  val_acc 90.41  (22.6s)
epoch 87/100  lr 2.86e-06  loss 0.26134  ce 0.38706  kd 0.13562  train_acc 87.204  val_acc 90.49  (22.3s)
epoch 88/100  lr 2.54e-06  loss 0.26691  ce 0.40716  kd 0.12666  train_acc 85.262  val_acc 90.41  (22.5s)
epoch 89/100  lr 2.24e-06  loss 0.25729  ce 0.38194  kd 0.13264  train_acc 83.932  val_acc 90.91  (22.3s)
epoch 90/100  lr 1.96e-06  loss 0.26273  ce 0.39174  kd 0.13372  train_acc 89.189  val_acc 90.49  (22.0s)
epoch 91/100  lr 1.71e-06  loss 0.24470  ce 0.35931  kd 0.13009  train_acc 80.659  val_acc 90.83  (21.8s)
epoch 92/100  lr 1.48e-06  loss 0.26129  ce 0.38941  kd 0.13318  train_acc 86.064  val_acc 90.74  (22.5s)
epoch 93/100  lr 1.28e-06  loss 0.26873  ce 0.40268  kd 0.13477  train_acc 84.818  val_acc 90.66  (21.5s)
epoch 94/100  lr 1.1e-06  loss 0.26841  ce 0.39777  kd 0.13905  train_acc 80.236  val_acc 90.58  (22.3s)
epoch 95/100  lr 9.38e-07  loss 0.26828  ce 0.39653  kd 0.14003  train_acc 83.087  val_acc 90.66  (21.7s)
epoch 96/100  lr 8.05e-07  loss 0.26531  ce 0.38577  kd 0.14485  train_acc 83.425  val_acc 90.58  (22.3s)
epoch 97/100  lr 6.95e-07  loss 0.26442  ce 0.39185  kd 0.13699  train_acc 84.058  val_acc 90.66  (21.9s)
epoch 98/100  lr 6.1e-07  loss 0.24898  ce 0.36500  kd 0.13295  train_acc 86.381  val_acc 90.66  (22.4s)
epoch 99/100  lr 5.49e-07  loss 0.26959  ce 0.39763  kd 0.14154  train_acc 85.304  val_acc 90.58  (21.5s)
epoch 100/100  lr 5.12e-07  loss 0.26062  ce 0.38113  kd 0.14011  train_acc 85.283  val_acc 90.66  (22.5s)
done. final val acc 90.66  best 91.24 @ epoch 45
