
===== 2026-10-05 05:45:25 pid=534123 /home/coder/aim-lab-stage3/stage0/train.py --mode maskedkd --mask-criterion tam_r --keep 0.15 --tam-gap 0 0 --dataset waterbirds --seed 2 --lr 5e-05 --subdir tam_r_g0_k0.15
run dir: /home/coder/stage0/outputs/waterbirds/tam_r_g0_k0.15/seed2
state: new  device: cuda  micro_batch: 128  accum: 1  num_workers: 8
train 4795  val 1199  steps/epoch 37
teacher: /home/coder/stage0/outputs/waterbirds/teacher/seed0/best.pt (epoch 21, val acc 93.99)
TAM: kind attn_last, gap [0.0, 0.0], budget fixed, k per bucket (29, 29, 29), teacher GFLOPs {29: 2.68023552}
epoch 1/100  lr 1e-06  loss 0.52745  ce 0.63079  kd 0.42411  train_acc 66.491  val_acc 67.22  (26.5s)
epoch 2/100  lr 1.08e-05  loss 0.40219  ce 0.53054  kd 0.27384  train_acc 77.977  val_acc 71.56  (23.8s)
epoch 3/100  lr 2.06e-05  loss 0.34053  ce 0.46552  kd 0.21555  train_acc 80.891  val_acc 68.89  (23.5s)
epoch 4/100  lr 3.04e-05  loss 0.30152  ce 0.41704  kd 0.18601  train_acc 86.149  val_acc 77.15  (23.7s)
epoch 5/100  lr 4.02e-05  loss 0.29912  ce 0.42089  kd 0.17735  train_acc 83.615  val_acc 78.82  (24.4s)
epoch 6/100  lr 4.97e-05  loss 0.29568  ce 0.42621  kd 0.16514  train_acc 82.221  val_acc 80.40  (24.8s)
epoch 7/100  lr 4.96e-05  loss 0.28815  ce 0.40681  kd 0.16950  train_acc 82.812  val_acc 84.74  (22.3s)
epoch 8/100  lr 4.94e-05  loss 0.28073  ce 0.40042  kd 0.16104  train_acc 84.164  val_acc 84.74  (22.3s)
epoch 9/100  lr 4.92e-05  loss 0.28588  ce 0.40746  kd 0.16430  train_acc 82.285  val_acc 84.82  (22.5s)
epoch 10/100  lr 4.9e-05  loss 0.29678  ce 0.42548  kd 0.16809  train_acc 84.924  val_acc 86.24  (22.2s)
epoch 11/100  lr 4.88e-05  loss 0.28103  ce 0.40419  kd 0.15787  train_acc 82.475  val_acc 88.32  (22.1s)
epoch 12/100  lr 4.85e-05  loss 0.28948  ce 0.41245  kd 0.16651  train_acc 83.150  val_acc 85.99  (23.1s)
epoch 13/100  lr 4.83e-05  loss 0.29275  ce 0.42156  kd 0.16395  train_acc 83.277  val_acc 87.66  (25.5s)
epoch 14/100  lr 4.8e-05  loss 0.27417  ce 0.40131  kd 0.14704  train_acc 86.212  val_acc 88.41  (24.1s)
epoch 15/100  lr 4.76e-05  loss 0.28732  ce 0.41151  kd 0.16313  train_acc 83.298  val_acc 85.90  (23.8s)
epoch 16/100  lr 4.73e-05  loss 0.27996  ce 0.40836  kd 0.15157  train_acc 82.306  val_acc 83.90  (23.2s)
epoch 17/100  lr 4.69e-05  loss 0.27755  ce 0.39867  kd 0.15643  train_acc 85.769  val_acc 87.32  (23.3s)
epoch 18/100  lr 4.66e-05  loss 0.28393  ce 0.41846  kd 0.14940  train_acc 85.156  val_acc 89.41  (23.0s)
epoch 19/100  lr 4.61e-05  loss 0.27995  ce 0.41277  kd 0.14713  train_acc 83.340  val_acc 88.99  (23.6s)
epoch 20/100  lr 4.57e-05  loss 0.27725  ce 0.40550  kd 0.14900  train_acc 83.552  val_acc 87.66  (25.0s)
epoch 21/100  lr 4.53e-05  loss 0.27617  ce 0.40016  kd 0.15219  train_acc 83.784  val_acc 87.16  (24.3s)
epoch 22/100  lr 4.48e-05  loss 0.27942  ce 0.40805  kd 0.15079  train_acc 85.008  val_acc 87.49  (23.6s)
epoch 23/100  lr 4.43e-05  loss 0.27787  ce 0.41187  kd 0.14386  train_acc 84.333  val_acc 89.49  (23.0s)
epoch 24/100  lr 4.38e-05  loss 0.28230  ce 0.40367  kd 0.16094  train_acc 84.269  val_acc 88.49  (22.8s)
epoch 25/100  lr 4.33e-05  loss 0.27835  ce 0.40167  kd 0.15503  train_acc 84.734  val_acc 88.91  (23.2s)
epoch 26/100  lr 4.28e-05  loss 0.26641  ce 0.39175  kd 0.14107  train_acc 83.678  val_acc 88.32  (23.3s)
epoch 27/100  lr 4.22e-05  loss 0.27939  ce 0.41330  kd 0.14548  train_acc 85.600  val_acc 87.57  (23.8s)
epoch 28/100  lr 4.16e-05  loss 0.27686  ce 0.40354  kd 0.15019  train_acc 84.903  val_acc 87.74  (23.4s)
epoch 29/100  lr 4.1e-05  loss 0.27385  ce 0.39988  kd 0.14782  train_acc 82.264  val_acc 90.08  (22.9s)
epoch 30/100  lr 4.04e-05  loss 0.26816  ce 0.38879  kd 0.14754  train_acc 85.747  val_acc 88.99  (22.5s)
epoch 31/100  lr 3.98e-05  loss 0.26966  ce 0.39293  kd 0.14639  train_acc 84.037  val_acc 90.08  (22.1s)
epoch 32/100  lr 3.92e-05  loss 0.26537  ce 0.38796  kd 0.14278  train_acc 82.285  val_acc 88.24  (22.1s)
epoch 33/100  lr 3.85e-05  loss 0.27263  ce 0.39576  kd 0.14950  train_acc 85.684  val_acc 90.08  (22.0s)
epoch 34/100  lr 3.78e-05  loss 0.26871  ce 0.38709  kd 0.15033  train_acc 88.197  val_acc 90.41  (23.1s)
epoch 35/100  lr 3.72e-05  loss 0.26369  ce 0.38737  kd 0.14001  train_acc 86.085  val_acc 89.24  (22.6s)
epoch 36/100  lr 3.65e-05  loss 0.26046  ce 0.37861  kd 0.14231  train_acc 82.369  val_acc 90.33  (23.5s)
epoch 37/100  lr 3.58e-05  loss 0.27690  ce 0.40262  kd 0.15118  train_acc 82.707  val_acc 89.99  (21.9s)
epoch 38/100  lr 3.51e-05  loss 0.26533  ce 0.38643  kd 0.14424  train_acc 86.698  val_acc 89.74  (21.9s)
epoch 39/100  lr 3.44e-05  loss 0.27162  ce 0.39853  kd 0.14471  train_acc 87.986  val_acc 89.49  (21.6s)
epoch 40/100  lr 3.36e-05  loss 0.27662  ce 0.40321  kd 0.15004  train_acc 84.692  val_acc 90.58  (22.4s)
epoch 41/100  lr 3.29e-05  loss 0.27499  ce 0.39737  kd 0.15261  train_acc 85.262  val_acc 89.24  (23.1s)
epoch 42/100  lr 3.22e-05  loss 0.27327  ce 0.40404  kd 0.14251  train_acc 86.634  val_acc 89.49  (23.6s)
epoch 43/100  lr 3.14e-05  loss 0.26925  ce 0.39374  kd 0.14477  train_acc 84.248  val_acc 88.66  (22.9s)
epoch 44/100  lr 3.06e-05  loss 0.27369  ce 0.40358  kd 0.14379  train_acc 85.536  val_acc 89.24  (22.9s)
epoch 45/100  lr 2.99e-05  loss 0.26332  ce 0.39205  kd 0.13460  train_acc 82.770  val_acc 90.74  (21.7s)
epoch 46/100  lr 2.91e-05  loss 0.27629  ce 0.40423  kd 0.14835  train_acc 81.524  val_acc 90.16  (21.7s)
epoch 47/100  lr 2.84e-05  loss 0.26881  ce 0.39619  kd 0.14144  train_acc 85.621  val_acc 91.16  (21.7s)
epoch 48/100  lr 2.76e-05  loss 0.27226  ce 0.40044  kd 0.14408  train_acc 83.193  val_acc 90.83  (21.5s)
epoch 49/100  lr 2.68e-05  loss 0.27008  ce 0.39587  kd 0.14429  train_acc 84.164  val_acc 90.08  (21.5s)
epoch 50/100  lr 2.6e-05  loss 0.26816  ce 0.39308  kd 0.14324  train_acc 84.122  val_acc 90.91  (22.4s)
epoch 51/100  lr 2.53e-05  loss 0.27860  ce 0.40977  kd 0.14743  train_acc 86.170  val_acc 89.66  (22.1s)
epoch 52/100  lr 2.45e-05  loss 0.26847  ce 0.39353  kd 0.14341  train_acc 87.796  val_acc 89.99  (23.2s)
epoch 53/100  lr 2.37e-05  loss 0.27393  ce 0.40742  kd 0.14044  train_acc 81.546  val_acc 90.83  (21.7s)
epoch 54/100  lr 2.29e-05  loss 0.27412  ce 0.40067  kd 0.14757  train_acc 84.502  val_acc 90.58  (23.0s)
epoch 55/100  lr 2.21e-05  loss 0.26468  ce 0.38576  kd 0.14360  train_acc 84.734  val_acc 91.24  (23.9s)
epoch 56/100  lr 2.14e-05  loss 0.26972  ce 0.39381  kd 0.14563  train_acc 83.974  val_acc 91.74  (22.6s)
epoch 57/100  lr 2.06e-05  loss 0.26833  ce 0.39516  kd 0.14150  train_acc 86.465  val_acc 91.83  (22.0s)
epoch 58/100  lr 1.99e-05  loss 0.27346  ce 0.39980  kd 0.14711  train_acc 87.859  val_acc 91.74  (22.7s)
epoch 59/100  lr 1.91e-05  loss 0.26804  ce 0.39197  kd 0.14410  train_acc 84.818  val_acc 90.83  (21.5s)
epoch 60/100  lr 1.83e-05  loss 0.26152  ce 0.37986  kd 0.14319  train_acc 87.289  val_acc 90.99  (22.4s)
epoch 61/100  lr 1.76e-05  loss 0.26763  ce 0.38827  kd 0.14698  train_acc 85.241  val_acc 91.74  (21.9s)
epoch 62/100  lr 1.69e-05  loss 0.26748  ce 0.38755  kd 0.14741  train_acc 80.933  val_acc 91.58  (22.9s)
epoch 63/100  lr 1.61e-05  loss 0.25937  ce 0.37911  kd 0.13962  train_acc 86.254  val_acc 92.58  (22.1s)
epoch 64/100  lr 1.54e-05  loss 0.26902  ce 0.39219  kd 0.14585  train_acc 81.820  val_acc 91.33  (26.1s)
epoch 65/100  lr 1.47e-05  loss 0.25784  ce 0.37347  kd 0.14222  train_acc 82.834  val_acc 91.41  (24.1s)
epoch 66/100  lr 1.4e-05  loss 0.27070  ce 0.39464  kd 0.14676  train_acc 80.427  val_acc 91.58  (24.6s)
epoch 67/100  lr 1.33e-05  loss 0.25576  ce 0.37767  kd 0.13386  train_acc 84.818  val_acc 91.33  (24.8s)
epoch 68/100  lr 1.27e-05  loss 0.26152  ce 0.37247  kd 0.15056  train_acc 83.509  val_acc 91.58  (23.4s)
epoch 69/100  lr 1.2e-05  loss 0.25674  ce 0.37392  kd 0.13955  train_acc 85.959  val_acc 91.83  (24.6s)
epoch 70/100  lr 1.13e-05  loss 0.26679  ce 0.38560  kd 0.14798  train_acc 84.164  val_acc 91.24  (23.6s)
epoch 71/100  lr 1.07e-05  loss 0.26505  ce 0.38807  kd 0.14203  train_acc 86.698  val_acc 91.99  (23.0s)
epoch 72/100  lr 1.01e-05  loss 0.25495  ce 0.37021  kd 0.13969  train_acc 81.503  val_acc 91.49  (22.3s)
epoch 73/100  lr 9.47e-06  loss 0.26706  ce 0.38680  kd 0.14731  train_acc 84.333  val_acc 91.91  (22.4s)
epoch 74/100  lr 8.88e-06  loss 0.28119  ce 0.41223  kd 0.15014  train_acc 84.037  val_acc 91.66  (23.1s)
epoch 75/100  lr 8.31e-06  loss 0.26918  ce 0.39706  kd 0.14130  train_acc 83.024  val_acc 91.66  (25.0s)
epoch 76/100  lr 7.75e-06  loss 0.27570  ce 0.40992  kd 0.14149  train_acc 83.024  val_acc 91.41  (25.0s)
epoch 77/100  lr 7.21e-06  loss 0.27023  ce 0.39154  kd 0.14892  train_acc 84.734  val_acc 91.74  (23.7s)
epoch 78/100  lr 6.68e-06  loss 0.27509  ce 0.40757  kd 0.14261  train_acc 83.552  val_acc 91.49  (22.9s)
epoch 79/100  lr 6.18e-06  loss 0.27493  ce 0.40069  kd 0.14916  train_acc 85.051  val_acc 91.49  (22.9s)
epoch 80/100  lr 5.69e-06  loss 0.24869  ce 0.36051  kd 0.13688  train_acc 84.269  val_acc 90.66  (23.3s)
epoch 81/100  lr 5.23e-06  loss 0.27228  ce 0.39819  kd 0.14637  train_acc 81.883  val_acc 91.33  (24.3s)
epoch 82/100  lr 4.78e-06  loss 0.27623  ce 0.41176  kd 0.14070  train_acc 84.586  val_acc 91.49  (26.6s)
epoch 83/100  lr 4.35e-06  loss 0.28297  ce 0.41372  kd 0.15223  train_acc 82.264  val_acc 91.58  (28.6s)
epoch 84/100  lr 3.95e-06  loss 0.27174  ce 0.39519  kd 0.14830  train_acc 88.239  val_acc 91.41  (24.6s)
epoch 85/100  lr 3.56e-06  loss 0.27001  ce 0.39783  kd 0.14219  train_acc 83.171  val_acc 91.41  (22.9s)
epoch 86/100  lr 3.2e-06  loss 0.26801  ce 0.39371  kd 0.14230  train_acc 82.939  val_acc 91.66  (23.2s)
epoch 87/100  lr 2.86e-06  loss 0.26462  ce 0.38695  kd 0.14229  train_acc 86.888  val_acc 91.58  (24.2s)
epoch 88/100  lr 2.54e-06  loss 0.26972  ce 0.40538  kd 0.13407  train_acc 85.494  val_acc 91.58  (24.5s)
epoch 89/100  lr 2.24e-06  loss 0.26099  ce 0.38099  kd 0.14098  train_acc 83.805  val_acc 91.66  (23.9s)
epoch 90/100  lr 1.96e-06  loss 0.26635  ce 0.39246  kd 0.14024  train_acc 88.809  val_acc 91.49  (23.1s)
epoch 91/100  lr 1.71e-06  loss 0.24543  ce 0.35938  kd 0.13148  train_acc 80.532  val_acc 91.41  (23.7s)
epoch 92/100  lr 1.48e-06  loss 0.26347  ce 0.38939  kd 0.13754  train_acc 85.895  val_acc 91.33  (23.4s)
epoch 93/100  lr 1.28e-06  loss 0.26991  ce 0.40278  kd 0.13704  train_acc 84.818  val_acc 91.08  (23.1s)
epoch 94/100  lr 1.1e-06  loss 0.27101  ce 0.39839  kd 0.14363  train_acc 80.068  val_acc 90.91  (23.4s)
epoch 95/100  lr 9.38e-07  loss 0.26988  ce 0.39646  kd 0.14330  train_acc 82.496  val_acc 91.33  (22.6s)
epoch 96/100  lr 8.05e-07  loss 0.26688  ce 0.38516  kd 0.14861  train_acc 83.467  val_acc 91.33  (23.0s)
epoch 97/100  lr 6.95e-07  loss 0.26704  ce 0.39161  kd 0.14246  train_acc 83.953  val_acc 91.33  (23.0s)
epoch 98/100  lr 6.1e-07  loss 0.25103  ce 0.36502  kd 0.13703  train_acc 86.170  val_acc 91.33  (23.6s)
epoch 99/100  lr 5.49e-07  loss 0.27154  ce 0.39753  kd 0.14554  train_acc 85.198  val_acc 91.24  (24.7s)
epoch 100/100  lr 5.12e-07  loss 0.26180  ce 0.38122  kd 0.14238  train_acc 85.262  val_acc 91.33  (22.8s)
done. final val acc 91.33  best 92.58 @ epoch 63
