
===== 2026-10-04 09:06:56 pid=308351 /home/coder/aim-lab-stage3/stage0/train.py --mode maskedkd --mask-criterion rollout --keep 0.15 --dataset waterbirds --seed 0 --lr 5e-05
run dir: /home/coder/stage0/outputs/waterbirds/rollout_k0.15/seed0
state: new  device: cuda  micro_batch: 128  accum: 1  num_workers: 3
train 4795  val 1199  steps/epoch 37
teacher: /home/coder/stage0/outputs/waterbirds/teacher/seed0/best.pt (epoch 21, val acc 93.99)
epoch 1/100  lr 1e-06  loss 0.64955  ce 0.75060  kd 0.54849  train_acc 48.311  val_acc 53.71  (33.7s)
epoch 2/100  lr 1.08e-05  loss 0.43802  ce 0.56080  kd 0.31523  train_acc 75.697  val_acc 73.89  (26.9s)
epoch 3/100  lr 2.06e-05  loss 0.33433  ce 0.45610  kd 0.21256  train_acc 84.227  val_acc 67.81  (28.1s)
epoch 4/100  lr 3.04e-05  loss 0.31948  ce 0.44822  kd 0.19073  train_acc 84.544  val_acc 66.72  (28.0s)
epoch 5/100  lr 4.02e-05  loss 0.30764  ce 0.43174  kd 0.18354  train_acc 84.227  val_acc 73.73  (27.7s)
epoch 6/100  lr 4.97e-05  loss 0.29580  ce 0.41767  kd 0.17394  train_acc 84.924  val_acc 77.06  (27.6s)
epoch 7/100  lr 4.96e-05  loss 0.29230  ce 0.41700  kd 0.16760  train_acc 83.742  val_acc 78.65  (28.2s)
epoch 8/100  lr 4.94e-05  loss 0.29293  ce 0.42063  kd 0.16523  train_acc 83.108  val_acc 80.90  (27.5s)
epoch 9/100  lr 4.92e-05  loss 0.29295  ce 0.42162  kd 0.16428  train_acc 84.882  val_acc 82.32  (28.4s)
epoch 10/100  lr 4.9e-05  loss 0.28783  ce 0.41652  kd 0.15914  train_acc 84.396  val_acc 83.74  (28.7s)
epoch 11/100  lr 4.88e-05  loss 0.28394  ce 0.40973  kd 0.15816  train_acc 83.003  val_acc 84.90  (28.1s)
epoch 12/100  lr 4.85e-05  loss 0.28071  ce 0.40815  kd 0.15326  train_acc 87.648  val_acc 85.49  (27.0s)
epoch 13/100  lr 4.83e-05  loss 0.29001  ce 0.41779  kd 0.16224  train_acc 84.164  val_acc 86.16  (27.0s)
epoch 14/100  lr 4.8e-05  loss 0.27777  ce 0.41039  kd 0.14514  train_acc 86.128  val_acc 87.41  (26.6s)
epoch 15/100  lr 4.76e-05  loss 0.28300  ce 0.40769  kd 0.15830  train_acc 85.769  val_acc 86.16  (26.6s)
epoch 16/100  lr 4.73e-05  loss 0.26848  ce 0.39000  kd 0.14696  train_acc 87.141  val_acc 85.99  (27.1s)
epoch 17/100  lr 4.69e-05  loss 0.27715  ce 0.40813  kd 0.14618  train_acc 85.853  val_acc 87.49  (26.8s)
epoch 18/100  lr 4.66e-05  loss 0.28079  ce 0.40621  kd 0.15536  train_acc 86.318  val_acc 87.07  (27.5s)
epoch 19/100  lr 4.61e-05  loss 0.27738  ce 0.40742  kd 0.14733  train_acc 83.552  val_acc 88.49  (27.4s)
epoch 20/100  lr 4.57e-05  loss 0.27761  ce 0.40858  kd 0.14665  train_acc 86.064  val_acc 87.91  (27.4s)
epoch 21/100  lr 4.53e-05  loss 0.28202  ce 0.41404  kd 0.14999  train_acc 87.099  val_acc 88.82  (27.1s)
epoch 22/100  lr 4.48e-05  loss 0.27005  ce 0.39685  kd 0.14325  train_acc 85.874  val_acc 88.41  (26.9s)
epoch 23/100  lr 4.43e-05  loss 0.28489  ce 0.42454  kd 0.14524  train_acc 81.841  val_acc 88.57  (27.3s)
epoch 24/100  lr 4.38e-05  loss 0.26823  ce 0.39220  kd 0.14426  train_acc 82.475  val_acc 89.82  (26.8s)
epoch 25/100  lr 4.33e-05  loss 0.27502  ce 0.40143  kd 0.14861  train_acc 86.951  val_acc 87.74  (26.2s)
epoch 26/100  lr 4.28e-05  loss 0.27205  ce 0.40598  kd 0.13813  train_acc 86.402  val_acc 87.07  (27.3s)
epoch 27/100  lr 4.22e-05  loss 0.27452  ce 0.40518  kd 0.14386  train_acc 85.030  val_acc 88.24  (27.0s)
epoch 28/100  lr 4.16e-05  loss 0.27117  ce 0.40974  kd 0.13259  train_acc 84.924  val_acc 89.07  (27.0s)
epoch 29/100  lr 4.1e-05  loss 0.28096  ce 0.41033  kd 0.15160  train_acc 83.742  val_acc 88.16  (27.0s)
epoch 30/100  lr 4.04e-05  loss 0.28473  ce 0.41994  kd 0.14953  train_acc 83.699  val_acc 90.66  (27.0s)
epoch 31/100  lr 3.98e-05  loss 0.26608  ce 0.39386  kd 0.13831  train_acc 79.941  val_acc 90.33  (27.6s)
epoch 32/100  lr 3.92e-05  loss 0.26364  ce 0.39356  kd 0.13373  train_acc 83.573  val_acc 88.91  (27.6s)
epoch 33/100  lr 3.85e-05  loss 0.26211  ce 0.38783  kd 0.13639  train_acc 84.713  val_acc 86.74  (27.1s)
epoch 34/100  lr 3.78e-05  loss 0.27392  ce 0.40407  kd 0.14376  train_acc 78.674  val_acc 86.49  (27.5s)
epoch 35/100  lr 3.72e-05  loss 0.27546  ce 0.40870  kd 0.14222  train_acc 83.594  val_acc 88.82  (26.8s)
epoch 36/100  lr 3.65e-05  loss 0.27051  ce 0.40221  kd 0.13880  train_acc 87.289  val_acc 89.41  (27.9s)
epoch 37/100  lr 3.58e-05  loss 0.27562  ce 0.40353  kd 0.14771  train_acc 84.354  val_acc 89.16  (28.0s)
epoch 38/100  lr 3.51e-05  loss 0.26934  ce 0.39676  kd 0.14193  train_acc 83.699  val_acc 89.49  (28.0s)
epoch 39/100  lr 3.44e-05  loss 0.27501  ce 0.40455  kd 0.14547  train_acc 86.339  val_acc 89.91  (27.9s)
epoch 40/100  lr 3.36e-05  loss 0.27016  ce 0.40309  kd 0.13724  train_acc 84.269  val_acc 89.07  (27.5s)
epoch 41/100  lr 3.29e-05  loss 0.27863  ce 0.41188  kd 0.14539  train_acc 85.262  val_acc 89.41  (27.7s)
epoch 42/100  lr 3.22e-05  loss 0.27248  ce 0.40005  kd 0.14491  train_acc 84.037  val_acc 89.66  (27.4s)
epoch 43/100  lr 3.14e-05  loss 0.26360  ce 0.38767  kd 0.13954  train_acc 84.312  val_acc 89.66  (27.5s)
epoch 44/100  lr 3.06e-05  loss 0.26965  ce 0.40361  kd 0.13569  train_acc 83.425  val_acc 90.16  (28.1s)
epoch 45/100  lr 2.99e-05  loss 0.26952  ce 0.39241  kd 0.14663  train_acc 85.473  val_acc 90.58  (27.2s)
epoch 46/100  lr 2.91e-05  loss 0.27263  ce 0.41194  kd 0.13333  train_acc 84.924  val_acc 90.24  (27.0s)
epoch 47/100  lr 2.84e-05  loss 0.27477  ce 0.41542  kd 0.13412  train_acc 83.404  val_acc 89.82  (27.2s)
epoch 48/100  lr 2.76e-05  loss 0.26165  ce 0.38979  kd 0.13352  train_acc 86.592  val_acc 89.49  (26.8s)
epoch 49/100  lr 2.68e-05  loss 0.26915  ce 0.40229  kd 0.13601  train_acc 86.613  val_acc 90.58  (26.7s)
epoch 50/100  lr 2.6e-05  loss 0.25731  ce 0.38226  kd 0.13237  train_acc 85.557  val_acc 89.91  (27.8s)
epoch 51/100  lr 2.53e-05  loss 0.25454  ce 0.38041  kd 0.12867  train_acc 86.824  val_acc 89.41  (28.5s)
epoch 52/100  lr 2.45e-05  loss 0.27288  ce 0.41067  kd 0.13510  train_acc 82.749  val_acc 89.41  (28.2s)
epoch 53/100  lr 2.37e-05  loss 0.27419  ce 0.41197  kd 0.13642  train_acc 81.356  val_acc 90.91  (28.2s)
epoch 54/100  lr 2.29e-05  loss 0.27331  ce 0.40286  kd 0.14376  train_acc 82.580  val_acc 89.74  (28.4s)
epoch 55/100  lr 2.21e-05  loss 0.27023  ce 0.40741  kd 0.13305  train_acc 83.594  val_acc 89.57  (27.7s)
epoch 56/100  lr 2.14e-05  loss 0.26297  ce 0.39049  kd 0.13545  train_acc 84.143  val_acc 90.41  (27.3s)
epoch 57/100  lr 2.06e-05  loss 0.26868  ce 0.39773  kd 0.13964  train_acc 86.360  val_acc 90.16  (27.2s)
epoch 58/100  lr 1.99e-05  loss 0.25758  ce 0.38074  kd 0.13443  train_acc 83.699  val_acc 90.58  (28.0s)
epoch 59/100  lr 1.91e-05  loss 0.27003  ce 0.39938  kd 0.14068  train_acc 84.248  val_acc 89.82  (27.0s)
epoch 60/100  lr 1.83e-05  loss 0.27331  ce 0.40866  kd 0.13795  train_acc 85.156  val_acc 90.33  (27.2s)
epoch 61/100  lr 1.76e-05  loss 0.26792  ce 0.39818  kd 0.13766  train_acc 88.155  val_acc 90.16  (27.5s)
epoch 62/100  lr 1.69e-05  loss 0.26348  ce 0.39588  kd 0.13109  train_acc 83.974  val_acc 90.66  (27.5s)
epoch 63/100  lr 1.61e-05  loss 0.26900  ce 0.40559  kd 0.13241  train_acc 84.755  val_acc 90.24  (27.1s)
epoch 64/100  lr 1.54e-05  loss 0.26159  ce 0.38862  kd 0.13456  train_acc 85.600  val_acc 91.16  (27.4s)
epoch 65/100  lr 1.47e-05  loss 0.24501  ce 0.36321  kd 0.12680  train_acc 83.636  val_acc 90.66  (28.1s)
epoch 66/100  lr 1.4e-05  loss 0.27024  ce 0.40000  kd 0.14048  train_acc 85.747  val_acc 90.41  (27.6s)
epoch 67/100  lr 1.33e-05  loss 0.26834  ce 0.39596  kd 0.14072  train_acc 87.458  val_acc 90.49  (28.0s)
epoch 68/100  lr 1.27e-05  loss 0.26813  ce 0.40260  kd 0.13367  train_acc 85.536  val_acc 90.83  (27.3s)
epoch 69/100  lr 1.2e-05  loss 0.26096  ce 0.38907  kd 0.13285  train_acc 82.517  val_acc 90.74  (27.8s)
epoch 70/100  lr 1.13e-05  loss 0.26668  ce 0.39851  kd 0.13485  train_acc 83.340  val_acc 90.74  (27.7s)
epoch 71/100  lr 1.07e-05  loss 0.26899  ce 0.40057  kd 0.13741  train_acc 83.467  val_acc 90.66  (27.7s)
epoch 72/100  lr 1.01e-05  loss 0.25838  ce 0.39178  kd 0.12499  train_acc 84.016  val_acc 90.24  (27.8s)
epoch 73/100  lr 9.47e-06  loss 0.26152  ce 0.39015  kd 0.13288  train_acc 84.481  val_acc 89.99  (27.2s)
epoch 74/100  lr 8.88e-06  loss 0.25853  ce 0.38567  kd 0.13138  train_acc 84.396  val_acc 91.16  (27.2s)
epoch 75/100  lr 8.31e-06  loss 0.25928  ce 0.38930  kd 0.12926  train_acc 82.390  val_acc 91.08  (27.7s)
epoch 76/100  lr 7.75e-06  loss 0.25993  ce 0.38931  kd 0.13054  train_acc 87.817  val_acc 90.49  (26.7s)
epoch 77/100  lr 7.21e-06  loss 0.25281  ce 0.37744  kd 0.12818  train_acc 85.642  val_acc 90.08  (27.6s)
epoch 78/100  lr 6.68e-06  loss 0.25509  ce 0.37694  kd 0.13324  train_acc 87.922  val_acc 90.83  (27.0s)
epoch 79/100  lr 6.18e-06  loss 0.26498  ce 0.39608  kd 0.13387  train_acc 82.538  val_acc 90.33  (27.8s)
epoch 80/100  lr 5.69e-06  loss 0.26641  ce 0.40017  kd 0.13264  train_acc 86.191  val_acc 90.41  (26.9s)
epoch 81/100  lr 5.23e-06  loss 0.26075  ce 0.38536  kd 0.13614  train_acc 87.014  val_acc 90.24  (26.9s)
epoch 82/100  lr 4.78e-06  loss 0.26281  ce 0.38834  kd 0.13727  train_acc 85.747  val_acc 90.49  (26.9s)
epoch 83/100  lr 4.35e-06  loss 0.26471  ce 0.39155  kd 0.13788  train_acc 82.559  val_acc 90.99  (27.1s)
epoch 84/100  lr 3.95e-06  loss 0.25426  ce 0.37889  kd 0.12963  train_acc 85.684  val_acc 90.91  (26.7s)
epoch 85/100  lr 3.56e-06  loss 0.26467  ce 0.39550  kd 0.13384  train_acc 82.580  val_acc 90.49  (26.4s)
epoch 86/100  lr 3.2e-06  loss 0.26342  ce 0.39835  kd 0.12849  train_acc 82.855  val_acc 90.91  (28.1s)
epoch 87/100  lr 2.86e-06  loss 0.26914  ce 0.39943  kd 0.13884  train_acc 85.621  val_acc 90.74  (27.4s)
epoch 88/100  lr 2.54e-06  loss 0.27781  ce 0.41783  kd 0.13780  train_acc 83.530  val_acc 90.83  (27.6s)
epoch 89/100  lr 2.24e-06  loss 0.27240  ce 0.40174  kd 0.14305  train_acc 85.135  val_acc 90.83  (28.0s)
epoch 90/100  lr 1.96e-06  loss 0.25838  ce 0.37916  kd 0.13761  train_acc 83.678  val_acc 90.83  (27.1s)
epoch 91/100  lr 1.71e-06  loss 0.25834  ce 0.38545  kd 0.13123  train_acc 83.425  val_acc 90.74  (27.4s)
epoch 92/100  lr 1.48e-06  loss 0.26516  ce 0.39331  kd 0.13700  train_acc 83.995  val_acc 90.83  (27.2s)
epoch 93/100  lr 1.28e-06  loss 0.26554  ce 0.39513  kd 0.13594  train_acc 86.888  val_acc 90.66  (27.2s)
epoch 94/100  lr 1.1e-06  loss 0.25483  ce 0.37733  kd 0.13233  train_acc 86.803  val_acc 90.74  (28.0s)
epoch 95/100  lr 9.38e-07  loss 0.26295  ce 0.39286  kd 0.13304  train_acc 84.143  val_acc 90.74  (28.1s)
epoch 96/100  lr 8.05e-07  loss 0.26920  ce 0.40546  kd 0.13294  train_acc 85.156  val_acc 90.83  (28.9s)
epoch 97/100  lr 6.95e-07  loss 0.26187  ce 0.38949  kd 0.13425  train_acc 84.396  val_acc 90.91  (26.8s)
epoch 98/100  lr 6.1e-07  loss 0.25748  ce 0.38420  kd 0.13076  train_acc 86.845  val_acc 90.91  (27.2s)
epoch 99/100  lr 5.49e-07  loss 0.26764  ce 0.40166  kd 0.13363  train_acc 85.832  val_acc 90.99  (26.4s)
epoch 100/100  lr 5.12e-07  loss 0.26018  ce 0.38626  kd 0.13410  train_acc 86.951  val_acc 90.99  (25.5s)
done. final val acc 90.99  best 91.16 @ epoch 64
