
===== 2026-10-04 13:27:10 pid=401594 /home/coder/aim-lab-stage3/stage0/train.py --mode maskedkd --mask-criterion tam --keep 0.3 --dataset waterbirds --seed 2 --lr 5e-05
run dir: /home/coder/stage0/outputs/waterbirds/tam_k0.3/seed2
state: new  device: cuda  micro_batch: 128  accum: 1  num_workers: 3
train 4795  val 1199  steps/epoch 37
teacher: /home/coder/stage0/outputs/waterbirds/teacher/seed0/best.pt (epoch 21, val acc 93.99)
TAM: kind attn_last, gap [0.1, 0.5], budget fixed, k per bucket (59, 59, 59), teacher GFLOPs {59: 5.2780416}
epoch 1/100  lr 1e-06  loss 0.56625  ce 0.63087  kd 0.50163  train_acc 66.448  val_acc 67.31  (31.3s)
epoch 2/100  lr 1.08e-05  loss 0.42805  ce 0.52813  kd 0.32796  train_acc 77.998  val_acc 71.64  (29.4s)
epoch 3/100  lr 2.06e-05  loss 0.34478  ce 0.46548  kd 0.22408  train_acc 80.807  val_acc 66.06  (30.0s)
epoch 4/100  lr 3.04e-05  loss 0.29929  ce 0.41805  kd 0.18052  train_acc 86.381  val_acc 74.73  (29.2s)
epoch 5/100  lr 4.02e-05  loss 0.29676  ce 0.42305  kd 0.17047  train_acc 83.657  val_acc 77.23  (28.1s)
epoch 6/100  lr 4.97e-05  loss 0.29356  ce 0.43065  kd 0.15648  train_acc 81.947  val_acc 80.40  (28.8s)
epoch 7/100  lr 4.96e-05  loss 0.27796  ce 0.40727  kd 0.14865  train_acc 83.003  val_acc 81.73  (28.4s)
epoch 8/100  lr 4.94e-05  loss 0.27450  ce 0.40271  kd 0.14629  train_acc 84.776  val_acc 83.49  (27.6s)
epoch 9/100  lr 4.92e-05  loss 0.28316  ce 0.40973  kd 0.15660  train_acc 82.559  val_acc 82.15  (27.6s)
epoch 10/100  lr 4.9e-05  loss 0.29060  ce 0.42800  kd 0.15320  train_acc 85.114  val_acc 86.49  (27.0s)
epoch 11/100  lr 4.88e-05  loss 0.27376  ce 0.40704  kd 0.14048  train_acc 82.158  val_acc 87.66  (28.0s)
epoch 12/100  lr 4.85e-05  loss 0.27837  ce 0.41427  kd 0.14248  train_acc 83.193  val_acc 85.82  (27.2s)
epoch 13/100  lr 4.83e-05  loss 0.28468  ce 0.42139  kd 0.14796  train_acc 84.058  val_acc 87.49  (27.0s)
epoch 14/100  lr 4.8e-05  loss 0.26518  ce 0.40089  kd 0.12947  train_acc 86.909  val_acc 85.07  (26.9s)
epoch 15/100  lr 4.76e-05  loss 0.27539  ce 0.40940  kd 0.14138  train_acc 84.248  val_acc 86.16  (26.8s)
epoch 16/100  lr 4.73e-05  loss 0.27247  ce 0.40716  kd 0.13779  train_acc 82.137  val_acc 85.90  (26.6s)
epoch 17/100  lr 4.69e-05  loss 0.26263  ce 0.39869  kd 0.12656  train_acc 85.790  val_acc 86.57  (26.7s)
epoch 18/100  lr 4.66e-05  loss 0.28458  ce 0.42271  kd 0.14645  train_acc 85.536  val_acc 85.40  (26.3s)
epoch 19/100  lr 4.61e-05  loss 0.27616  ce 0.41481  kd 0.13752  train_acc 83.742  val_acc 88.74  (25.9s)
epoch 20/100  lr 4.57e-05  loss 0.26942  ce 0.40587  kd 0.13296  train_acc 83.720  val_acc 88.41  (26.5s)
epoch 21/100  lr 4.53e-05  loss 0.26795  ce 0.39868  kd 0.13722  train_acc 84.079  val_acc 85.49  (26.6s)
epoch 22/100  lr 4.48e-05  loss 0.27108  ce 0.40798  kd 0.13417  train_acc 85.579  val_acc 87.57  (26.9s)
epoch 23/100  lr 4.43e-05  loss 0.26944  ce 0.41125  kd 0.12763  train_acc 84.945  val_acc 88.74  (27.1s)
epoch 24/100  lr 4.38e-05  loss 0.26791  ce 0.40081  kd 0.13502  train_acc 85.135  val_acc 88.07  (26.5s)
epoch 25/100  lr 4.33e-05  loss 0.27003  ce 0.39988  kd 0.14018  train_acc 85.410  val_acc 89.99  (27.2s)
epoch 26/100  lr 4.28e-05  loss 0.25537  ce 0.39025  kd 0.12049  train_acc 84.333  val_acc 87.91  (26.6s)
epoch 27/100  lr 4.22e-05  loss 0.27327  ce 0.41241  kd 0.13414  train_acc 85.916  val_acc 88.74  (27.4s)
epoch 28/100  lr 4.16e-05  loss 0.27001  ce 0.40262  kd 0.13739  train_acc 85.579  val_acc 88.74  (27.7s)
epoch 29/100  lr 4.1e-05  loss 0.26332  ce 0.39899  kd 0.12766  train_acc 82.221  val_acc 89.82  (27.6s)
epoch 30/100  lr 4.04e-05  loss 0.25717  ce 0.38659  kd 0.12776  train_acc 86.296  val_acc 89.32  (27.6s)
epoch 31/100  lr 3.98e-05  loss 0.26008  ce 0.39047  kd 0.12969  train_acc 83.974  val_acc 88.91  (27.8s)
epoch 32/100  lr 3.92e-05  loss 0.25407  ce 0.38317  kd 0.12496  train_acc 82.707  val_acc 89.66  (27.5s)
epoch 33/100  lr 3.85e-05  loss 0.26021  ce 0.39371  kd 0.12671  train_acc 85.916  val_acc 90.24  (27.2s)
epoch 34/100  lr 3.78e-05  loss 0.25762  ce 0.38716  kd 0.12808  train_acc 89.020  val_acc 89.32  (26.7s)
epoch 35/100  lr 3.72e-05  loss 0.25328  ce 0.38457  kd 0.12200  train_acc 86.550  val_acc 87.99  (26.3s)
epoch 36/100  lr 3.65e-05  loss 0.24837  ce 0.37533  kd 0.12140  train_acc 82.073  val_acc 89.41  (27.0s)
epoch 37/100  lr 3.58e-05  loss 0.26726  ce 0.40171  kd 0.13282  train_acc 83.066  val_acc 90.74  (27.0s)
epoch 38/100  lr 3.51e-05  loss 0.25248  ce 0.38291  kd 0.12206  train_acc 87.057  val_acc 89.49  (27.0s)
epoch 39/100  lr 3.44e-05  loss 0.26433  ce 0.39997  kd 0.12870  train_acc 88.112  val_acc 88.99  (27.1s)
epoch 40/100  lr 3.36e-05  loss 0.26812  ce 0.40382  kd 0.13242  train_acc 84.671  val_acc 90.74  (27.8s)
epoch 41/100  lr 3.29e-05  loss 0.26135  ce 0.39589  kd 0.12680  train_acc 85.938  val_acc 89.66  (28.0s)
epoch 42/100  lr 3.22e-05  loss 0.26517  ce 0.40599  kd 0.12435  train_acc 86.951  val_acc 88.57  (28.0s)
epoch 43/100  lr 3.14e-05  loss 0.26060  ce 0.39291  kd 0.12828  train_acc 84.607  val_acc 89.74  (27.8s)
epoch 44/100  lr 3.06e-05  loss 0.26564  ce 0.40248  kd 0.12879  train_acc 86.128  val_acc 89.07  (27.2s)
epoch 45/100  lr 2.99e-05  loss 0.25493  ce 0.39044  kd 0.11943  train_acc 82.770  val_acc 90.58  (27.1s)
epoch 46/100  lr 2.91e-05  loss 0.26559  ce 0.40514  kd 0.12605  train_acc 81.524  val_acc 90.08  (26.9s)
epoch 47/100  lr 2.84e-05  loss 0.25866  ce 0.39489  kd 0.12242  train_acc 86.149  val_acc 90.91  (27.3s)
epoch 48/100  lr 2.76e-05  loss 0.26349  ce 0.39854  kd 0.12844  train_acc 83.826  val_acc 91.49  (26.9s)
epoch 49/100  lr 2.68e-05  loss 0.25995  ce 0.39288  kd 0.12702  train_acc 84.586  val_acc 89.74  (27.4s)
epoch 50/100  lr 2.6e-05  loss 0.25592  ce 0.39110  kd 0.12074  train_acc 84.649  val_acc 90.08  (27.5s)
epoch 51/100  lr 2.53e-05  loss 0.26785  ce 0.40669  kd 0.12902  train_acc 86.318  val_acc 89.41  (25.4s)
epoch 52/100  lr 2.45e-05  loss 0.25929  ce 0.39289  kd 0.12568  train_acc 88.112  val_acc 89.49  (26.8s)
epoch 53/100  lr 2.37e-05  loss 0.26749  ce 0.40521  kd 0.12976  train_acc 81.672  val_acc 90.49  (26.6s)
epoch 54/100  lr 2.29e-05  loss 0.26501  ce 0.39966  kd 0.13035  train_acc 84.882  val_acc 90.08  (26.4s)
epoch 55/100  lr 2.21e-05  loss 0.25320  ce 0.38207  kd 0.12434  train_acc 84.987  val_acc 89.82  (27.0s)
epoch 56/100  lr 2.14e-05  loss 0.25545  ce 0.39225  kd 0.11865  train_acc 83.889  val_acc 90.41  (26.8s)
epoch 57/100  lr 2.06e-05  loss 0.25898  ce 0.39369  kd 0.12427  train_acc 86.719  val_acc 91.08  (26.7s)
epoch 58/100  lr 1.99e-05  loss 0.25856  ce 0.39795  kd 0.11916  train_acc 88.323  val_acc 90.24  (27.9s)
epoch 59/100  lr 1.91e-05  loss 0.25656  ce 0.38955  kd 0.12357  train_acc 84.840  val_acc 89.24  (26.9s)
epoch 60/100  lr 1.83e-05  loss 0.25005  ce 0.37678  kd 0.12333  train_acc 87.521  val_acc 88.99  (27.2s)
epoch 61/100  lr 1.76e-05  loss 0.25492  ce 0.38693  kd 0.12291  train_acc 85.220  val_acc 90.74  (27.0s)
epoch 62/100  lr 1.69e-05  loss 0.25443  ce 0.38535  kd 0.12351  train_acc 81.102  val_acc 90.24  (27.4s)
epoch 63/100  lr 1.61e-05  loss 0.24933  ce 0.37693  kd 0.12173  train_acc 86.993  val_acc 90.91  (27.4s)
epoch 64/100  lr 1.54e-05  loss 0.25795  ce 0.39016  kd 0.12575  train_acc 82.264  val_acc 90.74  (28.5s)
epoch 65/100  lr 1.47e-05  loss 0.24334  ce 0.36922  kd 0.11747  train_acc 83.087  val_acc 91.16  (28.0s)
epoch 66/100  lr 1.4e-05  loss 0.25905  ce 0.39109  kd 0.12702  train_acc 80.807  val_acc 90.16  (27.7s)
epoch 67/100  lr 1.33e-05  loss 0.24555  ce 0.37334  kd 0.11776  train_acc 85.156  val_acc 90.74  (28.0s)
epoch 68/100  lr 1.27e-05  loss 0.24505  ce 0.36856  kd 0.12155  train_acc 83.530  val_acc 90.49  (27.4s)
epoch 69/100  lr 1.2e-05  loss 0.24083  ce 0.36961  kd 0.11205  train_acc 86.170  val_acc 91.08  (28.0s)
epoch 70/100  lr 1.13e-05  loss 0.25032  ce 0.38037  kd 0.12027  train_acc 84.818  val_acc 90.41  (27.0s)
epoch 71/100  lr 1.07e-05  loss 0.25209  ce 0.38613  kd 0.11806  train_acc 87.437  val_acc 90.41  (27.4s)
epoch 72/100  lr 1.01e-05  loss 0.23934  ce 0.36526  kd 0.11342  train_acc 81.651  val_acc 90.33  (27.5s)
epoch 73/100  lr 9.47e-06  loss 0.25298  ce 0.38420  kd 0.12177  train_acc 84.438  val_acc 90.99  (26.6s)
epoch 74/100  lr 8.88e-06  loss 0.26961  ce 0.41145  kd 0.12777  train_acc 84.523  val_acc 90.83  (27.2s)
epoch 75/100  lr 8.31e-06  loss 0.25664  ce 0.39479  kd 0.11848  train_acc 82.981  val_acc 90.91  (27.0s)
epoch 76/100  lr 7.75e-06  loss 0.26671  ce 0.40873  kd 0.12468  train_acc 82.812  val_acc 91.16  (27.3s)
epoch 77/100  lr 7.21e-06  loss 0.25484  ce 0.38938  kd 0.12031  train_acc 85.220  val_acc 90.83  (27.4s)
epoch 78/100  lr 6.68e-06  loss 0.26670  ce 0.40638  kd 0.12702  train_acc 83.910  val_acc 91.16  (27.5s)
epoch 79/100  lr 6.18e-06  loss 0.26095  ce 0.39678  kd 0.12513  train_acc 85.579  val_acc 90.91  (28.0s)
epoch 80/100  lr 5.69e-06  loss 0.23319  ce 0.35660  kd 0.10979  train_acc 84.291  val_acc 90.49  (27.3s)
epoch 81/100  lr 5.23e-06  loss 0.25942  ce 0.39990  kd 0.11893  train_acc 81.715  val_acc 90.24  (27.4s)
epoch 82/100  lr 4.78e-06  loss 0.26815  ce 0.41116  kd 0.12514  train_acc 85.431  val_acc 90.83  (28.3s)
epoch 83/100  lr 4.35e-06  loss 0.27377  ce 0.41048  kd 0.13706  train_acc 83.319  val_acc 91.08  (27.3s)
epoch 84/100  lr 3.95e-06  loss 0.25829  ce 0.39266  kd 0.12392  train_acc 88.366  val_acc 91.24  (26.3s)
epoch 85/100  lr 3.56e-06  loss 0.26109  ce 0.39544  kd 0.12675  train_acc 83.784  val_acc 90.99  (27.0s)
epoch 86/100  lr 3.2e-06  loss 0.25651  ce 0.39133  kd 0.12169  train_acc 83.340  val_acc 90.91  (27.1s)
epoch 87/100  lr 2.86e-06  loss 0.25270  ce 0.38448  kd 0.12092  train_acc 87.584  val_acc 90.83  (27.3s)
epoch 88/100  lr 2.54e-06  loss 0.26165  ce 0.40483  kd 0.11847  train_acc 85.938  val_acc 90.99  (27.6s)
epoch 89/100  lr 2.24e-06  loss 0.24707  ce 0.37696  kd 0.11719  train_acc 84.164  val_acc 90.99  (27.1s)
epoch 90/100  lr 1.96e-06  loss 0.25615  ce 0.39011  kd 0.12219  train_acc 89.421  val_acc 90.83  (26.7s)
epoch 91/100  lr 1.71e-06  loss 0.23447  ce 0.35511  kd 0.11382  train_acc 80.363  val_acc 90.83  (27.0s)
epoch 92/100  lr 1.48e-06  loss 0.25159  ce 0.38644  kd 0.11675  train_acc 85.959  val_acc 90.91  (27.3s)
epoch 93/100  lr 1.28e-06  loss 0.26048  ce 0.40025  kd 0.12072  train_acc 85.093  val_acc 90.99  (27.5s)
epoch 94/100  lr 1.1e-06  loss 0.26059  ce 0.39704  kd 0.12414  train_acc 80.236  val_acc 90.91  (27.2s)
epoch 95/100  lr 9.38e-07  loss 0.25904  ce 0.39455  kd 0.12353  train_acc 82.285  val_acc 90.99  (27.2s)
epoch 96/100  lr 8.05e-07  loss 0.25110  ce 0.38434  kd 0.11787  train_acc 83.699  val_acc 90.99  (27.5s)
epoch 97/100  lr 6.95e-07  loss 0.25456  ce 0.38955  kd 0.11956  train_acc 84.544  val_acc 90.99  (27.3s)
epoch 98/100  lr 6.1e-07  loss 0.23560  ce 0.36099  kd 0.11021  train_acc 86.529  val_acc 90.99  (27.6s)
epoch 99/100  lr 5.49e-07  loss 0.26245  ce 0.39792  kd 0.12698  train_acc 85.389  val_acc 91.08  (27.2s)
epoch 100/100  lr 5.12e-07  loss 0.24691  ce 0.37669  kd 0.11713  train_acc 85.452  val_acc 91.08  (26.4s)
done. final val acc 91.08  best 91.49 @ epoch 48
