
===== 2026-10-04 02:05:22 pid=190190 /home/coder/aim-lab-stage12/stage0/train.py --mode maskedkd --mask-criterion maskedkd --keep 0.5 --dataset cub --seed 0 --lr 0.0001
run dir: /home/coder/stage0/outputs/cub/maskedkd_k0.5/seed0
state: new  device: cuda  micro_batch: 128  accum: 1  num_workers: 3
train 5394  val 600  steps/epoch 42
teacher: /home/coder/stage0/outputs/cub/teacher/seed0/best.pt (epoch 25, val acc 86.33)
epoch 1/100  lr 1e-06  loss 4.18888  ce 5.39492  kd 2.98284  train_acc 0.391  val_acc 0.50  (34.1s)
epoch 2/100  lr 2.08e-05  loss 4.21871  ce 5.33973  kd 3.09768  train_acc 0.725  val_acc 1.67  (32.2s)
epoch 3/100  lr 4.06e-05  loss 4.14699  ce 5.24990  kd 3.04408  train_acc 1.265  val_acc 4.00  (32.6s)
epoch 4/100  lr 6.04e-05  loss 3.92781  ce 5.09670  kd 2.75892  train_acc 3.757  val_acc 13.50  (32.2s)
epoch 5/100  lr 8.02e-05  loss 3.66243  ce 4.81564  kd 2.50923  train_acc 7.459  val_acc 22.83  (32.8s)
epoch 6/100  lr 9.94e-05  loss 3.41309  ce 4.57515  kd 2.25103  train_acc 10.863  val_acc 31.50  (31.9s)
epoch 7/100  lr 9.91e-05  loss 3.21254  ce 4.34110  kd 2.08398  train_acc 16.332  val_acc 41.00  (32.3s)
epoch 8/100  lr 9.88e-05  loss 3.05543  ce 4.28169  kd 1.82916  train_acc 16.425  val_acc 46.33  (32.9s)
epoch 9/100  lr 9.84e-05  loss 2.92825  ce 4.14941  kd 1.70709  train_acc 20.164  val_acc 50.83  (32.6s)
epoch 10/100  lr 9.8e-05  loss 2.81705  ce 4.02960  kd 1.60451  train_acc 22.879  val_acc 55.00  (32.7s)
epoch 11/100  lr 9.76e-05  loss 2.70231  ce 3.90690  kd 1.49772  train_acc 22.042  val_acc 56.33  (32.0s)
epoch 12/100  lr 9.71e-05  loss 2.65844  ce 3.94430  kd 1.37258  train_acc 26.804  val_acc 57.67  (32.4s)
epoch 13/100  lr 9.65e-05  loss 2.60367  ce 3.91565  kd 1.29169  train_acc 25.149  val_acc 59.83  (32.0s)
epoch 14/100  lr 9.59e-05  loss 2.52497  ce 3.77781  kd 1.27213  train_acc 28.925  val_acc 62.33  (32.6s)
epoch 15/100  lr 9.53e-05  loss 2.46697  ce 3.74767  kd 1.18628  train_acc 31.027  val_acc 66.33  (31.7s)
epoch 16/100  lr 9.46e-05  loss 2.34402  ce 3.52726  kd 1.16079  train_acc 31.008  val_acc 66.67  (32.6s)
epoch 17/100  lr 9.39e-05  loss 2.38384  ce 3.68131  kd 1.08636  train_acc 32.459  val_acc 68.83  (32.1s)
epoch 18/100  lr 9.31e-05  loss 2.31103  ce 3.57753  kd 1.04453  train_acc 32.329  val_acc 70.50  (31.3s)
epoch 19/100  lr 9.23e-05  loss 2.30707  ce 3.60358  kd 1.01056  train_acc 30.320  val_acc 72.33  (32.2s)
epoch 20/100  lr 9.14e-05  loss 2.26210  ce 3.56329  kd 0.96092  train_acc 35.844  val_acc 69.83  (31.9s)
epoch 21/100  lr 9.05e-05  loss 2.27309  ce 3.59051  kd 0.95566  train_acc 36.830  val_acc 70.83  (31.7s)
epoch 22/100  lr 8.96e-05  loss 2.19373  ce 3.44250  kd 0.94496  train_acc 33.036  val_acc 71.83  (31.5s)
epoch 23/100  lr 8.86e-05  loss 2.24258  ce 3.56539  kd 0.91976  train_acc 28.571  val_acc 72.50  (31.2s)
epoch 24/100  lr 8.76e-05  loss 2.13939  ce 3.37895  kd 0.89983  train_acc 31.975  val_acc 74.50  (31.2s)
epoch 25/100  lr 8.66e-05  loss 2.18564  ce 3.49039  kd 0.88090  train_acc 35.621  val_acc 73.33  (31.2s)
epoch 26/100  lr 8.55e-05  loss 2.12146  ce 3.39429  kd 0.84864  train_acc 40.309  val_acc 74.33  (31.8s)
epoch 27/100  lr 8.44e-05  loss 2.07537  ce 3.37451  kd 0.77623  train_acc 34.673  val_acc 74.83  (32.4s)
epoch 28/100  lr 8.32e-05  loss 2.14118  ce 3.47747  kd 0.80489  train_acc 31.771  val_acc 74.83  (32.0s)
epoch 29/100  lr 8.21e-05  loss 2.09415  ce 3.40788  kd 0.78041  train_acc 35.807  val_acc 77.33  (31.7s)
epoch 30/100  lr 8.08e-05  loss 2.07963  ce 3.40197  kd 0.75729  train_acc 34.859  val_acc 74.50  (31.2s)
epoch 31/100  lr 7.96e-05  loss 2.00847  ce 3.28149  kd 0.73544  train_acc 25.911  val_acc 75.50  (32.1s)
epoch 32/100  lr 7.83e-05  loss 2.02317  ce 3.29907  kd 0.74726  train_acc 32.645  val_acc 75.17  (31.2s)
epoch 33/100  lr 7.7e-05  loss 1.97737  ce 3.23359  kd 0.72115  train_acc 36.979  val_acc 75.67  (31.7s)
epoch 34/100  lr 7.57e-05  loss 1.98685  ce 3.24965  kd 0.72405  train_acc 24.758  val_acc 75.83  (30.9s)
epoch 35/100  lr 7.43e-05  loss 1.97955  ce 3.24279  kd 0.71632  train_acc 34.654  val_acc 77.00  (31.8s)
epoch 36/100  lr 7.3e-05  loss 2.01765  ce 3.32102  kd 0.71428  train_acc 41.071  val_acc 76.33  (31.3s)
epoch 37/100  lr 7.16e-05  loss 2.00098  ce 3.29436  kd 0.70759  train_acc 38.560  val_acc 78.33  (31.8s)
epoch 38/100  lr 7.02e-05  loss 1.95986  ce 3.22291  kd 0.69682  train_acc 36.477  val_acc 77.00  (31.0s)
epoch 39/100  lr 6.87e-05  loss 1.98755  ce 3.27070  kd 0.70440  train_acc 39.230  val_acc 77.83  (31.7s)
epoch 40/100  lr 6.73e-05  loss 1.96445  ce 3.23953  kd 0.68937  train_acc 36.905  val_acc 78.33  (31.7s)
epoch 41/100  lr 6.58e-05  loss 1.99978  ce 3.30670  kd 0.69286  train_acc 41.239  val_acc 77.33  (31.0s)
epoch 42/100  lr 6.43e-05  loss 1.93973  ce 3.20485  kd 0.67461  train_acc 35.435  val_acc 78.17  (31.6s)
epoch 43/100  lr 6.28e-05  loss 1.88464  ce 3.10865  kd 0.66064  train_acc 36.403  val_acc 78.50  (31.6s)
epoch 44/100  lr 6.13e-05  loss 1.94556  ce 3.23386  kd 0.65727  train_acc 37.016  val_acc 77.50  (32.1s)
epoch 45/100  lr 5.98e-05  loss 1.93013  ce 3.20626  kd 0.65401  train_acc 40.179  val_acc 79.00  (30.9s)
epoch 46/100  lr 5.82e-05  loss 1.94229  ce 3.23030  kd 0.65428  train_acc 38.263  val_acc 79.33  (31.1s)
epoch 47/100  lr 5.67e-05  loss 2.02215  ce 3.37215  kd 0.67214  train_acc 33.929  val_acc 80.33  (31.2s)
epoch 48/100  lr 5.52e-05  loss 1.87131  ce 3.10117  kd 0.64146  train_acc 44.122  val_acc 79.50  (30.5s)
epoch 49/100  lr 5.36e-05  loss 1.93136  ce 3.22871  kd 0.63401  train_acc 42.857  val_acc 78.83  (31.3s)
epoch 50/100  lr 5.21e-05  loss 1.83529  ce 3.06301  kd 0.60758  train_acc 40.792  val_acc 79.33  (30.4s)
epoch 51/100  lr 5.05e-05  loss 1.83009  ce 3.04605  kd 0.61413  train_acc 44.289  val_acc 79.17  (30.8s)
epoch 52/100  lr 4.89e-05  loss 1.97880  ce 3.31025  kd 0.64735  train_acc 35.100  val_acc 79.83  (30.9s)
epoch 53/100  lr 4.74e-05  loss 1.93528  ce 3.23812  kd 0.63243  train_acc 32.161  val_acc 80.67  (30.7s)
epoch 54/100  lr 4.58e-05  loss 1.92750  ce 3.21198  kd 0.64302  train_acc 29.260  val_acc 81.00  (30.8s)
epoch 55/100  lr 4.43e-05  loss 1.89373  ce 3.17080  kd 0.61667  train_acc 37.667  val_acc 80.00  (30.8s)
epoch 56/100  lr 4.28e-05  loss 1.87003  ce 3.12744  kd 0.61262  train_acc 39.900  val_acc 79.83  (31.6s)
epoch 57/100  lr 4.12e-05  loss 1.88544  ce 3.15765  kd 0.61324  train_acc 41.834  val_acc 79.50  (31.1s)
epoch 58/100  lr 3.97e-05  loss 1.84326  ce 3.07950  kd 0.60701  train_acc 37.184  val_acc 81.00  (30.8s)
epoch 59/100  lr 3.82e-05  loss 1.86711  ce 3.12384  kd 0.61039  train_acc 40.923  val_acc 81.00  (30.2s)
epoch 60/100  lr 3.67e-05  loss 1.97419  ce 3.30677  kd 0.64161  train_acc 39.156  val_acc 81.17  (30.3s)
epoch 61/100  lr 3.52e-05  loss 1.92497  ce 3.22175  kd 0.62819  train_acc 46.001  val_acc 81.33  (31.2s)
epoch 62/100  lr 3.37e-05  loss 1.82820  ce 3.06569  kd 0.59072  train_acc 37.779  val_acc 82.00  (30.5s)
epoch 63/100  lr 3.23e-05  loss 1.90173  ce 3.18833  kd 0.61513  train_acc 41.648  val_acc 82.00  (29.7s)
epoch 64/100  lr 3.08e-05  loss 1.83738  ce 3.08102  kd 0.59375  train_acc 39.583  val_acc 81.00  (30.9s)
epoch 65/100  lr 2.94e-05  loss 1.66679  ce 2.77746  kd 0.55612  train_acc 41.053  val_acc 81.67  (30.6s)
epoch 66/100  lr 2.8e-05  loss 1.88161  ce 3.16080  kd 0.60241  train_acc 42.746  val_acc 81.50  (30.6s)
epoch 67/100  lr 2.67e-05  loss 1.84689  ce 3.10748  kd 0.58630  train_acc 46.131  val_acc 80.67  (31.5s)
epoch 68/100  lr 2.53e-05  loss 1.87460  ce 3.14378  kd 0.60543  train_acc 44.364  val_acc 81.50  (31.3s)
epoch 69/100  lr 2.4e-05  loss 1.82184  ce 3.05269  kd 0.59099  train_acc 37.574  val_acc 80.67  (30.4s)
epoch 70/100  lr 2.27e-05  loss 1.82809  ce 3.07427  kd 0.58190  train_acc 36.179  val_acc 81.67  (30.7s)
epoch 71/100  lr 2.14e-05  loss 1.86952  ce 3.13882  kd 0.60021  train_acc 37.630  val_acc 81.67  (30.4s)
epoch 72/100  lr 2.02e-05  loss 1.78291  ce 2.99027  kd 0.57555  train_acc 38.430  val_acc 81.00  (30.7s)
epoch 73/100  lr 1.89e-05  loss 1.85223  ce 3.11713  kd 0.58732  train_acc 41.332  val_acc 81.00  (30.8s)
epoch 74/100  lr 1.78e-05  loss 1.82699  ce 3.07131  kd 0.58267  train_acc 39.304  val_acc 81.33  (30.6s)
epoch 75/100  lr 1.66e-05  loss 1.81410  ce 3.04631  kd 0.58188  train_acc 32.887  val_acc 81.17  (30.1s)
epoch 76/100  lr 1.55e-05  loss 1.79569  ce 3.02323  kd 0.56814  train_acc 48.289  val_acc 81.17  (30.8s)
epoch 77/100  lr 1.44e-05  loss 1.78049  ce 2.98677  kd 0.57420  train_acc 42.020  val_acc 81.50  (30.4s)
epoch 78/100  lr 1.34e-05  loss 1.76149  ce 2.96481  kd 0.55818  train_acc 48.065  val_acc 81.33  (30.2s)
epoch 79/100  lr 1.24e-05  loss 1.88724  ce 3.17273  kd 0.60176  train_acc 33.761  val_acc 80.83  (30.5s)
epoch 80/100  lr 1.14e-05  loss 1.85440  ce 3.11798  kd 0.59083  train_acc 42.690  val_acc 81.67  (30.1s)
epoch 81/100  lr 1.05e-05  loss 1.83945  ce 3.09280  kd 0.58611  train_acc 43.973  val_acc 80.50  (30.1s)
epoch 82/100  lr 9.56e-06  loss 1.79319  ce 3.02822  kd 0.55816  train_acc 44.438  val_acc 81.17  (30.4s)
epoch 83/100  lr 8.71e-06  loss 1.82842  ce 3.07123  kd 0.58561  train_acc 36.607  val_acc 81.17  (30.8s)
epoch 84/100  lr 7.89e-06  loss 1.74792  ce 2.93041  kd 0.56544  train_acc 41.871  val_acc 80.67  (31.3s)
epoch 85/100  lr 7.12e-06  loss 1.82117  ce 3.06702  kd 0.57533  train_acc 38.374  val_acc 81.17  (30.8s)
epoch 86/100  lr 6.4e-06  loss 1.79663  ce 3.02600  kd 0.56725  train_acc 40.104  val_acc 81.50  (30.3s)
epoch 87/100  lr 5.71e-06  loss 1.84063  ce 3.10427  kd 0.57700  train_acc 43.471  val_acc 81.00  (29.8s)
epoch 88/100  lr 5.07e-06  loss 1.87789  ce 3.17551  kd 0.58026  train_acc 40.495  val_acc 80.33  (30.6s)
epoch 89/100  lr 4.48e-06  loss 1.82072  ce 3.07713  kd 0.56431  train_acc 43.657  val_acc 81.00  (30.4s)
epoch 90/100  lr 3.93e-06  loss 1.79018  ce 3.01685  kd 0.56351  train_acc 38.579  val_acc 81.17  (31.5s)
epoch 91/100  lr 3.42e-06  loss 1.76749  ce 2.97142  kd 0.56356  train_acc 40.160  val_acc 81.17  (30.5s)
epoch 92/100  lr 2.97e-06  loss 1.85892  ce 3.14204  kd 0.57579  train_acc 37.370  val_acc 80.83  (30.7s)
epoch 93/100  lr 2.56e-06  loss 1.76757  ce 2.97498  kd 0.56016  train_acc 48.977  val_acc 81.17  (30.2s)
epoch 94/100  lr 2.19e-06  loss 1.77411  ce 2.98576  kd 0.56247  train_acc 43.899  val_acc 80.83  (30.2s)
epoch 95/100  lr 1.88e-06  loss 1.82454  ce 3.07681  kd 0.57227  train_acc 39.137  val_acc 81.50  (30.5s)
epoch 96/100  lr 1.61e-06  loss 1.86191  ce 3.15035  kd 0.57348  train_acc 43.322  val_acc 81.50  (30.8s)
epoch 97/100  lr 1.39e-06  loss 1.80786  ce 3.04826  kd 0.56747  train_acc 38.337  val_acc 81.50  (30.7s)
epoch 98/100  lr 1.22e-06  loss 1.77348  ce 2.98641  kd 0.56056  train_acc 47.303  val_acc 81.67  (30.5s)
epoch 99/100  lr 1.1e-06  loss 1.81519  ce 3.05460  kd 0.57577  train_acc 44.103  val_acc 81.50  (29.9s)
epoch 100/100  lr 1.02e-06  loss 1.77114  ce 2.98783  kd 0.55445  train_acc 45.294  val_acc 81.67  (27.5s)
done. final val acc 81.67  best 82.00 @ epoch 62
