
===== 2026-10-04 02:05:22 pid=190192 /home/coder/aim-lab-stage12/stage0/train.py --mode maskedkd --mask-criterion maskedkd --keep 0.5 --dataset cub --seed 2 --lr 0.0001
run dir: /home/coder/stage0/outputs/cub/maskedkd_k0.5/seed2
state: new  device: cuda  micro_batch: 128  accum: 1  num_workers: 3
train 5394  val 600  steps/epoch 42
teacher: /home/coder/stage0/outputs/cub/teacher/seed0/best.pt (epoch 25, val acc 86.33)
epoch 1/100  lr 1e-06  loss 4.32392  ce 5.39689  kd 3.25096  train_acc 0.484  val_acc 0.00  (34.2s)
epoch 2/100  lr 2.08e-05  loss 4.14525  ce 5.34411  kd 2.94638  train_acc 0.614  val_acc 0.00  (32.3s)
epoch 3/100  lr 4.06e-05  loss 4.07745  ce 5.27351  kd 2.88140  train_acc 1.246  val_acc 2.00  (32.7s)
epoch 4/100  lr 6.04e-05  loss 4.00141  ce 5.12419  kd 2.87864  train_acc 3.051  val_acc 11.00  (32.1s)
epoch 5/100  lr 8.02e-05  loss 3.68785  ce 4.83824  kd 2.53747  train_acc 6.213  val_acc 21.17  (32.5s)
epoch 6/100  lr 9.94e-05  loss 3.41516  ce 4.61600  kd 2.21433  train_acc 9.859  val_acc 32.00  (32.4s)
epoch 7/100  lr 9.91e-05  loss 3.17156  ce 4.33573  kd 2.00740  train_acc 13.300  val_acc 39.33  (32.2s)
epoch 8/100  lr 9.88e-05  loss 2.99510  ce 4.18840  kd 1.80180  train_acc 17.708  val_acc 47.17  (32.8s)
epoch 9/100  lr 9.84e-05  loss 2.85603  ce 4.07001  kd 1.64205  train_acc 18.211  val_acc 48.83  (32.6s)
epoch 10/100  lr 9.8e-05  loss 2.76990  ce 4.06966  kd 1.47014  train_acc 23.679  val_acc 53.00  (32.3s)
epoch 11/100  lr 9.76e-05  loss 2.64751  ce 3.87505  kd 1.41997  train_acc 21.819  val_acc 54.33  (32.0s)
epoch 12/100  lr 9.71e-05  loss 2.63700  ce 3.97452  kd 1.29948  train_acc 22.489  val_acc 60.17  (32.5s)
epoch 13/100  lr 9.65e-05  loss 2.56576  ce 3.90848  kd 1.22303  train_acc 25.930  val_acc 64.33  (32.1s)
epoch 14/100  lr 9.59e-05  loss 2.45861  ce 3.74311  kd 1.17411  train_acc 28.125  val_acc 63.67  (32.2s)
epoch 15/100  lr 9.53e-05  loss 2.43664  ce 3.76498  kd 1.10830  train_acc 26.321  val_acc 67.50  (32.1s)
epoch 16/100  lr 9.46e-05  loss 2.35446  ce 3.63011  kd 1.07881  train_acc 25.093  val_acc 68.83  (32.1s)
epoch 17/100  lr 9.39e-05  loss 2.31159  ce 3.58099  kd 1.04219  train_acc 32.589  val_acc 66.33  (31.8s)
epoch 18/100  lr 9.31e-05  loss 2.32630  ce 3.66861  kd 0.98400  train_acc 32.254  val_acc 70.17  (31.9s)
epoch 19/100  lr 9.23e-05  loss 2.29553  ce 3.63934  kd 0.95172  train_acc 30.227  val_acc 71.33  (32.2s)
epoch 20/100  lr 9.14e-05  loss 2.22678  ce 3.52284  kd 0.93071  train_acc 28.627  val_acc 70.50  (31.5s)
epoch 21/100  lr 9.05e-05  loss 2.19005  ce 3.47425  kd 0.90584  train_acc 30.078  val_acc 72.50  (32.1s)
epoch 22/100  lr 8.96e-05  loss 2.19067  ce 3.48544  kd 0.89590  train_acc 34.784  val_acc 75.17  (31.3s)
epoch 23/100  lr 8.86e-05  loss 2.18644  ce 3.52572  kd 0.84717  train_acc 34.003  val_acc 73.83  (31.0s)
epoch 24/100  lr 8.76e-05  loss 2.14211  ce 3.44998  kd 0.83424  train_acc 34.505  val_acc 75.00  (31.5s)
epoch 25/100  lr 8.66e-05  loss 2.12967  ce 3.44359  kd 0.81576  train_acc 33.408  val_acc 76.00  (31.0s)
epoch 26/100  lr 8.55e-05  loss 2.07143  ce 3.33482  kd 0.80803  train_acc 33.259  val_acc 76.50  (32.1s)
epoch 27/100  lr 8.44e-05  loss 2.18256  ce 3.55769  kd 0.80744  train_acc 36.849  val_acc 74.00  (32.6s)
epoch 28/100  lr 8.32e-05  loss 2.09119  ce 3.39576  kd 0.78662  train_acc 36.365  val_acc 77.17  (31.9s)
epoch 29/100  lr 8.21e-05  loss 2.06275  ce 3.35586  kd 0.76965  train_acc 31.324  val_acc 76.50  (32.2s)
epoch 30/100  lr 8.08e-05  loss 1.97034  ce 3.19756  kd 0.74311  train_acc 41.016  val_acc 77.50  (31.7s)
epoch 31/100  lr 7.96e-05  loss 2.04255  ce 3.33252  kd 0.75257  train_acc 29.985  val_acc 78.17  (31.8s)
epoch 32/100  lr 7.83e-05  loss 2.01916  ce 3.29967  kd 0.73865  train_acc 33.687  val_acc 78.17  (31.7s)
epoch 33/100  lr 7.7e-05  loss 2.03423  ce 3.35779  kd 0.71067  train_acc 37.221  val_acc 77.33  (31.8s)
epoch 34/100  lr 7.57e-05  loss 2.00263  ce 3.28120  kd 0.72406  train_acc 43.917  val_acc 77.33  (31.3s)
epoch 35/100  lr 7.43e-05  loss 1.92820  ce 3.16856  kd 0.68783  train_acc 43.266  val_acc 77.67  (31.6s)
epoch 36/100  lr 7.3e-05  loss 1.88125  ce 3.08225  kd 0.68026  train_acc 33.780  val_acc 77.83  (31.7s)
epoch 37/100  lr 7.16e-05  loss 1.96557  ce 3.23766  kd 0.69348  train_acc 37.370  val_acc 79.50  (32.1s)
epoch 38/100  lr 7.02e-05  loss 1.95147  ce 3.21223  kd 0.69071  train_acc 40.978  val_acc 78.33  (30.7s)
epoch 39/100  lr 6.87e-05  loss 2.00718  ce 3.30565  kd 0.70872  train_acc 45.201  val_acc 78.33  (31.5s)
epoch 40/100  lr 6.73e-05  loss 2.02310  ce 3.35422  kd 0.69198  train_acc 35.863  val_acc 78.67  (31.6s)
epoch 41/100  lr 6.58e-05  loss 1.97975  ce 3.27233  kd 0.68716  train_acc 38.300  val_acc 79.17  (30.9s)
epoch 42/100  lr 6.43e-05  loss 1.99869  ce 3.31553  kd 0.68185  train_acc 41.388  val_acc 76.67  (31.8s)
epoch 43/100  lr 6.28e-05  loss 1.91289  ce 3.17503  kd 0.65075  train_acc 36.737  val_acc 79.67  (32.2s)
epoch 44/100  lr 6.13e-05  loss 2.00050  ce 3.32485  kd 0.67615  train_acc 39.937  val_acc 78.67  (32.1s)
epoch 45/100  lr 5.98e-05  loss 1.96282  ce 3.26071  kd 0.66493  train_acc 33.761  val_acc 79.00  (30.6s)
epoch 46/100  lr 5.82e-05  loss 1.98338  ce 3.29551  kd 0.67124  train_acc 33.315  val_acc 79.83  (30.8s)
epoch 47/100  lr 5.67e-05  loss 1.91969  ce 3.20134  kd 0.63803  train_acc 41.350  val_acc 80.00  (30.9s)
epoch 48/100  lr 5.52e-05  loss 1.94042  ce 3.22260  kd 0.65824  train_acc 36.700  val_acc 80.17  (31.0s)
epoch 49/100  lr 5.36e-05  loss 1.91918  ce 3.20163  kd 0.63673  train_acc 39.397  val_acc 80.83  (31.2s)
epoch 50/100  lr 5.21e-05  loss 1.87986  ce 3.13827  kd 0.62145  train_acc 36.272  val_acc 81.33  (30.9s)
epoch 51/100  lr 5.05e-05  loss 1.95128  ce 3.26515  kd 0.63740  train_acc 43.750  val_acc 81.00  (30.4s)
epoch 52/100  lr 4.89e-05  loss 1.87251  ce 3.11064  kd 0.63439  train_acc 42.653  val_acc 81.67  (30.9s)
epoch 53/100  lr 4.74e-05  loss 1.95415  ce 3.27612  kd 0.63218  train_acc 33.966  val_acc 81.17  (30.3s)
epoch 54/100  lr 4.58e-05  loss 1.88526  ce 3.14702  kd 0.62350  train_acc 43.359  val_acc 80.67  (31.5s)
epoch 55/100  lr 4.43e-05  loss 1.86627  ce 3.11770  kd 0.61483  train_acc 39.732  val_acc 80.83  (30.8s)
epoch 56/100  lr 4.28e-05  loss 1.85937  ce 3.11593  kd 0.60281  train_acc 39.249  val_acc 81.67  (30.7s)
epoch 57/100  lr 4.12e-05  loss 1.90327  ce 3.18861  kd 0.61793  train_acc 42.857  val_acc 81.00  (31.1s)
epoch 58/100  lr 3.97e-05  loss 1.91436  ce 3.20604  kd 0.62268  train_acc 47.321  val_acc 80.83  (30.7s)
epoch 59/100  lr 3.82e-05  loss 1.82369  ce 3.04457  kd 0.60282  train_acc 43.285  val_acc 81.50  (30.5s)
epoch 60/100  lr 3.67e-05  loss 1.84921  ce 3.09546  kd 0.60296  train_acc 43.787  val_acc 82.00  (31.0s)
epoch 61/100  lr 3.52e-05  loss 1.82894  ce 3.05911  kd 0.59877  train_acc 44.475  val_acc 81.17  (31.0s)
epoch 62/100  lr 3.37e-05  loss 1.81239  ce 3.03681  kd 0.58797  train_acc 35.807  val_acc 81.83  (30.9s)
epoch 63/100  lr 3.23e-05  loss 1.82337  ce 3.06303  kd 0.58371  train_acc 38.095  val_acc 81.50  (30.0s)
epoch 64/100  lr 3.08e-05  loss 1.85293  ce 3.10197  kd 0.60388  train_acc 34.226  val_acc 81.67  (30.2s)
epoch 65/100  lr 2.94e-05  loss 1.78234  ce 2.99235  kd 0.57233  train_acc 37.426  val_acc 81.50  (30.0s)
epoch 66/100  lr 2.8e-05  loss 1.86621  ce 3.13017  kd 0.60224  train_acc 34.431  val_acc 83.00  (30.5s)
epoch 67/100  lr 2.67e-05  loss 1.79249  ce 3.01310  kd 0.57188  train_acc 41.536  val_acc 81.33  (30.8s)
epoch 68/100  lr 2.53e-05  loss 1.77520  ce 2.96891  kd 0.58150  train_acc 33.910  val_acc 81.17  (32.0s)
epoch 69/100  lr 2.4e-05  loss 1.72738  ce 2.89352  kd 0.56123  train_acc 47.489  val_acc 83.00  (30.5s)
epoch 70/100  lr 2.27e-05  loss 1.81492  ce 3.05375  kd 0.57609  train_acc 42.318  val_acc 82.33  (30.7s)
epoch 71/100  lr 2.14e-05  loss 1.80648  ce 3.05043  kd 0.56253  train_acc 47.935  val_acc 82.17  (30.1s)
epoch 72/100  lr 2.02e-05  loss 1.73287  ce 2.90197  kd 0.56377  train_acc 34.542  val_acc 82.50  (30.8s)
epoch 73/100  lr 1.89e-05  loss 1.79609  ce 3.01833  kd 0.57384  train_acc 39.546  val_acc 81.67  (31.1s)
epoch 74/100  lr 1.78e-05  loss 1.93657  ce 3.26853  kd 0.60462  train_acc 39.081  val_acc 82.50  (30.8s)
epoch 75/100  lr 1.66e-05  loss 1.83926  ce 3.09243  kd 0.58609  train_acc 39.937  val_acc 81.17  (30.3s)
epoch 76/100  lr 1.55e-05  loss 1.88797  ce 3.18405  kd 0.59190  train_acc 37.612  val_acc 82.00  (31.0s)
epoch 77/100  lr 1.44e-05  loss 1.86561  ce 3.14172  kd 0.58950  train_acc 40.160  val_acc 82.50  (30.4s)
epoch 78/100  lr 1.34e-05  loss 1.87061  ce 3.15502  kd 0.58619  train_acc 39.490  val_acc 83.00  (30.6s)
epoch 79/100  lr 1.24e-05  loss 1.89086  ce 3.18774  kd 0.59399  train_acc 41.760  val_acc 82.83  (29.8s)
epoch 80/100  lr 1.14e-05  loss 1.71101  ce 2.87207  kd 0.54994  train_acc 40.737  val_acc 82.83  (30.4s)
epoch 81/100  lr 1.05e-05  loss 1.87594  ce 3.17412  kd 0.57776  train_acc 32.478  val_acc 82.67  (30.0s)
epoch 82/100  lr 9.56e-06  loss 1.93499  ce 3.26849  kd 0.60149  train_acc 40.978  val_acc 83.33  (30.4s)
epoch 83/100  lr 8.71e-06  loss 1.91165  ce 3.22110  kd 0.60220  train_acc 36.886  val_acc 83.50  (30.2s)
epoch 84/100  lr 7.89e-06  loss 1.80377  ce 3.03583  kd 0.57171  train_acc 51.637  val_acc 83.17  (30.5s)
epoch 85/100  lr 7.12e-06  loss 1.83904  ce 3.10577  kd 0.57232  train_acc 40.272  val_acc 83.00  (30.2s)
epoch 86/100  lr 6.4e-06  loss 1.81691  ce 3.07487  kd 0.55895  train_acc 38.300  val_acc 83.33  (30.0s)
epoch 87/100  lr 5.71e-06  loss 1.79669  ce 3.02656  kd 0.56682  train_acc 44.457  val_acc 82.83  (30.2s)
epoch 88/100  lr 5.07e-06  loss 1.86943  ce 3.15982  kd 0.57904  train_acc 42.857  val_acc 82.83  (31.2s)
epoch 89/100  lr 4.48e-06  loss 1.73026  ce 2.91666  kd 0.54386  train_acc 39.955  val_acc 83.00  (30.7s)
epoch 90/100  lr 3.93e-06  loss 1.80109  ce 3.03083  kd 0.57134  train_acc 52.102  val_acc 83.33  (31.3s)
epoch 91/100  lr 3.42e-06  loss 1.66999  ce 2.81720  kd 0.52279  train_acc 36.421  val_acc 82.83  (30.8s)
epoch 92/100  lr 2.97e-06  loss 1.84563  ce 3.11456  kd 0.57670  train_acc 42.057  val_acc 83.00  (30.7s)
epoch 93/100  lr 2.56e-06  loss 1.89676  ce 3.20031  kd 0.59321  train_acc 38.653  val_acc 83.17  (30.4s)
epoch 94/100  lr 2.19e-06  loss 1.83475  ce 3.09494  kd 0.57456  train_acc 34.524  val_acc 83.17  (29.7s)
epoch 95/100  lr 1.88e-06  loss 1.86196  ce 3.14289  kd 0.58103  train_acc 37.723  val_acc 82.67  (30.7s)
epoch 96/100  lr 1.61e-06  loss 1.71971  ce 2.90475  kd 0.53467  train_acc 43.341  val_acc 82.83  (30.6s)
epoch 97/100  lr 1.39e-06  loss 1.80528  ce 3.04241  kd 0.56815  train_acc 40.718  val_acc 83.00  (29.7s)
epoch 98/100  lr 1.22e-06  loss 1.71439  ce 2.88281  kd 0.54598  train_acc 40.792  val_acc 83.17  (30.2s)
epoch 99/100  lr 1.1e-06  loss 1.86026  ce 3.13986  kd 0.58067  train_acc 41.536  val_acc 83.00  (29.1s)
epoch 100/100  lr 1.02e-06  loss 1.75010  ce 2.95035  kd 0.54984  train_acc 44.327  val_acc 83.00  (28.0s)
done. final val acc 83.00  best 83.50 @ epoch 83
