
===== 2026-10-04 03:48:18 pid=232744 /home/coder/aim-lab-stage12/stage0/train.py --mode maskedkd --mask-criterion random --keep 0.3 --dataset cub --seed 0 --lr 0.0001
run dir: /home/coder/stage0/outputs/cub/random_k0.3/seed0
state: new  device: cuda  micro_batch: 128  accum: 1  num_workers: 3
train 5394  val 600  steps/epoch 42
teacher: /home/coder/stage0/outputs/cub/teacher/seed0/best.pt (epoch 25, val acc 86.33)
epoch 1/100  lr 1e-06  loss 3.78974  ce 5.39457  kd 2.18491  train_acc 0.391  val_acc 0.50  (28.1s)
epoch 2/100  lr 2.08e-05  loss 3.76790  ce 5.33830  kd 2.19750  train_acc 0.763  val_acc 1.67  (29.6s)
epoch 3/100  lr 4.06e-05  loss 3.71670  ce 5.25426  kd 2.17913  train_acc 1.246  val_acc 4.50  (29.5s)
epoch 4/100  lr 6.04e-05  loss 3.49860  ce 5.10483  kd 1.89238  train_acc 3.590  val_acc 14.00  (30.1s)
epoch 5/100  lr 8.02e-05  loss 3.25203  ce 4.82644  kd 1.67763  train_acc 6.845  val_acc 20.67  (29.6s)
epoch 6/100  lr 9.94e-05  loss 3.05127  ce 4.60262  kd 1.49993  train_acc 9.728  val_acc 27.50  (29.5s)
epoch 7/100  lr 9.91e-05  loss 2.87062  ce 4.38425  kd 1.35699  train_acc 14.230  val_acc 35.83  (30.2s)
epoch 8/100  lr 9.88e-05  loss 2.76905  ce 4.32559  kd 1.21251  train_acc 14.714  val_acc 40.50  (30.4s)
epoch 9/100  lr 9.84e-05  loss 2.67632  ce 4.20206  kd 1.15059  train_acc 17.820  val_acc 43.33  (29.5s)
epoch 10/100  lr 9.8e-05  loss 2.59370  ce 4.09165  kd 1.09574  train_acc 20.573  val_acc 48.83  (29.8s)
epoch 11/100  lr 9.76e-05  loss 2.51359  ce 3.97636  kd 1.05081  train_acc 20.368  val_acc 50.50  (29.3s)
epoch 12/100  lr 9.71e-05  loss 2.50521  ce 4.01033  kd 1.00008  train_acc 25.391  val_acc 56.67  (29.5s)
epoch 13/100  lr 9.65e-05  loss 2.47533  ce 3.97766  kd 0.97300  train_acc 23.233  val_acc 56.67  (29.5s)
epoch 14/100  lr 9.59e-05  loss 2.40499  ce 3.85108  kd 0.95889  train_acc 27.288  val_acc 59.83  (29.9s)
epoch 15/100  lr 9.53e-05  loss 2.37152  ce 3.81173  kd 0.93132  train_acc 29.743  val_acc 60.33  (29.8s)
epoch 16/100  lr 9.46e-05  loss 2.26192  ce 3.61024  kd 0.91361  train_acc 28.199  val_acc 63.33  (29.6s)
epoch 17/100  lr 9.39e-05  loss 2.31751  ce 3.75014  kd 0.88488  train_acc 30.729  val_acc 64.00  (30.6s)
epoch 18/100  lr 9.31e-05  loss 2.26387  ce 3.65723  kd 0.87051  train_acc 30.469  val_acc 66.00  (29.4s)
epoch 19/100  lr 9.23e-05  loss 2.26951  ce 3.67375  kd 0.86527  train_acc 28.739  val_acc 67.50  (30.2s)
epoch 20/100  lr 9.14e-05  loss 2.23602  ce 3.64294  kd 0.82910  train_acc 34.431  val_acc 66.67  (29.3s)
epoch 21/100  lr 9.05e-05  loss 2.25348  ce 3.66396  kd 0.84300  train_acc 34.766  val_acc 68.83  (29.6s)
epoch 22/100  lr 8.96e-05  loss 2.17753  ce 3.52909  kd 0.82598  train_acc 31.380  val_acc 69.33  (29.8s)
epoch 23/100  lr 8.86e-05  loss 2.22462  ce 3.63585  kd 0.81340  train_acc 26.990  val_acc 69.83  (29.2s)
epoch 24/100  lr 8.76e-05  loss 2.13371  ce 3.46042  kd 0.80700  train_acc 30.153  val_acc 68.17  (29.8s)
epoch 25/100  lr 8.66e-05  loss 2.19462  ce 3.56887  kd 0.82037  train_acc 33.705  val_acc 68.50  (29.6s)
epoch 26/100  lr 8.55e-05  loss 2.13555  ce 3.47944  kd 0.79166  train_acc 37.816  val_acc 71.67  (29.8s)
epoch 27/100  lr 8.44e-05  loss 2.12191  ce 3.46016  kd 0.78366  train_acc 33.092  val_acc 70.67  (29.8s)
epoch 28/100  lr 8.32e-05  loss 2.17781  ce 3.55600  kd 0.79961  train_acc 31.101  val_acc 70.83  (30.0s)
epoch 29/100  lr 8.21e-05  loss 2.14252  ce 3.49464  kd 0.79040  train_acc 34.115  val_acc 73.67  (30.2s)
epoch 30/100  lr 8.08e-05  loss 2.13178  ce 3.47913  kd 0.78443  train_acc 33.371  val_acc 71.50  (29.6s)
epoch 31/100  lr 7.96e-05  loss 2.07913  ce 3.37157  kd 0.78669  train_acc 24.870  val_acc 71.00  (30.3s)
epoch 32/100  lr 7.83e-05  loss 2.08255  ce 3.38821  kd 0.77689  train_acc 31.101  val_acc 73.00  (30.4s)
epoch 33/100  lr 7.7e-05  loss 2.04229  ce 3.31959  kd 0.76499  train_acc 35.547  val_acc 72.67  (30.7s)
epoch 34/100  lr 7.57e-05  loss 2.04727  ce 3.33342  kd 0.76111  train_acc 23.493  val_acc 71.83  (30.3s)
epoch 35/100  lr 7.43e-05  loss 2.05112  ce 3.32740  kd 0.77484  train_acc 33.538  val_acc 73.00  (30.8s)
epoch 36/100  lr 7.3e-05  loss 2.08468  ce 3.40003  kd 0.76933  train_acc 39.230  val_acc 74.50  (30.7s)
epoch 37/100  lr 7.16e-05  loss 2.06764  ce 3.37346  kd 0.76182  train_acc 37.333  val_acc 75.33  (30.8s)
epoch 38/100  lr 7.02e-05  loss 2.04362  ce 3.31289  kd 0.77434  train_acc 35.454  val_acc 76.50  (30.2s)
epoch 39/100  lr 6.87e-05  loss 2.05868  ce 3.35234  kd 0.76502  train_acc 37.835  val_acc 74.00  (30.6s)
epoch 40/100  lr 6.73e-05  loss 2.03657  ce 3.31773  kd 0.75540  train_acc 35.993  val_acc 74.00  (30.9s)
epoch 41/100  lr 6.58e-05  loss 2.07954  ce 3.38592  kd 0.77317  train_acc 39.639  val_acc 75.17  (30.8s)
epoch 42/100  lr 6.43e-05  loss 2.01924  ce 3.28529  kd 0.75319  train_acc 34.635  val_acc 76.17  (30.6s)
epoch 43/100  lr 6.28e-05  loss 1.97058  ce 3.19422  kd 0.74694  train_acc 34.691  val_acc 75.00  (30.7s)
epoch 44/100  lr 6.13e-05  loss 2.03727  ce 3.31935  kd 0.75519  train_acc 35.379  val_acc 76.50  (30.0s)
epoch 45/100  lr 5.98e-05  loss 2.02386  ce 3.28259  kd 0.76513  train_acc 39.062  val_acc 76.33  (30.7s)
epoch 46/100  lr 5.82e-05  loss 2.03142  ce 3.31252  kd 0.75032  train_acc 37.351  val_acc 76.33  (31.5s)
epoch 47/100  lr 5.67e-05  loss 2.10418  ce 3.45023  kd 0.75813  train_acc 32.459  val_acc 77.33  (30.7s)
epoch 48/100  lr 5.52e-05  loss 1.96840  ce 3.19152  kd 0.74528  train_acc 43.192  val_acc 76.50  (31.0s)
epoch 49/100  lr 5.36e-05  loss 2.02853  ce 3.30860  kd 0.74845  train_acc 41.964  val_acc 75.17  (31.2s)
epoch 50/100  lr 5.21e-05  loss 1.94744  ce 3.15393  kd 0.74095  train_acc 39.453  val_acc 76.50  (31.0s)
epoch 51/100  lr 5.05e-05  loss 1.93702  ce 3.13728  kd 0.73677  train_acc 42.615  val_acc 75.17  (31.4s)
epoch 52/100  lr 4.89e-05  loss 2.07461  ce 3.39272  kd 0.75649  train_acc 34.133  val_acc 76.00  (30.7s)
epoch 53/100  lr 4.74e-05  loss 2.04069  ce 3.32248  kd 0.75891  train_acc 31.287  val_acc 76.33  (30.3s)
epoch 54/100  lr 4.58e-05  loss 2.02227  ce 3.29308  kd 0.75146  train_acc 28.869  val_acc 76.50  (30.6s)
epoch 55/100  lr 4.43e-05  loss 2.00186  ce 3.26285  kd 0.74088  train_acc 36.570  val_acc 77.17  (31.2s)
epoch 56/100  lr 4.28e-05  loss 1.97767  ce 3.21053  kd 0.74480  train_acc 38.802  val_acc 76.83  (30.5s)
epoch 57/100  lr 4.12e-05  loss 1.99882  ce 3.24332  kd 0.75431  train_acc 40.644  val_acc 77.00  (30.4s)
epoch 58/100  lr 3.97e-05  loss 1.96026  ce 3.16957  kd 0.75094  train_acc 35.398  val_acc 77.17  (30.3s)
epoch 59/100  lr 3.82e-05  loss 1.97426  ce 3.20305  kd 0.74547  train_acc 40.141  val_acc 78.17  (30.4s)
epoch 60/100  lr 3.67e-05  loss 2.07289  ce 3.39218  kd 0.75360  train_acc 37.314  val_acc 78.00  (31.2s)
epoch 61/100  lr 3.52e-05  loss 2.03201  ce 3.30873  kd 0.75529  train_acc 44.420  val_acc 79.17  (30.0s)
epoch 62/100  lr 3.37e-05  loss 1.94627  ce 3.15375  kd 0.73878  train_acc 37.054  val_acc 78.00  (30.2s)
epoch 63/100  lr 3.23e-05  loss 2.00989  ce 3.27144  kd 0.74834  train_acc 40.513  val_acc 78.83  (30.4s)
epoch 64/100  lr 3.08e-05  loss 1.95247  ce 3.16353  kd 0.74141  train_acc 38.616  val_acc 78.67  (30.1s)
epoch 65/100  lr 2.94e-05  loss 1.79876  ce 2.88487  kd 0.71265  train_acc 40.086  val_acc 78.00  (30.3s)
epoch 66/100  lr 2.8e-05  loss 1.99723  ce 3.23875  kd 0.75571  train_acc 42.522  val_acc 78.50  (29.7s)
epoch 67/100  lr 2.67e-05  loss 1.97125  ce 3.19708  kd 0.74541  train_acc 45.573  val_acc 79.17  (30.6s)
epoch 68/100  lr 2.53e-05  loss 1.98568  ce 3.23108  kd 0.74028  train_acc 43.062  val_acc 77.33  (30.8s)
epoch 69/100  lr 2.4e-05  loss 1.93747  ce 3.14056  kd 0.73439  train_acc 37.426  val_acc 79.00  (30.5s)
epoch 70/100  lr 2.27e-05  loss 1.94962  ce 3.16264  kd 0.73659  train_acc 34.245  val_acc 79.00  (30.7s)
epoch 71/100  lr 2.14e-05  loss 1.98476  ce 3.22540  kd 0.74411  train_acc 36.477  val_acc 78.67  (30.5s)
epoch 72/100  lr 2.02e-05  loss 1.90715  ce 3.08015  kd 0.73415  train_acc 36.644  val_acc 79.50  (31.5s)
epoch 73/100  lr 1.89e-05  loss 1.97296  ce 3.20676  kd 0.73916  train_acc 39.974  val_acc 78.00  (30.0s)
epoch 74/100  lr 1.78e-05  loss 1.94660  ce 3.15959  kd 0.73360  train_acc 38.374  val_acc 78.67  (30.9s)
epoch 75/100  lr 1.66e-05  loss 1.93240  ce 3.12865  kd 0.73615  train_acc 32.496  val_acc 78.67  (30.2s)
epoch 76/100  lr 1.55e-05  loss 1.92665  ce 3.11204  kd 0.74126  train_acc 46.429  val_acc 78.00  (30.8s)
epoch 77/100  lr 1.44e-05  loss 1.90127  ce 3.07527  kd 0.72728  train_acc 41.146  val_acc 78.33  (30.8s)
epoch 78/100  lr 1.34e-05  loss 1.89683  ce 3.05626  kd 0.73740  train_acc 47.898  val_acc 79.00  (30.2s)
epoch 79/100  lr 1.24e-05  loss 2.00111  ce 3.25450  kd 0.74773  train_acc 33.687  val_acc 79.33  (30.5s)
epoch 80/100  lr 1.14e-05  loss 1.97529  ce 3.21106  kd 0.73952  train_acc 41.499  val_acc 78.50  (30.3s)
epoch 81/100  lr 1.05e-05  loss 1.95594  ce 3.17483  kd 0.73705  train_acc 43.285  val_acc 78.83  (30.3s)
epoch 82/100  lr 9.56e-06  loss 1.92553  ce 3.11630  kd 0.73476  train_acc 43.601  val_acc 78.17  (31.3s)
epoch 83/100  lr 8.71e-06  loss 1.94620  ce 3.15315  kd 0.73925  train_acc 35.751  val_acc 79.50  (30.4s)
epoch 84/100  lr 7.89e-06  loss 1.87730  ce 3.02776  kd 0.72683  train_acc 41.443  val_acc 79.33  (30.1s)
epoch 85/100  lr 7.12e-06  loss 1.94722  ce 3.15673  kd 0.73772  train_acc 37.835  val_acc 79.67  (30.3s)
epoch 86/100  lr 6.4e-06  loss 1.92967  ce 3.11450  kd 0.74485  train_acc 38.374  val_acc 79.00  (30.1s)
epoch 87/100  lr 5.71e-06  loss 1.95794  ce 3.18756  kd 0.72833  train_acc 42.690  val_acc 79.17  (29.8s)
epoch 88/100  lr 5.07e-06  loss 1.99833  ce 3.26134  kd 0.73531  train_acc 38.895  val_acc 79.00  (29.9s)
epoch 89/100  lr 4.48e-06  loss 1.95347  ce 3.16463  kd 0.74232  train_acc 42.597  val_acc 79.17  (30.3s)
epoch 90/100  lr 3.93e-06  loss 1.91230  ce 3.09937  kd 0.72523  train_acc 38.207  val_acc 79.33  (30.4s)
epoch 91/100  lr 3.42e-06  loss 1.90014  ce 3.06440  kd 0.73588  train_acc 39.862  val_acc 78.83  (29.6s)
epoch 92/100  lr 2.97e-06  loss 1.98507  ce 3.22454  kd 0.74560  train_acc 36.775  val_acc 79.00  (29.4s)
epoch 93/100  lr 2.56e-06  loss 1.89381  ce 3.06294  kd 0.72469  train_acc 47.861  val_acc 79.00  (29.6s)
epoch 94/100  lr 2.19e-06  loss 1.89714  ce 3.07310  kd 0.72119  train_acc 43.750  val_acc 79.00  (29.5s)
epoch 95/100  lr 1.88e-06  loss 1.94755  ce 3.15626  kd 0.73885  train_acc 39.025  val_acc 79.00  (30.2s)
epoch 96/100  lr 1.61e-06  loss 1.99170  ce 3.23436  kd 0.74905  train_acc 42.169  val_acc 78.83  (29.9s)
epoch 97/100  lr 1.39e-06  loss 1.93651  ce 3.14024  kd 0.73278  train_acc 37.872  val_acc 79.17  (29.3s)
epoch 98/100  lr 1.22e-06  loss 1.90399  ce 3.07468  kd 0.73331  train_acc 46.001  val_acc 79.17  (29.5s)
epoch 99/100  lr 1.1e-06  loss 1.94238  ce 3.14213  kd 0.74263  train_acc 43.322  val_acc 79.00  (30.3s)
epoch 100/100  lr 1.02e-06  loss 1.89906  ce 3.07628  kd 0.72183  train_acc 44.717  val_acc 79.00  (29.1s)
done. final val acc 79.00  best 79.67 @ epoch 85
