
===== 2026-10-03 17:30:46 pid=102422 /home/coder/aim-lab-test-5/stage0/train.py --mode teacher --dataset waterbirds --seed 0 --lr 0.0001 --subdir lrsel/teacher_lr0.0001
run dir: /home/coder/stage0/outputs/waterbirds/lrsel/teacher_lr0.0001/seed0
state: new  device: cuda  micro_batch: 128  accum: 1  num_workers: 3
train 4795  val 1199  steps/epoch 37
epoch 1/100  lr 1e-06  loss 0.52211  ce 0.52211  kd -  train_acc 74.916  val_acc 77.31  (38.0s)
epoch 2/100  lr 2.08e-05  loss 0.24821  ce 0.24821  kd -  train_acc 89.590  val_acc 68.97  (36.4s)
epoch 3/100  lr 4.06e-05  loss 0.14248  ce 0.14248  kd -  train_acc 94.764  val_acc 84.07  (36.5s)
epoch 4/100  lr 6.04e-05  loss 0.11698  ce 0.11698  kd -  train_acc 95.840  val_acc 86.32  (36.0s)
epoch 5/100  lr 8.02e-05  loss 0.10066  ce 0.10066  kd -  train_acc 96.263  val_acc 88.32  (36.6s)
epoch 6/100  lr 9.94e-05  loss 0.08981  ce 0.08981  kd -  train_acc 96.769  val_acc 87.99  (36.4s)
epoch 7/100  lr 9.91e-05  loss 0.08094  ce 0.08094  kd -  train_acc 97.128  val_acc 90.99  (36.0s)
epoch 8/100  lr 9.88e-05  loss 0.07650  ce 0.07650  kd -  train_acc 97.403  val_acc 90.49  (35.7s)
epoch 9/100  lr 9.84e-05  loss 0.08065  ce 0.08065  kd -  train_acc 97.276  val_acc 90.49  (35.5s)
epoch 10/100  lr 9.8e-05  loss 0.06642  ce 0.06642  kd -  train_acc 97.572  val_acc 89.41  (36.4s)
epoch 11/100  lr 9.76e-05  loss 0.06235  ce 0.06235  kd -  train_acc 97.762  val_acc 90.33  (34.9s)
epoch 12/100  lr 9.71e-05  loss 0.05937  ce 0.05937  kd -  train_acc 97.720  val_acc 91.49  (36.1s)
epoch 13/100  lr 9.65e-05  loss 0.06864  ce 0.06864  kd -  train_acc 97.361  val_acc 91.74  (35.9s)
epoch 14/100  lr 9.59e-05  loss 0.05853  ce 0.05853  kd -  train_acc 97.804  val_acc 91.91  (36.0s)
epoch 15/100  lr 9.53e-05  loss 0.05687  ce 0.05687  kd -  train_acc 97.846  val_acc 92.24  (36.7s)
epoch 16/100  lr 9.46e-05  loss 0.04779  ce 0.04779  kd -  train_acc 98.311  val_acc 90.16  (36.5s)
epoch 17/100  lr 9.39e-05  loss 0.04879  ce 0.04879  kd -  train_acc 98.079  val_acc 92.41  (35.7s)
epoch 18/100  lr 9.31e-05  loss 0.05341  ce 0.05341  kd -  train_acc 98.057  val_acc 91.74  (35.8s)
epoch 19/100  lr 9.23e-05  loss 0.05330  ce 0.05330  kd -  train_acc 97.825  val_acc 89.74  (36.0s)
epoch 20/100  lr 9.14e-05  loss 0.05996  ce 0.05996  kd -  train_acc 97.783  val_acc 90.24  (36.4s)
epoch 21/100  lr 9.05e-05  loss 0.04452  ce 0.04452  kd -  train_acc 98.332  val_acc 91.58  (35.9s)
epoch 22/100  lr 8.96e-05  loss 0.04669  ce 0.04669  kd -  train_acc 98.184  val_acc 92.58  (36.1s)
epoch 23/100  lr 8.86e-05  loss 0.04047  ce 0.04047  kd -  train_acc 98.522  val_acc 92.91  (36.1s)
epoch 24/100  lr 8.76e-05  loss 0.04781  ce 0.04781  kd -  train_acc 98.247  val_acc 93.33  (36.5s)
epoch 25/100  lr 8.66e-05  loss 0.04435  ce 0.04435  kd -  train_acc 98.438  val_acc 92.83  (35.2s)
epoch 26/100  lr 8.55e-05  loss 0.03820  ce 0.03820  kd -  train_acc 98.775  val_acc 90.91  (34.6s)
epoch 27/100  lr 8.44e-05  loss 0.04117  ce 0.04117  kd -  train_acc 98.501  val_acc 90.16  (35.8s)
epoch 28/100  lr 8.32e-05  loss 0.04557  ce 0.04557  kd -  train_acc 98.395  val_acc 89.82  (35.1s)
epoch 29/100  lr 8.21e-05  loss 0.04071  ce 0.04071  kd -  train_acc 98.374  val_acc 89.57  (36.5s)
epoch 30/100  lr 8.08e-05  loss 0.03797  ce 0.03797  kd -  train_acc 98.585  val_acc 91.74  (36.2s)
epoch 31/100  lr 7.96e-05  loss 0.04053  ce 0.04053  kd -  train_acc 98.564  val_acc 90.41  (35.0s)
epoch 32/100  lr 7.83e-05  loss 0.03658  ce 0.03658  kd -  train_acc 98.649  val_acc 86.91  (36.5s)
epoch 33/100  lr 7.7e-05  loss 0.03299  ce 0.03299  kd -  train_acc 98.796  val_acc 90.08  (35.9s)
epoch 34/100  lr 7.57e-05  loss 0.03830  ce 0.03830  kd -  train_acc 98.628  val_acc 91.74  (34.3s)
epoch 35/100  lr 7.43e-05  loss 0.03986  ce 0.03986  kd -  train_acc 98.522  val_acc 89.49  (33.0s)
epoch 36/100  lr 7.3e-05  loss 0.04437  ce 0.04437  kd -  train_acc 98.564  val_acc 91.49  (32.8s)
epoch 37/100  lr 7.16e-05  loss 0.03643  ce 0.03643  kd -  train_acc 98.585  val_acc 91.08  (32.2s)
epoch 38/100  lr 7.02e-05  loss 0.03298  ce 0.03298  kd -  train_acc 98.881  val_acc 90.99  (32.0s)
epoch 39/100  lr 6.87e-05  loss 0.04320  ce 0.04320  kd -  train_acc 98.353  val_acc 90.41  (32.3s)
epoch 40/100  lr 6.73e-05  loss 0.02893  ce 0.02893  kd -  train_acc 98.733  val_acc 92.33  (32.7s)
epoch 41/100  lr 6.58e-05  loss 0.03914  ce 0.03914  kd -  train_acc 98.585  val_acc 91.66  (33.1s)
epoch 42/100  lr 6.43e-05  loss 0.03799  ce 0.03799  kd -  train_acc 98.564  val_acc 91.83  (32.6s)
epoch 43/100  lr 6.28e-05  loss 0.03525  ce 0.03525  kd -  train_acc 98.670  val_acc 89.91  (32.7s)
epoch 44/100  lr 6.13e-05  loss 0.03406  ce 0.03406  kd -  train_acc 98.754  val_acc 91.74  (32.5s)
epoch 45/100  lr 5.98e-05  loss 0.02863  ce 0.02863  kd -  train_acc 99.092  val_acc 91.74  (31.8s)
epoch 46/100  lr 5.82e-05  loss 0.03341  ce 0.03341  kd -  train_acc 98.649  val_acc 90.49  (29.2s)
epoch 47/100  lr 5.67e-05  loss 0.02752  ce 0.02752  kd -  train_acc 98.944  val_acc 91.74  (29.8s)
epoch 48/100  lr 5.52e-05  loss 0.03139  ce 0.03139  kd -  train_acc 98.902  val_acc 89.32  (29.1s)
epoch 49/100  lr 5.36e-05  loss 0.02292  ce 0.02292  kd -  train_acc 99.198  val_acc 90.66  (29.1s)
epoch 50/100  lr 5.21e-05  loss 0.03110  ce 0.03110  kd -  train_acc 98.818  val_acc 90.49  (29.8s)
epoch 51/100  lr 5.05e-05  loss 0.02691  ce 0.02691  kd -  train_acc 99.050  val_acc 92.16  (29.9s)
epoch 52/100  lr 4.89e-05  loss 0.02897  ce 0.02897  kd -  train_acc 98.881  val_acc 92.33  (28.7s)
epoch 53/100  lr 4.74e-05  loss 0.02827  ce 0.02827  kd -  train_acc 98.881  val_acc 92.49  (29.2s)
epoch 54/100  lr 4.58e-05  loss 0.02796  ce 0.02796  kd -  train_acc 99.071  val_acc 91.58  (29.4s)
epoch 55/100  lr 4.43e-05  loss 0.02548  ce 0.02548  kd -  train_acc 99.050  val_acc 91.99  (28.8s)
epoch 56/100  lr 4.28e-05  loss 0.02773  ce 0.02773  kd -  train_acc 98.965  val_acc 91.66  (29.4s)
epoch 57/100  lr 4.12e-05  loss 0.02235  ce 0.02235  kd -  train_acc 99.155  val_acc 92.16  (29.1s)
epoch 58/100  lr 3.97e-05  loss 0.02946  ce 0.02946  kd -  train_acc 98.860  val_acc 91.08  (29.3s)
epoch 59/100  lr 3.82e-05  loss 0.01920  ce 0.01920  kd -  train_acc 99.367  val_acc 91.33  (29.6s)
epoch 60/100  lr 3.67e-05  loss 0.02263  ce 0.02263  kd -  train_acc 99.198  val_acc 92.24  (29.0s)
epoch 61/100  lr 3.52e-05  loss 0.02381  ce 0.02381  kd -  train_acc 98.965  val_acc 89.24  (29.6s)
epoch 62/100  lr 3.37e-05  loss 0.02762  ce 0.02762  kd -  train_acc 98.860  val_acc 91.83  (29.5s)
epoch 63/100  lr 3.23e-05  loss 0.02906  ce 0.02906  kd -  train_acc 99.050  val_acc 91.99  (29.0s)
epoch 64/100  lr 3.08e-05  loss 0.02426  ce 0.02426  kd -  train_acc 99.008  val_acc 91.08  (29.2s)
epoch 65/100  lr 2.94e-05  loss 0.02092  ce 0.02092  kd -  train_acc 99.092  val_acc 91.49  (29.6s)
epoch 66/100  lr 2.8e-05  loss 0.02044  ce 0.02044  kd -  train_acc 99.219  val_acc 91.24  (29.0s)
epoch 67/100  lr 2.67e-05  loss 0.02244  ce 0.02244  kd -  train_acc 99.113  val_acc 91.24  (29.1s)
epoch 68/100  lr 2.53e-05  loss 0.02342  ce 0.02342  kd -  train_acc 99.177  val_acc 90.99  (28.7s)
epoch 69/100  lr 2.4e-05  loss 0.02441  ce 0.02441  kd -  train_acc 98.986  val_acc 91.08  (28.8s)
epoch 70/100  lr 2.27e-05  loss 0.02091  ce 0.02091  kd -  train_acc 99.198  val_acc 89.41  (29.5s)
epoch 71/100  lr 2.14e-05  loss 0.02270  ce 0.02270  kd -  train_acc 99.050  val_acc 89.66  (29.6s)
epoch 72/100  lr 2.02e-05  loss 0.02025  ce 0.02025  kd -  train_acc 99.282  val_acc 91.58  (29.8s)
epoch 73/100  lr 1.89e-05  loss 0.02008  ce 0.02008  kd -  train_acc 99.113  val_acc 90.24  (29.7s)
epoch 74/100  lr 1.78e-05  loss 0.02382  ce 0.02382  kd -  train_acc 99.029  val_acc 89.49  (28.5s)
epoch 75/100  lr 1.66e-05  loss 0.01750  ce 0.01750  kd -  train_acc 99.261  val_acc 89.41  (28.8s)
epoch 76/100  lr 1.55e-05  loss 0.02390  ce 0.02390  kd -  train_acc 99.303  val_acc 89.99  (29.0s)
epoch 77/100  lr 1.44e-05  loss 0.01770  ce 0.01770  kd -  train_acc 99.345  val_acc 91.58  (29.1s)
epoch 78/100  lr 1.34e-05  loss 0.02139  ce 0.02139  kd -  train_acc 99.219  val_acc 91.66  (29.2s)
epoch 79/100  lr 1.24e-05  loss 0.01665  ce 0.01665  kd -  train_acc 99.409  val_acc 90.74  (30.4s)
epoch 80/100  lr 1.14e-05  loss 0.01664  ce 0.01664  kd -  train_acc 99.409  val_acc 91.41  (29.6s)
epoch 81/100  lr 1.05e-05  loss 0.01757  ce 0.01757  kd -  train_acc 99.409  val_acc 90.41  (29.8s)
epoch 82/100  lr 9.56e-06  loss 0.02764  ce 0.02764  kd -  train_acc 98.965  val_acc 89.82  (29.6s)
epoch 83/100  lr 8.71e-06  loss 0.02273  ce 0.02273  kd -  train_acc 99.219  val_acc 90.58  (29.1s)
epoch 84/100  lr 7.89e-06  loss 0.02056  ce 0.02056  kd -  train_acc 99.240  val_acc 90.91  (29.1s)
epoch 85/100  lr 7.12e-06  loss 0.01845  ce 0.01845  kd -  train_acc 99.367  val_acc 90.58  (29.9s)
epoch 86/100  lr 6.4e-06  loss 0.01959  ce 0.01959  kd -  train_acc 99.282  val_acc 90.74  (29.4s)
epoch 87/100  lr 5.71e-06  loss 0.01791  ce 0.01791  kd -  train_acc 99.367  val_acc 91.49  (29.0s)
epoch 88/100  lr 5.07e-06  loss 0.01456  ce 0.01456  kd -  train_acc 99.535  val_acc 91.33  (28.8s)
epoch 89/100  lr 4.48e-06  loss 0.01590  ce 0.01590  kd -  train_acc 99.324  val_acc 90.41  (29.2s)
epoch 90/100  lr 3.93e-06  loss 0.02511  ce 0.02511  kd -  train_acc 98.944  val_acc 90.66  (28.9s)
epoch 91/100  lr 3.42e-06  loss 0.01693  ce 0.01693  kd -  train_acc 99.367  val_acc 90.83  (29.5s)
epoch 92/100  lr 2.97e-06  loss 0.01896  ce 0.01896  kd -  train_acc 99.388  val_acc 91.08  (29.5s)
epoch 93/100  lr 2.56e-06  loss 0.01654  ce 0.01654  kd -  train_acc 99.409  val_acc 91.08  (29.7s)
epoch 94/100  lr 2.19e-06  loss 0.02131  ce 0.02131  kd -  train_acc 99.177  val_acc 90.58  (29.0s)
epoch 95/100  lr 1.88e-06  loss 0.01539  ce 0.01539  kd -  train_acc 99.514  val_acc 90.58  (29.1s)
epoch 96/100  lr 1.61e-06  loss 0.01553  ce 0.01553  kd -  train_acc 99.388  val_acc 90.66  (29.5s)
epoch 97/100  lr 1.39e-06  loss 0.01923  ce 0.01923  kd -  train_acc 99.282  val_acc 90.74  (29.2s)
epoch 98/100  lr 1.22e-06  loss 0.01927  ce 0.01927  kd -  train_acc 99.155  val_acc 90.66  (29.5s)
epoch 99/100  lr 1.1e-06  loss 0.01344  ce 0.01344  kd -  train_acc 99.557  val_acc 90.58  (29.2s)
epoch 100/100  lr 1.02e-06  loss 0.01708  ce 0.01708  kd -  train_acc 99.409  val_acc 90.58  (29.9s)
done. final val acc 90.58  best 93.33 @ epoch 24
