
===== 2026-10-04 08:19:23 pid=288090 /home/coder/aim-lab-stage3/stage0/train.py --mode maskedkd --mask-criterion maskedkd --keep 0.15 --dataset waterbirds --seed 1 --lr 5e-05
run dir: /home/coder/stage0/outputs/waterbirds/maskedkd_k0.15/seed1
state: new  device: cuda  micro_batch: 128  accum: 1  num_workers: 3
train 4795  val 1199  steps/epoch 37
teacher: /home/coder/stage0/outputs/waterbirds/teacher/seed0/best.pt (epoch 21, val acc 93.99)
epoch 1/100  lr 1e-06  loss 0.55189  ce 0.67283  kd 0.43096  train_acc 60.663  val_acc 57.80  (30.1s)
epoch 2/100  lr 1.08e-05  loss 0.39821  ce 0.55146  kd 0.24496  train_acc 77.344  val_acc 70.81  (28.1s)
epoch 3/100  lr 2.06e-05  loss 0.32144  ce 0.46123  kd 0.18166  train_acc 80.933  val_acc 65.89  (29.2s)
epoch 4/100  lr 3.04e-05  loss 0.30368  ce 0.43055  kd 0.17681  train_acc 81.018  val_acc 77.15  (28.8s)
epoch 5/100  lr 4.02e-05  loss 0.30033  ce 0.43527  kd 0.16540  train_acc 80.976  val_acc 77.73  (28.5s)
epoch 6/100  lr 4.97e-05  loss 0.29493  ce 0.42777  kd 0.16208  train_acc 80.448  val_acc 82.57  (28.7s)
epoch 7/100  lr 4.96e-05  loss 0.29007  ce 0.42472  kd 0.15542  train_acc 83.847  val_acc 82.99  (29.2s)
epoch 8/100  lr 4.94e-05  loss 0.28521  ce 0.41779  kd 0.15264  train_acc 81.398  val_acc 85.07  (28.5s)
epoch 9/100  lr 4.92e-05  loss 0.28548  ce 0.42101  kd 0.14996  train_acc 82.010  val_acc 83.74  (28.7s)
epoch 10/100  lr 4.9e-05  loss 0.28529  ce 0.41923  kd 0.15135  train_acc 83.488  val_acc 84.90  (27.9s)
epoch 11/100  lr 4.88e-05  loss 0.28894  ce 0.42383  kd 0.15405  train_acc 82.411  val_acc 84.32  (28.6s)
epoch 12/100  lr 4.85e-05  loss 0.28893  ce 0.42432  kd 0.15354  train_acc 84.840  val_acc 84.74  (28.5s)
epoch 13/100  lr 4.83e-05  loss 0.27736  ce 0.41265  kd 0.14207  train_acc 82.221  val_acc 86.49  (28.7s)
epoch 14/100  lr 4.8e-05  loss 0.26771  ce 0.39792  kd 0.13750  train_acc 83.087  val_acc 85.15  (28.0s)
epoch 15/100  lr 4.76e-05  loss 0.27989  ce 0.41761  kd 0.14217  train_acc 84.122  val_acc 83.32  (28.2s)
epoch 16/100  lr 4.73e-05  loss 0.27998  ce 0.41980  kd 0.14017  train_acc 81.292  val_acc 85.82  (28.1s)
epoch 17/100  lr 4.69e-05  loss 0.27268  ce 0.40350  kd 0.14185  train_acc 85.431  val_acc 85.99  (28.1s)
epoch 18/100  lr 4.66e-05  loss 0.27460  ce 0.41014  kd 0.13906  train_acc 82.390  val_acc 86.07  (27.8s)
epoch 19/100  lr 4.61e-05  loss 0.26955  ce 0.40202  kd 0.13708  train_acc 84.797  val_acc 88.24  (28.2s)
epoch 20/100  lr 4.57e-05  loss 0.26290  ce 0.38991  kd 0.13588  train_acc 83.214  val_acc 88.49  (28.0s)
epoch 21/100  lr 4.53e-05  loss 0.28738  ce 0.43166  kd 0.14310  train_acc 83.530  val_acc 88.24  (28.1s)
epoch 22/100  lr 4.48e-05  loss 0.26969  ce 0.39878  kd 0.14059  train_acc 83.003  val_acc 87.99  (27.8s)
epoch 23/100  lr 4.43e-05  loss 0.27538  ce 0.41404  kd 0.13672  train_acc 86.106  val_acc 86.07  (28.1s)
epoch 24/100  lr 4.38e-05  loss 0.27691  ce 0.41529  kd 0.13852  train_acc 83.974  val_acc 88.74  (28.0s)
epoch 25/100  lr 4.33e-05  loss 0.27579  ce 0.41704  kd 0.13454  train_acc 84.417  val_acc 88.91  (27.7s)
epoch 26/100  lr 4.28e-05  loss 0.25964  ce 0.38642  kd 0.13285  train_acc 84.037  val_acc 88.99  (28.1s)
epoch 27/100  lr 4.22e-05  loss 0.26978  ce 0.41022  kd 0.12935  train_acc 85.536  val_acc 87.74  (27.7s)
epoch 28/100  lr 4.16e-05  loss 0.27237  ce 0.40596  kd 0.13878  train_acc 82.855  val_acc 87.99  (28.5s)
epoch 29/100  lr 4.1e-05  loss 0.27629  ce 0.41641  kd 0.13617  train_acc 86.212  val_acc 86.24  (28.2s)
epoch 30/100  lr 4.04e-05  loss 0.26968  ce 0.40580  kd 0.13357  train_acc 81.546  val_acc 86.24  (28.4s)
epoch 31/100  lr 3.98e-05  loss 0.26029  ce 0.39417  kd 0.12641  train_acc 83.974  val_acc 87.91  (28.1s)
epoch 32/100  lr 3.92e-05  loss 0.26835  ce 0.40325  kd 0.13345  train_acc 84.375  val_acc 87.49  (27.3s)
epoch 33/100  lr 3.85e-05  loss 0.26847  ce 0.40829  kd 0.12865  train_acc 85.030  val_acc 86.57  (28.2s)
epoch 34/100  lr 3.78e-05  loss 0.27276  ce 0.41581  kd 0.12970  train_acc 82.390  val_acc 89.16  (27.4s)
epoch 35/100  lr 3.72e-05  loss 0.27211  ce 0.40874  kd 0.13548  train_acc 82.981  val_acc 89.49  (27.0s)
epoch 36/100  lr 3.65e-05  loss 0.26757  ce 0.40370  kd 0.13144  train_acc 83.003  val_acc 86.32  (27.6s)
epoch 37/100  lr 3.58e-05  loss 0.26920  ce 0.40377  kd 0.13464  train_acc 85.959  val_acc 89.82  (27.0s)
epoch 38/100  lr 3.51e-05  loss 0.26614  ce 0.40394  kd 0.12834  train_acc 82.369  val_acc 88.32  (27.4s)
epoch 39/100  lr 3.44e-05  loss 0.27369  ce 0.41218  kd 0.13519  train_acc 79.265  val_acc 87.32  (27.2s)
epoch 40/100  lr 3.36e-05  loss 0.27466  ce 0.41393  kd 0.13539  train_acc 86.613  val_acc 89.32  (26.8s)
epoch 41/100  lr 3.29e-05  loss 0.26310  ce 0.39783  kd 0.12838  train_acc 84.840  val_acc 88.16  (27.2s)
epoch 42/100  lr 3.22e-05  loss 0.26093  ce 0.39456  kd 0.12730  train_acc 83.235  val_acc 88.16  (27.1s)
epoch 43/100  lr 3.14e-05  loss 0.27126  ce 0.41806  kd 0.12447  train_acc 83.932  val_acc 87.91  (27.5s)
epoch 44/100  lr 3.06e-05  loss 0.26934  ce 0.40331  kd 0.13537  train_acc 83.995  val_acc 88.66  (27.2s)
epoch 45/100  lr 2.99e-05  loss 0.27746  ce 0.41954  kd 0.13537  train_acc 81.546  val_acc 87.82  (26.9s)
epoch 46/100  lr 2.91e-05  loss 0.27009  ce 0.40750  kd 0.13267  train_acc 80.574  val_acc 87.66  (27.1s)
epoch 47/100  lr 2.84e-05  loss 0.27939  ce 0.42314  kd 0.13565  train_acc 79.012  val_acc 88.07  (27.6s)
epoch 48/100  lr 2.76e-05  loss 0.27758  ce 0.42154  kd 0.13362  train_acc 82.306  val_acc 89.24  (27.9s)
epoch 49/100  lr 2.68e-05  loss 0.26427  ce 0.40087  kd 0.12767  train_acc 83.383  val_acc 89.32  (27.5s)
epoch 50/100  lr 2.6e-05  loss 0.28047  ce 0.42455  kd 0.13639  train_acc 80.469  val_acc 87.66  (27.3s)
epoch 51/100  lr 2.53e-05  loss 0.26817  ce 0.40241  kd 0.13394  train_acc 83.953  val_acc 88.66  (27.0s)
epoch 52/100  lr 2.45e-05  loss 0.27777  ce 0.41887  kd 0.13667  train_acc 81.081  val_acc 88.16  (27.1s)
epoch 53/100  lr 2.37e-05  loss 0.27000  ce 0.40953  kd 0.13046  train_acc 82.031  val_acc 88.24  (27.3s)
epoch 54/100  lr 2.29e-05  loss 0.26808  ce 0.40714  kd 0.12902  train_acc 84.755  val_acc 88.57  (27.9s)
epoch 55/100  lr 2.21e-05  loss 0.26782  ce 0.40987  kd 0.12576  train_acc 80.595  val_acc 87.91  (27.8s)
epoch 56/100  lr 2.14e-05  loss 0.26501  ce 0.40354  kd 0.12648  train_acc 84.101  val_acc 88.66  (28.0s)
epoch 57/100  lr 2.06e-05  loss 0.26365  ce 0.40054  kd 0.12675  train_acc 84.628  val_acc 88.07  (28.0s)
epoch 58/100  lr 1.99e-05  loss 0.27629  ce 0.42094  kd 0.13164  train_acc 83.425  val_acc 88.99  (28.0s)
epoch 59/100  lr 1.91e-05  loss 0.26560  ce 0.40745  kd 0.12374  train_acc 82.475  val_acc 88.91  (27.9s)
epoch 60/100  lr 1.83e-05  loss 0.26882  ce 0.41369  kd 0.12394  train_acc 82.876  val_acc 89.32  (27.4s)
epoch 61/100  lr 1.76e-05  loss 0.26380  ce 0.39863  kd 0.12897  train_acc 86.149  val_acc 89.82  (27.7s)
epoch 62/100  lr 1.69e-05  loss 0.26191  ce 0.39681  kd 0.12700  train_acc 81.778  val_acc 88.74  (28.6s)
epoch 63/100  lr 1.61e-05  loss 0.27781  ce 0.42022  kd 0.13541  train_acc 84.861  val_acc 89.66  (27.7s)
epoch 64/100  lr 1.54e-05  loss 0.27143  ce 0.41967  kd 0.12319  train_acc 83.636  val_acc 88.49  (28.2s)
epoch 65/100  lr 1.47e-05  loss 0.26225  ce 0.40134  kd 0.12315  train_acc 81.123  val_acc 88.74  (28.0s)
epoch 66/100  lr 1.4e-05  loss 0.25471  ce 0.38619  kd 0.12322  train_acc 85.557  val_acc 88.91  (28.5s)
epoch 67/100  lr 1.33e-05  loss 0.26654  ce 0.40399  kd 0.12908  train_acc 85.684  val_acc 89.74  (27.6s)
epoch 68/100  lr 1.27e-05  loss 0.27289  ce 0.41362  kd 0.13217  train_acc 83.193  val_acc 88.41  (28.3s)
epoch 69/100  lr 1.2e-05  loss 0.26839  ce 0.40652  kd 0.13027  train_acc 84.966  val_acc 88.99  (28.4s)
epoch 70/100  lr 1.13e-05  loss 0.26428  ce 0.40491  kd 0.12364  train_acc 83.298  val_acc 89.16  (27.9s)
epoch 71/100  lr 1.07e-05  loss 0.27182  ce 0.41752  kd 0.12612  train_acc 83.425  val_acc 89.41  (27.3s)
epoch 72/100  lr 1.01e-05  loss 0.26653  ce 0.40727  kd 0.12578  train_acc 83.024  val_acc 89.32  (27.0s)
epoch 73/100  lr 9.47e-06  loss 0.27345  ce 0.42135  kd 0.12555  train_acc 83.298  val_acc 88.99  (27.3s)
epoch 74/100  lr 8.88e-06  loss 0.25995  ce 0.39177  kd 0.12814  train_acc 83.319  val_acc 88.91  (27.4s)
epoch 75/100  lr 8.31e-06  loss 0.26708  ce 0.40744  kd 0.12672  train_acc 87.099  val_acc 89.82  (26.8s)
epoch 76/100  lr 7.75e-06  loss 0.26564  ce 0.40409  kd 0.12720  train_acc 83.699  val_acc 90.16  (26.9s)
epoch 77/100  lr 7.21e-06  loss 0.26898  ce 0.40307  kd 0.13488  train_acc 85.663  val_acc 89.82  (26.9s)
epoch 78/100  lr 6.68e-06  loss 0.26593  ce 0.40103  kd 0.13083  train_acc 83.319  val_acc 89.07  (27.0s)
epoch 79/100  lr 6.18e-06  loss 0.26923  ce 0.40408  kd 0.13438  train_acc 85.515  val_acc 89.74  (26.8s)
epoch 80/100  lr 5.69e-06  loss 0.26511  ce 0.40032  kd 0.12990  train_acc 85.790  val_acc 89.91  (27.6s)
epoch 81/100  lr 5.23e-06  loss 0.26836  ce 0.40884  kd 0.12788  train_acc 84.544  val_acc 89.99  (27.2s)
epoch 82/100  lr 4.78e-06  loss 0.26650  ce 0.41004  kd 0.12297  train_acc 84.206  val_acc 89.91  (26.8s)
epoch 83/100  lr 4.35e-06  loss 0.26529  ce 0.40393  kd 0.12665  train_acc 83.889  val_acc 90.16  (28.3s)
epoch 84/100  lr 3.95e-06  loss 0.25996  ce 0.39414  kd 0.12577  train_acc 84.713  val_acc 90.16  (27.5s)
epoch 85/100  lr 3.56e-06  loss 0.26461  ce 0.40252  kd 0.12670  train_acc 83.953  val_acc 90.24  (27.6s)
epoch 86/100  lr 3.2e-06  loss 0.26347  ce 0.40359  kd 0.12336  train_acc 84.966  val_acc 90.16  (27.5s)
epoch 87/100  lr 2.86e-06  loss 0.26461  ce 0.40395  kd 0.12526  train_acc 82.918  val_acc 89.99  (26.7s)
epoch 88/100  lr 2.54e-06  loss 0.27212  ce 0.41734  kd 0.12690  train_acc 82.073  val_acc 89.74  (27.7s)
epoch 89/100  lr 2.24e-06  loss 0.27427  ce 0.41431  kd 0.13422  train_acc 82.348  val_acc 89.74  (28.6s)
epoch 90/100  lr 1.96e-06  loss 0.27024  ce 0.41113  kd 0.12935  train_acc 85.304  val_acc 89.16  (27.0s)
epoch 91/100  lr 1.71e-06  loss 0.26639  ce 0.40475  kd 0.12803  train_acc 84.459  val_acc 89.24  (27.2s)
epoch 92/100  lr 1.48e-06  loss 0.27201  ce 0.41727  kd 0.12674  train_acc 83.530  val_acc 89.32  (27.3s)
epoch 93/100  lr 1.28e-06  loss 0.25883  ce 0.39073  kd 0.12693  train_acc 84.227  val_acc 89.57  (26.4s)
epoch 94/100  lr 1.1e-06  loss 0.25971  ce 0.39693  kd 0.12248  train_acc 86.128  val_acc 89.74  (27.9s)
epoch 95/100  lr 9.38e-07  loss 0.27168  ce 0.41636  kd 0.12701  train_acc 82.411  val_acc 89.66  (28.1s)
epoch 96/100  lr 8.05e-07  loss 0.26802  ce 0.41337  kd 0.12268  train_acc 83.045  val_acc 89.82  (27.1s)
epoch 97/100  lr 6.95e-07  loss 0.26579  ce 0.40423  kd 0.12735  train_acc 84.185  val_acc 89.74  (27.7s)
epoch 98/100  lr 6.1e-07  loss 0.27035  ce 0.41283  kd 0.12787  train_acc 83.742  val_acc 89.74  (28.3s)
epoch 99/100  lr 5.49e-07  loss 0.26890  ce 0.41807  kd 0.11973  train_acc 82.116  val_acc 89.74  (27.6s)
epoch 100/100  lr 5.12e-07  loss 0.26737  ce 0.40641  kd 0.12832  train_acc 80.912  val_acc 89.82  (27.5s)
done. final val acc 89.83  best 90.24 @ epoch 85
