
===== 2026-10-03 16:26:26 pid=82499 /home/coder/aim-lab-test-5/stage0/train.py --mode ce --dataset cub --seed 1 --lr 0.0001
run dir: /home/coder/stage0/outputs/cub/ce/seed1
state: new  device: cuda  micro_batch: 128  accum: 1  num_workers: 3
train 5394  val 600  steps/epoch 42
epoch 1/100  lr 1e-06  loss 5.39155  ce 5.39155  kd -  train_acc 0.539  val_acc 0.17  (24.0s)
epoch 2/100  lr 2.08e-05  loss 5.34099  ce 5.34099  kd -  train_acc 0.539  val_acc 0.83  (23.7s)
epoch 3/100  lr 4.06e-05  loss 5.27002  ce 5.27002  kd -  train_acc 1.042  val_acc 2.33  (24.1s)
epoch 4/100  lr 6.04e-05  loss 5.15180  ce 5.15180  kd -  train_acc 2.028  val_acc 8.17  (24.1s)
epoch 5/100  lr 8.02e-05  loss 4.95147  ce 4.95147  kd -  train_acc 4.632  val_acc 19.17  (24.0s)
epoch 6/100  lr 9.94e-05  loss 4.72731  ce 4.72731  kd -  train_acc 7.087  val_acc 30.17  (23.9s)
epoch 7/100  lr 9.91e-05  loss 4.54555  ce 4.54555  kd -  train_acc 11.607  val_acc 36.33  (24.4s)
epoch 8/100  lr 9.88e-05  loss 4.40650  ce 4.40650  kd -  train_acc 13.356  val_acc 41.00  (24.0s)
epoch 9/100  lr 9.84e-05  loss 4.31790  ce 4.31790  kd -  train_acc 15.885  val_acc 44.50  (23.7s)
epoch 10/100  lr 9.8e-05  loss 4.16439  ce 4.16439  kd -  train_acc 19.847  val_acc 50.67  (23.8s)
epoch 11/100  lr 9.76e-05  loss 4.08597  ce 4.08597  kd -  train_acc 20.480  val_acc 55.17  (24.0s)
epoch 12/100  lr 9.71e-05  loss 4.01255  ce 4.01255  kd -  train_acc 27.028  val_acc 53.33  (23.5s)
epoch 13/100  lr 9.65e-05  loss 3.91206  ce 3.91206  kd -  train_acc 22.898  val_acc 58.00  (23.9s)
epoch 14/100  lr 9.59e-05  loss 3.77894  ce 3.77894  kd -  train_acc 27.400  val_acc 59.33  (23.6s)
epoch 15/100  lr 9.53e-05  loss 3.84467  ce 3.84467  kd -  train_acc 30.469  val_acc 63.83  (24.0s)
epoch 16/100  lr 9.46e-05  loss 3.77826  ce 3.77826  kd -  train_acc 21.912  val_acc 62.50  (24.1s)
epoch 17/100  lr 9.39e-05  loss 3.65910  ce 3.65910  kd -  train_acc 29.948  val_acc 65.83  (23.6s)
epoch 18/100  lr 9.31e-05  loss 3.60619  ce 3.60619  kd -  train_acc 29.148  val_acc 67.50  (24.0s)
epoch 19/100  lr 9.23e-05  loss 3.53586  ce 3.53586  kd -  train_acc 31.789  val_acc 68.67  (24.0s)
epoch 20/100  lr 9.14e-05  loss 3.42048  ce 3.42048  kd -  train_acc 28.590  val_acc 67.67  (23.7s)
epoch 21/100  lr 9.05e-05  loss 3.61271  ce 3.61271  kd -  train_acc 30.859  val_acc 69.33  (23.7s)
epoch 22/100  lr 8.96e-05  loss 3.43095  ce 3.43095  kd -  train_acc 30.394  val_acc 69.33  (23.9s)
epoch 23/100  lr 8.86e-05  loss 3.61859  ce 3.61859  kd -  train_acc 33.110  val_acc 70.67  (23.9s)
epoch 24/100  lr 8.76e-05  loss 3.53762  ce 3.53762  kd -  train_acc 34.431  val_acc 69.83  (24.0s)
epoch 25/100  lr 8.66e-05  loss 3.46407  ce 3.46407  kd -  train_acc 34.338  val_acc 70.17  (24.2s)
epoch 26/100  lr 8.55e-05  loss 3.26814  ce 3.26814  kd -  train_acc 34.654  val_acc 72.00  (23.7s)
epoch 27/100  lr 8.44e-05  loss 3.42423  ce 3.42423  kd -  train_acc 35.212  val_acc 71.17  (23.9s)
epoch 28/100  lr 8.32e-05  loss 3.43594  ce 3.43594  kd -  train_acc 31.213  val_acc 72.67  (24.9s)
epoch 29/100  lr 8.21e-05  loss 3.35944  ce 3.35944  kd -  train_acc 39.993  val_acc 73.00  (23.3s)
epoch 30/100  lr 8.08e-05  loss 3.30130  ce 3.30130  kd -  train_acc 32.943  val_acc 74.67  (24.1s)
epoch 31/100  lr 7.96e-05  loss 3.23393  ce 3.23393  kd -  train_acc 38.095  val_acc 73.00  (24.0s)
epoch 32/100  lr 7.83e-05  loss 3.31664  ce 3.31664  kd -  train_acc 36.105  val_acc 73.33  (23.9s)
epoch 33/100  lr 7.7e-05  loss 3.21790  ce 3.21790  kd -  train_acc 41.462  val_acc 73.83  (23.9s)
epoch 34/100  lr 7.57e-05  loss 3.35158  ce 3.35158  kd -  train_acc 35.938  val_acc 75.17  (24.3s)
epoch 35/100  lr 7.43e-05  loss 3.29948  ce 3.29948  kd -  train_acc 35.435  val_acc 76.50  (23.9s)
epoch 36/100  lr 7.3e-05  loss 3.24750  ce 3.24750  kd -  train_acc 36.161  val_acc 75.67  (24.4s)
epoch 37/100  lr 7.16e-05  loss 3.30035  ce 3.30035  kd -  train_acc 41.071  val_acc 76.83  (23.9s)
epoch 38/100  lr 7.02e-05  loss 3.22668  ce 3.22668  kd -  train_acc 34.598  val_acc 77.00  (23.5s)
epoch 39/100  lr 6.87e-05  loss 3.27686  ce 3.27686  kd -  train_acc 31.231  val_acc 76.50  (24.2s)
epoch 40/100  lr 6.73e-05  loss 3.23662  ce 3.23662  kd -  train_acc 44.215  val_acc 75.67  (23.8s)
epoch 41/100  lr 6.58e-05  loss 3.17563  ce 3.17563  kd -  train_acc 40.030  val_acc 77.83  (23.9s)
epoch 42/100  lr 6.43e-05  loss 3.15932  ce 3.15932  kd -  train_acc 36.682  val_acc 77.00  (24.2s)
epoch 43/100  lr 6.28e-05  loss 3.29705  ce 3.29705  kd -  train_acc 41.797  val_acc 78.50  (23.6s)
epoch 44/100  lr 6.13e-05  loss 3.25418  ce 3.25418  kd -  train_acc 35.584  val_acc 77.50  (23.8s)
epoch 45/100  lr 5.98e-05  loss 3.28795  ce 3.28795  kd -  train_acc 35.789  val_acc 77.83  (23.8s)
epoch 46/100  lr 5.82e-05  loss 3.22919  ce 3.22919  kd -  train_acc 33.259  val_acc 77.67  (23.6s)
epoch 47/100  lr 5.67e-05  loss 3.32913  ce 3.32913  kd -  train_acc 27.623  val_acc 77.83  (24.0s)
epoch 48/100  lr 5.52e-05  loss 3.23487  ce 3.23487  kd -  train_acc 35.045  val_acc 78.00  (24.2s)
epoch 49/100  lr 5.36e-05  loss 3.09004  ce 3.09004  kd -  train_acc 39.918  val_acc 78.33  (23.9s)
epoch 50/100  lr 5.21e-05  loss 3.24892  ce 3.24892  kd -  train_acc 30.394  val_acc 79.17  (24.0s)
epoch 51/100  lr 5.05e-05  loss 3.14977  ce 3.14977  kd -  train_acc 39.081  val_acc 78.83  (24.0s)
epoch 52/100  lr 4.89e-05  loss 3.14500  ce 3.14500  kd -  train_acc 37.295  val_acc 78.33  (23.9s)
epoch 53/100  lr 4.74e-05  loss 3.18857  ce 3.18857  kd -  train_acc 35.733  val_acc 79.33  (23.7s)
epoch 54/100  lr 4.58e-05  loss 3.15786  ce 3.15786  kd -  train_acc 41.648  val_acc 80.17  (24.0s)
epoch 55/100  lr 4.43e-05  loss 3.12794  ce 3.12794  kd -  train_acc 36.031  val_acc 79.83  (24.2s)
epoch 56/100  lr 4.28e-05  loss 3.08043  ce 3.08043  kd -  train_acc 42.541  val_acc 80.17  (23.9s)
epoch 57/100  lr 4.12e-05  loss 2.98943  ce 2.98943  kd -  train_acc 44.829  val_acc 80.33  (23.8s)
epoch 58/100  lr 3.97e-05  loss 3.19858  ce 3.19858  kd -  train_acc 41.964  val_acc 79.83  (23.4s)
epoch 59/100  lr 3.82e-05  loss 3.12483  ce 3.12483  kd -  train_acc 33.240  val_acc 80.50  (24.2s)
epoch 60/100  lr 3.67e-05  loss 3.20021  ce 3.20021  kd -  train_acc 34.728  val_acc 80.83  (23.8s)
epoch 61/100  lr 3.52e-05  loss 2.90875  ce 2.90875  kd -  train_acc 47.824  val_acc 80.00  (23.6s)
epoch 62/100  lr 3.37e-05  loss 2.96852  ce 2.96852  kd -  train_acc 38.281  val_acc 81.50  (24.1s)
epoch 63/100  lr 3.23e-05  loss 3.23005  ce 3.23005  kd -  train_acc 40.699  val_acc 80.17  (24.4s)
epoch 64/100  lr 3.08e-05  loss 3.11990  ce 3.11990  kd -  train_acc 47.861  val_acc 81.00  (23.9s)
epoch 65/100  lr 2.94e-05  loss 3.01231  ce 3.01231  kd -  train_acc 38.318  val_acc 81.17  (23.9s)
epoch 66/100  lr 2.8e-05  loss 2.91193  ce 2.91193  kd -  train_acc 44.475  val_acc 81.83  (23.9s)
epoch 67/100  lr 2.67e-05  loss 3.06282  ce 3.06282  kd -  train_acc 39.342  val_acc 81.50  (23.8s)
epoch 68/100  lr 2.53e-05  loss 3.03786  ce 3.03786  kd -  train_acc 41.276  val_acc 80.83  (24.3s)
epoch 69/100  lr 2.4e-05  loss 3.05624  ce 3.05624  kd -  train_acc 43.769  val_acc 80.17  (23.9s)
epoch 70/100  lr 2.27e-05  loss 3.03268  ce 3.03268  kd -  train_acc 40.513  val_acc 80.17  (24.0s)
epoch 71/100  lr 2.14e-05  loss 3.11581  ce 3.11581  kd -  train_acc 41.071  val_acc 80.33  (24.1s)
epoch 72/100  lr 2.02e-05  loss 3.16110  ce 3.16110  kd -  train_acc 38.449  val_acc 81.17  (23.8s)
epoch 73/100  lr 1.89e-05  loss 3.17466  ce 3.17466  kd -  train_acc 38.170  val_acc 80.17  (23.7s)
epoch 74/100  lr 1.78e-05  loss 2.92341  ce 2.92341  kd -  train_acc 43.229  val_acc 81.17  (23.7s)
epoch 75/100  lr 1.66e-05  loss 3.05571  ce 3.05571  kd -  train_acc 52.158  val_acc 80.83  (23.6s)
epoch 76/100  lr 1.55e-05  loss 2.98160  ce 2.98160  kd -  train_acc 44.810  val_acc 81.00  (23.7s)
epoch 77/100  lr 1.44e-05  loss 3.02193  ce 3.02193  kd -  train_acc 49.647  val_acc 81.50  (24.2s)
epoch 78/100  lr 1.34e-05  loss 3.07582  ce 3.07582  kd -  train_acc 39.137  val_acc 80.83  (24.0s)
epoch 79/100  lr 1.24e-05  loss 2.97041  ce 2.97041  kd -  train_acc 47.414  val_acc 81.33  (23.9s)
epoch 80/100  lr 1.14e-05  loss 3.00032  ce 3.00032  kd -  train_acc 46.373  val_acc 81.00  (24.3s)
epoch 81/100  lr 1.05e-05  loss 3.13276  ce 3.13276  kd -  train_acc 39.379  val_acc 81.50  (24.0s)
epoch 82/100  lr 9.56e-06  loss 3.07063  ce 3.07063  kd -  train_acc 41.964  val_acc 80.67  (23.9s)
epoch 83/100  lr 8.71e-06  loss 2.97839  ce 2.97839  kd -  train_acc 47.080  val_acc 80.83  (24.2s)
epoch 84/100  lr 7.89e-06  loss 2.95794  ce 2.95794  kd -  train_acc 42.504  val_acc 81.00  (23.7s)
epoch 85/100  lr 7.12e-06  loss 2.99526  ce 2.99526  kd -  train_acc 46.187  val_acc 80.67  (23.8s)
epoch 86/100  lr 6.4e-06  loss 2.98523  ce 2.98523  kd -  train_acc 44.568  val_acc 81.33  (24.0s)
epoch 87/100  lr 5.71e-06  loss 2.93870  ce 2.93870  kd -  train_acc 40.290  val_acc 80.67  (23.9s)
epoch 88/100  lr 5.07e-06  loss 3.06544  ce 3.06544  kd -  train_acc 39.416  val_acc 80.50  (23.5s)
epoch 89/100  lr 4.48e-06  loss 3.04122  ce 3.04122  kd -  train_acc 38.486  val_acc 81.17  (24.1s)
epoch 90/100  lr 3.93e-06  loss 2.97894  ce 2.97894  kd -  train_acc 49.349  val_acc 80.50  (23.7s)
epoch 91/100  lr 3.42e-06  loss 2.93642  ce 2.93642  kd -  train_acc 46.317  val_acc 80.50  (24.0s)
epoch 92/100  lr 2.97e-06  loss 3.08047  ce 3.08047  kd -  train_acc 43.378  val_acc 81.00  (24.7s)
epoch 93/100  lr 2.56e-06  loss 2.87317  ce 2.87317  kd -  train_acc 45.164  val_acc 80.83  (23.8s)
epoch 94/100  lr 2.19e-06  loss 2.92853  ce 2.92853  kd -  train_acc 46.094  val_acc 81.17  (24.2s)
epoch 95/100  lr 1.88e-06  loss 3.08392  ce 3.08392  kd -  train_acc 40.253  val_acc 81.00  (24.0s)
epoch 96/100  lr 1.61e-06  loss 3.02503  ce 3.02503  kd -  train_acc 42.020  val_acc 81.00  (23.4s)
epoch 97/100  lr 1.39e-06  loss 2.98590  ce 2.98590  kd -  train_acc 45.089  val_acc 81.00  (23.9s)
epoch 98/100  lr 1.22e-06  loss 3.02525  ce 3.02525  kd -  train_acc 47.396  val_acc 81.17  (24.2s)
epoch 99/100  lr 1.1e-06  loss 3.04327  ce 3.04327  kd -  train_acc 40.551  val_acc 81.17  (23.7s)
epoch 100/100  lr 1.02e-06  loss 2.95579  ce 2.95579  kd -  train_acc 37.277  val_acc 81.17  (23.8s)
done. final val acc 81.17  best 81.83 @ epoch 66
