
===== 2026-10-04 03:48:18 pid=232743 /home/coder/aim-lab-stage12/stage0/train.py --mode maskedkd --mask-criterion random --keep 0.5 --dataset cub --seed 2 --lr 0.0001
run dir: /home/coder/stage0/outputs/cub/random_k0.5/seed2
state: new  device: cuda  micro_batch: 128  accum: 1  num_workers: 3
train 5394  val 600  steps/epoch 42
teacher: /home/coder/stage0/outputs/cub/teacher/seed0/best.pt (epoch 25, val acc 86.33)
epoch 1/100  lr 1e-06  loss 4.21505  ce 5.39677  kd 3.03333  train_acc 0.484  val_acc 0.00  (29.3s)
epoch 2/100  lr 2.08e-05  loss 4.05985  ce 5.34284  kd 2.77687  train_acc 0.651  val_acc 0.33  (30.3s)
epoch 3/100  lr 4.06e-05  loss 4.01695  ce 5.27201  kd 2.76189  train_acc 1.283  val_acc 1.83  (29.4s)
epoch 4/100  lr 6.04e-05  loss 3.90513  ce 5.11508  kd 2.69519  train_acc 3.051  val_acc 11.33  (30.2s)
epoch 5/100  lr 8.02e-05  loss 3.57117  ce 4.82501  kd 2.31733  train_acc 6.455  val_acc 19.17  (29.7s)
epoch 6/100  lr 9.94e-05  loss 3.29945  ce 4.60501  kd 1.99390  train_acc 10.026  val_acc 30.33  (29.7s)
epoch 7/100  lr 9.91e-05  loss 3.07081  ce 4.33386  kd 1.80776  train_acc 13.263  val_acc 39.17  (30.1s)
epoch 8/100  lr 9.88e-05  loss 2.90018  ce 4.18661  kd 1.61374  train_acc 17.653  val_acc 46.67  (30.3s)
epoch 9/100  lr 9.84e-05  loss 2.77103  ce 4.06972  kd 1.47234  train_acc 18.341  val_acc 48.50  (29.9s)
epoch 10/100  lr 9.8e-05  loss 2.69718  ce 4.07538  kd 1.31898  train_acc 23.121  val_acc 52.50  (29.8s)
epoch 11/100  lr 9.76e-05  loss 2.57499  ce 3.87596  kd 1.27401  train_acc 21.410  val_acc 57.50  (30.0s)
epoch 12/100  lr 9.71e-05  loss 2.58561  ce 3.97842  kd 1.19281  train_acc 22.935  val_acc 59.00  (30.0s)
epoch 13/100  lr 9.65e-05  loss 2.51426  ce 3.91576  kd 1.11276  train_acc 25.056  val_acc 63.17  (30.5s)
epoch 14/100  lr 9.59e-05  loss 2.42013  ce 3.75026  kd 1.09001  train_acc 28.553  val_acc 62.17  (29.4s)
epoch 15/100  lr 9.53e-05  loss 2.40353  ce 3.77589  kd 1.03116  train_acc 26.302  val_acc 66.17  (29.7s)
epoch 16/100  lr 9.46e-05  loss 2.32240  ce 3.63932  kd 1.00548  train_acc 24.777  val_acc 65.83  (29.8s)
epoch 17/100  lr 9.39e-05  loss 2.28754  ce 3.59378  kd 0.98130  train_acc 32.738  val_acc 66.00  (30.1s)
epoch 18/100  lr 9.31e-05  loss 2.29674  ce 3.67400  kd 0.91947  train_acc 31.882  val_acc 67.83  (30.0s)
epoch 19/100  lr 9.23e-05  loss 2.28071  ce 3.65094  kd 0.91049  train_acc 30.376  val_acc 71.00  (30.4s)
epoch 20/100  lr 9.14e-05  loss 2.20646  ce 3.53323  kd 0.87969  train_acc 28.553  val_acc 69.33  (29.7s)
epoch 21/100  lr 9.05e-05  loss 2.17337  ce 3.47992  kd 0.86681  train_acc 30.562  val_acc 70.67  (29.9s)
epoch 22/100  lr 8.96e-05  loss 2.17211  ce 3.49334  kd 0.85087  train_acc 34.394  val_acc 71.33  (30.2s)
epoch 23/100  lr 8.86e-05  loss 2.17413  ce 3.53089  kd 0.81738  train_acc 33.650  val_acc 73.67  (29.1s)
epoch 24/100  lr 8.76e-05  loss 2.13435  ce 3.45315  kd 0.81555  train_acc 34.580  val_acc 73.00  (29.5s)
epoch 25/100  lr 8.66e-05  loss 2.11776  ce 3.45391  kd 0.78160  train_acc 33.203  val_acc 74.83  (29.7s)
epoch 26/100  lr 8.55e-05  loss 2.06124  ce 3.34293  kd 0.77955  train_acc 33.278  val_acc 73.50  (29.5s)
epoch 27/100  lr 8.44e-05  loss 2.17301  ce 3.56163  kd 0.78440  train_acc 36.905  val_acc 73.00  (30.1s)
epoch 28/100  lr 8.32e-05  loss 2.08893  ce 3.40140  kd 0.77647  train_acc 36.756  val_acc 74.17  (30.1s)
epoch 29/100  lr 8.21e-05  loss 2.06022  ce 3.36314  kd 0.75729  train_acc 30.822  val_acc 75.83  (30.2s)
epoch 30/100  lr 8.08e-05  loss 1.96778  ce 3.20808  kd 0.72748  train_acc 40.606  val_acc 76.50  (29.0s)
epoch 31/100  lr 7.96e-05  loss 2.04101  ce 3.34335  kd 0.73866  train_acc 29.967  val_acc 76.67  (29.9s)
epoch 32/100  lr 7.83e-05  loss 2.02677  ce 3.30925  kd 0.74429  train_acc 33.464  val_acc 75.50  (30.2s)
epoch 33/100  lr 7.7e-05  loss 2.04115  ce 3.36488  kd 0.71743  train_acc 37.109  val_acc 77.67  (30.1s)
epoch 34/100  lr 7.57e-05  loss 2.00684  ce 3.29081  kd 0.72288  train_acc 44.010  val_acc 75.83  (30.8s)
epoch 35/100  lr 7.43e-05  loss 1.93949  ce 3.17780  kd 0.70117  train_acc 43.285  val_acc 76.17  (30.9s)
epoch 36/100  lr 7.3e-05  loss 1.89233  ce 3.09481  kd 0.68986  train_acc 34.059  val_acc 77.00  (30.1s)
epoch 37/100  lr 7.16e-05  loss 1.97528  ce 3.24383  kd 0.70672  train_acc 37.649  val_acc 78.17  (30.6s)
epoch 38/100  lr 7.02e-05  loss 1.95394  ce 3.21915  kd 0.68872  train_acc 40.755  val_acc 78.83  (30.3s)
epoch 39/100  lr 6.87e-05  loss 2.00885  ce 3.31445  kd 0.70325  train_acc 44.959  val_acc 76.33  (30.4s)
epoch 40/100  lr 6.73e-05  loss 2.03570  ce 3.36769  kd 0.70370  train_acc 35.658  val_acc 78.17  (30.5s)
epoch 41/100  lr 6.58e-05  loss 1.98047  ce 3.27775  kd 0.68319  train_acc 38.356  val_acc 79.33  (30.5s)
epoch 42/100  lr 6.43e-05  loss 2.00603  ce 3.32173  kd 0.69034  train_acc 41.109  val_acc 77.83  (30.7s)
epoch 43/100  lr 6.28e-05  loss 1.92274  ce 3.18147  kd 0.66401  train_acc 36.403  val_acc 78.83  (30.1s)
epoch 44/100  lr 6.13e-05  loss 2.00619  ce 3.32718  kd 0.68520  train_acc 39.844  val_acc 78.17  (29.4s)
epoch 45/100  lr 5.98e-05  loss 1.97205  ce 3.27086  kd 0.67323  train_acc 33.296  val_acc 80.00  (30.4s)
epoch 46/100  lr 5.82e-05  loss 1.98780  ce 3.29593  kd 0.67966  train_acc 33.371  val_acc 79.83  (30.2s)
epoch 47/100  lr 5.67e-05  loss 1.93372  ce 3.20897  kd 0.65847  train_acc 41.016  val_acc 78.83  (30.4s)
epoch 48/100  lr 5.52e-05  loss 1.95648  ce 3.23459  kd 0.67837  train_acc 36.756  val_acc 79.00  (30.9s)
epoch 49/100  lr 5.36e-05  loss 1.92822  ce 3.20581  kd 0.65062  train_acc 39.639  val_acc 79.33  (31.5s)
epoch 50/100  lr 5.21e-05  loss 1.89745  ce 3.15137  kd 0.64353  train_acc 35.882  val_acc 79.50  (30.9s)
epoch 51/100  lr 5.05e-05  loss 1.96260  ce 3.26855  kd 0.65665  train_acc 43.880  val_acc 80.00  (31.0s)
epoch 52/100  lr 4.89e-05  loss 1.88498  ce 3.12265  kd 0.64730  train_acc 42.876  val_acc 81.00  (30.8s)
epoch 53/100  lr 4.74e-05  loss 1.97104  ce 3.28277  kd 0.65930  train_acc 33.817  val_acc 79.83  (30.6s)
epoch 54/100  lr 4.58e-05  loss 1.90111  ce 3.15765  kd 0.64457  train_acc 42.708  val_acc 79.00  (30.9s)
epoch 55/100  lr 4.43e-05  loss 1.88473  ce 3.12327  kd 0.64619  train_acc 39.788  val_acc 80.67  (30.6s)
epoch 56/100  lr 4.28e-05  loss 1.88286  ce 3.13006  kd 0.63566  train_acc 38.783  val_acc 80.83  (30.9s)
epoch 57/100  lr 4.12e-05  loss 1.91493  ce 3.19636  kd 0.63350  train_acc 42.932  val_acc 80.33  (30.7s)
epoch 58/100  lr 3.97e-05  loss 1.92867  ce 3.21542  kd 0.64191  train_acc 47.098  val_acc 80.00  (30.6s)
epoch 59/100  lr 3.82e-05  loss 1.84672  ce 3.05848  kd 0.63496  train_acc 43.341  val_acc 80.17  (30.4s)
epoch 60/100  lr 3.67e-05  loss 1.86680  ce 3.10297  kd 0.63063  train_acc 43.973  val_acc 80.50  (31.3s)
epoch 61/100  lr 3.52e-05  loss 1.84709  ce 3.06820  kd 0.62598  train_acc 45.052  val_acc 81.00  (30.6s)
epoch 62/100  lr 3.37e-05  loss 1.83232  ce 3.04699  kd 0.61765  train_acc 35.900  val_acc 80.83  (31.0s)
epoch 63/100  lr 3.23e-05  loss 1.84209  ce 3.07072  kd 0.61347  train_acc 38.597  val_acc 80.33  (30.5s)
epoch 64/100  lr 3.08e-05  loss 1.87766  ce 3.11572  kd 0.63960  train_acc 34.133  val_acc 80.67  (30.2s)
epoch 65/100  lr 2.94e-05  loss 1.80600  ce 3.00196  kd 0.61003  train_acc 37.370  val_acc 81.67  (29.7s)
epoch 66/100  lr 2.8e-05  loss 1.88792  ce 3.14096  kd 0.63487  train_acc 34.859  val_acc 81.83  (29.8s)
epoch 67/100  lr 2.67e-05  loss 1.81987  ce 3.02529  kd 0.61444  train_acc 41.667  val_acc 81.50  (30.6s)
epoch 68/100  lr 2.53e-05  loss 1.79548  ce 2.97802  kd 0.61293  train_acc 33.891  val_acc 81.00  (30.3s)
epoch 69/100  lr 2.4e-05  loss 1.75744  ce 2.90685  kd 0.60803  train_acc 47.582  val_acc 81.67  (30.6s)
epoch 70/100  lr 2.27e-05  loss 1.83787  ce 3.06644  kd 0.60931  train_acc 42.355  val_acc 81.67  (30.8s)
epoch 71/100  lr 2.14e-05  loss 1.83126  ce 3.05930  kd 0.60322  train_acc 48.010  val_acc 81.00  (30.7s)
epoch 72/100  lr 2.02e-05  loss 1.75321  ce 2.91230  kd 0.59411  train_acc 34.338  val_acc 81.00  (30.6s)
epoch 73/100  lr 1.89e-05  loss 1.82168  ce 3.02989  kd 0.61347  train_acc 39.974  val_acc 80.67  (30.9s)
epoch 74/100  lr 1.78e-05  loss 1.95421  ce 3.27653  kd 0.63189  train_acc 39.156  val_acc 81.17  (30.2s)
epoch 75/100  lr 1.66e-05  loss 1.85978  ce 3.10015  kd 0.61941  train_acc 39.360  val_acc 81.67  (30.7s)
epoch 76/100  lr 1.55e-05  loss 1.91184  ce 3.19646  kd 0.62721  train_acc 37.928  val_acc 80.83  (30.9s)
epoch 77/100  lr 1.44e-05  loss 1.88583  ce 3.15012  kd 0.62153  train_acc 40.365  val_acc 81.17  (30.1s)
epoch 78/100  lr 1.34e-05  loss 1.88672  ce 3.16469  kd 0.60875  train_acc 39.565  val_acc 81.17  (30.7s)
epoch 79/100  lr 1.24e-05  loss 1.91775  ce 3.19785  kd 0.63765  train_acc 41.202  val_acc 81.67  (29.9s)
epoch 80/100  lr 1.14e-05  loss 1.73471  ce 2.88296  kd 0.58646  train_acc 40.792  val_acc 81.83  (30.2s)
epoch 81/100  lr 1.05e-05  loss 1.90434  ce 3.18627  kd 0.62241  train_acc 32.292  val_acc 82.33  (29.9s)
epoch 82/100  lr 9.56e-06  loss 1.96713  ce 3.27902  kd 0.65523  train_acc 41.016  val_acc 82.33  (30.5s)
epoch 83/100  lr 8.71e-06  loss 1.93223  ce 3.23145  kd 0.63301  train_acc 36.886  val_acc 82.17  (30.9s)
epoch 84/100  lr 7.89e-06  loss 1.83200  ce 3.04378  kd 0.62021  train_acc 51.842  val_acc 82.00  (30.3s)
epoch 85/100  lr 7.12e-06  loss 1.86389  ce 3.11409  kd 0.61368  train_acc 40.141  val_acc 82.33  (30.1s)
epoch 86/100  lr 6.4e-06  loss 1.84571  ce 3.08455  kd 0.60688  train_acc 38.393  val_acc 82.17  (30.3s)
epoch 87/100  lr 5.71e-06  loss 1.82537  ce 3.03965  kd 0.61109  train_acc 44.234  val_acc 81.83  (30.0s)
epoch 88/100  lr 5.07e-06  loss 1.90267  ce 3.17015  kd 0.63518  train_acc 42.615  val_acc 82.00  (30.2s)
epoch 89/100  lr 4.48e-06  loss 1.75998  ce 2.92987  kd 0.59009  train_acc 39.490  val_acc 82.00  (29.8s)
epoch 90/100  lr 3.93e-06  loss 1.82501  ce 3.04037  kd 0.60965  train_acc 52.344  val_acc 82.17  (30.4s)
epoch 91/100  lr 3.42e-06  loss 1.70108  ce 2.82922  kd 0.57295  train_acc 36.477  val_acc 82.50  (29.9s)
epoch 92/100  lr 2.97e-06  loss 1.86614  ce 3.12308  kd 0.60921  train_acc 41.908  val_acc 82.83  (29.5s)
epoch 93/100  lr 2.56e-06  loss 1.92065  ce 3.20809  kd 0.63322  train_acc 38.467  val_acc 82.67  (29.8s)
epoch 94/100  lr 2.19e-06  loss 1.86314  ce 3.10614  kd 0.62014  train_acc 34.431  val_acc 82.67  (29.8s)
epoch 95/100  lr 1.88e-06  loss 1.88361  ce 3.14568  kd 0.62154  train_acc 37.872  val_acc 82.17  (30.0s)
epoch 96/100  lr 1.61e-06  loss 1.75140  ce 2.91718  kd 0.58562  train_acc 43.304  val_acc 82.67  (29.2s)
epoch 97/100  lr 1.39e-06  loss 1.83247  ce 3.05516  kd 0.60978  train_acc 40.551  val_acc 82.33  (29.8s)
epoch 98/100  lr 1.22e-06  loss 1.74127  ce 2.89408  kd 0.58846  train_acc 40.737  val_acc 82.00  (29.6s)
epoch 99/100  lr 1.1e-06  loss 1.88260  ce 3.14853  kd 0.61667  train_acc 41.629  val_acc 82.17  (30.2s)
epoch 100/100  lr 1.02e-06  loss 1.77498  ce 2.96091  kd 0.58904  train_acc 43.824  val_acc 81.83  (28.7s)
done. final val acc 81.83  best 82.83 @ epoch 92
