
===== 2026-10-04 02:05:22 pid=190193 /home/coder/aim-lab-stage12/stage0/train.py --mode maskedkd --mask-criterion maskedkd --keep 0.3 --dataset cub --seed 0 --lr 0.0001
run dir: /home/coder/stage0/outputs/cub/maskedkd_k0.3/seed0
state: new  device: cuda  micro_batch: 128  accum: 1  num_workers: 3
train 5394  val 600  steps/epoch 42
teacher: /home/coder/stage0/outputs/cub/teacher/seed0/best.pt (epoch 25, val acc 86.33)
epoch 1/100  lr 1e-06  loss 3.96900  ce 5.39476  kd 2.54324  train_acc 0.409  val_acc 0.50  (33.3s)
epoch 2/100  lr 2.08e-05  loss 3.95423  ce 5.33946  kd 2.56901  train_acc 0.707  val_acc 1.83  (31.8s)
epoch 3/100  lr 4.06e-05  loss 3.87915  ce 5.25450  kd 2.50380  train_acc 1.358  val_acc 4.00  (33.3s)
epoch 4/100  lr 6.04e-05  loss 3.72673  ce 5.10613  kd 2.34732  train_acc 3.534  val_acc 13.33  (32.7s)
epoch 5/100  lr 8.02e-05  loss 3.47633  ce 4.82123  kd 2.13143  train_acc 7.254  val_acc 22.83  (32.3s)
epoch 6/100  lr 9.94e-05  loss 3.24496  ce 4.58278  kd 1.90715  train_acc 10.882  val_acc 30.67  (32.4s)
epoch 7/100  lr 9.91e-05  loss 3.05982  ce 4.35385  kd 1.76579  train_acc 15.458  val_acc 41.17  (32.5s)
epoch 8/100  lr 9.88e-05  loss 2.92991  ce 4.30004  kd 1.55979  train_acc 15.699  val_acc 46.33  (32.4s)
epoch 9/100  lr 9.84e-05  loss 2.80794  ce 4.16771  kd 1.44817  train_acc 19.438  val_acc 49.33  (32.5s)
epoch 10/100  lr 9.8e-05  loss 2.70313  ce 4.04877  kd 1.35748  train_acc 21.987  val_acc 52.33  (32.1s)
epoch 11/100  lr 9.76e-05  loss 2.60297  ce 3.92909  kd 1.27684  train_acc 20.945  val_acc 56.33  (31.9s)
epoch 12/100  lr 9.71e-05  loss 2.58127  ce 3.96340  kd 1.19914  train_acc 26.600  val_acc 57.67  (32.2s)
epoch 13/100  lr 9.65e-05  loss 2.53882  ce 3.93869  kd 1.13896  train_acc 23.847  val_acc 58.50  (32.4s)
epoch 14/100  lr 9.59e-05  loss 2.45889  ce 3.80705  kd 1.11074  train_acc 28.069  val_acc 61.67  (31.7s)
epoch 15/100  lr 9.53e-05  loss 2.41865  ce 3.77039  kd 1.06690  train_acc 30.171  val_acc 65.83  (31.5s)
epoch 16/100  lr 9.46e-05  loss 2.28751  ce 3.55411  kd 1.02090  train_acc 29.632  val_acc 69.00  (32.1s)
epoch 17/100  lr 9.39e-05  loss 2.34300  ce 3.70277  kd 0.98324  train_acc 31.659  val_acc 68.50  (31.7s)
epoch 18/100  lr 9.31e-05  loss 2.27524  ce 3.60251  kd 0.94797  train_acc 31.752  val_acc 69.00  (31.4s)
epoch 19/100  lr 9.23e-05  loss 2.27757  ce 3.62632  kd 0.92883  train_acc 29.613  val_acc 71.67  (32.0s)
epoch 20/100  lr 9.14e-05  loss 2.24816  ce 3.59702  kd 0.89930  train_acc 34.803  val_acc 71.50  (32.1s)
epoch 21/100  lr 9.05e-05  loss 2.25389  ce 3.61634  kd 0.89143  train_acc 36.719  val_acc 72.00  (31.8s)
epoch 22/100  lr 8.96e-05  loss 2.17229  ce 3.47179  kd 0.87278  train_acc 32.422  val_acc 72.33  (31.5s)
epoch 23/100  lr 8.86e-05  loss 2.22876  ce 3.59092  kd 0.86660  train_acc 27.548  val_acc 72.50  (31.5s)
epoch 24/100  lr 8.76e-05  loss 2.12708  ce 3.40857  kd 0.84560  train_acc 31.083  val_acc 74.17  (31.5s)
epoch 25/100  lr 8.66e-05  loss 2.18316  ce 3.52206  kd 0.84426  train_acc 34.970  val_acc 73.50  (31.2s)
epoch 26/100  lr 8.55e-05  loss 2.12073  ce 3.42720  kd 0.81426  train_acc 39.025  val_acc 74.83  (31.8s)
epoch 27/100  lr 8.44e-05  loss 2.08647  ce 3.40008  kd 0.77286  train_acc 34.394  val_acc 74.83  (31.9s)
epoch 28/100  lr 8.32e-05  loss 2.15300  ce 3.50630  kd 0.79970  train_acc 31.194  val_acc 75.50  (32.1s)
epoch 29/100  lr 8.21e-05  loss 2.11339  ce 3.43818  kd 0.78860  train_acc 34.989  val_acc 77.83  (31.3s)
epoch 30/100  lr 8.08e-05  loss 2.09981  ce 3.43398  kd 0.76563  train_acc 34.170  val_acc 75.50  (31.5s)
epoch 31/100  lr 7.96e-05  loss 2.02620  ce 3.31309  kd 0.73931  train_acc 25.316  val_acc 76.00  (32.1s)
epoch 32/100  lr 7.83e-05  loss 2.04328  ce 3.33674  kd 0.74982  train_acc 32.347  val_acc 75.33  (31.7s)
epoch 33/100  lr 7.7e-05  loss 1.99647  ce 3.26724  kd 0.72569  train_acc 36.421  val_acc 75.83  (32.0s)
epoch 34/100  lr 7.57e-05  loss 2.00891  ce 3.27981  kd 0.73802  train_acc 23.791  val_acc 75.83  (31.2s)
epoch 35/100  lr 7.43e-05  loss 2.01087  ce 3.27625  kd 0.74549  train_acc 33.389  val_acc 77.00  (32.2s)
epoch 36/100  lr 7.3e-05  loss 2.04698  ce 3.35365  kd 0.74032  train_acc 39.993  val_acc 77.17  (32.0s)
epoch 37/100  lr 7.16e-05  loss 2.02736  ce 3.32708  kd 0.72764  train_acc 37.612  val_acc 77.83  (31.3s)
epoch 38/100  lr 7.02e-05  loss 1.99638  ce 3.26042  kd 0.73234  train_acc 35.342  val_acc 77.00  (31.1s)
epoch 39/100  lr 6.87e-05  loss 2.01570  ce 3.30325  kd 0.72815  train_acc 37.835  val_acc 78.33  (31.7s)
epoch 40/100  lr 6.73e-05  loss 1.99072  ce 3.26741  kd 0.71403  train_acc 36.477  val_acc 78.17  (31.6s)
epoch 41/100  lr 6.58e-05  loss 2.04268  ce 3.34665  kd 0.73872  train_acc 40.402  val_acc 79.33  (31.4s)
epoch 42/100  lr 6.43e-05  loss 1.98150  ce 3.24319  kd 0.71981  train_acc 35.082  val_acc 79.50  (31.5s)
epoch 43/100  lr 6.28e-05  loss 1.91265  ce 3.14238  kd 0.68291  train_acc 35.807  val_acc 77.83  (31.4s)
epoch 44/100  lr 6.13e-05  loss 1.98115  ce 3.26770  kd 0.69459  train_acc 36.124  val_acc 79.50  (31.6s)
epoch 45/100  lr 5.98e-05  loss 1.97520  ce 3.23777  kd 0.71264  train_acc 39.676  val_acc 79.33  (30.3s)
epoch 46/100  lr 5.82e-05  loss 1.98533  ce 3.26760  kd 0.70307  train_acc 37.314  val_acc 78.67  (31.3s)
epoch 47/100  lr 5.67e-05  loss 2.06004  ce 3.40545  kd 0.71464  train_acc 33.017  val_acc 80.00  (31.1s)
epoch 48/100  lr 5.52e-05  loss 1.91804  ce 3.14112  kd 0.69495  train_acc 42.653  val_acc 79.17  (31.1s)
epoch 49/100  lr 5.36e-05  loss 1.97663  ce 3.26317  kd 0.69009  train_acc 42.188  val_acc 78.67  (30.7s)
epoch 50/100  lr 5.21e-05  loss 1.88835  ce 3.10273  kd 0.67398  train_acc 39.993  val_acc 79.17  (30.5s)
epoch 51/100  lr 5.05e-05  loss 1.87508  ce 3.08706  kd 0.66311  train_acc 43.527  val_acc 79.50  (31.4s)
epoch 52/100  lr 4.89e-05  loss 2.01976  ce 3.34411  kd 0.69541  train_acc 34.301  val_acc 80.83  (30.5s)
epoch 53/100  lr 4.74e-05  loss 1.98457  ce 3.27653  kd 0.69262  train_acc 31.585  val_acc 79.67  (30.9s)
epoch 54/100  lr 4.58e-05  loss 1.97359  ce 3.24575  kd 0.70143  train_acc 28.609  val_acc 81.17  (31.0s)
epoch 55/100  lr 4.43e-05  loss 1.94321  ce 3.21609  kd 0.67033  train_acc 36.700  val_acc 79.67  (30.7s)
epoch 56/100  lr 4.28e-05  loss 1.91425  ce 3.16252  kd 0.66597  train_acc 39.174  val_acc 81.00  (31.3s)
epoch 57/100  lr 4.12e-05  loss 1.94068  ce 3.19702  kd 0.68435  train_acc 40.420  val_acc 80.17  (30.6s)
epoch 58/100  lr 3.97e-05  loss 1.89229  ce 3.11599  kd 0.66860  train_acc 36.496  val_acc 80.83  (30.2s)
epoch 59/100  lr 3.82e-05  loss 1.90976  ce 3.15398  kd 0.66554  train_acc 40.048  val_acc 81.67  (30.4s)
epoch 60/100  lr 3.67e-05  loss 2.01929  ce 3.34114  kd 0.69745  train_acc 38.579  val_acc 80.83  (30.8s)
epoch 61/100  lr 3.52e-05  loss 1.98142  ce 3.26420  kd 0.69864  train_acc 44.457  val_acc 80.33  (30.8s)
epoch 62/100  lr 3.37e-05  loss 1.87374  ce 3.10321  kd 0.64428  train_acc 36.979  val_acc 81.17  (30.8s)
epoch 63/100  lr 3.23e-05  loss 1.95360  ce 3.22599  kd 0.68121  train_acc 40.718  val_acc 81.50  (29.8s)
epoch 64/100  lr 3.08e-05  loss 1.88603  ce 3.11652  kd 0.65555  train_acc 38.653  val_acc 81.33  (31.0s)
epoch 65/100  lr 2.94e-05  loss 1.72638  ce 2.82662  kd 0.62614  train_acc 40.234  val_acc 80.83  (30.5s)
epoch 66/100  lr 2.8e-05  loss 1.94207  ce 3.20245  kd 0.68170  train_acc 41.574  val_acc 81.17  (31.0s)
epoch 67/100  lr 2.67e-05  loss 1.90713  ce 3.15081  kd 0.66344  train_acc 45.275  val_acc 81.83  (30.6s)
epoch 68/100  lr 2.53e-05  loss 1.92689  ce 3.17989  kd 0.67388  train_acc 43.266  val_acc 81.67  (30.9s)
epoch 69/100  lr 2.4e-05  loss 1.87926  ce 3.09289  kd 0.66563  train_acc 36.570  val_acc 81.17  (30.1s)
epoch 70/100  lr 2.27e-05  loss 1.88876  ce 3.11370  kd 0.66381  train_acc 34.877  val_acc 80.83  (31.2s)
epoch 71/100  lr 2.14e-05  loss 1.92489  ce 3.18504  kd 0.66475  train_acc 36.533  val_acc 81.83  (30.7s)
epoch 72/100  lr 2.02e-05  loss 1.84190  ce 3.03322  kd 0.65058  train_acc 37.351  val_acc 81.67  (30.5s)
epoch 73/100  lr 1.89e-05  loss 1.90406  ce 3.15951  kd 0.64860  train_acc 40.439  val_acc 81.17  (30.6s)
epoch 74/100  lr 1.78e-05  loss 1.87925  ce 3.11083  kd 0.64767  train_acc 38.430  val_acc 81.33  (30.6s)
epoch 75/100  lr 1.66e-05  loss 1.87357  ce 3.08871  kd 0.65844  train_acc 32.217  val_acc 81.00  (30.5s)
epoch 76/100  lr 1.55e-05  loss 1.85843  ce 3.06244  kd 0.65443  train_acc 47.191  val_acc 81.67  (30.7s)
epoch 77/100  lr 1.44e-05  loss 1.84231  ce 3.03151  kd 0.65311  train_acc 40.365  val_acc 81.33  (30.4s)
epoch 78/100  lr 1.34e-05  loss 1.83125  ce 3.01068  kd 0.65182  train_acc 47.117  val_acc 81.83  (30.4s)
epoch 79/100  lr 1.24e-05  loss 1.94434  ce 3.21447  kd 0.67422  train_acc 33.054  val_acc 81.17  (30.2s)
epoch 80/100  lr 1.14e-05  loss 1.91460  ce 3.16434  kd 0.66487  train_acc 41.722  val_acc 81.17  (30.2s)
epoch 81/100  lr 1.05e-05  loss 1.90306  ce 3.13868  kd 0.66744  train_acc 42.857  val_acc 81.83  (30.1s)
epoch 82/100  lr 9.56e-06  loss 1.86451  ce 3.07283  kd 0.65619  train_acc 43.043  val_acc 80.17  (30.5s)
epoch 83/100  lr 8.71e-06  loss 1.88289  ce 3.11102  kd 0.65475  train_acc 35.826  val_acc 81.33  (29.8s)
epoch 84/100  lr 7.89e-06  loss 1.80617  ce 2.97527  kd 0.63707  train_acc 40.606  val_acc 81.67  (30.7s)
epoch 85/100  lr 7.12e-06  loss 1.87557  ce 3.10295  kd 0.64818  train_acc 37.519  val_acc 81.50  (30.4s)
epoch 86/100  lr 6.4e-06  loss 1.85932  ce 3.06216  kd 0.65648  train_acc 38.876  val_acc 81.83  (30.4s)
epoch 87/100  lr 5.71e-06  loss 1.90293  ce 3.14519  kd 0.66066  train_acc 42.336  val_acc 82.17  (30.3s)
epoch 88/100  lr 5.07e-06  loss 1.93523  ce 3.21392  kd 0.65653  train_acc 39.397  val_acc 82.17  (30.5s)
epoch 89/100  lr 4.48e-06  loss 1.88983  ce 3.12187  kd 0.65780  train_acc 42.243  val_acc 82.17  (30.7s)
epoch 90/100  lr 3.93e-06  loss 1.85127  ce 3.05545  kd 0.64708  train_acc 37.705  val_acc 82.00  (30.7s)
epoch 91/100  lr 3.42e-06  loss 1.82830  ce 3.01352  kd 0.64307  train_acc 39.249  val_acc 82.17  (30.0s)
epoch 92/100  lr 2.97e-06  loss 1.92637  ce 3.18632  kd 0.66642  train_acc 35.993  val_acc 82.00  (29.9s)
epoch 93/100  lr 2.56e-06  loss 1.82542  ce 3.01535  kd 0.63550  train_acc 47.470  val_acc 82.67  (30.3s)
epoch 94/100  lr 2.19e-06  loss 1.83670  ce 3.03262  kd 0.64079  train_acc 42.932  val_acc 82.50  (30.4s)
epoch 95/100  lr 1.88e-06  loss 1.88746  ce 3.11717  kd 0.65776  train_acc 38.151  val_acc 82.50  (30.0s)
epoch 96/100  lr 1.61e-06  loss 1.92399  ce 3.18998  kd 0.65801  train_acc 42.336  val_acc 82.33  (29.9s)
epoch 97/100  lr 1.39e-06  loss 1.86801  ce 3.09014  kd 0.64588  train_acc 37.481  val_acc 82.83  (29.9s)
epoch 98/100  lr 1.22e-06  loss 1.83942  ce 3.02871  kd 0.65013  train_acc 46.001  val_acc 82.67  (30.4s)
epoch 99/100  lr 1.1e-06  loss 1.88188  ce 3.09807  kd 0.66569  train_acc 42.950  val_acc 82.67  (30.1s)
epoch 100/100  lr 1.02e-06  loss 1.83278  ce 3.03014  kd 0.63543  train_acc 44.327  val_acc 82.67  (29.8s)
done. final val acc 82.67  best 82.83 @ epoch 97
