
===== 2026-10-04 10:36:21 pid=340133 /home/coder/aim-lab-stage3/stage0/train.py --mode maskedkd --mask-criterion maskedkd --keep 0.5 --dataset waterbirds --seed 2 --lr 5e-05
run dir: /home/coder/stage0/outputs/waterbirds/maskedkd_k0.5/seed2
state: new  device: cuda  micro_batch: 128  accum: 1  num_workers: 3
train 4795  val 1199  steps/epoch 37
teacher: /home/coder/stage0/outputs/waterbirds/teacher/seed0/best.pt (epoch 21, val acc 93.99)
epoch 1/100  lr 1e-06  loss 0.57869  ce 0.63095  kd 0.52643  train_acc 66.385  val_acc 67.14  (31.3s)
epoch 2/100  lr 1.08e-05  loss 0.43186  ce 0.52871  kd 0.33500  train_acc 77.893  val_acc 71.64  (30.4s)
epoch 3/100  lr 2.06e-05  loss 0.34829  ce 0.46649  kd 0.23008  train_acc 81.060  val_acc 64.64  (29.5s)
epoch 4/100  lr 3.04e-05  loss 0.30048  ce 0.41965  kd 0.18132  train_acc 86.634  val_acc 73.73  (29.4s)
epoch 5/100  lr 4.02e-05  loss 0.29501  ce 0.42659  kd 0.16343  train_acc 83.889  val_acc 74.81  (28.6s)
epoch 6/100  lr 4.97e-05  loss 0.29195  ce 0.43373  kd 0.15016  train_acc 82.306  val_acc 81.15  (28.2s)
epoch 7/100  lr 4.96e-05  loss 0.27289  ce 0.40985  kd 0.13593  train_acc 83.319  val_acc 79.98  (28.4s)
epoch 8/100  lr 4.94e-05  loss 0.27349  ce 0.40704  kd 0.13995  train_acc 84.818  val_acc 84.15  (28.2s)
epoch 9/100  lr 4.92e-05  loss 0.27737  ce 0.41120  kd 0.14354  train_acc 82.897  val_acc 81.73  (28.3s)
epoch 10/100  lr 4.9e-05  loss 0.28763  ce 0.43220  kd 0.14306  train_acc 85.452  val_acc 85.82  (29.0s)
epoch 11/100  lr 4.88e-05  loss 0.27082  ce 0.40811  kd 0.13353  train_acc 82.601  val_acc 87.66  (28.0s)
epoch 12/100  lr 4.85e-05  loss 0.27702  ce 0.41788  kd 0.13616  train_acc 83.425  val_acc 86.07  (28.1s)
epoch 13/100  lr 4.83e-05  loss 0.28196  ce 0.42733  kd 0.13660  train_acc 84.037  val_acc 86.16  (28.3s)
epoch 14/100  lr 4.8e-05  loss 0.26381  ce 0.40469  kd 0.12294  train_acc 87.141  val_acc 84.40  (27.3s)
epoch 15/100  lr 4.76e-05  loss 0.27178  ce 0.41173  kd 0.13182  train_acc 84.544  val_acc 83.90  (27.1s)
epoch 16/100  lr 4.73e-05  loss 0.27047  ce 0.41257  kd 0.12837  train_acc 82.454  val_acc 82.07  (27.5s)
epoch 17/100  lr 4.69e-05  loss 0.25991  ce 0.39955  kd 0.12027  train_acc 86.043  val_acc 86.91  (28.9s)
epoch 18/100  lr 4.66e-05  loss 0.27772  ce 0.42403  kd 0.13141  train_acc 86.149  val_acc 85.32  (28.1s)
epoch 19/100  lr 4.61e-05  loss 0.26994  ce 0.41515  kd 0.12474  train_acc 83.932  val_acc 89.57  (29.0s)
epoch 20/100  lr 4.57e-05  loss 0.26572  ce 0.40922  kd 0.12223  train_acc 83.995  val_acc 88.24  (28.5s)
epoch 21/100  lr 4.53e-05  loss 0.25965  ce 0.40366  kd 0.11563  train_acc 83.974  val_acc 84.90  (28.1s)
epoch 22/100  lr 4.48e-05  loss 0.26778  ce 0.41275  kd 0.12282  train_acc 85.431  val_acc 85.32  (27.9s)
epoch 23/100  lr 4.43e-05  loss 0.26487  ce 0.41629  kd 0.11345  train_acc 84.903  val_acc 88.41  (28.4s)
epoch 24/100  lr 4.38e-05  loss 0.26308  ce 0.40456  kd 0.12161  train_acc 85.452  val_acc 88.32  (27.6s)
epoch 25/100  lr 4.33e-05  loss 0.26010  ce 0.40227  kd 0.11792  train_acc 85.621  val_acc 88.82  (28.0s)
epoch 26/100  lr 4.28e-05  loss 0.24688  ce 0.39046  kd 0.10331  train_acc 84.417  val_acc 88.57  (28.4s)
epoch 27/100  lr 4.22e-05  loss 0.26861  ce 0.41626  kd 0.12095  train_acc 86.233  val_acc 90.41  (29.0s)
epoch 28/100  lr 4.16e-05  loss 0.26219  ce 0.40548  kd 0.11889  train_acc 85.790  val_acc 87.91  (29.3s)
epoch 29/100  lr 4.1e-05  loss 0.25956  ce 0.40136  kd 0.11775  train_acc 82.475  val_acc 88.82  (29.3s)
epoch 30/100  lr 4.04e-05  loss 0.24772  ce 0.38842  kd 0.10701  train_acc 86.719  val_acc 88.41  (28.5s)
epoch 31/100  lr 3.98e-05  loss 0.25382  ce 0.39341  kd 0.11424  train_acc 84.523  val_acc 87.91  (29.1s)
epoch 32/100  lr 3.92e-05  loss 0.24718  ce 0.38550  kd 0.10886  train_acc 82.834  val_acc 89.99  (27.9s)
epoch 33/100  lr 3.85e-05  loss 0.25294  ce 0.39631  kd 0.10957  train_acc 85.916  val_acc 89.82  (27.8s)
epoch 34/100  lr 3.78e-05  loss 0.24752  ce 0.38909  kd 0.10596  train_acc 88.788  val_acc 88.66  (27.1s)
epoch 35/100  lr 3.72e-05  loss 0.24720  ce 0.38671  kd 0.10770  train_acc 86.655  val_acc 88.41  (28.0s)
epoch 36/100  lr 3.65e-05  loss 0.24376  ce 0.37938  kd 0.10814  train_acc 82.390  val_acc 89.41  (28.6s)
epoch 37/100  lr 3.58e-05  loss 0.25738  ce 0.40216  kd 0.11261  train_acc 83.552  val_acc 89.66  (28.6s)
epoch 38/100  lr 3.51e-05  loss 0.24242  ce 0.38404  kd 0.10080  train_acc 87.373  val_acc 88.41  (28.0s)
epoch 39/100  lr 3.44e-05  loss 0.25511  ce 0.40064  kd 0.10958  train_acc 88.302  val_acc 90.08  (28.2s)
epoch 40/100  lr 3.36e-05  loss 0.26082  ce 0.40626  kd 0.11538  train_acc 84.861  val_acc 90.41  (27.8s)
epoch 41/100  lr 3.29e-05  loss 0.25528  ce 0.39839  kd 0.11216  train_acc 86.444  val_acc 88.66  (28.8s)
epoch 42/100  lr 3.22e-05  loss 0.26050  ce 0.40842  kd 0.11257  train_acc 86.845  val_acc 87.74  (28.7s)
epoch 43/100  lr 3.14e-05  loss 0.25239  ce 0.39477  kd 0.11000  train_acc 85.135  val_acc 89.49  (28.4s)
epoch 44/100  lr 3.06e-05  loss 0.25756  ce 0.40583  kd 0.10928  train_acc 86.001  val_acc 87.57  (27.8s)
epoch 45/100  lr 2.99e-05  loss 0.24914  ce 0.39270  kd 0.10557  train_acc 82.728  val_acc 90.33  (27.8s)
epoch 46/100  lr 2.91e-05  loss 0.25970  ce 0.40790  kd 0.11149  train_acc 81.905  val_acc 87.91  (28.3s)
epoch 47/100  lr 2.84e-05  loss 0.25364  ce 0.39668  kd 0.11060  train_acc 86.529  val_acc 89.74  (27.9s)
epoch 48/100  lr 2.76e-05  loss 0.25560  ce 0.39958  kd 0.11162  train_acc 83.784  val_acc 89.66  (28.1s)
epoch 49/100  lr 2.68e-05  loss 0.25178  ce 0.39526  kd 0.10830  train_acc 84.840  val_acc 87.99  (28.1s)
epoch 50/100  lr 2.6e-05  loss 0.24840  ce 0.39410  kd 0.10271  train_acc 85.135  val_acc 89.24  (27.5s)
epoch 51/100  lr 2.53e-05  loss 0.26319  ce 0.41053  kd 0.11584  train_acc 86.529  val_acc 88.82  (28.3s)
epoch 52/100  lr 2.45e-05  loss 0.24961  ce 0.39399  kd 0.10524  train_acc 88.450  val_acc 89.16  (28.4s)
epoch 53/100  lr 2.37e-05  loss 0.25853  ce 0.40840  kd 0.10866  train_acc 81.841  val_acc 89.24  (28.3s)
epoch 54/100  lr 2.29e-05  loss 0.25260  ce 0.40079  kd 0.10441  train_acc 85.346  val_acc 89.82  (28.6s)
epoch 55/100  lr 2.21e-05  loss 0.24602  ce 0.38450  kd 0.10754  train_acc 85.325  val_acc 88.99  (28.0s)
epoch 56/100  lr 2.14e-05  loss 0.24720  ce 0.39547  kd 0.09893  train_acc 84.333  val_acc 90.58  (28.1s)
epoch 57/100  lr 2.06e-05  loss 0.25018  ce 0.39616  kd 0.10421  train_acc 87.310  val_acc 90.58  (27.9s)
epoch 58/100  lr 1.99e-05  loss 0.25262  ce 0.39866  kd 0.10658  train_acc 88.915  val_acc 90.91  (27.7s)
epoch 59/100  lr 1.91e-05  loss 0.24666  ce 0.39153  kd 0.10179  train_acc 85.367  val_acc 89.57  (28.0s)
epoch 60/100  lr 1.83e-05  loss 0.24184  ce 0.37898  kd 0.10470  train_acc 87.542  val_acc 89.32  (27.9s)
epoch 61/100  lr 1.76e-05  loss 0.24628  ce 0.39048  kd 0.10207  train_acc 85.621  val_acc 90.33  (28.1s)
epoch 62/100  lr 1.69e-05  loss 0.24606  ce 0.38815  kd 0.10396  train_acc 81.292  val_acc 89.74  (27.9s)
epoch 63/100  lr 1.61e-05  loss 0.23909  ce 0.37874  kd 0.09944  train_acc 87.078  val_acc 90.83  (28.3s)
epoch 64/100  lr 1.54e-05  loss 0.24850  ce 0.39488  kd 0.10212  train_acc 82.348  val_acc 89.66  (27.9s)
epoch 65/100  lr 1.47e-05  loss 0.23400  ce 0.37098  kd 0.09702  train_acc 83.129  val_acc 90.58  (29.3s)
epoch 66/100  lr 1.4e-05  loss 0.24814  ce 0.39348  kd 0.10280  train_acc 80.997  val_acc 90.33  (27.8s)
epoch 67/100  lr 1.33e-05  loss 0.23635  ce 0.37643  kd 0.09627  train_acc 85.410  val_acc 90.74  (28.4s)
epoch 68/100  lr 1.27e-05  loss 0.23390  ce 0.37109  kd 0.09670  train_acc 83.868  val_acc 90.74  (28.2s)
epoch 69/100  lr 1.2e-05  loss 0.23306  ce 0.37240  kd 0.09372  train_acc 86.275  val_acc 90.99  (27.9s)
epoch 70/100  lr 1.13e-05  loss 0.24096  ce 0.38019  kd 0.10172  train_acc 85.304  val_acc 89.74  (28.5s)
epoch 71/100  lr 1.07e-05  loss 0.24387  ce 0.38839  kd 0.09935  train_acc 87.458  val_acc 90.58  (29.0s)
epoch 72/100  lr 1.01e-05  loss 0.23122  ce 0.36676  kd 0.09567  train_acc 82.010  val_acc 89.91  (28.7s)
epoch 73/100  lr 9.47e-06  loss 0.24188  ce 0.38562  kd 0.09815  train_acc 84.882  val_acc 90.33  (28.5s)
epoch 74/100  lr 8.88e-06  loss 0.26320  ce 0.41568  kd 0.11073  train_acc 84.861  val_acc 90.24  (29.5s)
epoch 75/100  lr 8.31e-06  loss 0.25048  ce 0.39786  kd 0.10309  train_acc 83.066  val_acc 90.91  (29.5s)
epoch 76/100  lr 7.75e-06  loss 0.25864  ce 0.41076  kd 0.10652  train_acc 83.319  val_acc 91.24  (29.6s)
epoch 77/100  lr 7.21e-06  loss 0.24657  ce 0.39078  kd 0.10235  train_acc 85.198  val_acc 90.99  (28.8s)
epoch 78/100  lr 6.68e-06  loss 0.25754  ce 0.40961  kd 0.10546  train_acc 84.101  val_acc 90.99  (28.6s)
epoch 79/100  lr 6.18e-06  loss 0.25508  ce 0.39877  kd 0.11140  train_acc 86.149  val_acc 91.33  (29.0s)
epoch 80/100  lr 5.69e-06  loss 0.22517  ce 0.35780  kd 0.09254  train_acc 84.649  val_acc 90.08  (29.3s)
epoch 81/100  lr 5.23e-06  loss 0.25068  ce 0.40310  kd 0.09825  train_acc 82.137  val_acc 89.99  (28.7s)
epoch 82/100  lr 4.78e-06  loss 0.26270  ce 0.41388  kd 0.11152  train_acc 85.663  val_acc 90.83  (28.9s)
epoch 83/100  lr 4.35e-06  loss 0.26244  ce 0.41378  kd 0.11110  train_acc 83.446  val_acc 90.33  (28.4s)
epoch 84/100  lr 3.95e-06  loss 0.24856  ce 0.39534  kd 0.10178  train_acc 88.661  val_acc 90.99  (28.7s)
epoch 85/100  lr 3.56e-06  loss 0.25014  ce 0.39776  kd 0.10252  train_acc 83.847  val_acc 90.58  (28.3s)
epoch 86/100  lr 3.2e-06  loss 0.24697  ce 0.39410  kd 0.09983  train_acc 83.995  val_acc 91.08  (29.0s)
epoch 87/100  lr 2.86e-06  loss 0.24320  ce 0.38659  kd 0.09980  train_acc 87.732  val_acc 90.74  (28.3s)
epoch 88/100  lr 2.54e-06  loss 0.25632  ce 0.40778  kd 0.10486  train_acc 85.938  val_acc 90.83  (28.7s)
epoch 89/100  lr 2.24e-06  loss 0.23796  ce 0.37937  kd 0.09655  train_acc 84.227  val_acc 90.91  (28.3s)
epoch 90/100  lr 1.96e-06  loss 0.24490  ce 0.39254  kd 0.09725  train_acc 89.992  val_acc 90.83  (28.6s)
epoch 91/100  lr 1.71e-06  loss 0.22041  ce 0.35653  kd 0.08428  train_acc 80.595  val_acc 90.83  (28.7s)
epoch 92/100  lr 1.48e-06  loss 0.24531  ce 0.38995  kd 0.10067  train_acc 86.761  val_acc 90.83  (28.7s)
epoch 93/100  lr 1.28e-06  loss 0.25368  ce 0.40214  kd 0.10523  train_acc 85.220  val_acc 90.83  (28.1s)
epoch 94/100  lr 1.1e-06  loss 0.25165  ce 0.39938  kd 0.10391  train_acc 80.595  val_acc 90.58  (28.2s)
epoch 95/100  lr 9.38e-07  loss 0.25015  ce 0.39659  kd 0.10370  train_acc 82.707  val_acc 90.66  (28.3s)
epoch 96/100  lr 8.05e-07  loss 0.24152  ce 0.38633  kd 0.09671  train_acc 83.868  val_acc 90.66  (28.6s)
epoch 97/100  lr 6.95e-07  loss 0.24681  ce 0.39300  kd 0.10061  train_acc 84.649  val_acc 90.74  (28.4s)
epoch 98/100  lr 6.1e-07  loss 0.22582  ce 0.36237  kd 0.08927  train_acc 86.761  val_acc 90.74  (27.4s)
epoch 99/100  lr 5.49e-07  loss 0.25273  ce 0.40085  kd 0.10462  train_acc 85.262  val_acc 90.66  (26.4s)
epoch 100/100  lr 5.12e-07  loss 0.23898  ce 0.37887  kd 0.09910  train_acc 85.959  val_acc 90.66  (27.3s)
done. final val acc 90.66  best 91.33 @ epoch 79
