
===== 2026-10-04 12:11:38 pid=380323 /home/coder/aim-lab-stage3/stage0/train.py --mode maskedkd --mask-criterion random --keep 0.15 --dataset waterbirds --seed 0 --lr 5e-05
run dir: /home/coder/stage0/outputs/waterbirds/random_k0.15/seed0
state: new  device: cuda  micro_batch: 128  accum: 1  num_workers: 3
train 4795  val 1199  steps/epoch 37
teacher: /home/coder/stage0/outputs/waterbirds/teacher/seed0/best.pt (epoch 21, val acc 93.99)
epoch 1/100  lr 1e-06  loss 0.62783  ce 0.74971  kd 0.50595  train_acc 48.543  val_acc 54.13  (23.9s)
epoch 2/100  lr 1.08e-05  loss 0.39179  ce 0.57605  kd 0.20753  train_acc 75.465  val_acc 75.56  (26.9s)
epoch 3/100  lr 2.06e-05  loss 0.29805  ce 0.46658  kd 0.12951  train_acc 83.319  val_acc 68.31  (25.0s)
epoch 4/100  lr 3.04e-05  loss 0.28435  ce 0.45967  kd 0.10903  train_acc 83.784  val_acc 68.31  (26.9s)
epoch 5/100  lr 4.02e-05  loss 0.27195  ce 0.44407  kd 0.09982  train_acc 83.953  val_acc 69.22  (27.7s)
epoch 6/100  lr 4.97e-05  loss 0.26489  ce 0.42843  kd 0.10134  train_acc 84.101  val_acc 67.06  (27.3s)
epoch 7/100  lr 4.96e-05  loss 0.26054  ce 0.42527  kd 0.09581  train_acc 83.678  val_acc 72.56  (28.0s)
epoch 8/100  lr 4.94e-05  loss 0.26427  ce 0.43130  kd 0.09724  train_acc 83.868  val_acc 71.89  (28.3s)
epoch 9/100  lr 4.92e-05  loss 0.26348  ce 0.43216  kd 0.09481  train_acc 84.227  val_acc 74.98  (27.9s)
epoch 10/100  lr 4.9e-05  loss 0.25869  ce 0.42470  kd 0.09268  train_acc 83.636  val_acc 76.81  (26.2s)
epoch 11/100  lr 4.88e-05  loss 0.25730  ce 0.41991  kd 0.09470  train_acc 82.918  val_acc 77.81  (25.7s)
epoch 12/100  lr 4.85e-05  loss 0.25493  ce 0.42103  kd 0.08882  train_acc 86.465  val_acc 78.32  (27.3s)
epoch 13/100  lr 4.83e-05  loss 0.26187  ce 0.42534  kd 0.09840  train_acc 83.699  val_acc 78.23  (27.3s)
epoch 14/100  lr 4.8e-05  loss 0.25446  ce 0.41872  kd 0.09021  train_acc 85.325  val_acc 79.82  (29.0s)
epoch 15/100  lr 4.76e-05  loss 0.25506  ce 0.41388  kd 0.09624  train_acc 84.586  val_acc 78.90  (28.7s)
epoch 16/100  lr 4.73e-05  loss 0.24540  ce 0.39878  kd 0.09202  train_acc 86.803  val_acc 81.73  (28.2s)
epoch 17/100  lr 4.69e-05  loss 0.25312  ce 0.41793  kd 0.08832  train_acc 85.600  val_acc 79.98  (27.8s)
epoch 18/100  lr 4.66e-05  loss 0.25154  ce 0.41231  kd 0.09078  train_acc 86.043  val_acc 78.73  (25.7s)
epoch 19/100  lr 4.61e-05  loss 0.25343  ce 0.41430  kd 0.09256  train_acc 82.918  val_acc 82.49  (27.2s)
epoch 20/100  lr 4.57e-05  loss 0.25532  ce 0.41572  kd 0.09492  train_acc 85.663  val_acc 81.15  (28.1s)
epoch 21/100  lr 4.53e-05  loss 0.25516  ce 0.41934  kd 0.09099  train_acc 86.677  val_acc 80.40  (27.5s)
epoch 22/100  lr 4.48e-05  loss 0.24675  ce 0.40187  kd 0.09163  train_acc 85.304  val_acc 82.90  (28.8s)
epoch 23/100  lr 4.43e-05  loss 0.26049  ce 0.43031  kd 0.09068  train_acc 81.905  val_acc 79.48  (28.2s)
epoch 24/100  lr 4.38e-05  loss 0.24726  ce 0.40097  kd 0.09354  train_acc 82.496  val_acc 84.49  (27.9s)
epoch 25/100  lr 4.33e-05  loss 0.24953  ce 0.40806  kd 0.09100  train_acc 86.318  val_acc 78.98  (27.1s)
epoch 26/100  lr 4.28e-05  loss 0.25576  ce 0.41382  kd 0.09769  train_acc 85.220  val_acc 80.32  (26.4s)
epoch 27/100  lr 4.22e-05  loss 0.25345  ce 0.41220  kd 0.09470  train_acc 84.565  val_acc 81.15  (26.9s)
epoch 28/100  lr 4.16e-05  loss 0.25220  ce 0.41589  kd 0.08851  train_acc 84.333  val_acc 80.32  (28.0s)
epoch 29/100  lr 4.1e-05  loss 0.25617  ce 0.41727  kd 0.09507  train_acc 84.037  val_acc 83.15  (28.0s)
epoch 30/100  lr 4.04e-05  loss 0.25758  ce 0.42345  kd 0.09171  train_acc 83.805  val_acc 82.65  (28.5s)
epoch 31/100  lr 3.98e-05  loss 0.24575  ce 0.40196  kd 0.08953  train_acc 80.342  val_acc 84.32  (28.3s)
epoch 32/100  lr 3.92e-05  loss 0.24574  ce 0.39986  kd 0.09162  train_acc 83.404  val_acc 82.15  (28.5s)
epoch 33/100  lr 3.85e-05  loss 0.24399  ce 0.39843  kd 0.08955  train_acc 84.459  val_acc 81.15  (27.4s)
epoch 34/100  lr 3.78e-05  loss 0.24839  ce 0.40796  kd 0.08882  train_acc 78.970  val_acc 80.07  (26.0s)
epoch 35/100  lr 3.72e-05  loss 0.25235  ce 0.41566  kd 0.08903  train_acc 83.509  val_acc 82.49  (27.2s)
epoch 36/100  lr 3.65e-05  loss 0.24851  ce 0.40817  kd 0.08885  train_acc 86.719  val_acc 82.65  (27.8s)
epoch 37/100  lr 3.58e-05  loss 0.25308  ce 0.40936  kd 0.09680  train_acc 84.396  val_acc 81.82  (28.6s)
epoch 38/100  lr 3.51e-05  loss 0.24906  ce 0.40472  kd 0.09341  train_acc 83.383  val_acc 84.32  (27.3s)
epoch 39/100  lr 3.44e-05  loss 0.25072  ce 0.41089  kd 0.09054  train_acc 85.980  val_acc 84.49  (29.4s)
epoch 40/100  lr 3.36e-05  loss 0.24912  ce 0.41039  kd 0.08786  train_acc 83.636  val_acc 82.90  (28.3s)
epoch 41/100  lr 3.29e-05  loss 0.25365  ce 0.41609  kd 0.09121  train_acc 84.734  val_acc 85.24  (26.9s)
epoch 42/100  lr 3.22e-05  loss 0.24703  ce 0.40475  kd 0.08931  train_acc 83.995  val_acc 84.49  (24.8s)
epoch 43/100  lr 3.14e-05  loss 0.24371  ce 0.39570  kd 0.09172  train_acc 83.805  val_acc 83.74  (27.6s)
epoch 44/100  lr 3.06e-05  loss 0.24891  ce 0.41126  kd 0.08656  train_acc 83.150  val_acc 82.24  (27.7s)
epoch 45/100  lr 2.99e-05  loss 0.24561  ce 0.39999  kd 0.09124  train_acc 84.481  val_acc 82.15  (27.7s)
epoch 46/100  lr 2.91e-05  loss 0.25417  ce 0.41750  kd 0.09084  train_acc 84.523  val_acc 83.65  (28.1s)
epoch 47/100  lr 2.84e-05  loss 0.25491  ce 0.42163  kd 0.08818  train_acc 83.488  val_acc 82.90  (27.8s)
epoch 48/100  lr 2.76e-05  loss 0.24193  ce 0.39516  kd 0.08869  train_acc 85.895  val_acc 82.99  (27.9s)
epoch 49/100  lr 2.68e-05  loss 0.24832  ce 0.40698  kd 0.08965  train_acc 86.592  val_acc 84.32  (27.9s)
epoch 50/100  lr 2.6e-05  loss 0.24147  ce 0.38904  kd 0.09389  train_acc 84.966  val_acc 84.07  (25.2s)
epoch 51/100  lr 2.53e-05  loss 0.24062  ce 0.38786  kd 0.09338  train_acc 86.592  val_acc 84.82  (27.0s)
epoch 52/100  lr 2.45e-05  loss 0.25203  ce 0.41529  kd 0.08877  train_acc 83.087  val_acc 83.82  (28.1s)
epoch 53/100  lr 2.37e-05  loss 0.25460  ce 0.41706  kd 0.09213  train_acc 81.693  val_acc 83.15  (28.2s)
epoch 54/100  lr 2.29e-05  loss 0.25113  ce 0.40846  kd 0.09381  train_acc 82.791  val_acc 84.07  (28.6s)
epoch 55/100  lr 2.21e-05  loss 0.25089  ce 0.41251  kd 0.08926  train_acc 83.636  val_acc 81.82  (27.8s)
epoch 56/100  lr 2.14e-05  loss 0.24426  ce 0.39648  kd 0.09204  train_acc 84.565  val_acc 84.15  (27.7s)
epoch 57/100  lr 2.06e-05  loss 0.24683  ce 0.40347  kd 0.09018  train_acc 85.832  val_acc 83.82  (26.2s)
epoch 58/100  lr 1.99e-05  loss 0.23952  ce 0.38899  kd 0.09005  train_acc 83.361  val_acc 84.65  (26.6s)
epoch 59/100  lr 1.91e-05  loss 0.24534  ce 0.40381  kd 0.08687  train_acc 83.889  val_acc 84.07  (28.3s)
epoch 60/100  lr 1.83e-05  loss 0.25314  ce 0.41732  kd 0.08897  train_acc 84.692  val_acc 84.57  (28.5s)
epoch 61/100  lr 1.76e-05  loss 0.24955  ce 0.40611  kd 0.09300  train_acc 87.796  val_acc 85.24  (28.2s)
epoch 62/100  lr 1.69e-05  loss 0.24413  ce 0.40107  kd 0.08718  train_acc 83.404  val_acc 85.82  (27.5s)
epoch 63/100  lr 1.61e-05  loss 0.25059  ce 0.41004  kd 0.09114  train_acc 84.354  val_acc 84.15  (28.0s)
epoch 64/100  lr 1.54e-05  loss 0.24186  ce 0.39412  kd 0.08960  train_acc 85.304  val_acc 84.57  (27.3s)
epoch 65/100  lr 1.47e-05  loss 0.23098  ce 0.37252  kd 0.08944  train_acc 83.108  val_acc 84.15  (26.3s)
epoch 66/100  lr 1.4e-05  loss 0.24817  ce 0.40715  kd 0.08919  train_acc 85.473  val_acc 84.15  (27.0s)
epoch 67/100  lr 1.33e-05  loss 0.24579  ce 0.40178  kd 0.08981  train_acc 86.465  val_acc 85.40  (27.5s)
epoch 68/100  lr 1.27e-05  loss 0.25107  ce 0.40679  kd 0.09535  train_acc 85.156  val_acc 83.74  (28.2s)
epoch 69/100  lr 1.2e-05  loss 0.24285  ce 0.39483  kd 0.09086  train_acc 82.200  val_acc 84.74  (27.7s)
epoch 70/100  lr 1.13e-05  loss 0.24563  ce 0.40412  kd 0.08715  train_acc 82.960  val_acc 85.32  (27.5s)
epoch 71/100  lr 1.07e-05  loss 0.24486  ce 0.40082  kd 0.08889  train_acc 83.509  val_acc 85.40  (28.4s)
epoch 72/100  lr 1.01e-05  loss 0.24059  ce 0.39718  kd 0.08401  train_acc 83.066  val_acc 84.82  (28.5s)
epoch 73/100  lr 9.47e-06  loss 0.24277  ce 0.39542  kd 0.09011  train_acc 83.868  val_acc 85.57  (25.0s)
epoch 74/100  lr 8.88e-06  loss 0.23954  ce 0.39210  kd 0.08699  train_acc 84.058  val_acc 84.65  (27.5s)
epoch 75/100  lr 8.31e-06  loss 0.24503  ce 0.39325  kd 0.09680  train_acc 82.749  val_acc 84.07  (27.1s)
epoch 76/100  lr 7.75e-06  loss 0.24210  ce 0.39440  kd 0.08980  train_acc 87.521  val_acc 84.57  (27.8s)
epoch 77/100  lr 7.21e-06  loss 0.23419  ce 0.38380  kd 0.08458  train_acc 85.008  val_acc 84.90  (28.8s)
epoch 78/100  lr 6.68e-06  loss 0.23698  ce 0.38337  kd 0.09058  train_acc 87.711  val_acc 84.49  (28.4s)
epoch 79/100  lr 6.18e-06  loss 0.24602  ce 0.40139  kd 0.09064  train_acc 81.883  val_acc 84.24  (28.0s)
epoch 80/100  lr 5.69e-06  loss 0.24790  ce 0.40530  kd 0.09050  train_acc 86.254  val_acc 84.74  (26.8s)
epoch 81/100  lr 5.23e-06  loss 0.24187  ce 0.38991  kd 0.09383  train_acc 86.508  val_acc 84.40  (23.4s)
epoch 82/100  lr 4.78e-06  loss 0.24239  ce 0.39448  kd 0.09030  train_acc 85.790  val_acc 84.90  (23.0s)
epoch 83/100  lr 4.35e-06  loss 0.24326  ce 0.39767  kd 0.08884  train_acc 82.454  val_acc 84.74  (22.4s)
epoch 84/100  lr 3.95e-06  loss 0.23613  ce 0.38435  kd 0.08790  train_acc 85.600  val_acc 84.82  (22.8s)
epoch 85/100  lr 3.56e-06  loss 0.24608  ce 0.40165  kd 0.09051  train_acc 82.939  val_acc 84.90  (23.5s)
epoch 86/100  lr 3.2e-06  loss 0.24897  ce 0.40529  kd 0.09264  train_acc 82.622  val_acc 85.57  (23.3s)
epoch 87/100  lr 2.86e-06  loss 0.24600  ce 0.40195  kd 0.09005  train_acc 85.220  val_acc 84.82  (23.9s)
epoch 88/100  lr 2.54e-06  loss 0.25681  ce 0.42175  kd 0.09186  train_acc 83.573  val_acc 84.57  (23.4s)
epoch 89/100  lr 2.24e-06  loss 0.24837  ce 0.40623  kd 0.09051  train_acc 85.557  val_acc 85.24  (23.9s)
epoch 90/100  lr 1.96e-06  loss 0.23816  ce 0.38544  kd 0.09088  train_acc 83.868  val_acc 84.32  (22.9s)
epoch 91/100  lr 1.71e-06  loss 0.23973  ce 0.39083  kd 0.08864  train_acc 83.594  val_acc 84.15  (23.2s)
epoch 92/100  lr 1.48e-06  loss 0.24545  ce 0.39961  kd 0.09129  train_acc 83.953  val_acc 84.74  (23.2s)
epoch 93/100  lr 1.28e-06  loss 0.24443  ce 0.39866  kd 0.09020  train_acc 86.761  val_acc 84.82  (23.0s)
epoch 94/100  lr 1.1e-06  loss 0.23727  ce 0.38361  kd 0.09092  train_acc 86.677  val_acc 84.74  (23.5s)
epoch 95/100  lr 9.38e-07  loss 0.24457  ce 0.39772  kd 0.09141  train_acc 83.932  val_acc 84.32  (23.0s)
epoch 96/100  lr 8.05e-07  loss 0.24955  ce 0.41018  kd 0.08892  train_acc 84.206  val_acc 84.49  (23.2s)
epoch 97/100  lr 6.95e-07  loss 0.24361  ce 0.39709  kd 0.09013  train_acc 84.122  val_acc 84.57  (23.2s)
epoch 98/100  lr 6.1e-07  loss 0.24005  ce 0.39102  kd 0.08907  train_acc 86.634  val_acc 84.57  (23.5s)
epoch 99/100  lr 5.49e-07  loss 0.24819  ce 0.40600  kd 0.09039  train_acc 85.304  val_acc 84.65  (23.0s)
epoch 100/100  lr 5.12e-07  loss 0.24116  ce 0.39154  kd 0.09078  train_acc 86.402  val_acc 84.65  (22.5s)
done. final val acc 84.65  best 85.82 @ epoch 62
