
===== 2026-10-05 06:27:53 pid=625383 /home/coder/aim-lab-stage3/stage0/train.py --mode maskedkd --mask-criterion tam_r --keep 0.15 --tam-gap 0.5 0.5 --dataset waterbirds --seed 0 --lr 5e-05 --subdir tam_r_g0.5_k0.15
run dir: /home/coder/stage0/outputs/waterbirds/tam_r_g0.5_k0.15/seed0
state: new  device: cuda  micro_batch: 128  accum: 1  num_workers: 8
train 4795  val 1199  steps/epoch 37
teacher: /home/coder/stage0/outputs/waterbirds/teacher/seed0/best.pt (epoch 21, val acc 93.99)
TAM: kind attn_last, gap [0.5, 0.5], budget fixed, k per bucket (29, 29, 29), teacher GFLOPs {29: 2.68023552}
epoch 1/100  lr 1e-06  loss 0.65111  ce 0.75047  kd 0.55176  train_acc 48.311  val_acc 53.88  (22.0s)
epoch 2/100  lr 1.08e-05  loss 0.43376  ce 0.56608  kd 0.30144  train_acc 75.633  val_acc 74.56  (21.7s)
epoch 3/100  lr 2.06e-05  loss 0.33267  ce 0.45928  kd 0.20606  train_acc 84.122  val_acc 68.06  (23.2s)
epoch 4/100  lr 3.04e-05  loss 0.31694  ce 0.45186  kd 0.18203  train_acc 84.438  val_acc 69.81  (23.6s)
epoch 5/100  lr 4.02e-05  loss 0.30326  ce 0.43577  kd 0.17074  train_acc 84.248  val_acc 74.56  (23.4s)
epoch 6/100  lr 4.97e-05  loss 0.29155  ce 0.42006  kd 0.16305  train_acc 84.333  val_acc 77.65  (24.7s)
epoch 7/100  lr 4.96e-05  loss 0.28640  ce 0.41782  kd 0.15497  train_acc 84.185  val_acc 80.73  (23.7s)
epoch 8/100  lr 4.94e-05  loss 0.29201  ce 0.42151  kd 0.16251  train_acc 83.319  val_acc 80.82  (24.0s)
epoch 9/100  lr 4.92e-05  loss 0.29236  ce 0.42363  kd 0.16108  train_acc 84.734  val_acc 82.99  (23.4s)
epoch 10/100  lr 4.9e-05  loss 0.28768  ce 0.41603  kd 0.15933  train_acc 84.248  val_acc 82.90  (23.1s)
epoch 11/100  lr 4.88e-05  loss 0.28314  ce 0.40859  kd 0.15768  train_acc 83.319  val_acc 84.90  (23.5s)
epoch 12/100  lr 4.85e-05  loss 0.28466  ce 0.41313  kd 0.15618  train_acc 86.951  val_acc 84.24  (25.2s)
epoch 13/100  lr 4.83e-05  loss 0.28562  ce 0.41826  kd 0.15298  train_acc 83.974  val_acc 85.40  (24.1s)
epoch 14/100  lr 4.8e-05  loss 0.27839  ce 0.41229  kd 0.14449  train_acc 85.853  val_acc 86.66  (23.5s)
epoch 15/100  lr 4.76e-05  loss 0.27928  ce 0.40428  kd 0.15428  train_acc 85.494  val_acc 86.32  (22.6s)
epoch 16/100  lr 4.73e-05  loss 0.27195  ce 0.38823  kd 0.15567  train_acc 87.120  val_acc 86.49  (22.6s)
epoch 17/100  lr 4.69e-05  loss 0.28118  ce 0.41076  kd 0.15159  train_acc 85.726  val_acc 87.57  (21.8s)
epoch 18/100  lr 4.66e-05  loss 0.27728  ce 0.40387  kd 0.15069  train_acc 85.980  val_acc 87.32  (21.2s)
epoch 19/100  lr 4.61e-05  loss 0.27985  ce 0.40385  kd 0.15585  train_acc 83.087  val_acc 88.74  (21.5s)
epoch 20/100  lr 4.57e-05  loss 0.27430  ce 0.40733  kd 0.14127  train_acc 85.959  val_acc 87.32  (22.2s)
epoch 21/100  lr 4.53e-05  loss 0.28318  ce 0.41241  kd 0.15395  train_acc 87.014  val_acc 89.82  (22.1s)
epoch 22/100  lr 4.48e-05  loss 0.26972  ce 0.39441  kd 0.14503  train_acc 85.853  val_acc 87.82  (21.5s)
epoch 23/100  lr 4.43e-05  loss 0.28468  ce 0.42217  kd 0.14719  train_acc 82.158  val_acc 89.24  (22.1s)
epoch 24/100  lr 4.38e-05  loss 0.26432  ce 0.39016  kd 0.13849  train_acc 82.327  val_acc 89.91  (21.4s)
epoch 25/100  lr 4.33e-05  loss 0.27241  ce 0.39948  kd 0.14534  train_acc 86.423  val_acc 87.66  (22.6s)
epoch 26/100  lr 4.28e-05  loss 0.27504  ce 0.40242  kd 0.14766  train_acc 85.959  val_acc 88.99  (22.2s)
epoch 27/100  lr 4.22e-05  loss 0.27433  ce 0.40132  kd 0.14734  train_acc 84.713  val_acc 88.82  (22.6s)
epoch 28/100  lr 4.16e-05  loss 0.27518  ce 0.40969  kd 0.14067  train_acc 84.396  val_acc 89.99  (22.6s)
epoch 29/100  lr 4.1e-05  loss 0.27412  ce 0.40607  kd 0.14217  train_acc 83.784  val_acc 88.74  (22.4s)
epoch 30/100  lr 4.04e-05  loss 0.28121  ce 0.41632  kd 0.14610  train_acc 83.699  val_acc 90.16  (22.2s)
epoch 31/100  lr 3.98e-05  loss 0.26566  ce 0.39194  kd 0.13939  train_acc 80.046  val_acc 90.66  (22.8s)
epoch 32/100  lr 3.92e-05  loss 0.26602  ce 0.39246  kd 0.13958  train_acc 82.897  val_acc 88.74  (21.9s)
epoch 33/100  lr 3.85e-05  loss 0.26603  ce 0.38724  kd 0.14482  train_acc 84.206  val_acc 88.74  (22.3s)
epoch 34/100  lr 3.78e-05  loss 0.27484  ce 0.39948  kd 0.15019  train_acc 78.526  val_acc 88.49  (21.6s)
epoch 35/100  lr 3.72e-05  loss 0.27669  ce 0.40700  kd 0.14638  train_acc 83.235  val_acc 89.74  (22.5s)
epoch 36/100  lr 3.65e-05  loss 0.26883  ce 0.39893  kd 0.13874  train_acc 87.247  val_acc 89.74  (22.4s)
epoch 37/100  lr 3.58e-05  loss 0.27227  ce 0.40047  kd 0.14407  train_acc 83.953  val_acc 89.82  (22.1s)
epoch 38/100  lr 3.51e-05  loss 0.26906  ce 0.39460  kd 0.14352  train_acc 83.509  val_acc 90.16  (22.4s)
epoch 39/100  lr 3.44e-05  loss 0.27124  ce 0.40172  kd 0.14075  train_acc 85.938  val_acc 89.32  (22.2s)
epoch 40/100  lr 3.36e-05  loss 0.26847  ce 0.39945  kd 0.13749  train_acc 83.868  val_acc 89.49  (22.3s)
epoch 41/100  lr 3.29e-05  loss 0.27694  ce 0.40763  kd 0.14625  train_acc 84.755  val_acc 89.57  (22.3s)
epoch 42/100  lr 3.22e-05  loss 0.27144  ce 0.39619  kd 0.14670  train_acc 83.805  val_acc 90.49  (22.2s)
epoch 43/100  lr 3.14e-05  loss 0.26124  ce 0.38644  kd 0.13604  train_acc 84.164  val_acc 89.91  (22.4s)
epoch 44/100  lr 3.06e-05  loss 0.27148  ce 0.40179  kd 0.14118  train_acc 83.530  val_acc 89.74  (22.0s)
epoch 45/100  lr 2.99e-05  loss 0.26722  ce 0.38793  kd 0.14651  train_acc 85.220  val_acc 90.49  (22.1s)
epoch 46/100  lr 2.91e-05  loss 0.27505  ce 0.40859  kd 0.14151  train_acc 85.051  val_acc 89.41  (22.4s)
epoch 47/100  lr 2.84e-05  loss 0.27883  ce 0.41628  kd 0.14138  train_acc 83.129  val_acc 88.74  (22.3s)
epoch 48/100  lr 2.76e-05  loss 0.26360  ce 0.38712  kd 0.14008  train_acc 86.233  val_acc 89.49  (22.7s)
epoch 49/100  lr 2.68e-05  loss 0.26929  ce 0.39918  kd 0.13940  train_acc 86.909  val_acc 90.08  (21.6s)
epoch 50/100  lr 2.6e-05  loss 0.26184  ce 0.38135  kd 0.14233  train_acc 85.367  val_acc 89.91  (22.1s)
epoch 51/100  lr 2.53e-05  loss 0.25324  ce 0.37485  kd 0.13163  train_acc 86.402  val_acc 89.82  (22.2s)
epoch 52/100  lr 2.45e-05  loss 0.27005  ce 0.40452  kd 0.13558  train_acc 82.665  val_acc 89.49  (22.4s)
epoch 53/100  lr 2.37e-05  loss 0.27527  ce 0.40852  kd 0.14203  train_acc 81.377  val_acc 89.32  (22.0s)
epoch 54/100  lr 2.29e-05  loss 0.27464  ce 0.39977  kd 0.14951  train_acc 82.264  val_acc 90.16  (21.4s)
epoch 55/100  lr 2.21e-05  loss 0.27181  ce 0.40410  kd 0.13952  train_acc 83.256  val_acc 89.41  (21.7s)
epoch 56/100  lr 2.14e-05  loss 0.26348  ce 0.38639  kd 0.14058  train_acc 84.185  val_acc 90.24  (22.1s)
epoch 57/100  lr 2.06e-05  loss 0.26761  ce 0.39485  kd 0.14038  train_acc 85.874  val_acc 89.99  (22.9s)
epoch 58/100  lr 1.99e-05  loss 0.25884  ce 0.37919  kd 0.13849  train_acc 83.615  val_acc 90.74  (21.4s)
epoch 59/100  lr 1.91e-05  loss 0.26891  ce 0.39657  kd 0.14124  train_acc 83.847  val_acc 89.91  (21.9s)
epoch 60/100  lr 1.83e-05  loss 0.27228  ce 0.41030  kd 0.13426  train_acc 85.030  val_acc 90.83  (22.6s)
epoch 61/100  lr 1.76e-05  loss 0.27117  ce 0.39612  kd 0.14623  train_acc 87.711  val_acc 89.82  (22.3s)
epoch 62/100  lr 1.69e-05  loss 0.26241  ce 0.39457  kd 0.13025  train_acc 83.509  val_acc 90.16  (21.8s)
epoch 63/100  lr 1.61e-05  loss 0.27024  ce 0.40113  kd 0.13936  train_acc 84.840  val_acc 90.41  (21.9s)
epoch 64/100  lr 1.54e-05  loss 0.26328  ce 0.38426  kd 0.14231  train_acc 85.473  val_acc 90.74  (21.3s)
epoch 65/100  lr 1.47e-05  loss 0.24467  ce 0.36008  kd 0.12925  train_acc 83.868  val_acc 90.58  (21.1s)
epoch 66/100  lr 1.4e-05  loss 0.26861  ce 0.39745  kd 0.13977  train_acc 85.663  val_acc 89.99  (21.4s)
epoch 67/100  lr 1.33e-05  loss 0.26441  ce 0.39285  kd 0.13596  train_acc 87.289  val_acc 90.99  (22.1s)
epoch 68/100  lr 1.27e-05  loss 0.26868  ce 0.39919  kd 0.13816  train_acc 85.536  val_acc 89.49  (22.3s)
epoch 69/100  lr 1.2e-05  loss 0.26236  ce 0.38581  kd 0.13890  train_acc 82.327  val_acc 90.58  (22.5s)
epoch 70/100  lr 1.13e-05  loss 0.26651  ce 0.39579  kd 0.13724  train_acc 83.488  val_acc 90.49  (22.4s)
epoch 71/100  lr 1.07e-05  loss 0.26709  ce 0.39356  kd 0.14063  train_acc 83.171  val_acc 90.58  (21.9s)
epoch 72/100  lr 1.01e-05  loss 0.26140  ce 0.38668  kd 0.13611  train_acc 83.910  val_acc 89.99  (22.8s)
epoch 73/100  lr 9.47e-06  loss 0.26281  ce 0.38729  kd 0.13833  train_acc 84.227  val_acc 90.08  (22.7s)
epoch 74/100  lr 8.88e-06  loss 0.26046  ce 0.38473  kd 0.13619  train_acc 84.206  val_acc 90.33  (22.5s)
epoch 75/100  lr 8.31e-06  loss 0.26066  ce 0.38458  kd 0.13673  train_acc 82.580  val_acc 89.91  (21.5s)
epoch 76/100  lr 7.75e-06  loss 0.26104  ce 0.38533  kd 0.13675  train_acc 88.323  val_acc 90.41  (22.0s)
epoch 77/100  lr 7.21e-06  loss 0.25412  ce 0.37472  kd 0.13351  train_acc 85.600  val_acc 90.16  (22.3s)
epoch 78/100  lr 6.68e-06  loss 0.25532  ce 0.37449  kd 0.13615  train_acc 88.366  val_acc 90.33  (22.8s)
epoch 79/100  lr 6.18e-06  loss 0.26747  ce 0.39285  kd 0.14208  train_acc 81.567  val_acc 90.24  (21.8s)
epoch 80/100  lr 5.69e-06  loss 0.26752  ce 0.39659  kd 0.13845  train_acc 86.233  val_acc 90.58  (22.5s)
epoch 81/100  lr 5.23e-06  loss 0.25832  ce 0.38184  kd 0.13480  train_acc 86.634  val_acc 89.99  (21.6s)
epoch 82/100  lr 4.78e-06  loss 0.26003  ce 0.38497  kd 0.13510  train_acc 86.001  val_acc 89.99  (22.3s)
epoch 83/100  lr 4.35e-06  loss 0.26260  ce 0.38857  kd 0.13663  train_acc 82.580  val_acc 90.33  (21.5s)
epoch 84/100  lr 3.95e-06  loss 0.25377  ce 0.37435  kd 0.13319  train_acc 85.579  val_acc 90.24  (21.3s)
epoch 85/100  lr 3.56e-06  loss 0.26639  ce 0.39309  kd 0.13970  train_acc 82.770  val_acc 90.24  (21.8s)
epoch 86/100  lr 3.2e-06  loss 0.26810  ce 0.39523  kd 0.14097  train_acc 83.171  val_acc 90.24  (21.3s)
epoch 87/100  lr 2.86e-06  loss 0.27006  ce 0.39482  kd 0.14531  train_acc 85.051  val_acc 90.49  (21.7s)
epoch 88/100  lr 2.54e-06  loss 0.27691  ce 0.41613  kd 0.13768  train_acc 83.678  val_acc 89.99  (21.8s)
epoch 89/100  lr 2.24e-06  loss 0.26801  ce 0.39800  kd 0.13801  train_acc 85.515  val_acc 90.08  (22.4s)
epoch 90/100  lr 1.96e-06  loss 0.25651  ce 0.37530  kd 0.13772  train_acc 84.058  val_acc 90.16  (22.2s)
epoch 91/100  lr 1.71e-06  loss 0.25825  ce 0.38252  kd 0.13397  train_acc 83.742  val_acc 90.24  (22.6s)
epoch 92/100  lr 1.48e-06  loss 0.26219  ce 0.39121  kd 0.13318  train_acc 83.678  val_acc 90.16  (22.1s)
epoch 93/100  lr 1.28e-06  loss 0.26695  ce 0.39081  kd 0.14310  train_acc 86.782  val_acc 90.16  (22.4s)
epoch 94/100  lr 1.1e-06  loss 0.25572  ce 0.37445  kd 0.13698  train_acc 86.698  val_acc 90.24  (22.2s)
epoch 95/100  lr 9.38e-07  loss 0.26496  ce 0.38999  kd 0.13993  train_acc 84.143  val_acc 90.33  (22.4s)
epoch 96/100  lr 8.05e-07  loss 0.26578  ce 0.40287  kd 0.12870  train_acc 84.966  val_acc 90.41  (22.0s)
epoch 97/100  lr 6.95e-07  loss 0.26090  ce 0.38651  kd 0.13529  train_acc 84.227  val_acc 90.24  (22.2s)
epoch 98/100  lr 6.1e-07  loss 0.25921  ce 0.38312  kd 0.13531  train_acc 86.888  val_acc 90.33  (22.9s)
epoch 99/100  lr 5.49e-07  loss 0.26902  ce 0.39860  kd 0.13943  train_acc 86.275  val_acc 90.24  (22.6s)
epoch 100/100  lr 5.12e-07  loss 0.26061  ce 0.38231  kd 0.13891  train_acc 87.416  val_acc 90.24  (22.7s)
done. final val acc 90.24  best 90.99 @ epoch 67
