
===== 2026-10-03 15:27:19 pid=63107 /home/coder/aim-lab-test-5/stage0/train.py --mode teacher --dataset cub --seed 0 --lr 0.0001 --subdir lrsel/teacher_lr0.0001
run dir: /home/coder/stage0/outputs/cub/lrsel/teacher_lr0.0001/seed0
state: new  device: cuda  micro_batch: 128  accum: 1  num_workers: 3
train 5394  val 600  steps/epoch 42
epoch 1/100  lr 1e-06  loss 5.34755  ce 5.34755  kd -  train_acc 0.558  val_acc 0.17  (31.6s)
epoch 2/100  lr 2.08e-05  loss 5.25872  ce 5.25872  kd -  train_acc 1.023  val_acc 2.33  (30.5s)
epoch 3/100  lr 4.06e-05  loss 4.91423  ce 4.91423  kd -  train_acc 6.194  val_acc 22.00  (30.6s)
epoch 4/100  lr 6.04e-05  loss 4.02940  ce 4.02940  kd -  train_acc 25.242  val_acc 47.00  (31.2s)
epoch 5/100  lr 8.02e-05  loss 3.10970  ce 3.10970  kd -  train_acc 42.336  val_acc 61.67  (31.2s)
epoch 6/100  lr 9.94e-05  loss 2.42335  ce 2.42335  kd -  train_acc 54.074  val_acc 70.83  (30.7s)
epoch 7/100  lr 9.91e-05  loss 1.99338  ce 1.99338  kd -  train_acc 61.719  val_acc 76.33  (31.5s)
epoch 8/100  lr 9.88e-05  loss 1.70141  ce 1.70141  kd -  train_acc 65.699  val_acc 79.83  (30.6s)
epoch 9/100  lr 9.84e-05  loss 1.49035  ce 1.49035  kd -  train_acc 69.587  val_acc 80.83  (30.7s)
epoch 10/100  lr 9.8e-05  loss 1.34387  ce 1.34387  kd -  train_acc 72.042  val_acc 82.00  (30.6s)
epoch 11/100  lr 9.76e-05  loss 1.22035  ce 1.22035  kd -  train_acc 73.772  val_acc 82.00  (31.1s)
epoch 12/100  lr 9.71e-05  loss 1.14732  ce 1.14732  kd -  train_acc 76.246  val_acc 82.50  (31.2s)
epoch 13/100  lr 9.65e-05  loss 1.08659  ce 1.08659  kd -  train_acc 76.600  val_acc 82.17  (31.0s)
epoch 14/100  lr 9.59e-05  loss 1.01005  ce 1.01005  kd -  train_acc 78.646  val_acc 83.00  (31.5s)
epoch 15/100  lr 9.53e-05  loss 0.94323  ce 0.94323  kd -  train_acc 79.948  val_acc 84.33  (30.3s)
epoch 16/100  lr 9.46e-05  loss 0.89547  ce 0.89547  kd -  train_acc 80.934  val_acc 82.50  (31.3s)
epoch 17/100  lr 9.39e-05  loss 0.85633  ce 0.85633  kd -  train_acc 81.492  val_acc 82.50  (31.4s)
epoch 18/100  lr 9.31e-05  loss 0.87607  ce 0.87607  kd -  train_acc 80.618  val_acc 84.17  (31.1s)
epoch 19/100  lr 9.23e-05  loss 0.78665  ce 0.78665  kd -  train_acc 82.682  val_acc 84.50  (31.2s)
epoch 20/100  lr 9.14e-05  loss 0.76348  ce 0.76348  kd -  train_acc 83.110  val_acc 83.17  (31.8s)
epoch 21/100  lr 9.05e-05  loss 0.74189  ce 0.74189  kd -  train_acc 84.040  val_acc 84.17  (31.2s)
epoch 22/100  lr 8.96e-05  loss 0.73883  ce 0.73883  kd -  train_acc 84.022  val_acc 83.33  (30.9s)
epoch 23/100  lr 8.86e-05  loss 0.71483  ce 0.71483  kd -  train_acc 84.133  val_acc 84.50  (30.8s)
epoch 24/100  lr 8.76e-05  loss 0.68907  ce 0.68907  kd -  train_acc 84.970  val_acc 85.33  (31.3s)
epoch 25/100  lr 8.66e-05  loss 0.64783  ce 0.64783  kd -  train_acc 85.993  val_acc 84.83  (31.2s)
epoch 26/100  lr 8.55e-05  loss 0.66053  ce 0.66053  kd -  train_acc 85.454  val_acc 85.17  (31.7s)
epoch 27/100  lr 8.44e-05  loss 0.62562  ce 0.62562  kd -  train_acc 86.012  val_acc 84.00  (31.5s)
epoch 28/100  lr 8.32e-05  loss 0.60860  ce 0.60860  kd -  train_acc 86.700  val_acc 84.83  (30.9s)
epoch 29/100  lr 8.21e-05  loss 0.58542  ce 0.58542  kd -  train_acc 87.054  val_acc 85.17  (31.0s)
epoch 30/100  lr 8.08e-05  loss 0.57295  ce 0.57295  kd -  train_acc 87.109  val_acc 83.83  (31.2s)
epoch 31/100  lr 7.96e-05  loss 0.56407  ce 0.56407  kd -  train_acc 87.351  val_acc 84.67  (31.0s)
epoch 32/100  lr 7.83e-05  loss 0.58746  ce 0.58746  kd -  train_acc 86.812  val_acc 84.83  (31.1s)
epoch 33/100  lr 7.7e-05  loss 0.54713  ce 0.54713  kd -  train_acc 87.556  val_acc 85.67  (31.7s)
epoch 34/100  lr 7.57e-05  loss 0.51358  ce 0.51358  kd -  train_acc 88.728  val_acc 84.00  (30.6s)
epoch 35/100  lr 7.43e-05  loss 0.54457  ce 0.54457  kd -  train_acc 87.519  val_acc 83.33  (31.0s)
epoch 36/100  lr 7.3e-05  loss 0.50542  ce 0.50542  kd -  train_acc 88.858  val_acc 83.17  (31.0s)
epoch 37/100  lr 7.16e-05  loss 0.51814  ce 0.51814  kd -  train_acc 88.560  val_acc 84.17  (30.3s)
epoch 38/100  lr 7.02e-05  loss 0.49861  ce 0.49861  kd -  train_acc 88.356  val_acc 84.67  (30.9s)
epoch 39/100  lr 6.87e-05  loss 0.49498  ce 0.49498  kd -  train_acc 88.876  val_acc 84.50  (30.8s)
epoch 40/100  lr 6.73e-05  loss 0.48477  ce 0.48477  kd -  train_acc 88.802  val_acc 84.17  (30.2s)
epoch 41/100  lr 6.58e-05  loss 0.48337  ce 0.48337  kd -  train_acc 88.895  val_acc 84.50  (31.5s)
epoch 42/100  lr 6.43e-05  loss 0.46915  ce 0.46915  kd -  train_acc 89.714  val_acc 83.17  (30.7s)
epoch 43/100  lr 6.28e-05  loss 0.45826  ce 0.45826  kd -  train_acc 89.714  val_acc 84.00  (30.4s)
epoch 44/100  lr 6.13e-05  loss 0.45471  ce 0.45471  kd -  train_acc 89.695  val_acc 84.33  (31.8s)
epoch 45/100  lr 5.98e-05  loss 0.42251  ce 0.42251  kd -  train_acc 90.495  val_acc 84.83  (30.4s)
epoch 46/100  lr 5.82e-05  loss 0.42745  ce 0.42745  kd -  train_acc 90.309  val_acc 85.83  (31.1s)
epoch 47/100  lr 5.67e-05  loss 0.40040  ce 0.40040  kd -  train_acc 90.885  val_acc 84.17  (30.7s)
epoch 48/100  lr 5.52e-05  loss 0.40385  ce 0.40385  kd -  train_acc 91.053  val_acc 84.17  (30.5s)
epoch 49/100  lr 5.36e-05  loss 0.42335  ce 0.42335  kd -  train_acc 90.662  val_acc 83.67  (31.1s)
epoch 50/100  lr 5.21e-05  loss 0.43223  ce 0.43223  kd -  train_acc 90.402  val_acc 84.17  (30.9s)
epoch 51/100  lr 5.05e-05  loss 0.40772  ce 0.40772  kd -  train_acc 91.164  val_acc 83.67  (30.6s)
epoch 52/100  lr 4.89e-05  loss 0.40149  ce 0.40149  kd -  train_acc 91.053  val_acc 84.33  (30.9s)
epoch 53/100  lr 4.74e-05  loss 0.39842  ce 0.39842  kd -  train_acc 91.071  val_acc 84.50  (30.7s)
epoch 54/100  lr 4.58e-05  loss 0.38028  ce 0.38028  kd -  train_acc 91.518  val_acc 85.00  (30.6s)
epoch 55/100  lr 4.43e-05  loss 0.37438  ce 0.37438  kd -  train_acc 91.611  val_acc 84.67  (31.0s)
epoch 56/100  lr 4.28e-05  loss 0.40166  ce 0.40166  kd -  train_acc 91.127  val_acc 84.50  (30.4s)
epoch 57/100  lr 4.12e-05  loss 0.38729  ce 0.38729  kd -  train_acc 91.574  val_acc 85.17  (31.4s)
epoch 58/100  lr 3.97e-05  loss 0.36707  ce 0.36707  kd -  train_acc 91.332  val_acc 83.50  (30.8s)
epoch 59/100  lr 3.82e-05  loss 0.37299  ce 0.37299  kd -  train_acc 91.648  val_acc 83.83  (30.8s)
epoch 60/100  lr 3.67e-05  loss 0.35586  ce 0.35586  kd -  train_acc 92.020  val_acc 83.33  (31.1s)
epoch 61/100  lr 3.52e-05  loss 0.37458  ce 0.37458  kd -  train_acc 91.555  val_acc 84.67  (31.0s)
epoch 62/100  lr 3.37e-05  loss 0.36675  ce 0.36675  kd -  train_acc 91.722  val_acc 84.33  (31.2s)
epoch 63/100  lr 3.23e-05  loss 0.36437  ce 0.36437  kd -  train_acc 91.629  val_acc 83.83  (30.6s)
epoch 64/100  lr 3.08e-05  loss 0.35039  ce 0.35039  kd -  train_acc 92.132  val_acc 84.83  (31.7s)
epoch 65/100  lr 2.94e-05  loss 0.34060  ce 0.34060  kd -  train_acc 92.485  val_acc 84.50  (31.3s)
epoch 66/100  lr 2.8e-05  loss 0.35602  ce 0.35602  kd -  train_acc 91.871  val_acc 85.17  (31.3s)
epoch 67/100  lr 2.67e-05  loss 0.34120  ce 0.34120  kd -  train_acc 92.188  val_acc 84.33  (31.3s)
epoch 68/100  lr 2.53e-05  loss 0.33758  ce 0.33758  kd -  train_acc 92.448  val_acc 84.83  (31.0s)
epoch 69/100  lr 2.4e-05  loss 0.34515  ce 0.34515  kd -  train_acc 92.188  val_acc 85.17  (30.5s)
epoch 70/100  lr 2.27e-05  loss 0.30730  ce 0.30730  kd -  train_acc 93.099  val_acc 85.67  (30.8s)
epoch 71/100  lr 2.14e-05  loss 0.34026  ce 0.34026  kd -  train_acc 92.429  val_acc 85.67  (31.3s)
epoch 72/100  lr 2.02e-05  loss 0.30899  ce 0.30899  kd -  train_acc 92.969  val_acc 85.33  (31.3s)
epoch 73/100  lr 1.89e-05  loss 0.32332  ce 0.32332  kd -  train_acc 92.597  val_acc 85.33  (30.5s)
epoch 74/100  lr 1.78e-05  loss 0.31696  ce 0.31696  kd -  train_acc 93.025  val_acc 85.67  (31.3s)
epoch 75/100  lr 1.66e-05  loss 0.31440  ce 0.31440  kd -  train_acc 92.671  val_acc 85.33  (30.7s)
epoch 76/100  lr 1.55e-05  loss 0.31804  ce 0.31804  kd -  train_acc 93.118  val_acc 85.50  (31.3s)
epoch 77/100  lr 1.44e-05  loss 0.29943  ce 0.29943  kd -  train_acc 93.229  val_acc 84.83  (30.4s)
epoch 78/100  lr 1.34e-05  loss 0.32150  ce 0.32150  kd -  train_acc 92.894  val_acc 84.00  (30.8s)
epoch 79/100  lr 1.24e-05  loss 0.31594  ce 0.31594  kd -  train_acc 93.062  val_acc 84.17  (30.6s)
epoch 80/100  lr 1.14e-05  loss 0.28436  ce 0.28436  kd -  train_acc 93.583  val_acc 84.67  (30.7s)
epoch 81/100  lr 1.05e-05  loss 0.30184  ce 0.30184  kd -  train_acc 93.043  val_acc 84.83  (30.7s)
epoch 82/100  lr 9.56e-06  loss 0.30730  ce 0.30730  kd -  train_acc 93.304  val_acc 85.00  (31.1s)
epoch 83/100  lr 8.71e-06  loss 0.28958  ce 0.28958  kd -  train_acc 93.880  val_acc 85.00  (31.3s)
epoch 84/100  lr 7.89e-06  loss 0.31965  ce 0.31965  kd -  train_acc 92.839  val_acc 85.33  (30.7s)
epoch 85/100  lr 7.12e-06  loss 0.28934  ce 0.28934  kd -  train_acc 93.676  val_acc 85.50  (31.9s)
epoch 86/100  lr 6.4e-06  loss 0.30831  ce 0.30831  kd -  train_acc 93.452  val_acc 85.33  (30.9s)
epoch 87/100  lr 5.71e-06  loss 0.28777  ce 0.28777  kd -  train_acc 93.583  val_acc 85.33  (31.2s)
epoch 88/100  lr 5.07e-06  loss 0.30829  ce 0.30829  kd -  train_acc 93.155  val_acc 85.00  (30.4s)
epoch 89/100  lr 4.48e-06  loss 0.28814  ce 0.28814  kd -  train_acc 93.806  val_acc 84.67  (31.4s)
epoch 90/100  lr 3.93e-06  loss 0.32315  ce 0.32315  kd -  train_acc 92.485  val_acc 84.83  (31.4s)
epoch 91/100  lr 3.42e-06  loss 0.29509  ce 0.29509  kd -  train_acc 93.508  val_acc 85.17  (32.2s)
epoch 92/100  lr 2.97e-06  loss 0.31292  ce 0.31292  kd -  train_acc 93.173  val_acc 84.83  (30.3s)
epoch 93/100  lr 2.56e-06  loss 0.30043  ce 0.30043  kd -  train_acc 93.452  val_acc 85.17  (30.7s)
epoch 94/100  lr 2.19e-06  loss 0.29486  ce 0.29486  kd -  train_acc 94.010  val_acc 85.00  (31.2s)
epoch 95/100  lr 1.88e-06  loss 0.27756  ce 0.27756  kd -  train_acc 93.843  val_acc 85.00  (30.7s)
epoch 96/100  lr 1.61e-06  loss 0.28097  ce 0.28097  kd -  train_acc 93.601  val_acc 85.33  (31.3s)
epoch 97/100  lr 1.39e-06  loss 0.31034  ce 0.31034  kd -  train_acc 93.025  val_acc 85.33  (31.1s)
epoch 98/100  lr 1.22e-06  loss 0.28527  ce 0.28527  kd -  train_acc 93.620  val_acc 85.33  (31.0s)
epoch 99/100  lr 1.1e-06  loss 0.29951  ce 0.29951  kd -  train_acc 93.527  val_acc 85.33  (30.3s)
epoch 100/100  lr 1.02e-06  loss 0.27042  ce 0.27042  kd -  train_acc 94.364  val_acc 85.33  (31.2s)
done. final val acc 85.33  best 85.83 @ epoch 46
