
===== 2026-10-03 17:53:51 pid=109127 /home/coder/aim-lab-test-5/stage0/train.py --mode ce --dataset cub --seed 2 --lr 0.0001
run dir: /home/coder/stage0/outputs/cub/ce/seed2
state: new  device: cuda  micro_batch: 128  accum: 1  num_workers: 3
train 5394  val 600  steps/epoch 42
epoch 1/100  lr 1e-06  loss 5.39746  ce 5.39746  kd -  train_acc 0.484  val_acc 0.00  (24.7s)
epoch 2/100  lr 2.08e-05  loss 5.34992  ce 5.34992  kd -  train_acc 0.577  val_acc 0.33  (23.7s)
epoch 3/100  lr 4.06e-05  loss 5.28663  ce 5.28663  kd -  train_acc 1.135  val_acc 2.17  (24.0s)
epoch 4/100  lr 6.04e-05  loss 5.19107  ce 5.19107  kd -  train_acc 2.344  val_acc 5.50  (24.1s)
epoch 5/100  lr 8.02e-05  loss 4.96160  ce 4.96160  kd -  train_acc 4.613  val_acc 16.00  (24.1s)
epoch 6/100  lr 9.94e-05  loss 4.74758  ce 4.74758  kd -  train_acc 7.682  val_acc 25.50  (23.8s)
epoch 7/100  lr 9.91e-05  loss 4.48689  ce 4.48689  kd -  train_acc 11.440  val_acc 34.67  (24.2s)
epoch 8/100  lr 9.88e-05  loss 4.32160  ce 4.32160  kd -  train_acc 15.476  val_acc 39.67  (23.8s)
epoch 9/100  lr 9.84e-05  loss 4.20026  ce 4.20026  kd -  train_acc 16.369  val_acc 42.83  (24.1s)
epoch 10/100  lr 9.8e-05  loss 4.18815  ce 4.18815  kd -  train_acc 20.722  val_acc 47.67  (23.9s)
epoch 11/100  lr 9.76e-05  loss 4.00031  ce 4.00031  kd -  train_acc 20.052  val_acc 52.33  (23.9s)
epoch 12/100  lr 9.71e-05  loss 4.06530  ce 4.06530  kd -  train_acc 21.131  val_acc 54.33  (24.0s)
epoch 13/100  lr 9.65e-05  loss 4.00113  ce 4.00113  kd -  train_acc 23.847  val_acc 59.17  (24.3s)
epoch 14/100  lr 9.59e-05  loss 3.84539  ce 3.84539  kd -  train_acc 26.953  val_acc 60.50  (23.8s)
epoch 15/100  lr 9.53e-05  loss 3.85395  ce 3.85395  kd -  train_acc 24.702  val_acc 62.83  (24.1s)
epoch 16/100  lr 9.46e-05  loss 3.73467  ce 3.73467  kd -  train_acc 23.289  val_acc 63.33  (23.9s)
epoch 17/100  lr 9.39e-05  loss 3.67130  ce 3.67130  kd -  train_acc 31.864  val_acc 62.83  (23.5s)
epoch 18/100  lr 9.31e-05  loss 3.73853  ce 3.73853  kd -  train_acc 30.357  val_acc 67.00  (23.9s)
epoch 19/100  lr 9.23e-05  loss 3.70668  ce 3.70668  kd -  train_acc 28.981  val_acc 68.83  (24.1s)
epoch 20/100  lr 9.14e-05  loss 3.58824  ce 3.58824  kd -  train_acc 27.995  val_acc 69.17  (24.0s)
epoch 21/100  lr 9.05e-05  loss 3.53576  ce 3.53576  kd -  train_acc 29.353  val_acc 70.00  (24.2s)
epoch 22/100  lr 8.96e-05  loss 3.54025  ce 3.54025  kd -  train_acc 33.594  val_acc 69.00  (24.1s)
epoch 23/100  lr 8.86e-05  loss 3.57099  ce 3.57099  kd -  train_acc 32.924  val_acc 71.33  (24.3s)
epoch 24/100  lr 8.76e-05  loss 3.49070  ce 3.49070  kd -  train_acc 33.761  val_acc 71.50  (23.7s)
epoch 25/100  lr 8.66e-05  loss 3.48556  ce 3.48556  kd -  train_acc 32.682  val_acc 70.83  (24.0s)
epoch 26/100  lr 8.55e-05  loss 3.37640  ce 3.37640  kd -  train_acc 33.073  val_acc 71.33  (23.9s)
epoch 27/100  lr 8.44e-05  loss 3.56793  ce 3.56793  kd -  train_acc 36.086  val_acc 73.17  (24.1s)
epoch 28/100  lr 8.32e-05  loss 3.42631  ce 3.42631  kd -  train_acc 35.324  val_acc 72.50  (24.0s)
epoch 29/100  lr 8.21e-05  loss 3.38773  ce 3.38773  kd -  train_acc 30.004  val_acc 74.67  (24.0s)
epoch 30/100  lr 8.08e-05  loss 3.22612  ce 3.22612  kd -  train_acc 40.179  val_acc 74.33  (23.9s)
epoch 31/100  lr 7.96e-05  loss 3.34863  ce 3.34863  kd -  train_acc 29.129  val_acc 75.33  (23.9s)
epoch 32/100  lr 7.83e-05  loss 3.31167  ce 3.31167  kd -  train_acc 33.464  val_acc 74.50  (23.7s)
epoch 33/100  lr 7.7e-05  loss 3.36127  ce 3.36127  kd -  train_acc 36.849  val_acc 74.83  (24.3s)
epoch 34/100  lr 7.57e-05  loss 3.29564  ce 3.29564  kd -  train_acc 43.080  val_acc 76.00  (23.8s)
epoch 35/100  lr 7.43e-05  loss 3.18128  ce 3.18128  kd -  train_acc 42.727  val_acc 76.17  (24.0s)
epoch 36/100  lr 7.3e-05  loss 3.09165  ce 3.09165  kd -  train_acc 34.282  val_acc 77.00  (24.1s)
epoch 37/100  lr 7.16e-05  loss 3.23572  ce 3.23572  kd -  train_acc 37.723  val_acc 76.83  (24.1s)
epoch 38/100  lr 7.02e-05  loss 3.20187  ce 3.20187  kd -  train_acc 41.127  val_acc 77.33  (23.5s)
epoch 39/100  lr 6.87e-05  loss 3.30095  ce 3.30095  kd -  train_acc 45.033  val_acc 78.00  (23.6s)
epoch 40/100  lr 6.73e-05  loss 3.34056  ce 3.34056  kd -  train_acc 35.938  val_acc 78.00  (24.0s)
epoch 41/100  lr 6.58e-05  loss 3.25960  ce 3.25960  kd -  train_acc 39.007  val_acc 78.33  (24.1s)
epoch 42/100  lr 6.43e-05  loss 3.29505  ce 3.29505  kd -  train_acc 41.406  val_acc 76.17  (23.9s)
epoch 43/100  lr 6.28e-05  loss 3.16174  ce 3.16174  kd -  train_acc 36.979  val_acc 77.83  (24.0s)
epoch 44/100  lr 6.13e-05  loss 3.29970  ce 3.29970  kd -  train_acc 40.365  val_acc 77.50  (24.1s)
epoch 45/100  lr 5.98e-05  loss 3.24120  ce 3.24120  kd -  train_acc 33.482  val_acc 77.50  (24.3s)
epoch 46/100  lr 5.82e-05  loss 3.27721  ce 3.27721  kd -  train_acc 32.924  val_acc 78.50  (23.7s)
epoch 47/100  lr 5.67e-05  loss 3.17612  ce 3.17612  kd -  train_acc 42.243  val_acc 78.33  (24.3s)
epoch 48/100  lr 5.52e-05  loss 3.19523  ce 3.19523  kd -  train_acc 37.649  val_acc 78.33  (24.1s)
epoch 49/100  lr 5.36e-05  loss 3.17201  ce 3.17201  kd -  train_acc 40.141  val_acc 78.00  (24.1s)
epoch 50/100  lr 5.21e-05  loss 3.11447  ce 3.11447  kd -  train_acc 36.291  val_acc 78.50  (23.8s)
epoch 51/100  lr 5.05e-05  loss 3.22523  ce 3.22523  kd -  train_acc 44.624  val_acc 79.50  (23.7s)
epoch 52/100  lr 4.89e-05  loss 3.08659  ce 3.08659  kd -  train_acc 43.862  val_acc 80.33  (23.9s)
epoch 53/100  lr 4.74e-05  loss 3.24039  ce 3.24039  kd -  train_acc 34.747  val_acc 79.67  (23.9s)
epoch 54/100  lr 4.58e-05  loss 3.11130  ce 3.11130  kd -  train_acc 43.583  val_acc 80.17  (24.5s)
epoch 55/100  lr 4.43e-05  loss 3.08104  ce 3.08104  kd -  train_acc 40.885  val_acc 80.33  (24.1s)
epoch 56/100  lr 4.28e-05  loss 3.08335  ce 3.08335  kd -  train_acc 39.435  val_acc 80.50  (23.8s)
epoch 57/100  lr 4.12e-05  loss 3.15174  ce 3.15174  kd -  train_acc 43.843  val_acc 80.67  (23.6s)
epoch 58/100  lr 3.97e-05  loss 3.16205  ce 3.16205  kd -  train_acc 47.619  val_acc 79.67  (24.1s)
epoch 59/100  lr 3.82e-05  loss 3.00985  ce 3.00985  kd -  train_acc 43.806  val_acc 79.67  (24.0s)
epoch 60/100  lr 3.67e-05  loss 3.05074  ce 3.05074  kd -  train_acc 44.048  val_acc 80.00  (24.0s)
epoch 61/100  lr 3.52e-05  loss 3.01574  ce 3.01574  kd -  train_acc 45.592  val_acc 80.67  (24.0s)
epoch 62/100  lr 3.37e-05  loss 2.99382  ce 2.99382  kd -  train_acc 36.496  val_acc 80.50  (24.4s)
epoch 63/100  lr 3.23e-05  loss 3.01962  ce 3.01962  kd -  train_acc 39.211  val_acc 80.17  (25.1s)
epoch 64/100  lr 3.08e-05  loss 3.05973  ce 3.05973  kd -  train_acc 34.766  val_acc 81.17  (25.1s)
epoch 65/100  lr 2.94e-05  loss 2.94469  ce 2.94469  kd -  train_acc 37.686  val_acc 80.83  (24.7s)
epoch 66/100  lr 2.8e-05  loss 3.07776  ce 3.07776  kd -  train_acc 34.896  val_acc 80.67  (24.9s)
epoch 67/100  lr 2.67e-05  loss 2.96560  ce 2.96560  kd -  train_acc 42.132  val_acc 81.17  (24.8s)
epoch 68/100  lr 2.53e-05  loss 2.91923  ce 2.91923  kd -  train_acc 34.580  val_acc 80.67  (24.0s)
epoch 69/100  lr 2.4e-05  loss 2.84797  ce 2.84797  kd -  train_acc 48.158  val_acc 80.83  (24.1s)
epoch 70/100  lr 2.27e-05  loss 3.00574  ce 3.00574  kd -  train_acc 43.415  val_acc 80.67  (23.9s)
epoch 71/100  lr 2.14e-05  loss 2.99506  ce 2.99506  kd -  train_acc 48.624  val_acc 81.33  (23.9s)
epoch 72/100  lr 2.02e-05  loss 2.85774  ce 2.85774  kd -  train_acc 34.859  val_acc 80.33  (24.2s)
epoch 73/100  lr 1.89e-05  loss 2.96307  ce 2.96307  kd -  train_acc 41.295  val_acc 81.17  (23.8s)
epoch 74/100  lr 1.78e-05  loss 3.19928  ce 3.19928  kd -  train_acc 39.937  val_acc 80.50  (23.6s)
epoch 75/100  lr 1.66e-05  loss 3.03094  ce 3.03094  kd -  train_acc 40.439  val_acc 80.83  (23.9s)
epoch 76/100  lr 1.55e-05  loss 3.12518  ce 3.12518  kd -  train_acc 38.616  val_acc 79.67  (24.3s)
epoch 77/100  lr 1.44e-05  loss 3.07751  ce 3.07751  kd -  train_acc 41.629  val_acc 81.17  (24.3s)
epoch 78/100  lr 1.34e-05  loss 3.09066  ce 3.09066  kd -  train_acc 41.202  val_acc 81.17  (23.9s)
epoch 79/100  lr 1.24e-05  loss 3.12908  ce 3.12908  kd -  train_acc 42.448  val_acc 81.00  (24.1s)
epoch 80/100  lr 1.14e-05  loss 2.81846  ce 2.81846  kd -  train_acc 41.388  val_acc 81.33  (23.7s)
epoch 81/100  lr 1.05e-05  loss 3.11071  ce 3.11071  kd -  train_acc 33.092  val_acc 80.33  (24.1s)
epoch 82/100  lr 9.56e-06  loss 3.20428  ce 3.20428  kd -  train_acc 42.020  val_acc 81.17  (23.7s)
epoch 83/100  lr 8.71e-06  loss 3.15141  ce 3.15141  kd -  train_acc 37.500  val_acc 81.00  (24.1s)
epoch 84/100  lr 7.89e-06  loss 2.97394  ce 2.97394  kd -  train_acc 53.702  val_acc 81.67  (24.3s)
epoch 85/100  lr 7.12e-06  loss 3.03389  ce 3.03389  kd -  train_acc 41.964  val_acc 81.67  (24.5s)
epoch 86/100  lr 6.4e-06  loss 3.01207  ce 3.01207  kd -  train_acc 39.900  val_acc 81.67  (24.0s)
epoch 87/100  lr 5.71e-06  loss 2.95781  ce 2.95781  kd -  train_acc 46.187  val_acc 81.17  (24.4s)
epoch 88/100  lr 5.07e-06  loss 3.09422  ce 3.09422  kd -  train_acc 43.378  val_acc 81.00  (24.3s)
epoch 89/100  lr 4.48e-06  loss 2.85863  ce 2.85863  kd -  train_acc 40.885  val_acc 81.33  (23.9s)
epoch 90/100  lr 3.93e-06  loss 2.97214  ce 2.97214  kd -  train_acc 53.497  val_acc 81.67  (23.7s)
epoch 91/100  lr 3.42e-06  loss 2.76276  ce 2.76276  kd -  train_acc 37.500  val_acc 81.67  (24.4s)
epoch 92/100  lr 2.97e-06  loss 3.04613  ce 3.04613  kd -  train_acc 43.248  val_acc 81.33  (24.2s)
epoch 93/100  lr 2.56e-06  loss 3.12838  ce 3.12838  kd -  train_acc 39.583  val_acc 81.33  (24.1s)
epoch 94/100  lr 2.19e-06  loss 3.03647  ce 3.03647  kd -  train_acc 35.510  val_acc 81.33  (26.6s)
epoch 95/100  lr 1.88e-06  loss 3.06912  ce 3.06912  kd -  train_acc 38.579  val_acc 81.00  (29.8s)
epoch 96/100  lr 1.61e-06  loss 2.84586  ce 2.84586  kd -  train_acc 45.108  val_acc 81.33  (26.7s)
epoch 97/100  lr 1.39e-06  loss 2.97566  ce 2.97566  kd -  train_acc 41.034  val_acc 81.33  (27.3s)
epoch 98/100  lr 1.22e-06  loss 2.81816  ce 2.81816  kd -  train_acc 41.834  val_acc 81.00  (28.4s)
epoch 99/100  lr 1.1e-06  loss 3.07283  ce 3.07283  kd -  train_acc 43.136  val_acc 81.17  (29.5s)
epoch 100/100  lr 1.02e-06  loss 2.89177  ce 2.89177  kd -  train_acc 45.145  val_acc 81.00  (29.2s)
done. final val acc 81.00  best 81.67 @ epoch 84
