
===== 2026-10-04 11:23:43 pid=360106 /home/coder/aim-lab-stage3/stage0/train.py --mode maskedkd --mask-criterion random --keep 0.5 --dataset waterbirds --seed 1 --lr 5e-05
run dir: /home/coder/stage0/outputs/waterbirds/random_k0.5/seed1
state: new  device: cuda  micro_batch: 128  accum: 1  num_workers: 3
train 4795  val 1199  steps/epoch 37
teacher: /home/coder/stage0/outputs/waterbirds/teacher/seed0/best.pt (epoch 21, val acc 93.99)
epoch 1/100  lr 1e-06  loss 0.61362  ce 0.67315  kd 0.55409  train_acc 60.642  val_acc 57.63  (29.8s)
epoch 2/100  lr 1.08e-05  loss 0.43915  ce 0.54443  kd 0.33387  train_acc 77.639  val_acc 67.64  (25.0s)
epoch 3/100  lr 2.06e-05  loss 0.33072  ce 0.45745  kd 0.20399  train_acc 81.503  val_acc 63.39  (28.6s)
epoch 4/100  lr 3.04e-05  loss 0.29895  ce 0.43258  kd 0.16533  train_acc 80.828  val_acc 74.06  (30.2s)
epoch 5/100  lr 4.02e-05  loss 0.29341  ce 0.43997  kd 0.14684  train_acc 81.334  val_acc 77.81  (29.8s)
epoch 6/100  lr 4.97e-05  loss 0.28856  ce 0.43135  kd 0.14577  train_acc 80.976  val_acc 80.48  (29.6s)
epoch 7/100  lr 4.96e-05  loss 0.28045  ce 0.42532  kd 0.13558  train_acc 85.473  val_acc 84.24  (30.1s)
epoch 8/100  lr 4.94e-05  loss 0.27655  ce 0.42036  kd 0.13275  train_acc 82.369  val_acc 83.99  (30.9s)
epoch 9/100  lr 4.92e-05  loss 0.27572  ce 0.42536  kd 0.12608  train_acc 82.665  val_acc 84.74  (30.4s)
epoch 10/100  lr 4.9e-05  loss 0.27401  ce 0.42087  kd 0.12715  train_acc 84.966  val_acc 85.74  (30.0s)
epoch 11/100  lr 4.88e-05  loss 0.27215  ce 0.42355  kd 0.12076  train_acc 84.037  val_acc 85.65  (29.4s)
epoch 12/100  lr 4.85e-05  loss 0.26922  ce 0.42127  kd 0.11717  train_acc 86.761  val_acc 86.41  (30.8s)
epoch 13/100  lr 4.83e-05  loss 0.26626  ce 0.41209  kd 0.12042  train_acc 82.116  val_acc 86.41  (29.4s)
epoch 14/100  lr 4.8e-05  loss 0.25346  ce 0.39365  kd 0.11328  train_acc 84.206  val_acc 85.74  (29.3s)
epoch 15/100  lr 4.76e-05  loss 0.26657  ce 0.41159  kd 0.12156  train_acc 86.275  val_acc 84.74  (29.4s)
epoch 16/100  lr 4.73e-05  loss 0.26842  ce 0.42041  kd 0.11643  train_acc 81.989  val_acc 85.15  (28.0s)
epoch 17/100  lr 4.69e-05  loss 0.25552  ce 0.39649  kd 0.11455  train_acc 86.719  val_acc 87.82  (29.8s)
epoch 18/100  lr 4.66e-05  loss 0.25850  ce 0.40539  kd 0.11162  train_acc 83.742  val_acc 85.49  (27.8s)
epoch 19/100  lr 4.61e-05  loss 0.25243  ce 0.39624  kd 0.10863  train_acc 85.557  val_acc 89.16  (29.1s)
epoch 20/100  lr 4.57e-05  loss 0.24256  ce 0.38128  kd 0.10385  train_acc 83.805  val_acc 88.74  (29.0s)
epoch 21/100  lr 4.53e-05  loss 0.27035  ce 0.42586  kd 0.11484  train_acc 85.452  val_acc 87.49  (28.2s)
epoch 22/100  lr 4.48e-05  loss 0.24549  ce 0.38710  kd 0.10387  train_acc 85.367  val_acc 87.74  (28.4s)
epoch 23/100  lr 4.43e-05  loss 0.26014  ce 0.41141  kd 0.10888  train_acc 87.120  val_acc 86.32  (28.9s)
epoch 24/100  lr 4.38e-05  loss 0.26291  ce 0.41067  kd 0.11515  train_acc 84.734  val_acc 89.41  (28.8s)
epoch 25/100  lr 4.33e-05  loss 0.25975  ce 0.40832  kd 0.11118  train_acc 85.325  val_acc 90.08  (28.3s)
epoch 26/100  lr 4.28e-05  loss 0.23996  ce 0.37882  kd 0.10110  train_acc 85.938  val_acc 90.49  (28.9s)
epoch 27/100  lr 4.22e-05  loss 0.25993  ce 0.40774  kd 0.11211  train_acc 86.318  val_acc 88.07  (29.4s)
epoch 28/100  lr 4.16e-05  loss 0.25176  ce 0.39758  kd 0.10594  train_acc 83.720  val_acc 90.33  (30.0s)
epoch 29/100  lr 4.1e-05  loss 0.25367  ce 0.40182  kd 0.10551  train_acc 89.189  val_acc 86.74  (29.7s)
epoch 30/100  lr 4.04e-05  loss 0.25264  ce 0.40379  kd 0.10148  train_acc 81.715  val_acc 88.57  (30.0s)
epoch 31/100  lr 3.98e-05  loss 0.24035  ce 0.38456  kd 0.09615  train_acc 85.579  val_acc 90.83  (30.5s)
epoch 32/100  lr 3.92e-05  loss 0.24527  ce 0.39207  kd 0.09847  train_acc 86.698  val_acc 88.57  (29.5s)
epoch 33/100  lr 3.85e-05  loss 0.24890  ce 0.39841  kd 0.09938  train_acc 87.732  val_acc 88.07  (30.2s)
epoch 34/100  lr 3.78e-05  loss 0.25908  ce 0.41084  kd 0.10731  train_acc 84.375  val_acc 86.91  (29.3s)
epoch 35/100  lr 3.72e-05  loss 0.25115  ce 0.39820  kd 0.10411  train_acc 84.987  val_acc 89.07  (28.9s)
epoch 36/100  lr 3.65e-05  loss 0.24822  ce 0.39642  kd 0.10003  train_acc 83.319  val_acc 85.07  (29.4s)
epoch 37/100  lr 3.58e-05  loss 0.25141  ce 0.39805  kd 0.10476  train_acc 86.423  val_acc 87.16  (29.2s)
epoch 38/100  lr 3.51e-05  loss 0.24607  ce 0.39669  kd 0.09545  train_acc 82.644  val_acc 89.57  (28.3s)
epoch 39/100  lr 3.44e-05  loss 0.25445  ce 0.40446  kd 0.10443  train_acc 81.060  val_acc 88.24  (28.7s)
epoch 40/100  lr 3.36e-05  loss 0.25235  ce 0.40124  kd 0.10346  train_acc 89.527  val_acc 89.99  (30.2s)
epoch 41/100  lr 3.29e-05  loss 0.24126  ce 0.38694  kd 0.09558  train_acc 85.874  val_acc 88.16  (29.0s)
epoch 42/100  lr 3.22e-05  loss 0.23774  ce 0.38213  kd 0.09335  train_acc 85.072  val_acc 89.66  (27.9s)
epoch 43/100  lr 3.14e-05  loss 0.25328  ce 0.40326  kd 0.10329  train_acc 87.373  val_acc 90.49  (28.4s)
epoch 44/100  lr 3.06e-05  loss 0.24616  ce 0.39371  kd 0.09861  train_acc 85.220  val_acc 89.49  (27.5s)
epoch 45/100  lr 2.99e-05  loss 0.25740  ce 0.40956  kd 0.10525  train_acc 82.918  val_acc 88.32  (27.6s)
epoch 46/100  lr 2.91e-05  loss 0.24691  ce 0.39619  kd 0.09763  train_acc 81.356  val_acc 89.16  (27.1s)
epoch 47/100  lr 2.84e-05  loss 0.26220  ce 0.41608  kd 0.10832  train_acc 79.856  val_acc 89.16  (28.1s)
epoch 48/100  lr 2.76e-05  loss 0.25773  ce 0.41128  kd 0.10417  train_acc 83.699  val_acc 90.58  (28.0s)
epoch 49/100  lr 2.68e-05  loss 0.24228  ce 0.38730  kd 0.09726  train_acc 84.924  val_acc 90.99  (27.3s)
epoch 50/100  lr 2.6e-05  loss 0.26328  ce 0.41839  kd 0.10817  train_acc 80.173  val_acc 88.66  (28.4s)
epoch 51/100  lr 2.53e-05  loss 0.24169  ce 0.38713  kd 0.09625  train_acc 85.410  val_acc 89.32  (28.3s)
epoch 52/100  lr 2.45e-05  loss 0.25331  ce 0.40548  kd 0.10113  train_acc 82.876  val_acc 89.24  (28.1s)
epoch 53/100  lr 2.37e-05  loss 0.25281  ce 0.40049  kd 0.10514  train_acc 82.432  val_acc 90.08  (28.4s)
epoch 54/100  lr 2.29e-05  loss 0.24749  ce 0.39566  kd 0.09933  train_acc 86.930  val_acc 88.49  (27.5s)
epoch 55/100  lr 2.21e-05  loss 0.24833  ce 0.40116  kd 0.09550  train_acc 82.559  val_acc 91.08  (28.8s)
epoch 56/100  lr 2.14e-05  loss 0.24330  ce 0.38870  kd 0.09791  train_acc 85.621  val_acc 89.91  (28.6s)
epoch 57/100  lr 2.06e-05  loss 0.24219  ce 0.38654  kd 0.09784  train_acc 86.296  val_acc 89.91  (28.2s)
epoch 58/100  lr 1.99e-05  loss 0.25532  ce 0.40797  kd 0.10266  train_acc 84.945  val_acc 90.58  (29.4s)
epoch 59/100  lr 1.91e-05  loss 0.24832  ce 0.39809  kd 0.09854  train_acc 82.475  val_acc 90.41  (27.5s)
epoch 60/100  lr 1.83e-05  loss 0.25495  ce 0.40538  kd 0.10451  train_acc 82.559  val_acc 89.99  (27.9s)
epoch 61/100  lr 1.76e-05  loss 0.24205  ce 0.38526  kd 0.09883  train_acc 88.704  val_acc 90.58  (27.0s)
epoch 62/100  lr 1.69e-05  loss 0.24067  ce 0.38313  kd 0.09821  train_acc 83.657  val_acc 90.33  (28.0s)
epoch 63/100  lr 1.61e-05  loss 0.25766  ce 0.41033  kd 0.10500  train_acc 86.655  val_acc 90.74  (28.8s)
epoch 64/100  lr 1.54e-05  loss 0.25655  ce 0.41008  kd 0.10302  train_acc 86.677  val_acc 89.32  (28.8s)
epoch 65/100  lr 1.47e-05  loss 0.24298  ce 0.38762  kd 0.09834  train_acc 83.129  val_acc 90.41  (27.5s)
epoch 66/100  lr 1.4e-05  loss 0.23232  ce 0.37302  kd 0.09161  train_acc 87.373  val_acc 90.33  (28.3s)
epoch 67/100  lr 1.33e-05  loss 0.24439  ce 0.39240  kd 0.09639  train_acc 87.394  val_acc 89.99  (28.3s)
epoch 68/100  lr 1.27e-05  loss 0.25094  ce 0.39951  kd 0.10236  train_acc 85.367  val_acc 90.24  (27.8s)
epoch 69/100  lr 1.2e-05  loss 0.24603  ce 0.39115  kd 0.10091  train_acc 87.310  val_acc 89.66  (27.9s)
epoch 70/100  lr 1.13e-05  loss 0.24412  ce 0.39354  kd 0.09469  train_acc 84.882  val_acc 90.41  (27.4s)
epoch 71/100  lr 1.07e-05  loss 0.25466  ce 0.40729  kd 0.10204  train_acc 84.840  val_acc 90.08  (27.2s)
epoch 72/100  lr 1.01e-05  loss 0.24902  ce 0.40119  kd 0.09684  train_acc 84.101  val_acc 91.33  (27.5s)
epoch 73/100  lr 9.47e-06  loss 0.25351  ce 0.40824  kd 0.09878  train_acc 84.840  val_acc 90.16  (27.8s)
epoch 74/100  lr 8.88e-06  loss 0.23687  ce 0.37839  kd 0.09535  train_acc 85.769  val_acc 90.08  (27.5s)
epoch 75/100  lr 8.31e-06  loss 0.24633  ce 0.39550  kd 0.09715  train_acc 90.182  val_acc 90.66  (27.8s)
epoch 76/100  lr 7.75e-06  loss 0.24221  ce 0.38977  kd 0.09465  train_acc 86.296  val_acc 90.41  (27.3s)
epoch 77/100  lr 7.21e-06  loss 0.24393  ce 0.39080  kd 0.09706  train_acc 88.535  val_acc 90.83  (27.7s)
epoch 78/100  lr 6.68e-06  loss 0.24270  ce 0.39000  kd 0.09540  train_acc 84.586  val_acc 89.57  (27.4s)
epoch 79/100  lr 6.18e-06  loss 0.24223  ce 0.39027  kd 0.09420  train_acc 87.542  val_acc 90.58  (27.2s)
epoch 80/100  lr 5.69e-06  loss 0.24245  ce 0.38865  kd 0.09626  train_acc 87.627  val_acc 90.58  (27.5s)
epoch 81/100  lr 5.23e-06  loss 0.24967  ce 0.39951  kd 0.09984  train_acc 85.684  val_acc 91.16  (27.8s)
epoch 82/100  lr 4.78e-06  loss 0.24559  ce 0.39973  kd 0.09145  train_acc 85.389  val_acc 90.74  (27.5s)
epoch 83/100  lr 4.35e-06  loss 0.24218  ce 0.39123  kd 0.09312  train_acc 85.874  val_acc 90.74  (28.3s)
epoch 84/100  lr 3.95e-06  loss 0.24015  ce 0.38353  kd 0.09677  train_acc 86.592  val_acc 90.66  (28.0s)
epoch 85/100  lr 3.56e-06  loss 0.24083  ce 0.38863  kd 0.09303  train_acc 86.993  val_acc 90.33  (28.3s)
epoch 86/100  lr 3.2e-06  loss 0.24289  ce 0.39067  kd 0.09511  train_acc 86.824  val_acc 90.58  (27.6s)
epoch 87/100  lr 2.86e-06  loss 0.24194  ce 0.39039  kd 0.09349  train_acc 85.621  val_acc 90.83  (28.7s)
epoch 88/100  lr 2.54e-06  loss 0.25263  ce 0.41061  kd 0.09464  train_acc 83.720  val_acc 90.91  (27.3s)
epoch 89/100  lr 2.24e-06  loss 0.25140  ce 0.40467  kd 0.09812  train_acc 84.269  val_acc 90.91  (27.9s)
epoch 90/100  lr 1.96e-06  loss 0.24786  ce 0.39681  kd 0.09891  train_acc 88.281  val_acc 90.91  (28.7s)
epoch 91/100  lr 1.71e-06  loss 0.24271  ce 0.38978  kd 0.09564  train_acc 86.486  val_acc 90.83  (27.9s)
epoch 92/100  lr 1.48e-06  loss 0.25198  ce 0.40676  kd 0.09720  train_acc 85.114  val_acc 90.74  (27.9s)
epoch 93/100  lr 1.28e-06  loss 0.23329  ce 0.37629  kd 0.09029  train_acc 86.085  val_acc 90.74  (26.4s)
epoch 94/100  lr 1.1e-06  loss 0.23636  ce 0.38167  kd 0.09105  train_acc 88.091  val_acc 90.74  (26.9s)
epoch 95/100  lr 9.38e-07  loss 0.25277  ce 0.40773  kd 0.09781  train_acc 84.185  val_acc 90.74  (27.3s)
epoch 96/100  lr 8.05e-07  loss 0.24764  ce 0.40227  kd 0.09301  train_acc 84.459  val_acc 90.83  (27.7s)
epoch 97/100  lr 6.95e-07  loss 0.24469  ce 0.39005  kd 0.09934  train_acc 85.874  val_acc 90.74  (27.5s)
epoch 98/100  lr 6.1e-07  loss 0.24944  ce 0.39895  kd 0.09992  train_acc 86.571  val_acc 90.83  (27.2s)
epoch 99/100  lr 5.49e-07  loss 0.25375  ce 0.40900  kd 0.09850  train_acc 82.749  val_acc 90.83  (27.0s)
epoch 100/100  lr 5.12e-07  loss 0.24534  ce 0.39405  kd 0.09663  train_acc 82.559  val_acc 90.83  (23.7s)
done. final val acc 90.83  best 91.33 @ epoch 72
